
> vite-react-typescript-starter@0.0.0 test
> vitest src/pages/products/ProductsPage.test.tsx

[sentry-vite-plugin] Info: Sending telemetry data on issues and performance to Sentry. To disable telemetry, set `options.telemetry` to `false`.

 DEV  v1.6.1 /Users/leandrofmarques/Downloads/revo_erp_prod_8yumh0_dualiteproject

stdout | Logger.info (/Users/leandrofmarques/Downloads/revo_erp_prod_8yumh0_dualiteproject/src/lib/logger.ts:24:21)
[INFO] [SUPABASE][CLIENT_INIT] {
  supabaseUrl: 'https://lrfwiaekipwkjkzvcnfd.supabase.co',
  anonKeyPrefix: 'eyJhbGci'
}

stderr | src/pages/products/ProductsPage.test.tsx > ProductsPage Integration > renders the product list with data from MSW
⚠️ React Router Future Flag Warning: React Router will begin wrapping state updates in `React.startTransition` in v7. You can use the `v7_startTransition` future flag to opt-in early. For more information, see https://reactrouter.com/v6/upgrading/future#v7_starttransition.
⚠️ React Router Future Flag Warning: Relative route resolution within Splat routes is changing in v7. You can use the `v7_relativeSplatPath` future flag to opt-in early. For more information, see https://reactrouter.com/v6/upgrading/future#v7_relativesplatpath.

 ❯ src/pages/products/ProductsPage.test.tsx  (2 tests | 2 failed) 2049ms
   ❯ src/pages/products/ProductsPage.test.tsx > ProductsPage Integration > renders the product list with data from MSW
     → Unable to find an element with the text: Produto Teste 1. This could be because the text is broken up by multiple elements. In this case, you can provide a function for your text matcher to make your matcher more flexible.

Ignored nodes: comments, script, style
[36m<body>[39m
  [36m<div>[39m
    [36m<div[39m
      [33mclass[39m=[32m"p-1"[39m
    [36m>[39m
      [36m<div[39m
        [33mclass[39m=[32m"flex justify-between items-center mb-6"[39m
      [36m>[39m
        [36m<h1[39m
          [33mclass[39m=[32m"text-3xl font-bold text-gray-800"[39m
        [36m>[39m
          [0mProdutos[0m
        [36m</h1>[39m
        [36m<div[39m
          [33mclass[39m=[32m"flex items-center gap-2"[39m
        [36m>[39m
          [36m<button[39m
            [33mclass[39m=[32m"flex items-center gap-2 bg-gray-100 text-gray-700 font-semibold py-2 px-4 rounded-lg hover:bg-gray-200 transition-colors disabled:opacity-50"[39m
          [36m>[39m
            [36m<svg[39m
              [33maria-hidden[39m=[32m"true"[39m
              [33mclass[39m=[32m"lucide lucide-database-backup"[39m
              [33mfill[39m=[32m"none"[39m
              [33mheight[39m=[32m"20"[39m
              [33mstroke[39m=[32m"currentColor"[39m
              [33mstroke-linecap[39m=[32m"round"[39m
              [33mstroke-linejoin[39m=[32m"round"[39m
              [33mstroke-width[39m=[32m"2"[39m
              [33mviewBox[39m=[32m"0 0 24 24"[39m
              [33mwidth[39m=[32m"20"[39m
              [33mxmlns[39m=[32m"http://www.w3.org/2000/svg"[39m
            [36m>[39m
              [36m<ellipse[39m
                [33mcx[39m=[32m"12"[39m
                [33mcy[39m=[32m"5"[39m
                [33mrx[39m=[32m"9"[39m
                [33mry[39m=[32m"3"[39m
              [36m/>[39m
              [36m<path[39m
                [33md[39m=[32m"M3 12a9 3 0 0 0 5 2.69"[39m
              [36m/>[39m
              [36m<path[39m
                [33md[39m=[32m"M21 9.3V5"[39m
              [36m/>[39m
              [36m<path[39m
                [33md[39m=[32m"M3 5v14a9 3 0 0 0 6.47 2.88"[39m
              [36m/>[39m
              [36m<path[39m
                [33md[39m=[32m"M12 12v4h4"[39m
              [36m/>[39m
              [36m<path[39m
                [33md[39m=[32m"M13 20a5 5 0 0 0 9-3 4.5 4.5 0 0 0-4.5-4.5c-1.33 0-2.54.54-3.41 1.41L12 16"[39m
              [36m/>[39m
            [36m</svg>[39m
            [0mPopular Dados[0m
          [36m</button>[39m
          [36m<button[39m
            [33mclass[39m=[32m"flex items-center gap-2 bg-blue-600 text-white font-bold py-2 px-4 rounded-lg hover:bg-blue-700 transition-colors"[39m
          [36m>[39m
            [36m<svg[39m
              [33maria-hidden[39m=[32m"true"[39m
              [33mclass[39m=[32m"lucide lucide-circle-plus"[39m
              [33mfill[39m=[32m"none"[39m
              [33mheight[39m=[32m"20"[39m
              [33mstroke[39m=[32m"currentColor"[39m
              [33mstroke-linecap[39m=[32m"round"[39m
              [33mstroke-linejoin[39m=[32m"round"[39m
              [33mstroke-width[39m=[32m"2"[39m
              [33mviewBox[39m=[32m"0 0 24 24"[39m
              [33mwidth[39m=[32m"20"[39m
              [33mxmlns[39m=[32m"http://www.w3.org/2000/svg"[39m
            [36m>[39m
              [36m<circle[39m
                [33mcx[39m=[32m"12"[39m
                [33mcy[39m=[32m"12"[39m
                [33mr[39m=[32m"10"[39m
              [36m/>[39m
              [36m<path[39m
                [33md[39m=[32m"M8 12h8"[39m
              [36m/>[39m
              [36m<path[39m
                [33md[39m=[32m"M12 8v8"[39m
              [36m/>[39m
            [36m</svg>[39m
            [0mNovo Produto[0m
          [36m</button>[39m
        [36m</div>[39m
      [36m</div>[39m
      [36m<div[39m
        [33mclass[39m=[32m"mb-4 flex gap-4"[39m
      [36m>[39m
        [36m<div[39m
          [33mclass[39m=[32m"relative"[39m
        [36m>[39m
          [36m<svg[39m
            [33maria-hidden[39m=[32m"true"[39m
            [33mclass[39m=[32m"lucide lucide-search absolute left-3 top-1/2 -translate-y-1/2 text-gray-400"[39m
            [33mfill[39m=[32m"none"[39m
            [33mheight[39m=[32m"20"[39m
            [33mstroke[39m=[32m"currentColor"[39m
            [33mstroke-linecap[39m=[32m"round"[39m
            [33mstroke-linejoin[39m=[32m"round"[39m
            [33mstroke-width[39m=[32m"2"[39m
            [33mviewBox[39m=[32m"0 0 24 24"[39m
            [33mwidth[39m=[32m"20"[39m
            [33mxmlns[39m=[32m"http://www.w3.org/2000/svg"[39m
          [36m>[39m
            [36m<path[39m
              [33md[39m=[32m"m21 21-4.34-4.34"[39m
            [36m/>[39m
            [36m<circle[39m
              [33mcx[39m=[32m"11"[39m
              [33mcy[39m=[32m"11"[39m
              [33mr[39m=[32m"8"[39m
            [36m/>[39m
          [36m</svg>[39m
          [36m<input[39m
            [33mclass[39m=[32m"w-full max-w-sm p-3 pl-10 border border-gray-300 rounded-lg"[39m
            [33mplaceholder[39m=[32m"Buscar por nome ou SKU..."[39m
            [33mtype[39m=[32m"text"[39m
            [33mvalue[39m=[32m""[39m
          [36m/>[39m
        [36m</div>[39m
        [36m<div[39m
          [33mclass[39m=[32m"min-w-[200px]"[39m
        [36m>[39m
          [36m<div[39m
            [33mclass[39m=[32m"relative"[39m
          [36m>[39m
            [36m<select[39m
              [33mclass[39m=[32m"w-full p-3 pr-10 bg-white/80 border border-gray-300 rounded-lg focus:ring-2 focus:ring-blue-500 focus:border-blue-500 transition shadow-sm appearance-none"[39m
            [36m>[39m
              [36m<option[39m
                [33mvalue[39m=[32m""[39m
              [36m>[39m
                [0mTodos os status[0m
              [36m</option>[39m
              [36m<option[39m
                [33mvalue[39m=[32m"ativo"[39m
              [36m>[39m
                [0mAtivo[0m
              [36m</option>[39m
              [36m<option[39m
                [33mvalue[39m=[32m"inativo"[39m
              [36m>[39m
                [0mInativo[0m
              [36m</option>[39m
            [36m</select>[39m
            [36m<div[39m
              [33mclass[39m=[32m"pointer-events-none absolute inset-y-0 right-0 flex items-center px-3 text-gray-700"[39m
            [36m>[39m
              [36m<svg[39m
                [33maria-hidden[39m=[32m"true"[39m
                [33mclass[39m=[32m"lucide lucide-chevron-down"[39m
                [33mfill[39m=[32m"none"[39m
                [33mheight[39m=[32m"20"[39m
                [33mstroke[39m=[32m"currentColor"[39m
                [33mstroke-linecap[39m=[32m"round"[39m
                [33mstroke-linejoin[39m=[32m"round"[39m
                [33mstroke-width[39m=[32m"2"[39m
                [33mviewBox[39m=[32m"0 0 24 24"[39m
                [33mwidth[39m=[32m"20"[39m
                [33mxmlns[39m=[32m"http://www.w3.org/2000/svg"[39m
              [36m>[39m
                [36m<path[39m
                  [33md[39m=[32m"m6 9 6 6 6-6"[39m
                [36m/>[39m
              [36m</svg>[39m
            [36m</div>[39m
          [36m</div>[39m
        [36m</div>[39m
      [36m</div>[39m
      [36m<div[39m
        [33mclass[39m=[32m"bg-white rounded-lg shadow overflow-hidden"[39m
      [36m>[39m
        [36m<div[39m
          [33mclass[39m=[32m"h-96 flex flex-col items-center justify-center text-center text-gray-500 p-4"[39m
        [36m>[39m
          [36m<svg[39m
            [33maria-hidden[39m=[32m"true"[39m
            [33mclass[39m=[32m"lucide lucide-package mb-4"[39m
            [33mfill[39m=[32m"none"[39m
            [33mheight[39m=[32m"48"[39m
            [33mstroke[39m=[32m"currentColor"[39m
            [33mstroke-linecap[39m=[32m"round"[39m
            [33mstroke-linejoin[39m=[32m"round"[39m
            [33mstroke-width[39m=[32m"2"[39m
            [33mviewBox[39m=[32m"0 0 24 24"[39m
            [33mwidth[39m=[32m"48"[39m
            [33mxmlns[39m=[32m"http://www.w3.org/2000/svg"[39m
          [36m>[39m
            [36m<path[39m
              [33md[39m=[32m"M11 21.73a2 2 0 0 0 2 0l7-4A2 2 0 0 0 21 16V8a2 2 0 0 0-1-1.73l-7-4a2 2 0 0 0-2 0l-7 4A2 2 0 0 0 3 8v8a2 2 0 0 0 1 1.73z"[39m
            [36m/>[39m
            [36m<path[39m
              [33md[39m=[32m"M12 22V12"[39m
            [36m/>[39m
            [36m<polyline[39m
              [33mpoints[39m=[32m"3.29 7 12 12 20.71 7"[39m
            [36m/>[39m
            [36m<path[39m
              [33md[39m=[32m"m7.5 4.27 9 5.15"[39m
            [36m/>[39m
          [36m</svg>[39m
          [36m<p[39m
            [33mclass[39m=[32m"font-semibold text-lg"[39m
          [36m>[39m
            [0mNenhum produto encontrado.[0m
          [36m</p>[39m
          [36m<p[39m
            [33mclass[39m=[32m"text-sm mb-4"[39m
          [36m>[39m
            [0mComece cadastrando um novo produto ou popule com dados de exemplo.[0m
          [36m</p>[39m
          [36m<button[39m
            [33mclass[39m=[32m"mt-4 flex items-center gap-2 bg-blue-100 text-blue-700 font-bold py-2 px-4 rounded-lg hover:bg-blue-200 transition-colors disabled:opacity-50"[39m
          [36m>[39m
            [36m<svg[39m
              [33maria-hidden[39m=[32m"true"[39m
              [33mclass[39m=[32m"lucide lucide-database-backup"[39m
              [33mfill[39m=[32m"none"[39m
              [33mheight[39m=[32m"20"[39m
              [33mstroke[39m=[32m"currentColor"[39m
              [33mstroke-linecap[39m=[32m"round"[39m
              [33mstroke-linejoin[39m=[32m"round"[39m
              [33mstroke-width[39m=[32m"2"[39m
              [33mviewBox[39m=[32m"0 0 24 24"[39m
              [33mwidth[39m=[32m"20"[39m
              [33mxmlns[39m=[32m"http://www.w3.org/2000/svg"[39m
            [36m>[39m
              [36m<ellipse[39m
                [33mcx[39m=[32m"12"[39m
                [33mcy[39m=[32m"5"[39m
                [33mrx[39m=[32m"9"[39m
                [33mry[39m=[32m"3"[39m
              [36m/>[39m
              [36m<path[39m
                [33md[39m=[32m"M3 12a9 3 0 0 0 5 2.69"[39m
              [36m/>[39m
              [36m<path[39m
                [33md[39m=[32m"M21 9.3V5"[39m
              [36m/>[39m
              [36m<path[39m
                [33md[39m=[32m"M3 5v14a9 3 0 0 0 6.47 2.88"[39m
              [36m/>[39m
              [36m<path[39m
                [33md[39m=[32m"M12 12v4h4"[39m
              [36m/>[39m
              [36m<path[39m
                [33md[39m=[32m"M13 20a5 5 0 0 0 9-3 4.5 4.5 0 0 0-4.5-4.5c-1.33 0-2.54.54-3.41 1.41L12 16"[39m
              [36m/>[39m
            [36m</svg>[39m
            [0mPopular com 10 produtos padrão[0m
          [36m</button>[39m
        [36m</div>[39m
      [36m</div>[39m
    [36m</div>[39m
    [36m<div[39m
      [33mclass[39m=[32m"fixed top-5 right-5 z-50 space-y-3"[39m
    [36m/>[39m
  [36m</div>[39m
[36m</body>[39m

Ignored nodes: comments, script, style
[36m<html>[39m
  [36m<head />[39m
  [36m<body>[39m
    [36m<div>[39m
      [36m<div[39m
        [33mclass[39m=[32m"p-1"[39m
      [36m>[39m
        [36m<div[39m
          [33mclass[39m=[32m"flex justify-between items-center mb-6"[39m
        [36m>[39m
          [36m<h1[39m
            [33mclass[39m=[32m"text-3xl font-bold text-gray-800"[39m
          [36m>[39m
            [0mProdutos[0m
          [36m</h1>[39m
          [36m<div[39m
            [33mclass[39m=[32m"flex items-center gap-2"[39m
          [36m>[39m
            [36m<button[39m
              [33mclass[39m=[32m"flex items-center gap-2 bg-gray-100 text-gray-700 font-semibold py-2 px-4 rounded-lg hover:bg-gray-200 transition-colors disabled:opacity-50"[39m
            [36m>[39m
              [36m<svg[39m
                [33maria-hidden[39m=[32m"true"[39m
                [33mclass[39m=[32m"lucide lucide-database-backup"[39m
                [33mfill[39m=[32m"none"[39m
                [33mheight[39m=[32m"20"[39m
                [33mstroke[39m=[32m"currentColor"[39m
                [33mstroke-linecap[39m=[32m"round"[39m
                [33mstroke-linejoin[39m=[32m"round"[39m
                [33mstroke-width[39m=[32m"2"[39m
                [33mviewBox[39m=[32m"0 0 24 24"[39m
                [33mwidth[39m=[32m"20"[39m
                [33mxmlns[39m=[32m"http://www.w3.org/2000/svg"[39m
              [36m>[39m
                [36m<ellipse[39m
                  [33mcx[39m=[32m"12"[39m
                  [33mcy[39m=[32m"5"[39m
                  [33mrx[39m=[32m"9"[39m
                  [33mry[39m=[32m"3"[39m
                [36m/>[39m
                [36m<path[39m
                  [33md[39m=[32m"M3 12a9 3 0 0 0 5 2.69"[39m
                [36m/>[39m
                [36m<path[39m
                  [33md[39m=[32m"M21 9.3V5"[39m
                [36m/>[39m
                [36m<path[39m
                  [33md[39m=[32m"M3 5v14a9 3 0 0 0 6.47 2.88"[39m
                [36m/>[39m
                [36m<path[39m
                  [33md[39m=[32m"M12 12v4h4"[39m
                [36m/>[39m
                [36m<path[39m
                  [33md[39m=[32m"M13 20a5 5 0 0 0 9-3 4.5 4.5 0 0 0-4.5-4.5c-1.33 0-2.54.54-3.41 1.41L12 16"[39m
                [36m/>[39m
              [36m</svg>[39m
              [0mPopular Dados[0m
            [36m</button>[39m
            [36m<button[39m
              [33mclass[39m=[32m"flex items-center gap-2 bg-blue-600 text-white font-bold py-2 px-4 rounded-lg hover:bg-blue-700 transition-colors"[39m
            [36m>[39m
              [36m<svg[39m
                [33maria-hidden[39m=[32m"true"[39m
                [33mclass[39m=[32m"lucide lucide-circle-plus"[39m
                [33mfill[39m=[32m"none"[39m
                [33mheight[39m=[32m"20"[39m
                [33mstroke[39m=[32m"currentColor"[39m
                [33mstroke-linecap[39m=[32m"round"[39m
                [33mstroke-linejoin[39m=[32m"round"[39m
                [33mstroke-width[39m=[32m"2"[39m
                [33mviewBox[39m=[32m"0 0 24 24"[39m
                [33mwidth[39m=[32m"20"[39m
                [33mxmlns[39m=[32m"http://www.w3.org/2000/svg"[39m
              [36m>[39m
                [36m<circle[39m
                  [33mcx[39m=[32m"12"[39m
                  [33mcy[39m=[32m"12"[39m
                  [33mr[39m=[32m"10"[39m
                [36m/>[39m
                [36m<path[39m
                  [33md[39m=[32m"M8 12h8"[39m
                [36m/>[39m
                [36m<path[39m
                  [33md[39m=[32m"M12 8v8"[39m
                [36m/>[39m
              [36m</svg>[39m
              [0mNovo Produto[0m
            [36m</button>[39m
          [36m</div>[39m
        [36m</div>[39m
        [36m<div[39m
          [33mclass[39m=[32m"mb-4 flex gap-4"[39m
        [36m>[39m
          [36m<div[39m
            [33mclass[39m=[32m"relative"[39m
          [36m>[39m
            [36m<svg[39m
              [33maria-hidden[39m=[32m"true"[39m
              [33mclass[39m=[32m"lucide lucide-search absolute left-3 top-1/2 -translate-y-1/2 text-gray-400"[39m
              [33mfill[39m=[32m"none"[39m
              [33mheight[39m=[32m"20"[39m
              [33mstroke[39m=[32m"currentColor"[39m
              [33mstroke-linecap[39m=[32m"round"[39m
              [33mstroke-linejoin[39m=[32m"round"[39m
              [33mstroke-width[39m=[32m"2"[39m
              [33mviewBox[39m=[32m"0 0 24 24"[39m
              [33mwidth[39m=[32m"20"[39m
              [33mxmlns[39m=[32m"http://www.w3.org/2000/svg"[39m
            [36m>[39m
              [36m<path[39m
                [33md[39m=[32m"m21 21-4.34-4.34"[39m
              [36m/>[39m
              [36m<circle[39m
                [33mcx[39m=[32m"11"[39m
                [33mcy[39m=[32m"11"[39m
                [33mr[39m=[32m"8"[39m
              [36m/>[39m
            [36m</svg>[39m
            [36m<input[39m
              [33mclass[39m=[32m"w-full max-w-sm p-3 pl-10 border border-gray-300 rounded-lg"[39m
              [33mplaceholder[39m=[32m"Buscar por nome ou SKU..."[39m
              [33mtype[39m=[32m"text"[39m
              [33mvalue[39m=[32m""[39m
            [36m/>[39m
          [36m</div>[39m
          [36m<div[39m
            [33mclass[39m=[32m"min-w-[200px]"[39m
          [36m>[39m
            [36m<div[39m
              [33mclass[39m=[32m"relative"[39m
            [36m>[39m
              [36m<select[39m
                [33mclass[39m=[32m"w-full p-3 pr-10 bg-white/80 border border-gray-300 rounded-lg focus:ring-2 focus:ring-blue-500 focus:border-blue-500 transition shadow-sm appearance-none"[39m
              [36m>[39m
                [36m<option[39m
                  [33mvalue[39m=[32m""[39m
                [36m>[39m
                  [0mTodos os status[0m
                [36m</option>[39m
                [36m<option[39m
                  [33mvalue[39m=[32m"ativo"[39m
                [36m>[39m
                  [0mAtivo[0m
                [36m</option>[39m
                [36m<option[39m
                  [33mvalue[39m=[32m"inativo"[39m
                [36m>[39m
                  [0mInativo[0m
                [36m</option>[39m
              [36m</select>[39m
              [36m<div[39m
                [33mclass[39m=[32m"pointer-events-none absolute inset-y-0 right-0 flex items-center px-3 text-gray-700"[39m
              [36m>[39m
                [36m<svg[39m
                  [33maria-hidden[39m=[32m"true"[39m
                  [33mclass[39m=[32m"lucide lucide-chevron-down"[39m
                  [33mfill[39m=[32m"none"[39m
                  [33mheight[39m=[32m"20"[39m
                  [33mstroke[39m=[32m"currentColor"[39m
                  [33mstroke-linecap[39m=[32m"round"[39m
                  [33mstroke-linejoin[39m=[32m"round"[39m
                  [33mstroke-width[39m=[32m"2"[39m
                  [33mviewBox[39m=[32m"0 0 24 24"[39m
                  [33mwidth[39m=[32m"20"[39m
                  [33mxmlns[39m=[32m"http://www.w3.org/2000/svg"[39m
                [36m>[39m
                  [36m<path[39m
                    [33md[39m=[32m"m6 9 6 6 6-6"[39m
                  [36m/>[39m
                [36m</svg>[39m
              [36m</div>[39m
            [36m</div>[39m
          [36m</div>[39m
        [36m</div>[39m
        [36m<div[39m
          [33mclass[39m=[32m"bg-white rounded-lg shadow overflow-hidden"[39m
        [36m>[39m
          [36m<div[39m
            [33mclass[39m=[32m"h-96 flex flex-col items-center justify-center text-center text-gray-500 p-4"[39m
          [36m>[39m
            [36m<svg[39m
              [33maria-hidden[39m=[32m"true"[39m
              [33mclass[39m=[32m"lucide lucide-package mb-4"[39m
              [33mfill[39m=[32m"none"[39m
              [33mheight[39m=[32m"48"[39m
              [33mstroke[39m=[32m"currentColor"[39m
              [33mstroke-linecap[39m=[32m"round"[39m
              [33mstroke-linejoin[39m=[32m"round"[39m
              [33mstroke-width[39m=[32m"2"[39m
              [33mviewBox[39m=[32m"0 0 24 24"[39m
              [33mwidth[39m=[32m"48"[39m
              [33mxmlns[39m=[32m"http://www.w3.org/2000/svg"[39m
            [36m>[39m
              [36m<path[39m
                [33md[39m=[32m"M11 21.73a2 2 0 0 0 2 0l7-4A2 2 0 0 0 21 16V8a2 2 0 0 0-1-1.73l-7-4a2 2 0 0 0-2 0l-7 4A2 2 0 0 0 3 8v8a2 2 0 0 0 1 1.73z"[39m
              [36m/>[39m
              [36m<path[39m
                [33md[39m=[32m"M12 22V12"[39m
              [36m/>[39m
              [36m<polyline[39m
                [33mpoints[39m=[32m"3.29 7 12 12 20.71 7"[39m
              [36m/>[39m
              [36m<path[39m
                [33md[39m=[32m"m7.5 4.27 9 5.15"[39m
              [36m/>[39m
            [36m</svg>[39m
            [36m<p[39m
              [33mclass[39m=[32m"font-semibold text-lg"[39m
            [36m>[39m
              [0mNenhum produto encontrado.[0m
            [36m</p>[39m
            [36m<p[39m
              [33mclass[39m=[32m"text-sm mb-4"[39m
            [36m>[39m
              [0mComece cadastrando um novo produto ou popule com dados de exemplo.[0m
            [36m</p>[39m
            [36m<button[39m
              [33mclass[39m=[32m"mt-4 flex items-center gap-2 bg-blue-100 text-blue-700 font-bold py-2 px-4 rounded-lg hover:bg-blue-200 transition-colors disabled:opacity-50"[39m
            [36m>[39m
              [36m<svg[39m
                [33maria-hidden[39m=[32m"true"[39m
                [33mclass[39m=[32m"lucide lucide-database-backup"[39m
                [33mfill[39m=[32m"none"[39m
                [33mheight[39m=[32m"20"[39m
                [33mstroke[39m=[32m"currentColor"[39m
                [33mstroke-linecap[39m=[32m"round"[39m
                [33mstroke-linejoin[39m=[32m"round"[39m
                [33mstroke-width[39m=[32m"2"[39m
                [33mviewBox[39m=[32m"0 0 24 24"[39m
                [33mwidth[39m=[32m"20"[39m
                [33mxmlns[39m=[32m"http://www.w3.org/2000/svg"[39m
              [36m>[39m
                [36m<ellipse[39m
                  [33mcx[39m=[32m"12"[39m
                  [33mcy[39m=[32m"5"[39m
                  [33mrx[39m=[32m"9"[39m
                  [33mry[39m=[32m"3"[39m
                [36m/>[39m
                [36m<path[39m
                  [33md[39m=[32m"M3 12a9 3 0 0 0 5 2.69"[39m
                [36m/>[39m
                [36m<path[39m
                  [33md[39m=[32m"M21 9.3V5"[39m
                [36m/>[39m
                [36m<path[39m
                  [33md[39m=[32m"M3 5v14a9 3 0 0 0 6.47 2.88"[39m
                [36m/>[39m
                [36m<path[39m
                  [33md[39m=[32m"M12 12v4h4"[39m
                [36m/>[39m
                [36m<path[39m
                  [33md[39m=[32m"M13 20a5 5 0 0 0 9-3 4.5 4.5 0 0 0-4.5-4.5c-1.33 0-2.54.54-3.41 1.41L12 16"[39m
                [36m/>[39m
              [36m</svg>[39m
              [0mPopular com 10 produtos padrão[0m
            [36m</button>[39m
          [36m</div>[39m
        [36m</div>[39m
      [36m</div>[39m
      [36m<div[39m
        [33mclass[39m=[32m"fixed top-5 right-5 z-50 space-y-3"[39m
      [36m/>[39m
    [36m</div>[39m
  [36m</body>[39m
[36m</html>[39m
   ❯ src/pages/products/ProductsPage.test.tsx > ProductsPage Integration > filters products by search term
     → Unable to find an element with the text: Produto Teste 1. This could be because the text is broken up by multiple elements. In this case, you can provide a function for your text matcher to make your matcher more flexible.

Ignored nodes: comments, script, style
[36m<body>[39m
  [36m<div>[39m
    [36m<div[39m
      [33mclass[39m=[32m"p-1"[39m
    [36m>[39m
      [36m<div[39m
        [33mclass[39m=[32m"flex justify-between items-center mb-6"[39m
      [36m>[39m
        [36m<h1[39m
          [33mclass[39m=[32m"text-3xl font-bold text-gray-800"[39m
        [36m>[39m
          [0mProdutos[0m
        [36m</h1>[39m
        [36m<div[39m
          [33mclass[39m=[32m"flex items-center gap-2"[39m
        [36m>[39m
          [36m<button[39m
            [33mclass[39m=[32m"flex items-center gap-2 bg-gray-100 text-gray-700 font-semibold py-2 px-4 rounded-lg hover:bg-gray-200 transition-colors disabled:opacity-50"[39m
          [36m>[39m
            [36m<svg[39m
              [33maria-hidden[39m=[32m"true"[39m
              [33mclass[39m=[32m"lucide lucide-database-backup"[39m
              [33mfill[39m=[32m"none"[39m
              [33mheight[39m=[32m"20"[39m
              [33mstroke[39m=[32m"currentColor"[39m
              [33mstroke-linecap[39m=[32m"round"[39m
              [33mstroke-linejoin[39m=[32m"round"[39m
              [33mstroke-width[39m=[32m"2"[39m
              [33mviewBox[39m=[32m"0 0 24 24"[39m
              [33mwidth[39m=[32m"20"[39m
              [33mxmlns[39m=[32m"http://www.w3.org/2000/svg"[39m
            [36m>[39m
              [36m<ellipse[39m
                [33mcx[39m=[32m"12"[39m
                [33mcy[39m=[32m"5"[39m
                [33mrx[39m=[32m"9"[39m
                [33mry[39m=[32m"3"[39m
              [36m/>[39m
              [36m<path[39m
                [33md[39m=[32m"M3 12a9 3 0 0 0 5 2.69"[39m
              [36m/>[39m
              [36m<path[39m
                [33md[39m=[32m"M21 9.3V5"[39m
              [36m/>[39m
              [36m<path[39m
                [33md[39m=[32m"M3 5v14a9 3 0 0 0 6.47 2.88"[39m
              [36m/>[39m
              [36m<path[39m
                [33md[39m=[32m"M12 12v4h4"[39m
              [36m/>[39m
              [36m<path[39m
                [33md[39m=[32m"M13 20a5 5 0 0 0 9-3 4.5 4.5 0 0 0-4.5-4.5c-1.33 0-2.54.54-3.41 1.41L12 16"[39m
              [36m/>[39m
            [36m</svg>[39m
            [0mPopular Dados[0m
          [36m</button>[39m
          [36m<button[39m
            [33mclass[39m=[32m"flex items-center gap-2 bg-blue-600 text-white font-bold py-2 px-4 rounded-lg hover:bg-blue-700 transition-colors"[39m
          [36m>[39m
            [36m<svg[39m
              [33maria-hidden[39m=[32m"true"[39m
              [33mclass[39m=[32m"lucide lucide-circle-plus"[39m
              [33mfill[39m=[32m"none"[39m
              [33mheight[39m=[32m"20"[39m
              [33mstroke[39m=[32m"currentColor"[39m
              [33mstroke-linecap[39m=[32m"round"[39m
              [33mstroke-linejoin[39m=[32m"round"[39m
              [33mstroke-width[39m=[32m"2"[39m
              [33mviewBox[39m=[32m"0 0 24 24"[39m
              [33mwidth[39m=[32m"20"[39m
              [33mxmlns[39m=[32m"http://www.w3.org/2000/svg"[39m
            [36m>[39m
              [36m<circle[39m
                [33mcx[39m=[32m"12"[39m
                [33mcy[39m=[32m"12"[39m
                [33mr[39m=[32m"10"[39m
              [36m/>[39m
              [36m<path[39m
                [33md[39m=[32m"M8 12h8"[39m
              [36m/>[39m
              [36m<path[39m
                [33md[39m=[32m"M12 8v8"[39m
              [36m/>[39m
            [36m</svg>[39m
            [0mNovo Produto[0m
          [36m</button>[39m
        [36m</div>[39m
      [36m</div>[39m
      [36m<div[39m
        [33mclass[39m=[32m"mb-4 flex gap-4"[39m
      [36m>[39m
        [36m<div[39m
          [33mclass[39m=[32m"relative"[39m
        [36m>[39m
          [36m<svg[39m
            [33maria-hidden[39m=[32m"true"[39m
            [33mclass[39m=[32m"lucide lucide-search absolute left-3 top-1/2 -translate-y-1/2 text-gray-400"[39m
            [33mfill[39m=[32m"none"[39m
            [33mheight[39m=[32m"20"[39m
            [33mstroke[39m=[32m"currentColor"[39m
            [33mstroke-linecap[39m=[32m"round"[39m
            [33mstroke-linejoin[39m=[32m"round"[39m
            [33mstroke-width[39m=[32m"2"[39m
            [33mviewBox[39m=[32m"0 0 24 24"[39m
            [33mwidth[39m=[32m"20"[39m
            [33mxmlns[39m=[32m"http://www.w3.org/2000/svg"[39m
          [36m>[39m
            [36m<path[39m
              [33md[39m=[32m"m21 21-4.34-4.34"[39m
            [36m/>[39m
            [36m<circle[39m
              [33mcx[39m=[32m"11"[39m
              [33mcy[39m=[32m"11"[39m
              [33mr[39m=[32m"8"[39m
            [36m/>[39m
          [36m</svg>[39m
          [36m<input[39m
            [33mclass[39m=[32m"w-full max-w-sm p-3 pl-10 border border-gray-300 rounded-lg"[39m
            [33mplaceholder[39m=[32m"Buscar por nome ou SKU..."[39m
            [33mtype[39m=[32m"text"[39m
            [33mvalue[39m=[32m""[39m
          [36m/>[39m
        [36m</div>[39m
        [36m<div[39m
          [33mclass[39m=[32m"min-w-[200px]"[39m
        [36m>[39m
          [36m<div[39m
            [33mclass[39m=[32m"relative"[39m
          [36m>[39m
            [36m<select[39m
              [33mclass[39m=[32m"w-full p-3 pr-10 bg-white/80 border border-gray-300 rounded-lg focus:ring-2 focus:ring-blue-500 focus:border-blue-500 transition shadow-sm appearance-none"[39m
            [36m>[39m
              [36m<option[39m
                [33mvalue[39m=[32m""[39m
              [36m>[39m
                [0mTodos os status[0m
              [36m</option>[39m
              [36m<option[39m
                [33mvalue[39m=[32m"ativo"[39m
              [36m>[39m
                [0mAtivo[0m
              [36m</option>[39m
              [36m<option[39m
                [33mvalue[39m=[32m"inativo"[39m
              [36m>[39m
                [0mInativo[0m
              [36m</option>[39m
            [36m</select>[39m
            [36m<div[39m
              [33mclass[39m=[32m"pointer-events-none absolute inset-y-0 right-0 flex items-center px-3 text-gray-700"[39m
            [36m>[39m
              [36m<svg[39m
                [33maria-hidden[39m=[32m"true"[39m
                [33mclass[39m=[32m"lucide lucide-chevron-down"[39m
                [33mfill[39m=[32m"none"[39m
                [33mheight[39m=[32m"20"[39m
                [33mstroke[39m=[32m"currentColor"[39m
                [33mstroke-linecap[39m=[32m"round"[39m
                [33mstroke-linejoin[39m=[32m"round"[39m
                [33mstroke-width[39m=[32m"2"[39m
                [33mviewBox[39m=[32m"0 0 24 24"[39m
                [33mwidth[39m=[32m"20"[39m
                [33mxmlns[39m=[32m"http://www.w3.org/2000/svg"[39m
              [36m>[39m
                [36m<path[39m
                  [33md[39m=[32m"m6 9 6 6 6-6"[39m
                [36m/>[39m
              [36m</svg>[39m
            [36m</div>[39m
          [36m</div>[39m
        [36m</div>[39m
      [36m</div>[39m
      [36m<div[39m
        [33mclass[39m=[32m"bg-white rounded-lg shadow overflow-hidden"[39m
      [36m>[39m
        [36m<div[39m
          [33mclass[39m=[32m"h-96 flex flex-col items-center justify-center text-center text-gray-500 p-4"[39m
        [36m>[39m
          [36m<svg[39m
            [33maria-hidden[39m=[32m"true"[39m
            [33mclass[39m=[32m"lucide lucide-package mb-4"[39m
            [33mfill[39m=[32m"none"[39m
            [33mheight[39m=[32m"48"[39m
            [33mstroke[39m=[32m"currentColor"[39m
            [33mstroke-linecap[39m=[32m"round"[39m
            [33mstroke-linejoin[39m=[32m"round"[39m
            [33mstroke-width[39m=[32m"2"[39m
            [33mviewBox[39m=[32m"0 0 24 24"[39m
            [33mwidth[39m=[32m"48"[39m
            [33mxmlns[39m=[32m"http://www.w3.org/2000/svg"[39m
          [36m>[39m
            [36m<path[39m
              [33md[39m=[32m"M11 21.73a2 2 0 0 0 2 0l7-4A2 2 0 0 0 21 16V8a2 2 0 0 0-1-1.73l-7-4a2 2 0 0 0-2 0l-7 4A2 2 0 0 0 3 8v8a2 2 0 0 0 1 1.73z"[39m
            [36m/>[39m
            [36m<path[39m
              [33md[39m=[32m"M12 22V12"[39m
            [36m/>[39m
            [36m<polyline[39m
              [33mpoints[39m=[32m"3.29 7 12 12 20.71 7"[39m
            [36m/>[39m
            [36m<path[39m
              [33md[39m=[32m"m7.5 4.27 9 5.15"[39m
            [36m/>[39m
          [36m</svg>[39m
          [36m<p[39m
            [33mclass[39m=[32m"font-semibold text-lg"[39m
          [36m>[39m
            [0mNenhum produto encontrado.[0m
          [36m</p>[39m
          [36m<p[39m
            [33mclass[39m=[32m"text-sm mb-4"[39m
          [36m>[39m
            [0mComece cadastrando um novo produto ou popule com dados de exemplo.[0m
          [36m</p>[39m
          [36m<button[39m
            [33mclass[39m=[32m"mt-4 flex items-center gap-2 bg-blue-100 text-blue-700 font-bold py-2 px-4 rounded-lg hover:bg-blue-200 transition-colors disabled:opacity-50"[39m
          [36m>[39m
            [36m<svg[39m
              [33maria-hidden[39m=[32m"true"[39m
              [33mclass[39m=[32m"lucide lucide-database-backup"[39m
              [33mfill[39m=[32m"none"[39m
              [33mheight[39m=[32m"20"[39m
              [33mstroke[39m=[32m"currentColor"[39m
              [33mstroke-linecap[39m=[32m"round"[39m
              [33mstroke-linejoin[39m=[32m"round"[39m
              [33mstroke-width[39m=[32m"2"[39m
              [33mviewBox[39m=[32m"0 0 24 24"[39m
              [33mwidth[39m=[32m"20"[39m
              [33mxmlns[39m=[32m"http://www.w3.org/2000/svg"[39m
            [36m>[39m
              [36m<ellipse[39m
                [33mcx[39m=[32m"12"[39m
                [33mcy[39m=[32m"5"[39m
                [33mrx[39m=[32m"9"[39m
                [33mry[39m=[32m"3"[39m
              [36m/>[39m
              [36m<path[39m
                [33md[39m=[32m"M3 12a9 3 0 0 0 5 2.69"[39m
              [36m/>[39m
              [36m<path[39m
                [33md[39m=[32m"M21 9.3V5"[39m
              [36m/>[39m
              [36m<path[39m
                [33md[39m=[32m"M3 5v14a9 3 0 0 0 6.47 2.88"[39m
              [36m/>[39m
              [36m<path[39m
                [33md[39m=[32m"M12 12v4h4"[39m
              [36m/>[39m
              [36m<path[39m
                [33md[39m=[32m"M13 20a5 5 0 0 0 9-3 4.5 4.5 0 0 0-4.5-4.5c-1.33 0-2.54.54-3.41 1.41L12 16"[39m
              [36m/>[39m
            [36m</svg>[39m
            [0mPopular com 10 produtos padrão[0m
          [36m</button>[39m
        [36m</div>[39m
      [36m</div>[39m
    [36m</div>[39m
    [36m<div[39m
      [33mclass[39m=[32m"fixed top-5 right-5 z-50 space-y-3"[39m
    [36m/>[39m
  [36m</div>[39m
[36m</body>[39m

Ignored nodes: comments, script, style
[36m<html>[39m
  [36m<head />[39m
  [36m<body>[39m
    [36m<div>[39m
      [36m<div[39m
        [33mclass[39m=[32m"p-1"[39m
      [36m>[39m
        [36m<div[39m
          [33mclass[39m=[32m"flex justify-between items-center mb-6"[39m
        [36m>[39m
          [36m<h1[39m
            [33mclass[39m=[32m"text-3xl font-bold text-gray-800"[39m
          [36m>[39m
            [0mProdutos[0m
          [36m</h1>[39m
          [36m<div[39m
            [33mclass[39m=[32m"flex items-center gap-2"[39m
          [36m>[39m
            [36m<button[39m
              [33mclass[39m=[32m"flex items-center gap-2 bg-gray-100 text-gray-700 font-semibold py-2 px-4 rounded-lg hover:bg-gray-200 transition-colors disabled:opacity-50"[39m
            [36m>[39m
              [36m<svg[39m
                [33maria-hidden[39m=[32m"true"[39m
                [33mclass[39m=[32m"lucide lucide-database-backup"[39m
                [33mfill[39m=[32m"none"[39m
                [33mheight[39m=[32m"20"[39m
                [33mstroke[39m=[32m"currentColor"[39m
                [33mstroke-linecap[39m=[32m"round"[39m
                [33mstroke-linejoin[39m=[32m"round"[39m
                [33mstroke-width[39m=[32m"2"[39m
                [33mviewBox[39m=[32m"0 0 24 24"[39m
                [33mwidth[39m=[32m"20"[39m
                [33mxmlns[39m=[32m"http://www.w3.org/2000/svg"[39m
              [36m>[39m
                [36m<ellipse[39m
                  [33mcx[39m=[32m"12"[39m
                  [33mcy[39m=[32m"5"[39m
                  [33mrx[39m=[32m"9"[39m
                  [33mry[39m=[32m"3"[39m
                [36m/>[39m
                [36m<path[39m
                  [33md[39m=[32m"M3 12a9 3 0 0 0 5 2.69"[39m
                [36m/>[39m
                [36m<path[39m
                  [33md[39m=[32m"M21 9.3V5"[39m
                [36m/>[39m
                [36m<path[39m
                  [33md[39m=[32m"M3 5v14a9 3 0 0 0 6.47 2.88"[39m
                [36m/>[39m
                [36m<path[39m
                  [33md[39m=[32m"M12 12v4h4"[39m
                [36m/>[39m
                [36m<path[39m
                  [33md[39m=[32m"M13 20a5 5 0 0 0 9-3 4.5 4.5 0 0 0-4.5-4.5c-1.33 0-2.54.54-3.41 1.41L12 16"[39m
                [36m/>[39m
              [36m</svg>[39m
              [0mPopular Dados[0m
            [36m</button>[39m
            [36m<button[39m
              [33mclass[39m=[32m"flex items-center gap-2 bg-blue-600 text-white font-bold py-2 px-4 rounded-lg hover:bg-blue-700 transition-colors"[39m
            [36m>[39m
              [36m<svg[39m
                [33maria-hidden[39m=[32m"true"[39m
                [33mclass[39m=[32m"lucide lucide-circle-plus"[39m
                [33mfill[39m=[32m"none"[39m
                [33mheight[39m=[32m"20"[39m
                [33mstroke[39m=[32m"currentColor"[39m
                [33mstroke-linecap[39m=[32m"round"[39m
                [33mstroke-linejoin[39m=[32m"round"[39m
                [33mstroke-width[39m=[32m"2"[39m
                [33mviewBox[39m=[32m"0 0 24 24"[39m
                [33mwidth[39m=[32m"20"[39m
                [33mxmlns[39m=[32m"http://www.w3.org/2000/svg"[39m
              [36m>[39m
                [36m<circle[39m
                  [33mcx[39m=[32m"12"[39m
                  [33mcy[39m=[32m"12"[39m
                  [33mr[39m=[32m"10"[39m
                [36m/>[39m
                [36m<path[39m
                  [33md[39m=[32m"M8 12h8"[39m
                [36m/>[39m
                [36m<path[39m
                  [33md[39m=[32m"M12 8v8"[39m
                [36m/>[39m
              [36m</svg>[39m
              [0mNovo Produto[0m
            [36m</button>[39m
          [36m</div>[39m
        [36m</div>[39m
        [36m<div[39m
          [33mclass[39m=[32m"mb-4 flex gap-4"[39m
        [36m>[39m
          [36m<div[39m
            [33mclass[39m=[32m"relative"[39m
          [36m>[39m
            [36m<svg[39m
              [33maria-hidden[39m=[32m"true"[39m
              [33mclass[39m=[32m"lucide lucide-search absolute left-3 top-1/2 -translate-y-1/2 text-gray-400"[39m
              [33mfill[39m=[32m"none"[39m
              [33mheight[39m=[32m"20"[39m
              [33mstroke[39m=[32m"currentColor"[39m
              [33mstroke-linecap[39m=[32m"round"[39m
              [33mstroke-linejoin[39m=[32m"round"[39m
              [33mstroke-width[39m=[32m"2"[39m
              [33mviewBox[39m=[32m"0 0 24 24"[39m
              [33mwidth[39m=[32m"20"[39m
              [33mxmlns[39m=[32m"http://www.w3.org/2000/svg"[39m
            [36m>[39m
              [36m<path[39m
                [33md[39m=[32m"m21 21-4.34-4.34"[39m
              [36m/>[39m
              [36m<circle[39m
                [33mcx[39m=[32m"11"[39m
                [33mcy[39m=[32m"11"[39m
                [33mr[39m=[32m"8"[39m
              [36m/>[39m
            [36m</svg>[39m
            [36m<input[39m
              [33mclass[39m=[32m"w-full max-w-sm p-3 pl-10 border border-gray-300 rounded-lg"[39m
              [33mplaceholder[39m=[32m"Buscar por nome ou SKU..."[39m
              [33mtype[39m=[32m"text"[39m
              [33mvalue[39m=[32m""[39m
            [36m/>[39m
          [36m</div>[39m
          [36m<div[39m
            [33mclass[39m=[32m"min-w-[200px]"[39m
          [36m>[39m
            [36m<div[39m
              [33mclass[39m=[32m"relative"[39m
            [36m>[39m
              [36m<select[39m
                [33mclass[39m=[32m"w-full p-3 pr-10 bg-white/80 border border-gray-300 rounded-lg focus:ring-2 focus:ring-blue-500 focus:border-blue-500 transition shadow-sm appearance-none"[39m
              [36m>[39m
                [36m<option[39m
                  [33mvalue[39m=[32m""[39m
                [36m>[39m
                  [0mTodos os status[0m
                [36m</option>[39m
                [36m<option[39m
                  [33mvalue[39m=[32m"ativo"[39m
                [36m>[39m
                  [0mAtivo[0m
                [36m</option>[39m
                [36m<option[39m
                  [33mvalue[39m=[32m"inativo"[39m
                [36m>[39m
                  [0mInativo[0m
                [36m</option>[39m
              [36m</select>[39m
              [36m<div[39m
                [33mclass[39m=[32m"pointer-events-none absolute inset-y-0 right-0 flex items-center px-3 text-gray-700"[39m
              [36m>[39m
                [36m<svg[39m
                  [33maria-hidden[39m=[32m"true"[39m
                  [33mclass[39m=[32m"lucide lucide-chevron-down"[39m
                  [33mfill[39m=[32m"none"[39m
                  [33mheight[39m=[32m"20"[39m
                  [33mstroke[39m=[32m"currentColor"[39m
                  [33mstroke-linecap[39m=[32m"round"[39m
                  [33mstroke-linejoin[39m=[32m"round"[39m
                  [33mstroke-width[39m=[32m"2"[39m
                  [33mviewBox[39m=[32m"0 0 24 24"[39m
                  [33mwidth[39m=[32m"20"[39m
                  [33mxmlns[39m=[32m"http://www.w3.org/2000/svg"[39m
                [36m>[39m
                  [36m<path[39m
                    [33md[39m=[32m"m6 9 6 6 6-6"[39m
                  [36m/>[39m
                [36m</svg>[39m
              [36m</div>[39m
            [36m</div>[39m
          [36m</div>[39m
        [36m</div>[39m
        [36m<div[39m
          [33mclass[39m=[32m"bg-white rounded-lg shadow overflow-hidden"[39m
        [36m>[39m
          [36m<div[39m
            [33mclass[39m=[32m"h-96 flex flex-col items-center justify-center text-center text-gray-500 p-4"[39m
          [36m>[39m
            [36m<svg[39m
              [33maria-hidden[39m=[32m"true"[39m
              [33mclass[39m=[32m"lucide lucide-package mb-4"[39m
              [33mfill[39m=[32m"none"[39m
              [33mheight[39m=[32m"48"[39m
              [33mstroke[39m=[32m"currentColor"[39m
              [33mstroke-linecap[39m=[32m"round"[39m
              [33mstroke-linejoin[39m=[32m"round"[39m
              [33mstroke-width[39m=[32m"2"[39m
              [33mviewBox[39m=[32m"0 0 24 24"[39m
              [33mwidth[39m=[32m"48"[39m
              [33mxmlns[39m=[32m"http://www.w3.org/2000/svg"[39m
            [36m>[39m
              [36m<path[39m
                [33md[39m=[32m"M11 21.73a2 2 0 0 0 2 0l7-4A2 2 0 0 0 21 16V8a2 2 0 0 0-1-1.73l-7-4a2 2 0 0 0-2 0l-7 4A2 2 0 0 0 3 8v8a2 2 0 0 0 1 1.73z"[39m
              [36m/>[39m
              [36m<path[39m
                [33md[39m=[32m"M12 22V12"[39m
              [36m/>[39m
              [36m<polyline[39m
                [33mpoints[39m=[32m"3.29 7 12 12 20.71 7"[39m
              [36m/>[39m
              [36m<path[39m
                [33md[39m=[32m"m7.5 4.27 9 5.15"[39m
              [36m/>[39m
            [36m</svg>[39m
            [36m<p[39m
              [33mclass[39m=[32m"font-semibold text-lg"[39m
            [36m>[39m
              [0mNenhum produto encontrado.[0m
            [36m</p>[39m
            [36m<p[39m
              [33mclass[39m=[32m"text-sm mb-4"[39m
            [36m>[39m
              [0mComece cadastrando um novo produto ou popule com dados de exemplo.[0m
            [36m</p>[39m
            [36m<button[39m
              [33mclass[39m=[32m"mt-4 flex items-center gap-2 bg-blue-100 text-blue-700 font-bold py-2 px-4 rounded-lg hover:bg-blue-200 transition-colors disabled:opacity-50"[39m
            [36m>[39m
              [36m<svg[39m
                [33maria-hidden[39m=[32m"true"[39m
                [33mclass[39m=[32m"lucide lucide-database-backup"[39m
                [33mfill[39m=[32m"none"[39m
                [33mheight[39m=[32m"20"[39m
                [33mstroke[39m=[32m"currentColor"[39m
                [33mstroke-linecap[39m=[32m"round"[39m
                [33mstroke-linejoin[39m=[32m"round"[39m
                [33mstroke-width[39m=[32m"2"[39m
                [33mviewBox[39m=[32m"0 0 24 24"[39m
                [33mwidth[39m=[32m"20"[39m
                [33mxmlns[39m=[32m"http://www.w3.org/2000/svg"[39m
              [36m>[39m
                [36m<ellipse[39m
                  [33mcx[39m=[32m"12"[39m
                  [33mcy[39m=[32m"5"[39m
                  [33mrx[39m=[32m"9"[39m
                  [33mry[39m=[32m"3"[39m
                [36m/>[39m
                [36m<path[39m
                  [33md[39m=[32m"M3 12a9 3 0 0 0 5 2.69"[39m
                [36m/>[39m
                [36m<path[39m
                  [33md[39m=[32m"M21 9.3V5"[39m
                [36m/>[39m
                [36m<path[39m
                  [33md[39m=[32m"M3 5v14a9 3 0 0 0 6.47 2.88"[39m
                [36m/>[39m
                [36m<path[39m
                  [33md[39m=[32m"M12 12v4h4"[39m
                [36m/>[39m
                [36m<path[39m
                  [33md[39m=[32m"M13 20a5 5 0 0 0 9-3 4.5 4.5 0 0 0-4.5-4.5c-1.33 0-2.54.54-3.41 1.41L12 16"[39m
                [36m/>[39m
              [36m</svg>[39m
              [0mPopular com 10 produtos padrão[0m
            [36m</button>[39m
          [36m</div>[39m
        [36m</div>[39m
      [36m</div>[39m
      [36m<div[39m
        [33mclass[39m=[32m"fixed top-5 right-5 z-50 space-y-3"[39m
      [36m/>[39m
    [36m</div>[39m
  [36m</body>[39m
[36m</html>[39m

⎯⎯⎯⎯⎯⎯⎯ Failed Tests 2 ⎯⎯⎯⎯⎯⎯⎯

 FAIL  src/pages/products/ProductsPage.test.tsx > ProductsPage Integration > renders the product list with data from MSW
TestingLibraryElementError: Unable to find an element with the text: Produto Teste 1. This could be because the text is broken up by multiple elements. In this case, you can provide a function for your text matcher to make your matcher more flexible.

Ignored nodes: comments, script, style
[36m<body>[39m
  [36m<div>[39m
    [36m<div[39m
      [33mclass[39m=[32m"p-1"[39m
    [36m>[39m
      [36m<div[39m
        [33mclass[39m=[32m"flex justify-between items-center mb-6"[39m
      [36m>[39m
        [36m<h1[39m
          [33mclass[39m=[32m"text-3xl font-bold text-gray-800"[39m
        [36m>[39m
          [0mProdutos[0m
        [36m</h1>[39m
        [36m<div[39m
          [33mclass[39m=[32m"flex items-center gap-2"[39m
        [36m>[39m
          [36m<button[39m
            [33mclass[39m=[32m"flex items-center gap-2 bg-gray-100 text-gray-700 font-semibold py-2 px-4 rounded-lg hover:bg-gray-200 transition-colors disabled:opacity-50"[39m
          [36m>[39m
            [36m<svg[39m
              [33maria-hidden[39m=[32m"true"[39m
              [33mclass[39m=[32m"lucide lucide-database-backup"[39m
              [33mfill[39m=[32m"none"[39m
              [33mheight[39m=[32m"20"[39m
              [33mstroke[39m=[32m"currentColor"[39m
              [33mstroke-linecap[39m=[32m"round"[39m
              [33mstroke-linejoin[39m=[32m"round"[39m
              [33mstroke-width[39m=[32m"2"[39m
              [33mviewBox[39m=[32m"0 0 24 24"[39m
              [33mwidth[39m=[32m"20"[39m
              [33mxmlns[39m=[32m"http://www.w3.org/2000/svg"[39m
            [36m>[39m
              [36m<ellipse[39m
                [33mcx[39m=[32m"12"[39m
                [33mcy[39m=[32m"5"[39m
                [33mrx[39m=[32m"9"[39m
                [33mry[39m=[32m"3"[39m
              [36m/>[39m
              [36m<path[39m
                [33md[39m=[32m"M3 12a9 3 0 0 0 5 2.69"[39m
              [36m/>[39m
              [36m<path[39m
                [33md[39m=[32m"M21 9.3V5"[39m
              [36m/>[39m
              [36m<path[39m
                [33md[39m=[32m"M3 5v14a9 3 0 0 0 6.47 2.88"[39m
              [36m/>[39m
              [36m<path[39m
                [33md[39m=[32m"M12 12v4h4"[39m
              [36m/>[39m
              [36m<path[39m
                [33md[39m=[32m"M13 20a5 5 0 0 0 9-3 4.5 4.5 0 0 0-4.5-4.5c-1.33 0-2.54.54-3.41 1.41L12 16"[39m
              [36m/>[39m
            [36m</svg>[39m
            [0mPopular Dados[0m
          [36m</button>[39m
          [36m<button[39m
            [33mclass[39m=[32m"flex items-center gap-2 bg-blue-600 text-white font-bold py-2 px-4 rounded-lg hover:bg-blue-700 transition-colors"[39m
          [36m>[39m
            [36m<svg[39m
              [33maria-hidden[39m=[32m"true"[39m
              [33mclass[39m=[32m"lucide lucide-circle-plus"[39m
              [33mfill[39m=[32m"none"[39m
              [33mheight[39m=[32m"20"[39m
              [33mstroke[39m=[32m"currentColor"[39m
              [33mstroke-linecap[39m=[32m"round"[39m
              [33mstroke-linejoin[39m=[32m"round"[39m
              [33mstroke-width[39m=[32m"2"[39m
              [33mviewBox[39m=[32m"0 0 24 24"[39m
              [33mwidth[39m=[32m"20"[39m
              [33mxmlns[39m=[32m"http://www.w3.org/2000/svg"[39m
            [36m>[39m
              [36m<circle[39m
                [33mcx[39m=[32m"12"[39m
                [33mcy[39m=[32m"12"[39m
                [33mr[39m=[32m"10"[39m
              [36m/>[39m
              [36m<path[39m
                [33md[39m=[32m"M8 12h8"[39m
              [36m/>[39m
              [36m<path[39m
                [33md[39m=[32m"M12 8v8"[39m
              [36m/>[39m
            [36m</svg>[39m
            [0mNovo Produto[0m
          [36m</button>[39m
        [36m</div>[39m
      [36m</div>[39m
      [36m<div[39m
        [33mclass[39m=[32m"mb-4 flex gap-4"[39m
      [36m>[39m
        [36m<div[39m
          [33mclass[39m=[32m"relative"[39m
        [36m>[39m
          [36m<svg[39m
            [33maria-hidden[39m=[32m"true"[39m
            [33mclass[39m=[32m"lucide lucide-search absolute left-3 top-1/2 -translate-y-1/2 text-gray-400"[39m
            [33mfill[39m=[32m"none"[39m
            [33mheight[39m=[32m"20"[39m
            [33mstroke[39m=[32m"currentColor"[39m
            [33mstroke-linecap[39m=[32m"round"[39m
            [33mstroke-linejoin[39m=[32m"round"[39m
            [33mstroke-width[39m=[32m"2"[39m
            [33mviewBox[39m=[32m"0 0 24 24"[39m
            [33mwidth[39m=[32m"20"[39m
            [33mxmlns[39m=[32m"http://www.w3.org/2000/svg"[39m
          [36m>[39m
            [36m<path[39m
              [33md[39m=[32m"m21 21-4.34-4.34"[39m
            [36m/>[39m
            [36m<circle[39m
              [33mcx[39m=[32m"11"[39m
              [33mcy[39m=[32m"11"[39m
              [33mr[39m=[32m"8"[39m
            [36m/>[39m
          [36m</svg>[39m
          [36m<input[39m
            [33mclass[39m=[32m"w-full max-w-sm p-3 pl-10 border border-gray-300 rounded-lg"[39m
            [33mplaceholder[39m=[32m"Buscar por nome ou SKU..."[39m
            [33mtype[39m=[32m"text"[39m
            [33mvalue[39m=[32m""[39m
          [36m/>[39m
        [36m</div>[39m
        [36m<div[39m
          [33mclass[39m=[32m"min-w-[200px]"[39m
        [36m>[39m
          [36m<div[39m
            [33mclass[39m=[32m"relative"[39m
          [36m>[39m
            [36m<select[39m
              [33mclass[39m=[32m"w-full p-3 pr-10 bg-white/80 border border-gray-300 rounded-lg focus:ring-2 focus:ring-blue-500 focus:border-blue-500 transition shadow-sm appearance-none"[39m
            [36m>[39m
              [36m<option[39m
                [33mvalue[39m=[32m""[39m
              [36m>[39m
                [0mTodos os status[0m
              [36m</option>[39m
              [36m<option[39m
                [33mvalue[39m=[32m"ativo"[39m
              [36m>[39m
                [0mAtivo[0m
              [36m</option>[39m
              [36m<option[39m
                [33mvalue[39m=[32m"inativo"[39m
              [36m>[39m
                [0mInativo[0m
              [36m</option>[39m
            [36m</select>[39m
            [36m<div[39m
              [33mclass[39m=[32m"pointer-events-none absolute inset-y-0 right-0 flex items-center px-3 text-gray-700"[39m
            [36m>[39m
              [36m<svg[39m
                [33maria-hidden[39m=[32m"true"[39m
                [33mclass[39m=[32m"lucide lucide-chevron-down"[39m
                [33mfill[39m=[32m"none"[39m
                [33mheight[39m=[32m"20"[39m
                [33mstroke[39m=[32m"currentColor"[39m
                [33mstroke-linecap[39m=[32m"round"[39m
                [33mstroke-linejoin[39m=[32m"round"[39m
                [33mstroke-width[39m=[32m"2"[39m
                [33mviewBox[39m=[32m"0 0 24 24"[39m
                [33mwidth[39m=[32m"20"[39m
                [33mxmlns[39m=[32m"http://www.w3.org/2000/svg"[39m
              [36m>[39m
                [36m<path[39m
                  [33md[39m=[32m"m6 9 6 6 6-6"[39m
                [36m/>[39m
              [36m</svg>[39m
            [36m</div>[39m
          [36m</div>[39m
        [36m</div>[39m
      [36m</div>[39m
      [36m<div[39m
        [33mclass[39m=[32m"bg-white rounded-lg shadow overflow-hidden"[39m
      [36m>[39m
        [36m<div[39m
          [33mclass[39m=[32m"h-96 flex flex-col items-center justify-center text-center text-gray-500 p-4"[39m
        [36m>[39m
          [36m<svg[39m
            [33maria-hidden[39m=[32m"true"[39m
            [33mclass[39m=[32m"lucide lucide-package mb-4"[39m
            [33mfill[39m=[32m"none"[39m
            [33mheight[39m=[32m"48"[39m
            [33mstroke[39m=[32m"currentColor"[39m
            [33mstroke-linecap[39m=[32m"round"[39m
            [33mstroke-linejoin[39m=[32m"round"[39m
            [33mstroke-width[39m=[32m"2"[39m
            [33mviewBox[39m=[32m"0 0 24 24"[39m
            [33mwidth[39m=[32m"48"[39m
            [33mxmlns[39m=[32m"http://www.w3.org/2000/svg"[39m
          [36m>[39m
            [36m<path[39m
              [33md[39m=[32m"M11 21.73a2 2 0 0 0 2 0l7-4A2 2 0 0 0 21 16V8a2 2 0 0 0-1-1.73l-7-4a2 2 0 0 0-2 0l-7 4A2 2 0 0 0 3 8v8a2 2 0 0 0 1 1.73z"[39m
            [36m/>[39m
            [36m<path[39m
              [33md[39m=[32m"M12 22V12"[39m
            [36m/>[39m
            [36m<polyline[39m
              [33mpoints[39m=[32m"3.29 7 12 12 20.71 7"[39m
            [36m/>[39m
            [36m<path[39m
              [33md[39m=[32m"m7.5 4.27 9 5.15"[39m
            [36m/>[39m
          [36m</svg>[39m
          [36m<p[39m
            [33mclass[39m=[32m"font-semibold text-lg"[39m
          [36m>[39m
            [0mNenhum produto encontrado.[0m
          [36m</p>[39m
          [36m<p[39m
            [33mclass[39m=[32m"text-sm mb-4"[39m
          [36m>[39m
            [0mComece cadastrando um novo produto ou popule com dados de exemplo.[0m
          [36m</p>[39m
          [36m<button[39m
            [33mclass[39m=[32m"mt-4 flex items-center gap-2 bg-blue-100 text-blue-700 font-bold py-2 px-4 rounded-lg hover:bg-blue-200 transition-colors disabled:opacity-50"[39m
          [36m>[39m
            [36m<svg[39m
              [33maria-hidden[39m=[32m"true"[39m
              [33mclass[39m=[32m"lucide lucide-database-backup"[39m
              [33mfill[39m=[32m"none"[39m
              [33mheight[39m=[32m"20"[39m
              [33mstroke[39m=[32m"currentColor"[39m
              [33mstroke-linecap[39m=[32m"round"[39m
              [33mstroke-linejoin[39m=[32m"round"[39m
              [33mstroke-width[39m=[32m"2"[39m
              [33mviewBox[39m=[32m"0 0 24 24"[39m
              [33mwidth[39m=[32m"20"[39m
              [33mxmlns[39m=[32m"http://www.w3.org/2000/svg"[39m
            [36m>[39m
              [36m<ellipse[39m
                [33mcx[39m=[32m"12"[39m
                [33mcy[39m=[32m"5"[39m
                [33mrx[39m=[32m"9"[39m
                [33mry[39m=[32m"3"[39m
              [36m/>[39m
              [36m<path[39m
                [33md[39m=[32m"M3 12a9 3 0 0 0 5 2.69"[39m
              [36m/>[39m
              [36m<path[39m
                [33md[39m=[32m"M21 9.3V5"[39m
              [36m/>[39m
              [36m<path[39m
                [33md[39m=[32m"M3 5v14a9 3 0 0 0 6.47 2.88"[39m
              [36m/>[39m
              [36m<path[39m
                [33md[39m=[32m"M12 12v4h4"[39m
              [36m/>[39m
              [36m<path[39m
                [33md[39m=[32m"M13 20a5 5 0 0 0 9-3 4.5 4.5 0 0 0-4.5-4.5c-1.33 0-2.54.54-3.41 1.41L12 16"[39m
              [36m/>[39m
            [36m</svg>[39m
            [0mPopular com 10 produtos padrão[0m
          [36m</button>[39m
        [36m</div>[39m
      [36m</div>[39m
    [36m</div>[39m
    [36m<div[39m
      [33mclass[39m=[32m"fixed top-5 right-5 z-50 space-y-3"[39m
    [36m/>[39m
  [36m</div>[39m
[36m</body>[39m

Ignored nodes: comments, script, style
[36m<html>[39m
  [36m<head />[39m
  [36m<body>[39m
    [36m<div>[39m
      [36m<div[39m
        [33mclass[39m=[32m"p-1"[39m
      [36m>[39m
        [36m<div[39m
          [33mclass[39m=[32m"flex justify-between items-center mb-6"[39m
        [36m>[39m
          [36m<h1[39m
            [33mclass[39m=[32m"text-3xl font-bold text-gray-800"[39m
          [36m>[39m
            [0mProdutos[0m
          [36m</h1>[39m
          [36m<div[39m
            [33mclass[39m=[32m"flex items-center gap-2"[39m
          [36m>[39m
            [36m<button[39m
              [33mclass[39m=[32m"flex items-center gap-2 bg-gray-100 text-gray-700 font-semibold py-2 px-4 rounded-lg hover:bg-gray-200 transition-colors disabled:opacity-50"[39m
            [36m>[39m
              [36m<svg[39m
                [33maria-hidden[39m=[32m"true"[39m
                [33mclass[39m=[32m"lucide lucide-database-backup"[39m
                [33mfill[39m=[32m"none"[39m
                [33mheight[39m=[32m"20"[39m
                [33mstroke[39m=[32m"currentColor"[39m
                [33mstroke-linecap[39m=[32m"round"[39m
                [33mstroke-linejoin[39m=[32m"round"[39m
                [33mstroke-width[39m=[32m"2"[39m
                [33mviewBox[39m=[32m"0 0 24 24"[39m
                [33mwidth[39m=[32m"20"[39m
                [33mxmlns[39m=[32m"http://www.w3.org/2000/svg"[39m
              [36m>[39m
                [36m<ellipse[39m
                  [33mcx[39m=[32m"12"[39m
                  [33mcy[39m=[32m"5"[39m
                  [33mrx[39m=[32m"9"[39m
                  [33mry[39m=[32m"3"[39m
                [36m/>[39m
                [36m<path[39m
                  [33md[39m=[32m"M3 12a9 3 0 0 0 5 2.69"[39m
                [36m/>[39m
                [36m<path[39m
                  [33md[39m=[32m"M21 9.3V5"[39m
                [36m/>[39m
                [36m<path[39m
                  [33md[39m=[32m"M3 5v14a9 3 0 0 0 6.47 2.88"[39m
                [36m/>[39m
                [36m<path[39m
                  [33md[39m=[32m"M12 12v4h4"[39m
                [36m/>[39m
                [36m<path[39m
                  [33md[39m=[32m"M13 20a5 5 0 0 0 9-3 4.5 4.5 0 0 0-4.5-4.5c-1.33 0-2.54.54-3.41 1.41L12 16"[39m
                [36m/>[39m
              [36m</svg>[39m
              [0mPopular Dados[0m
            [36m</button>[39m
            [36m<button[39m
              [33mclass[39m=[32m"flex items-center gap-2 bg-blue-600 text-white font-bold py-2 px-4 rounded-lg hover:bg-blue-700 transition-colors"[39m
            [36m>[39m
              [36m<svg[39m
                [33maria-hidden[39m=[32m"true"[39m
                [33mclass[39m=[32m"lucide lucide-circle-plus"[39m
                [33mfill[39m=[32m"none"[39m
                [33mheight[39m=[32m"20"[39m
                [33mstroke[39m=[32m"currentColor"[39m
                [33mstroke-linecap[39m=[32m"round"[39m
                [33mstroke-linejoin[39m=[32m"round"[39m
                [33mstroke-width[39m=[32m"2"[39m
                [33mviewBox[39m=[32m"0 0 24 24"[39m
                [33mwidth[39m=[32m"20"[39m
                [33mxmlns[39m=[32m"http://www.w3.org/2000/svg"[39m
              [36m>[39m
                [36m<circle[39m
                  [33mcx[39m=[32m"12"[39m
                  [33mcy[39m=[32m"12"[39m
                  [33mr[39m=[32m"10"[39m
                [36m/>[39m
                [36m<path[39m
                  [33md[39m=[32m"M8 12h8"[39m
                [36m/>[39m
                [36m<path[39m
                  [33md[39m=[32m"M12 8v8"[39m
                [36m/>[39m
              [36m</svg>[39m
              [0mNovo Produto[0m
            [36m</button>[39m
          [36m</div>[39m
        [36m</div>[39m
        [36m<div[39m
          [33mclass[39m=[32m"mb-4 flex gap-4"[39m
        [36m>[39m
          [36m<div[39m
            [33mclass[39m=[32m"relative"[39m
          [36m>[39m
            [36m<svg[39m
              [33maria-hidden[39m=[32m"true"[39m
              [33mclass[39m=[32m"lucide lucide-search absolute left-3 top-1/2 -translate-y-1/2 text-gray-400"[39m
              [33mfill[39m=[32m"none"[39m
              [33mheight[39m=[32m"20"[39m
              [33mstroke[39m=[32m"currentColor"[39m
              [33mstroke-linecap[39m=[32m"round"[39m
              [33mstroke-linejoin[39m=[32m"round"[39m
              [33mstroke-width[39m=[32m"2"[39m
              [33mviewBox[39m=[32m"0 0 24 24"[39m
              [33mwidth[39m=[32m"20"[39m
              [33mxmlns[39m=[32m"http://www.w3.org/2000/svg"[39m
            [36m>[39m
              [36m<path[39m
                [33md[39m=[32m"m21 21-4.34-4.34"[39m
              [36m/>[39m
              [36m<circle[39m
                [33mcx[39m=[32m"11"[39m
                [33mcy[39m=[32m"11"[39m
                [33mr[39m=[32m"8"[39m
              [36m/>[39m
            [36m</svg>[39m
            [36m<input[39m
              [33mclass[39m=[32m"w-full max-w-sm p-3 pl-10 border border-gray-300 rounded-lg"[39m
              [33mplaceholder[39m=[32m"Buscar por nome ou SKU..."[39m
              [33mtype[39m=[32m"text"[39m
              [33mvalue[39m=[32m""[39m
            [36m/>[39m
          [36m</div>[39m
          [36m<div[39m
            [33mclass[39m=[32m"min-w-[200px]"[39m
          [36m>[39m
            [36m<div[39m
              [33mclass[39m=[32m"relative"[39m
            [36m>[39m
              [36m<select[39m
                [33mclass[39m=[32m"w-full p-3 pr-10 bg-white/80 border border-gray-300 rounded-lg focus:ring-2 focus:ring-blue-500 focus:border-blue-500 transition shadow-sm appearance-none"[39m
              [36m>[39m
                [36m<option[39m
                  [33mvalue[39m=[32m""[39m
                [36m>[39m
                  [0mTodos os status[0m
                [36m</option>[39m
                [36m<option[39m
                  [33mvalue[39m=[32m"ativo"[39m
                [36m>[39m
                  [0mAtivo[0m
                [36m</option>[39m
                [36m<option[39m
                  [33mvalue[39m=[32m"inativo"[39m
                [36m>[39m
                  [0mInativo[0m
                [36m</option>[39m
              [36m</select>[39m
              [36m<div[39m
                [33mclass[39m=[32m"pointer-events-none absolute inset-y-0 right-0 flex items-center px-3 text-gray-700"[39m
              [36m>[39m
                [36m<svg[39m
                  [33maria-hidden[39m=[32m"true"[39m
                  [33mclass[39m=[32m"lucide lucide-chevron-down"[39m
                  [33mfill[39m=[32m"none"[39m
                  [33mheight[39m=[32m"20"[39m
                  [33mstroke[39m=[32m"currentColor"[39m
                  [33mstroke-linecap[39m=[32m"round"[39m
                  [33mstroke-linejoin[39m=[32m"round"[39m
                  [33mstroke-width[39m=[32m"2"[39m
                  [33mviewBox[39m=[32m"0 0 24 24"[39m
                  [33mwidth[39m=[32m"20"[39m
                  [33mxmlns[39m=[32m"http://www.w3.org/2000/svg"[39m
                [36m>[39m
                  [36m<path[39m
                    [33md[39m=[32m"m6 9 6 6 6-6"[39m
                  [36m/>[39m
                [36m</svg>[39m
              [36m</div>[39m
            [36m</div>[39m
          [36m</div>[39m
        [36m</div>[39m
        [36m<div[39m
          [33mclass[39m=[32m"bg-white rounded-lg shadow overflow-hidden"[39m
        [36m>[39m
          [36m<div[39m
            [33mclass[39m=[32m"h-96 flex flex-col items-center justify-center text-center text-gray-500 p-4"[39m
          [36m>[39m
            [36m<svg[39m
              [33maria-hidden[39m=[32m"true"[39m
              [33mclass[39m=[32m"lucide lucide-package mb-4"[39m
              [33mfill[39m=[32m"none"[39m
              [33mheight[39m=[32m"48"[39m
              [33mstroke[39m=[32m"currentColor"[39m
              [33mstroke-linecap[39m=[32m"round"[39m
              [33mstroke-linejoin[39m=[32m"round"[39m
              [33mstroke-width[39m=[32m"2"[39m
              [33mviewBox[39m=[32m"0 0 24 24"[39m
              [33mwidth[39m=[32m"48"[39m
              [33mxmlns[39m=[32m"http://www.w3.org/2000/svg"[39m
            [36m>[39m
              [36m<path[39m
                [33md[39m=[32m"M11 21.73a2 2 0 0 0 2 0l7-4A2 2 0 0 0 21 16V8a2 2 0 0 0-1-1.73l-7-4a2 2 0 0 0-2 0l-7 4A2 2 0 0 0 3 8v8a2 2 0 0 0 1 1.73z"[39m
              [36m/>[39m
              [36m<path[39m
                [33md[39m=[32m"M12 22V12"[39m
              [36m/>[39m
              [36m<polyline[39m
                [33mpoints[39m=[32m"3.29 7 12 12 20.71 7"[39m
              [36m/>[39m
              [36m<path[39m
                [33md[39m=[32m"m7.5 4.27 9 5.15"[39m
              [36m/>[39m
            [36m</svg>[39m
            [36m<p[39m
              [33mclass[39m=[32m"font-semibold text-lg"[39m
            [36m>[39m
              [0mNenhum produto encontrado.[0m
            [36m</p>[39m
            [36m<p[39m
              [33mclass[39m=[32m"text-sm mb-4"[39m
            [36m>[39m
              [0mComece cadastrando um novo produto ou popule com dados de exemplo.[0m
            [36m</p>[39m
            [36m<button[39m
              [33mclass[39m=[32m"mt-4 flex items-center gap-2 bg-blue-100 text-blue-700 font-bold py-2 px-4 rounded-lg hover:bg-blue-200 transition-colors disabled:opacity-50"[39m
            [36m>[39m
              [36m<svg[39m
                [33maria-hidden[39m=[32m"true"[39m
                [33mclass[39m=[32m"lucide lucide-database-backup"[39m
                [33mfill[39m=[32m"none"[39m
                [33mheight[39m=[32m"20"[39m
                [33mstroke[39m=[32m"currentColor"[39m
                [33mstroke-linecap[39m=[32m"round"[39m
                [33mstroke-linejoin[39m=[32m"round"[39m
                [33mstroke-width[39m=[32m"2"[39m
                [33mviewBox[39m=[32m"0 0 24 24"[39m
                [33mwidth[39m=[32m"20"[39m
                [33mxmlns[39m=[32m"http://www.w3.org/2000/svg"[39m
              [36m>[39m
                [36m<ellipse[39m
                  [33mcx[39m=[32m"12"[39m
                  [33mcy[39m=[32m"5"[39m
                  [33mrx[39m=[32m"9"[39m
                  [33mry[39m=[32m"3"[39m
                [36m/>[39m
                [36m<path[39m
                  [33md[39m=[32m"M3 12a9 3 0 0 0 5 2.69"[39m
                [36m/>[39m
                [36m<path[39m
                  [33md[39m=[32m"M21 9.3V5"[39m
                [36m/>[39m
                [36m<path[39m
                  [33md[39m=[32m"M3 5v14a9 3 0 0 0 6.47 2.88"[39m
                [36m/>[39m
                [36m<path[39m
                  [33md[39m=[32m"M12 12v4h4"[39m
                [36m/>[39m
                [36m<path[39m
                  [33md[39m=[32m"M13 20a5 5 0 0 0 9-3 4.5 4.5 0 0 0-4.5-4.5c-1.33 0-2.54.54-3.41 1.41L12 16"[39m
                [36m/>[39m
              [36m</svg>[39m
              [0mPopular com 10 produtos padrão[0m
            [36m</button>[39m
          [36m</div>[39m
        [36m</div>[39m
      [36m</div>[39m
      [36m<div[39m
        [33mclass[39m=[32m"fixed top-5 right-5 z-50 space-y-3"[39m
      [36m/>[39m
    [36m</div>[39m
  [36m</body>[39m
[36m</html>[39m
 ❯ Proxy.waitForWrapper node_modules/@testing-library/dom/dist/wait-for.js:163:27
 ❯ src/pages/products/ProductsPage.test.tsx:14:15
     12| 
     13|         // Wait for products to appear
     14|         await waitFor(() => {
       |               ^
     15|             expect(screen.getByText('Produto Teste 1')).toBeInTheDocum…
     16|             expect(screen.getByText('SKU-001')).toBeInTheDocument();

⎯⎯⎯⎯⎯⎯⎯⎯⎯⎯⎯⎯⎯⎯⎯⎯⎯⎯⎯⎯⎯⎯⎯⎯[1/2]⎯

 FAIL  src/pages/products/ProductsPage.test.tsx > ProductsPage Integration > filters products by search term
TestingLibraryElementError: Unable to find an element with the text: Produto Teste 1. This could be because the text is broken up by multiple elements. In this case, you can provide a function for your text matcher to make your matcher more flexible.

Ignored nodes: comments, script, style
[36m<body>[39m
  [36m<div>[39m
    [36m<div[39m
      [33mclass[39m=[32m"p-1"[39m
    [36m>[39m
      [36m<div[39m
        [33mclass[39m=[32m"flex justify-between items-center mb-6"[39m
      [36m>[39m
        [36m<h1[39m
          [33mclass[39m=[32m"text-3xl font-bold text-gray-800"[39m
        [36m>[39m
          [0mProdutos[0m
        [36m</h1>[39m
        [36m<div[39m
          [33mclass[39m=[32m"flex items-center gap-2"[39m
        [36m>[39m
          [36m<button[39m
            [33mclass[39m=[32m"flex items-center gap-2 bg-gray-100 text-gray-700 font-semibold py-2 px-4 rounded-lg hover:bg-gray-200 transition-colors disabled:opacity-50"[39m
          [36m>[39m
            [36m<svg[39m
              [33maria-hidden[39m=[32m"true"[39m
              [33mclass[39m=[32m"lucide lucide-database-backup"[39m
              [33mfill[39m=[32m"none"[39m
              [33mheight[39m=[32m"20"[39m
              [33mstroke[39m=[32m"currentColor"[39m
              [33mstroke-linecap[39m=[32m"round"[39m
              [33mstroke-linejoin[39m=[32m"round"[39m
              [33mstroke-width[39m=[32m"2"[39m
              [33mviewBox[39m=[32m"0 0 24 24"[39m
              [33mwidth[39m=[32m"20"[39m
              [33mxmlns[39m=[32m"http://www.w3.org/2000/svg"[39m
            [36m>[39m
              [36m<ellipse[39m
                [33mcx[39m=[32m"12"[39m
                [33mcy[39m=[32m"5"[39m
                [33mrx[39m=[32m"9"[39m
                [33mry[39m=[32m"3"[39m
              [36m/>[39m
              [36m<path[39m
                [33md[39m=[32m"M3 12a9 3 0 0 0 5 2.69"[39m
              [36m/>[39m
              [36m<path[39m
                [33md[39m=[32m"M21 9.3V5"[39m
              [36m/>[39m
              [36m<path[39m
                [33md[39m=[32m"M3 5v14a9 3 0 0 0 6.47 2.88"[39m
              [36m/>[39m
              [36m<path[39m
                [33md[39m=[32m"M12 12v4h4"[39m
              [36m/>[39m
              [36m<path[39m
                [33md[39m=[32m"M13 20a5 5 0 0 0 9-3 4.5 4.5 0 0 0-4.5-4.5c-1.33 0-2.54.54-3.41 1.41L12 16"[39m
              [36m/>[39m
            [36m</svg>[39m
            [0mPopular Dados[0m
          [36m</button>[39m
          [36m<button[39m
            [33mclass[39m=[32m"flex items-center gap-2 bg-blue-600 text-white font-bold py-2 px-4 rounded-lg hover:bg-blue-700 transition-colors"[39m
          [36m>[39m
            [36m<svg[39m
              [33maria-hidden[39m=[32m"true"[39m
              [33mclass[39m=[32m"lucide lucide-circle-plus"[39m
              [33mfill[39m=[32m"none"[39m
              [33mheight[39m=[32m"20"[39m
              [33mstroke[39m=[32m"currentColor"[39m
              [33mstroke-linecap[39m=[32m"round"[39m
              [33mstroke-linejoin[39m=[32m"round"[39m
              [33mstroke-width[39m=[32m"2"[39m
              [33mviewBox[39m=[32m"0 0 24 24"[39m
              [33mwidth[39m=[32m"20"[39m
              [33mxmlns[39m=[32m"http://www.w3.org/2000/svg"[39m
            [36m>[39m
              [36m<circle[39m
                [33mcx[39m=[32m"12"[39m
                [33mcy[39m=[32m"12"[39m
                [33mr[39m=[32m"10"[39m
              [36m/>[39m
              [36m<path[39m
                [33md[39m=[32m"M8 12h8"[39m
              [36m/>[39m
              [36m<path[39m
                [33md[39m=[32m"M12 8v8"[39m
              [36m/>[39m
            [36m</svg>[39m
            [0mNovo Produto[0m
          [36m</button>[39m
        [36m</div>[39m
      [36m</div>[39m
      [36m<div[39m
        [33mclass[39m=[32m"mb-4 flex gap-4"[39m
      [36m>[39m
        [36m<div[39m
          [33mclass[39m=[32m"relative"[39m
        [36m>[39m
          [36m<svg[39m
            [33maria-hidden[39m=[32m"true"[39m
            [33mclass[39m=[32m"lucide lucide-search absolute left-3 top-1/2 -translate-y-1/2 text-gray-400"[39m
            [33mfill[39m=[32m"none"[39m
            [33mheight[39m=[32m"20"[39m
            [33mstroke[39m=[32m"currentColor"[39m
            [33mstroke-linecap[39m=[32m"round"[39m
            [33mstroke-linejoin[39m=[32m"round"[39m
            [33mstroke-width[39m=[32m"2"[39m
            [33mviewBox[39m=[32m"0 0 24 24"[39m
            [33mwidth[39m=[32m"20"[39m
            [33mxmlns[39m=[32m"http://www.w3.org/2000/svg"[39m
          [36m>[39m
            [36m<path[39m
              [33md[39m=[32m"m21 21-4.34-4.34"[39m
            [36m/>[39m
            [36m<circle[39m
              [33mcx[39m=[32m"11"[39m
              [33mcy[39m=[32m"11"[39m
              [33mr[39m=[32m"8"[39m
            [36m/>[39m
          [36m</svg>[39m
          [36m<input[39m
            [33mclass[39m=[32m"w-full max-w-sm p-3 pl-10 border border-gray-300 rounded-lg"[39m
            [33mplaceholder[39m=[32m"Buscar por nome ou SKU..."[39m
            [33mtype[39m=[32m"text"[39m
            [33mvalue[39m=[32m""[39m
          [36m/>[39m
        [36m</div>[39m
        [36m<div[39m
          [33mclass[39m=[32m"min-w-[200px]"[39m
        [36m>[39m
          [36m<div[39m
            [33mclass[39m=[32m"relative"[39m
          [36m>[39m
            [36m<select[39m
              [33mclass[39m=[32m"w-full p-3 pr-10 bg-white/80 border border-gray-300 rounded-lg focus:ring-2 focus:ring-blue-500 focus:border-blue-500 transition shadow-sm appearance-none"[39m
            [36m>[39m
              [36m<option[39m
                [33mvalue[39m=[32m""[39m
              [36m>[39m
                [0mTodos os status[0m
              [36m</option>[39m
              [36m<option[39m
                [33mvalue[39m=[32m"ativo"[39m
              [36m>[39m
                [0mAtivo[0m
              [36m</option>[39m
              [36m<option[39m
                [33mvalue[39m=[32m"inativo"[39m
              [36m>[39m
                [0mInativo[0m
              [36m</option>[39m
            [36m</select>[39m
            [36m<div[39m
              [33mclass[39m=[32m"pointer-events-none absolute inset-y-0 right-0 flex items-center px-3 text-gray-700"[39m
            [36m>[39m
              [36m<svg[39m
                [33maria-hidden[39m=[32m"true"[39m
                [33mclass[39m=[32m"lucide lucide-chevron-down"[39m
                [33mfill[39m=[32m"none"[39m
                [33mheight[39m=[32m"20"[39m
                [33mstroke[39m=[32m"currentColor"[39m
                [33mstroke-linecap[39m=[32m"round"[39m
                [33mstroke-linejoin[39m=[32m"round"[39m
                [33mstroke-width[39m=[32m"2"[39m
                [33mviewBox[39m=[32m"0 0 24 24"[39m
                [33mwidth[39m=[32m"20"[39m
                [33mxmlns[39m=[32m"http://www.w3.org/2000/svg"[39m
              [36m>[39m
                [36m<path[39m
                  [33md[39m=[32m"m6 9 6 6 6-6"[39m
                [36m/>[39m
              [36m</svg>[39m
            [36m</div>[39m
          [36m</div>[39m
        [36m</div>[39m
      [36m</div>[39m
      [36m<div[39m
        [33mclass[39m=[32m"bg-white rounded-lg shadow overflow-hidden"[39m
      [36m>[39m
        [36m<div[39m
          [33mclass[39m=[32m"h-96 flex flex-col items-center justify-center text-center text-gray-500 p-4"[39m
        [36m>[39m
          [36m<svg[39m
            [33maria-hidden[39m=[32m"true"[39m
            [33mclass[39m=[32m"lucide lucide-package mb-4"[39m
            [33mfill[39m=[32m"none"[39m
            [33mheight[39m=[32m"48"[39m
            [33mstroke[39m=[32m"currentColor"[39m
            [33mstroke-linecap[39m=[32m"round"[39m
            [33mstroke-linejoin[39m=[32m"round"[39m
            [33mstroke-width[39m=[32m"2"[39m
            [33mviewBox[39m=[32m"0 0 24 24"[39m
            [33mwidth[39m=[32m"48"[39m
            [33mxmlns[39m=[32m"http://www.w3.org/2000/svg"[39m
          [36m>[39m
            [36m<path[39m
              [33md[39m=[32m"M11 21.73a2 2 0 0 0 2 0l7-4A2 2 0 0 0 21 16V8a2 2 0 0 0-1-1.73l-7-4a2 2 0 0 0-2 0l-7 4A2 2 0 0 0 3 8v8a2 2 0 0 0 1 1.73z"[39m
            [36m/>[39m
            [36m<path[39m
              [33md[39m=[32m"M12 22V12"[39m
            [36m/>[39m
            [36m<polyline[39m
              [33mpoints[39m=[32m"3.29 7 12 12 20.71 7"[39m
            [36m/>[39m
            [36m<path[39m
              [33md[39m=[32m"m7.5 4.27 9 5.15"[39m
            [36m/>[39m
          [36m</svg>[39m
          [36m<p[39m
            [33mclass[39m=[32m"font-semibold text-lg"[39m
          [36m>[39m
            [0mNenhum produto encontrado.[0m
          [36m</p>[39m
          [36m<p[39m
            [33mclass[39m=[32m"text-sm mb-4"[39m
          [36m>[39m
            [0mComece cadastrando um novo produto ou popule com dados de exemplo.[0m
          [36m</p>[39m
          [36m<button[39m
            [33mclass[39m=[32m"mt-4 flex items-center gap-2 bg-blue-100 text-blue-700 font-bold py-2 px-4 rounded-lg hover:bg-blue-200 transition-colors disabled:opacity-50"[39m
          [36m>[39m
            [36m<svg[39m
              [33maria-hidden[39m=[32m"true"[39m
              [33mclass[39m=[32m"lucide lucide-database-backup"[39m
              [33mfill[39m=[32m"none"[39m
              [33mheight[39m=[32m"20"[39m
              [33mstroke[39m=[32m"currentColor"[39m
              [33mstroke-linecap[39m=[32m"round"[39m
              [33mstroke-linejoin[39m=[32m"round"[39m
              [33mstroke-width[39m=[32m"2"[39m
              [33mviewBox[39m=[32m"0 0 24 24"[39m
              [33mwidth[39m=[32m"20"[39m
              [33mxmlns[39m=[32m"http://www.w3.org/2000/svg"[39m
            [36m>[39m
              [36m<ellipse[39m
                [33mcx[39m=[32m"12"[39m
                [33mcy[39m=[32m"5"[39m
                [33mrx[39m=[32m"9"[39m
                [33mry[39m=[32m"3"[39m
              [36m/>[39m
              [36m<path[39m
                [33md[39m=[32m"M3 12a9 3 0 0 0 5 2.69"[39m
              [36m/>[39m
              [36m<path[39m
                [33md[39m=[32m"M21 9.3V5"[39m
              [36m/>[39m
              [36m<path[39m
                [33md[39m=[32m"M3 5v14a9 3 0 0 0 6.47 2.88"[39m
              [36m/>[39m
              [36m<path[39m
                [33md[39m=[32m"M12 12v4h4"[39m
              [36m/>[39m
              [36m<path[39m
                [33md[39m=[32m"M13 20a5 5 0 0 0 9-3 4.5 4.5 0 0 0-4.5-4.5c-1.33 0-2.54.54-3.41 1.41L12 16"[39m
              [36m/>[39m
            [36m</svg>[39m
            [0mPopular com 10 produtos padrão[0m
          [36m</button>[39m
        [36m</div>[39m
      [36m</div>[39m
    [36m</div>[39m
    [36m<div[39m
      [33mclass[39m=[32m"fixed top-5 right-5 z-50 space-y-3"[39m
    [36m/>[39m
  [36m</div>[39m
[36m</body>[39m

Ignored nodes: comments, script, style
[36m<html>[39m
  [36m<head />[39m
  [36m<body>[39m
    [36m<div>[39m
      [36m<div[39m
        [33mclass[39m=[32m"p-1"[39m
      [36m>[39m
        [36m<div[39m
          [33mclass[39m=[32m"flex justify-between items-center mb-6"[39m
        [36m>[39m
          [36m<h1[39m
            [33mclass[39m=[32m"text-3xl font-bold text-gray-800"[39m
          [36m>[39m
            [0mProdutos[0m
          [36m</h1>[39m
          [36m<div[39m
            [33mclass[39m=[32m"flex items-center gap-2"[39m
          [36m>[39m
            [36m<button[39m
              [33mclass[39m=[32m"flex items-center gap-2 bg-gray-100 text-gray-700 font-semibold py-2 px-4 rounded-lg hover:bg-gray-200 transition-colors disabled:opacity-50"[39m
            [36m>[39m
              [36m<svg[39m
                [33maria-hidden[39m=[32m"true"[39m
                [33mclass[39m=[32m"lucide lucide-database-backup"[39m
                [33mfill[39m=[32m"none"[39m
                [33mheight[39m=[32m"20"[39m
                [33mstroke[39m=[32m"currentColor"[39m
                [33mstroke-linecap[39m=[32m"round"[39m
                [33mstroke-linejoin[39m=[32m"round"[39m
                [33mstroke-width[39m=[32m"2"[39m
                [33mviewBox[39m=[32m"0 0 24 24"[39m
                [33mwidth[39m=[32m"20"[39m
                [33mxmlns[39m=[32m"http://www.w3.org/2000/svg"[39m
              [36m>[39m
                [36m<ellipse[39m
                  [33mcx[39m=[32m"12"[39m
                  [33mcy[39m=[32m"5"[39m
                  [33mrx[39m=[32m"9"[39m
                  [33mry[39m=[32m"3"[39m
                [36m/>[39m
                [36m<path[39m
                  [33md[39m=[32m"M3 12a9 3 0 0 0 5 2.69"[39m
                [36m/>[39m
                [36m<path[39m
                  [33md[39m=[32m"M21 9.3V5"[39m
                [36m/>[39m
                [36m<path[39m
                  [33md[39m=[32m"M3 5v14a9 3 0 0 0 6.47 2.88"[39m
                [36m/>[39m
                [36m<path[39m
                  [33md[39m=[32m"M12 12v4h4"[39m
                [36m/>[39m
                [36m<path[39m
                  [33md[39m=[32m"M13 20a5 5 0 0 0 9-3 4.5 4.5 0 0 0-4.5-4.5c-1.33 0-2.54.54-3.41 1.41L12 16"[39m
                [36m/>[39m
              [36m</svg>[39m
              [0mPopular Dados[0m
            [36m</button>[39m
            [36m<button[39m
              [33mclass[39m=[32m"flex items-center gap-2 bg-blue-600 text-white font-bold py-2 px-4 rounded-lg hover:bg-blue-700 transition-colors"[39m
            [36m>[39m
              [36m<svg[39m
                [33maria-hidden[39m=[32m"true"[39m
                [33mclass[39m=[32m"lucide lucide-circle-plus"[39m
                [33mfill[39m=[32m"none"[39m
                [33mheight[39m=[32m"20"[39m
                [33mstroke[39m=[32m"currentColor"[39m
                [33mstroke-linecap[39m=[32m"round"[39m
                [33mstroke-linejoin[39m=[32m"round"[39m
                [33mstroke-width[39m=[32m"2"[39m
                [33mviewBox[39m=[32m"0 0 24 24"[39m
                [33mwidth[39m=[32m"20"[39m
                [33mxmlns[39m=[32m"http://www.w3.org/2000/svg"[39m
              [36m>[39m
                [36m<circle[39m
                  [33mcx[39m=[32m"12"[39m
                  [33mcy[39m=[32m"12"[39m
                  [33mr[39m=[32m"10"[39m
                [36m/>[39m
                [36m<path[39m
                  [33md[39m=[32m"M8 12h8"[39m
                [36m/>[39m
                [36m<path[39m
                  [33md[39m=[32m"M12 8v8"[39m
                [36m/>[39m
              [36m</svg>[39m
              [0mNovo Produto[0m
            [36m</button>[39m
          [36m</div>[39m
        [36m</div>[39m
        [36m<div[39m
          [33mclass[39m=[32m"mb-4 flex gap-4"[39m
        [36m>[39m
          [36m<div[39m
            [33mclass[39m=[32m"relative"[39m
          [36m>[39m
            [36m<svg[39m
              [33maria-hidden[39m=[32m"true"[39m
              [33mclass[39m=[32m"lucide lucide-search absolute left-3 top-1/2 -translate-y-1/2 text-gray-400"[39m
              [33mfill[39m=[32m"none"[39m
              [33mheight[39m=[32m"20"[39m
              [33mstroke[39m=[32m"currentColor"[39m
              [33mstroke-linecap[39m=[32m"round"[39m
              [33mstroke-linejoin[39m=[32m"round"[39m
              [33mstroke-width[39m=[32m"2"[39m
              [33mviewBox[39m=[32m"0 0 24 24"[39m
              [33mwidth[39m=[32m"20"[39m
              [33mxmlns[39m=[32m"http://www.w3.org/2000/svg"[39m
            [36m>[39m
              [36m<path[39m
                [33md[39m=[32m"m21 21-4.34-4.34"[39m
              [36m/>[39m
              [36m<circle[39m
                [33mcx[39m=[32m"11"[39m
                [33mcy[39m=[32m"11"[39m
                [33mr[39m=[32m"8"[39m
              [36m/>[39m
            [36m</svg>[39m
            [36m<input[39m
              [33mclass[39m=[32m"w-full max-w-sm p-3 pl-10 border border-gray-300 rounded-lg"[39m
              [33mplaceholder[39m=[32m"Buscar por nome ou SKU..."[39m
              [33mtype[39m=[32m"text"[39m
              [33mvalue[39m=[32m""[39m
            [36m/>[39m
          [36m</div>[39m
          [36m<div[39m
            [33mclass[39m=[32m"min-w-[200px]"[39m
          [36m>[39m
            [36m<div[39m
              [33mclass[39m=[32m"relative"[39m
            [36m>[39m
              [36m<select[39m
                [33mclass[39m=[32m"w-full p-3 pr-10 bg-white/80 border border-gray-300 rounded-lg focus:ring-2 focus:ring-blue-500 focus:border-blue-500 transition shadow-sm appearance-none"[39m
              [36m>[39m
                [36m<option[39m
                  [33mvalue[39m=[32m""[39m
                [36m>[39m
                  [0mTodos os status[0m
                [36m</option>[39m
                [36m<option[39m
                  [33mvalue[39m=[32m"ativo"[39m
                [36m>[39m
                  [0mAtivo[0m
                [36m</option>[39m
                [36m<option[39m
                  [33mvalue[39m=[32m"inativo"[39m
                [36m>[39m
                  [0mInativo[0m
                [36m</option>[39m
              [36m</select>[39m
              [36m<div[39m
                [33mclass[39m=[32m"pointer-events-none absolute inset-y-0 right-0 flex items-center px-3 text-gray-700"[39m
              [36m>[39m
                [36m<svg[39m
                  [33maria-hidden[39m=[32m"true"[39m
                  [33mclass[39m=[32m"lucide lucide-chevron-down"[39m
                  [33mfill[39m=[32m"none"[39m
                  [33mheight[39m=[32m"20"[39m
                  [33mstroke[39m=[32m"currentColor"[39m
                  [33mstroke-linecap[39m=[32m"round"[39m
                  [33mstroke-linejoin[39m=[32m"round"[39m
                  [33mstroke-width[39m=[32m"2"[39m
                  [33mviewBox[39m=[32m"0 0 24 24"[39m
                  [33mwidth[39m=[32m"20"[39m
                  [33mxmlns[39m=[32m"http://www.w3.org/2000/svg"[39m
                [36m>[39m
                  [36m<path[39m
                    [33md[39m=[32m"m6 9 6 6 6-6"[39m
                  [36m/>[39m
                [36m</svg>[39m
              [36m</div>[39m
            [36m</div>[39m
          [36m</div>[39m
        [36m</div>[39m
        [36m<div[39m
          [33mclass[39m=[32m"bg-white rounded-lg shadow overflow-hidden"[39m
        [36m>[39m
          [36m<div[39m
            [33mclass[39m=[32m"h-96 flex flex-col items-center justify-center text-center text-gray-500 p-4"[39m
          [36m>[39m
            [36m<svg[39m
              [33maria-hidden[39m=[32m"true"[39m
              [33mclass[39m=[32m"lucide lucide-package mb-4"[39m
              [33mfill[39m=[32m"none"[39m
              [33mheight[39m=[32m"48"[39m
              [33mstroke[39m=[32m"currentColor"[39m
              [33mstroke-linecap[39m=[32m"round"[39m
              [33mstroke-linejoin[39m=[32m"round"[39m
              [33mstroke-width[39m=[32m"2"[39m
              [33mviewBox[39m=[32m"0 0 24 24"[39m
              [33mwidth[39m=[32m"48"[39m
              [33mxmlns[39m=[32m"http://www.w3.org/2000/svg"[39m
            [36m>[39m
              [36m<path[39m
                [33md[39m=[32m"M11 21.73a2 2 0 0 0 2 0l7-4A2 2 0 0 0 21 16V8a2 2 0 0 0-1-1.73l-7-4a2 2 0 0 0-2 0l-7 4A2 2 0 0 0 3 8v8a2 2 0 0 0 1 1.73z"[39m
              [36m/>[39m
              [36m<path[39m
                [33md[39m=[32m"M12 22V12"[39m
              [36m/>[39m
              [36m<polyline[39m
                [33mpoints[39m=[32m"3.29 7 12 12 20.71 7"[39m
              [36m/>[39m
              [36m<path[39m
                [33md[39m=[32m"m7.5 4.27 9 5.15"[39m
              [36m/>[39m
            [36m</svg>[39m
            [36m<p[39m
              [33mclass[39m=[32m"font-semibold text-lg"[39m
            [36m>[39m
              [0mNenhum produto encontrado.[0m
            [36m</p>[39m
            [36m<p[39m
              [33mclass[39m=[32m"text-sm mb-4"[39m
            [36m>[39m
              [0mComece cadastrando um novo produto ou popule com dados de exemplo.[0m
            [36m</p>[39m
            [36m<button[39m
              [33mclass[39m=[32m"mt-4 flex items-center gap-2 bg-blue-100 text-blue-700 font-bold py-2 px-4 rounded-lg hover:bg-blue-200 transition-colors disabled:opacity-50"[39m
            [36m>[39m
              [36m<svg[39m
                [33maria-hidden[39m=[32m"true"[39m
                [33mclass[39m=[32m"lucide lucide-database-backup"[39m
                [33mfill[39m=[32m"none"[39m
                [33mheight[39m=[32m"20"[39m
                [33mstroke[39m=[32m"currentColor"[39m
                [33mstroke-linecap[39m=[32m"round"[39m
                [33mstroke-linejoin[39m=[32m"round"[39m
                [33mstroke-width[39m=[32m"2"[39m
                [33mviewBox[39m=[32m"0 0 24 24"[39m
                [33mwidth[39m=[32m"20"[39m
                [33mxmlns[39m=[32m"http://www.w3.org/2000/svg"[39m
              [36m>[39m
                [36m<ellipse[39m
                  [33mcx[39m=[32m"12"[39m
                  [33mcy[39m=[32m"5"[39m
                  [33mrx[39m=[32m"9"[39m
                  [33mry[39m=[32m"3"[39m
                [36m/>[39m
                [36m<path[39m
                  [33md[39m=[32m"M3 12a9 3 0 0 0 5 2.69"[39m
                [36m/>[39m
                [36m<path[39m
                  [33md[39m=[32m"M21 9.3V5"[39m
                [36m/>[39m
                [36m<path[39m
                  [33md[39m=[32m"M3 5v14a9 3 0 0 0 6.47 2.88"[39m
                [36m/>[39m
                [36m<path[39m
                  [33md[39m=[32m"M12 12v4h4"[39m
                [36m/>[39m
                [36m<path[39m
                  [33md[39m=[32m"M13 20a5 5 0 0 0 9-3 4.5 4.5 0 0 0-4.5-4.5c-1.33 0-2.54.54-3.41 1.41L12 16"[39m
                [36m/>[39m
              [36m</svg>[39m
              [0mPopular com 10 produtos padrão[0m
            [36m</button>[39m
          [36m</div>[39m
        [36m</div>[39m
      [36m</div>[39m
      [36m<div[39m
        [33mclass[39m=[32m"fixed top-5 right-5 z-50 space-y-3"[39m
      [36m/>[39m
    [36m</div>[39m
  [36m</body>[39m
[36m</html>[39m
 ❯ Proxy.waitForWrapper node_modules/@testing-library/dom/dist/wait-for.js:163:27
 ❯ src/pages/products/ProductsPage.test.tsx:29:15
     27|         renderWithProviders(<ProductsPage />);
     28| 
     29|         await waitFor(() => {
       |               ^
     30|             expect(screen.getByText('Produto Teste 1')).toBeInTheDocum…
     31|         });

⎯⎯⎯⎯⎯⎯⎯⎯⎯⎯⎯⎯⎯⎯⎯⎯⎯⎯⎯⎯⎯⎯⎯⎯[2/2]⎯

 Test Files  1 failed (1)
      Tests  2 failed (2)
   Start at  17:47:19
   Duration  3.38s (transform 156ms, setup 123ms, collect 478ms, tests 2.05s, environment 348ms, prepare 67ms)


 FAIL  Tests failed. Watching for file changes...
       press h to show help, press q to quit
[3Jc
 RERUN  src/test/setup.ts x1

stdout | src/test/setup.ts:8:9
[SETUP] Initializing MSW server...

stdout | Logger.info (/Users/leandrofmarques/Downloads/revo_erp_prod_8yumh0_dualiteproject/src/lib/logger.ts:24:21)
[INFO] [SUPABASE][CLIENT_INIT] {
  supabaseUrl: 'https://lrfwiaekipwkjkzvcnfd.supabase.co',
  anonKeyPrefix: 'eyJhbGci'
}

stdout | src/pages/products/ProductsPage.test.tsx
[SETUP] Starting MSW server...

stderr | src/pages/products/ProductsPage.test.tsx > ProductsPage Integration > renders the product list with data from MSW
⚠️ React Router Future Flag Warning: React Router will begin wrapping state updates in `React.startTransition` in v7. You can use the `v7_startTransition` future flag to opt-in early. For more information, see https://reactrouter.com/v6/upgrading/future#v7_starttransition.
⚠️ React Router Future Flag Warning: Relative route resolution within Splat routes is changing in v7. You can use the `v7_relativeSplatPath` future flag to opt-in early. For more information, see https://reactrouter.com/v6/upgrading/future#v7_relativesplatpath.

 ❯ src/pages/products/ProductsPage.test.tsx  (2 tests | 2 failed) 2048ms
   ❯ src/pages/products/ProductsPage.test.tsx > ProductsPage Integration > renders the product list with data from MSW
     → Unable to find an element with the text: Produto Teste 1. This could be because the text is broken up by multiple elements. In this case, you can provide a function for your text matcher to make your matcher more flexible.

Ignored nodes: comments, script, style
[36m<body>[39m
  [36m<div>[39m
    [36m<div[39m
      [33mclass[39m=[32m"p-1"[39m
    [36m>[39m
      [36m<div[39m
        [33mclass[39m=[32m"flex justify-between items-center mb-6"[39m
      [36m>[39m
        [36m<h1[39m
          [33mclass[39m=[32m"text-3xl font-bold text-gray-800"[39m
        [36m>[39m
          [0mProdutos[0m
        [36m</h1>[39m
        [36m<div[39m
          [33mclass[39m=[32m"flex items-center gap-2"[39m
        [36m>[39m
          [36m<button[39m
            [33mclass[39m=[32m"flex items-center gap-2 bg-gray-100 text-gray-700 font-semibold py-2 px-4 rounded-lg hover:bg-gray-200 transition-colors disabled:opacity-50"[39m
          [36m>[39m
            [36m<svg[39m
              [33maria-hidden[39m=[32m"true"[39m
              [33mclass[39m=[32m"lucide lucide-database-backup"[39m
              [33mfill[39m=[32m"none"[39m
              [33mheight[39m=[32m"20"[39m
              [33mstroke[39m=[32m"currentColor"[39m
              [33mstroke-linecap[39m=[32m"round"[39m
              [33mstroke-linejoin[39m=[32m"round"[39m
              [33mstroke-width[39m=[32m"2"[39m
              [33mviewBox[39m=[32m"0 0 24 24"[39m
              [33mwidth[39m=[32m"20"[39m
              [33mxmlns[39m=[32m"http://www.w3.org/2000/svg"[39m
            [36m>[39m
              [36m<ellipse[39m
                [33mcx[39m=[32m"12"[39m
                [33mcy[39m=[32m"5"[39m
                [33mrx[39m=[32m"9"[39m
                [33mry[39m=[32m"3"[39m
              [36m/>[39m
              [36m<path[39m
                [33md[39m=[32m"M3 12a9 3 0 0 0 5 2.69"[39m
              [36m/>[39m
              [36m<path[39m
                [33md[39m=[32m"M21 9.3V5"[39m
              [36m/>[39m
              [36m<path[39m
                [33md[39m=[32m"M3 5v14a9 3 0 0 0 6.47 2.88"[39m
              [36m/>[39m
              [36m<path[39m
                [33md[39m=[32m"M12 12v4h4"[39m
              [36m/>[39m
              [36m<path[39m
                [33md[39m=[32m"M13 20a5 5 0 0 0 9-3 4.5 4.5 0 0 0-4.5-4.5c-1.33 0-2.54.54-3.41 1.41L12 16"[39m
              [36m/>[39m
            [36m</svg>[39m
            [0mPopular Dados[0m
          [36m</button>[39m
          [36m<button[39m
            [33mclass[39m=[32m"flex items-center gap-2 bg-blue-600 text-white font-bold py-2 px-4 rounded-lg hover:bg-blue-700 transition-colors"[39m
          [36m>[39m
            [36m<svg[39m
              [33maria-hidden[39m=[32m"true"[39m
              [33mclass[39m=[32m"lucide lucide-circle-plus"[39m
              [33mfill[39m=[32m"none"[39m
              [33mheight[39m=[32m"20"[39m
              [33mstroke[39m=[32m"currentColor"[39m
              [33mstroke-linecap[39m=[32m"round"[39m
              [33mstroke-linejoin[39m=[32m"round"[39m
              [33mstroke-width[39m=[32m"2"[39m
              [33mviewBox[39m=[32m"0 0 24 24"[39m
              [33mwidth[39m=[32m"20"[39m
              [33mxmlns[39m=[32m"http://www.w3.org/2000/svg"[39m
            [36m>[39m
              [36m<circle[39m
                [33mcx[39m=[32m"12"[39m
                [33mcy[39m=[32m"12"[39m
                [33mr[39m=[32m"10"[39m
              [36m/>[39m
              [36m<path[39m
                [33md[39m=[32m"M8 12h8"[39m
              [36m/>[39m
              [36m<path[39m
                [33md[39m=[32m"M12 8v8"[39m
              [36m/>[39m
            [36m</svg>[39m
            [0mNovo Produto[0m
          [36m</button>[39m
        [36m</div>[39m
      [36m</div>[39m
      [36m<div[39m
        [33mclass[39m=[32m"mb-4 flex gap-4"[39m
      [36m>[39m
        [36m<div[39m
          [33mclass[39m=[32m"relative"[39m
        [36m>[39m
          [36m<svg[39m
            [33maria-hidden[39m=[32m"true"[39m
            [33mclass[39m=[32m"lucide lucide-search absolute left-3 top-1/2 -translate-y-1/2 text-gray-400"[39m
            [33mfill[39m=[32m"none"[39m
            [33mheight[39m=[32m"20"[39m
            [33mstroke[39m=[32m"currentColor"[39m
            [33mstroke-linecap[39m=[32m"round"[39m
            [33mstroke-linejoin[39m=[32m"round"[39m
            [33mstroke-width[39m=[32m"2"[39m
            [33mviewBox[39m=[32m"0 0 24 24"[39m
            [33mwidth[39m=[32m"20"[39m
            [33mxmlns[39m=[32m"http://www.w3.org/2000/svg"[39m
          [36m>[39m
            [36m<path[39m
              [33md[39m=[32m"m21 21-4.34-4.34"[39m
            [36m/>[39m
            [36m<circle[39m
              [33mcx[39m=[32m"11"[39m
              [33mcy[39m=[32m"11"[39m
              [33mr[39m=[32m"8"[39m
            [36m/>[39m
          [36m</svg>[39m
          [36m<input[39m
            [33mclass[39m=[32m"w-full max-w-sm p-3 pl-10 border border-gray-300 rounded-lg"[39m
            [33mplaceholder[39m=[32m"Buscar por nome ou SKU..."[39m
            [33mtype[39m=[32m"text"[39m
            [33mvalue[39m=[32m""[39m
          [36m/>[39m
        [36m</div>[39m
        [36m<div[39m
          [33mclass[39m=[32m"min-w-[200px]"[39m
        [36m>[39m
          [36m<div[39m
            [33mclass[39m=[32m"relative"[39m
          [36m>[39m
            [36m<select[39m
              [33mclass[39m=[32m"w-full p-3 pr-10 bg-white/80 border border-gray-300 rounded-lg focus:ring-2 focus:ring-blue-500 focus:border-blue-500 transition shadow-sm appearance-none"[39m
            [36m>[39m
              [36m<option[39m
                [33mvalue[39m=[32m""[39m
              [36m>[39m
                [0mTodos os status[0m
              [36m</option>[39m
              [36m<option[39m
                [33mvalue[39m=[32m"ativo"[39m
              [36m>[39m
                [0mAtivo[0m
              [36m</option>[39m
              [36m<option[39m
                [33mvalue[39m=[32m"inativo"[39m
              [36m>[39m
                [0mInativo[0m
              [36m</option>[39m
            [36m</select>[39m
            [36m<div[39m
              [33mclass[39m=[32m"pointer-events-none absolute inset-y-0 right-0 flex items-center px-3 text-gray-700"[39m
            [36m>[39m
              [36m<svg[39m
                [33maria-hidden[39m=[32m"true"[39m
                [33mclass[39m=[32m"lucide lucide-chevron-down"[39m
                [33mfill[39m=[32m"none"[39m
                [33mheight[39m=[32m"20"[39m
                [33mstroke[39m=[32m"currentColor"[39m
                [33mstroke-linecap[39m=[32m"round"[39m
                [33mstroke-linejoin[39m=[32m"round"[39m
                [33mstroke-width[39m=[32m"2"[39m
                [33mviewBox[39m=[32m"0 0 24 24"[39m
                [33mwidth[39m=[32m"20"[39m
                [33mxmlns[39m=[32m"http://www.w3.org/2000/svg"[39m
              [36m>[39m
                [36m<path[39m
                  [33md[39m=[32m"m6 9 6 6 6-6"[39m
                [36m/>[39m
              [36m</svg>[39m
            [36m</div>[39m
          [36m</div>[39m
        [36m</div>[39m
      [36m</div>[39m
      [36m<div[39m
        [33mclass[39m=[32m"bg-white rounded-lg shadow overflow-hidden"[39m
      [36m>[39m
        [36m<div[39m
          [33mclass[39m=[32m"h-96 flex flex-col items-center justify-center text-center text-gray-500 p-4"[39m
        [36m>[39m
          [36m<svg[39m
            [33maria-hidden[39m=[32m"true"[39m
            [33mclass[39m=[32m"lucide lucide-package mb-4"[39m
            [33mfill[39m=[32m"none"[39m
            [33mheight[39m=[32m"48"[39m
            [33mstroke[39m=[32m"currentColor"[39m
            [33mstroke-linecap[39m=[32m"round"[39m
            [33mstroke-linejoin[39m=[32m"round"[39m
            [33mstroke-width[39m=[32m"2"[39m
            [33mviewBox[39m=[32m"0 0 24 24"[39m
            [33mwidth[39m=[32m"48"[39m
            [33mxmlns[39m=[32m"http://www.w3.org/2000/svg"[39m
          [36m>[39m
            [36m<path[39m
              [33md[39m=[32m"M11 21.73a2 2 0 0 0 2 0l7-4A2 2 0 0 0 21 16V8a2 2 0 0 0-1-1.73l-7-4a2 2 0 0 0-2 0l-7 4A2 2 0 0 0 3 8v8a2 2 0 0 0 1 1.73z"[39m
            [36m/>[39m
            [36m<path[39m
              [33md[39m=[32m"M12 22V12"[39m
            [36m/>[39m
            [36m<polyline[39m
              [33mpoints[39m=[32m"3.29 7 12 12 20.71 7"[39m
            [36m/>[39m
            [36m<path[39m
              [33md[39m=[32m"m7.5 4.27 9 5.15"[39m
            [36m/>[39m
          [36m</svg>[39m
          [36m<p[39m
            [33mclass[39m=[32m"font-semibold text-lg"[39m
          [36m>[39m
            [0mNenhum produto encontrado.[0m
          [36m</p>[39m
          [36m<p[39m
            [33mclass[39m=[32m"text-sm mb-4"[39m
          [36m>[39m
            [0mComece cadastrando um novo produto ou popule com dados de exemplo.[0m
          [36m</p>[39m
          [36m<button[39m
            [33mclass[39m=[32m"mt-4 flex items-center gap-2 bg-blue-100 text-blue-700 font-bold py-2 px-4 rounded-lg hover:bg-blue-200 transition-colors disabled:opacity-50"[39m
          [36m>[39m
            [36m<svg[39m
              [33maria-hidden[39m=[32m"true"[39m
              [33mclass[39m=[32m"lucide lucide-database-backup"[39m
              [33mfill[39m=[32m"none"[39m
              [33mheight[39m=[32m"20"[39m
              [33mstroke[39m=[32m"currentColor"[39m
              [33mstroke-linecap[39m=[32m"round"[39m
              [33mstroke-linejoin[39m=[32m"round"[39m
              [33mstroke-width[39m=[32m"2"[39m
              [33mviewBox[39m=[32m"0 0 24 24"[39m
              [33mwidth[39m=[32m"20"[39m
              [33mxmlns[39m=[32m"http://www.w3.org/2000/svg"[39m
            [36m>[39m
              [36m<ellipse[39m
                [33mcx[39m=[32m"12"[39m
                [33mcy[39m=[32m"5"[39m
                [33mrx[39m=[32m"9"[39m
                [33mry[39m=[32m"3"[39m
              [36m/>[39m
              [36m<path[39m
                [33md[39m=[32m"M3 12a9 3 0 0 0 5 2.69"[39m
              [36m/>[39m
              [36m<path[39m
                [33md[39m=[32m"M21 9.3V5"[39m
              [36m/>[39m
              [36m<path[39m
                [33md[39m=[32m"M3 5v14a9 3 0 0 0 6.47 2.88"[39m
              [36m/>[39m
              [36m<path[39m
                [33md[39m=[32m"M12 12v4h4"[39m
              [36m/>[39m
              [36m<path[39m
                [33md[39m=[32m"M13 20a5 5 0 0 0 9-3 4.5 4.5 0 0 0-4.5-4.5c-1.33 0-2.54.54-3.41 1.41L12 16"[39m
              [36m/>[39m
            [36m</svg>[39m
            [0mPopular com 10 produtos padrão[0m
          [36m</button>[39m
        [36m</div>[39m
      [36m</div>[39m
    [36m</div>[39m
    [36m<div[39m
      [33mclass[39m=[32m"fixed top-5 right-5 z-50 space-y-3"[39m
    [36m/>[39m
  [36m</div>[39m
[36m</body>[39m

Ignored nodes: comments, script, style
[36m<html>[39m
  [36m<head />[39m
  [36m<body>[39m
    [36m<div>[39m
      [36m<div[39m
        [33mclass[39m=[32m"p-1"[39m
      [36m>[39m
        [36m<div[39m
          [33mclass[39m=[32m"flex justify-between items-center mb-6"[39m
        [36m>[39m
          [36m<h1[39m
            [33mclass[39m=[32m"text-3xl font-bold text-gray-800"[39m
          [36m>[39m
            [0mProdutos[0m
          [36m</h1>[39m
          [36m<div[39m
            [33mclass[39m=[32m"flex items-center gap-2"[39m
          [36m>[39m
            [36m<button[39m
              [33mclass[39m=[32m"flex items-center gap-2 bg-gray-100 text-gray-700 font-semibold py-2 px-4 rounded-lg hover:bg-gray-200 transition-colors disabled:opacity-50"[39m
            [36m>[39m
              [36m<svg[39m
                [33maria-hidden[39m=[32m"true"[39m
                [33mclass[39m=[32m"lucide lucide-database-backup"[39m
                [33mfill[39m=[32m"none"[39m
                [33mheight[39m=[32m"20"[39m
                [33mstroke[39m=[32m"currentColor"[39m
                [33mstroke-linecap[39m=[32m"round"[39m
                [33mstroke-linejoin[39m=[32m"round"[39m
                [33mstroke-width[39m=[32m"2"[39m
                [33mviewBox[39m=[32m"0 0 24 24"[39m
                [33mwidth[39m=[32m"20"[39m
                [33mxmlns[39m=[32m"http://www.w3.org/2000/svg"[39m
              [36m>[39m
                [36m<ellipse[39m
                  [33mcx[39m=[32m"12"[39m
                  [33mcy[39m=[32m"5"[39m
                  [33mrx[39m=[32m"9"[39m
                  [33mry[39m=[32m"3"[39m
                [36m/>[39m
                [36m<path[39m
                  [33md[39m=[32m"M3 12a9 3 0 0 0 5 2.69"[39m
                [36m/>[39m
                [36m<path[39m
                  [33md[39m=[32m"M21 9.3V5"[39m
                [36m/>[39m
                [36m<path[39m
                  [33md[39m=[32m"M3 5v14a9 3 0 0 0 6.47 2.88"[39m
                [36m/>[39m
                [36m<path[39m
                  [33md[39m=[32m"M12 12v4h4"[39m
                [36m/>[39m
                [36m<path[39m
                  [33md[39m=[32m"M13 20a5 5 0 0 0 9-3 4.5 4.5 0 0 0-4.5-4.5c-1.33 0-2.54.54-3.41 1.41L12 16"[39m
                [36m/>[39m
              [36m</svg>[39m
              [0mPopular Dados[0m
            [36m</button>[39m
            [36m<button[39m
              [33mclass[39m=[32m"flex items-center gap-2 bg-blue-600 text-white font-bold py-2 px-4 rounded-lg hover:bg-blue-700 transition-colors"[39m
            [36m>[39m
              [36m<svg[39m
                [33maria-hidden[39m=[32m"true"[39m
                [33mclass[39m=[32m"lucide lucide-circle-plus"[39m
                [33mfill[39m=[32m"none"[39m
                [33mheight[39m=[32m"20"[39m
                [33mstroke[39m=[32m"currentColor"[39m
                [33mstroke-linecap[39m=[32m"round"[39m
                [33mstroke-linejoin[39m=[32m"round"[39m
                [33mstroke-width[39m=[32m"2"[39m
                [33mviewBox[39m=[32m"0 0 24 24"[39m
                [33mwidth[39m=[32m"20"[39m
                [33mxmlns[39m=[32m"http://www.w3.org/2000/svg"[39m
              [36m>[39m
                [36m<circle[39m
                  [33mcx[39m=[32m"12"[39m
                  [33mcy[39m=[32m"12"[39m
                  [33mr[39m=[32m"10"[39m
                [36m/>[39m
                [36m<path[39m
                  [33md[39m=[32m"M8 12h8"[39m
                [36m/>[39m
                [36m<path[39m
                  [33md[39m=[32m"M12 8v8"[39m
                [36m/>[39m
              [36m</svg>[39m
              [0mNovo Produto[0m
            [36m</button>[39m
          [36m</div>[39m
        [36m</div>[39m
        [36m<div[39m
          [33mclass[39m=[32m"mb-4 flex gap-4"[39m
        [36m>[39m
          [36m<div[39m
            [33mclass[39m=[32m"relative"[39m
          [36m>[39m
            [36m<svg[39m
              [33maria-hidden[39m=[32m"true"[39m
              [33mclass[39m=[32m"lucide lucide-search absolute left-3 top-1/2 -translate-y-1/2 text-gray-400"[39m
              [33mfill[39m=[32m"none"[39m
              [33mheight[39m=[32m"20"[39m
              [33mstroke[39m=[32m"currentColor"[39m
              [33mstroke-linecap[39m=[32m"round"[39m
              [33mstroke-linejoin[39m=[32m"round"[39m
              [33mstroke-width[39m=[32m"2"[39m
              [33mviewBox[39m=[32m"0 0 24 24"[39m
              [33mwidth[39m=[32m"20"[39m
              [33mxmlns[39m=[32m"http://www.w3.org/2000/svg"[39m
            [36m>[39m
              [36m<path[39m
                [33md[39m=[32m"m21 21-4.34-4.34"[39m
              [36m/>[39m
              [36m<circle[39m
                [33mcx[39m=[32m"11"[39m
                [33mcy[39m=[32m"11"[39m
                [33mr[39m=[32m"8"[39m
              [36m/>[39m
            [36m</svg>[39m
            [36m<input[39m
              [33mclass[39m=[32m"w-full max-w-sm p-3 pl-10 border border-gray-300 rounded-lg"[39m
              [33mplaceholder[39m=[32m"Buscar por nome ou SKU..."[39m
              [33mtype[39m=[32m"text"[39m
              [33mvalue[39m=[32m""[39m
            [36m/>[39m
          [36m</div>[39m
          [36m<div[39m
            [33mclass[39m=[32m"min-w-[200px]"[39m
          [36m>[39m
            [36m<div[39m
              [33mclass[39m=[32m"relative"[39m
            [36m>[39m
              [36m<select[39m
                [33mclass[39m=[32m"w-full p-3 pr-10 bg-white/80 border border-gray-300 rounded-lg focus:ring-2 focus:ring-blue-500 focus:border-blue-500 transition shadow-sm appearance-none"[39m
              [36m>[39m
                [36m<option[39m
                  [33mvalue[39m=[32m""[39m
                [36m>[39m
                  [0mTodos os status[0m
                [36m</option>[39m
                [36m<option[39m
                  [33mvalue[39m=[32m"ativo"[39m
                [36m>[39m
                  [0mAtivo[0m
                [36m</option>[39m
                [36m<option[39m
                  [33mvalue[39m=[32m"inativo"[39m
                [36m>[39m
                  [0mInativo[0m
                [36m</option>[39m
              [36m</select>[39m
              [36m<div[39m
                [33mclass[39m=[32m"pointer-events-none absolute inset-y-0 right-0 flex items-center px-3 text-gray-700"[39m
              [36m>[39m
                [36m<svg[39m
                  [33maria-hidden[39m=[32m"true"[39m
                  [33mclass[39m=[32m"lucide lucide-chevron-down"[39m
                  [33mfill[39m=[32m"none"[39m
                  [33mheight[39m=[32m"20"[39m
                  [33mstroke[39m=[32m"currentColor"[39m
                  [33mstroke-linecap[39m=[32m"round"[39m
                  [33mstroke-linejoin[39m=[32m"round"[39m
                  [33mstroke-width[39m=[32m"2"[39m
                  [33mviewBox[39m=[32m"0 0 24 24"[39m
                  [33mwidth[39m=[32m"20"[39m
                  [33mxmlns[39m=[32m"http://www.w3.org/2000/svg"[39m
                [36m>[39m
                  [36m<path[39m
                    [33md[39m=[32m"m6 9 6 6 6-6"[39m
                  [36m/>[39m
                [36m</svg>[39m
              [36m</div>[39m
            [36m</div>[39m
          [36m</div>[39m
        [36m</div>[39m
        [36m<div[39m
          [33mclass[39m=[32m"bg-white rounded-lg shadow overflow-hidden"[39m
        [36m>[39m
          [36m<div[39m
            [33mclass[39m=[32m"h-96 flex flex-col items-center justify-center text-center text-gray-500 p-4"[39m
          [36m>[39m
            [36m<svg[39m
              [33maria-hidden[39m=[32m"true"[39m
              [33mclass[39m=[32m"lucide lucide-package mb-4"[39m
              [33mfill[39m=[32m"none"[39m
              [33mheight[39m=[32m"48"[39m
              [33mstroke[39m=[32m"currentColor"[39m
              [33mstroke-linecap[39m=[32m"round"[39m
              [33mstroke-linejoin[39m=[32m"round"[39m
              [33mstroke-width[39m=[32m"2"[39m
              [33mviewBox[39m=[32m"0 0 24 24"[39m
              [33mwidth[39m=[32m"48"[39m
              [33mxmlns[39m=[32m"http://www.w3.org/2000/svg"[39m
            [36m>[39m
              [36m<path[39m
                [33md[39m=[32m"M11 21.73a2 2 0 0 0 2 0l7-4A2 2 0 0 0 21 16V8a2 2 0 0 0-1-1.73l-7-4a2 2 0 0 0-2 0l-7 4A2 2 0 0 0 3 8v8a2 2 0 0 0 1 1.73z"[39m
              [36m/>[39m
              [36m<path[39m
                [33md[39m=[32m"M12 22V12"[39m
              [36m/>[39m
              [36m<polyline[39m
                [33mpoints[39m=[32m"3.29 7 12 12 20.71 7"[39m
              [36m/>[39m
              [36m<path[39m
                [33md[39m=[32m"m7.5 4.27 9 5.15"[39m
              [36m/>[39m
            [36m</svg>[39m
            [36m<p[39m
              [33mclass[39m=[32m"font-semibold text-lg"[39m
            [36m>[39m
              [0mNenhum produto encontrado.[0m
            [36m</p>[39m
            [36m<p[39m
              [33mclass[39m=[32m"text-sm mb-4"[39m
            [36m>[39m
              [0mComece cadastrando um novo produto ou popule com dados de exemplo.[0m
            [36m</p>[39m
            [36m<button[39m
              [33mclass[39m=[32m"mt-4 flex items-center gap-2 bg-blue-100 text-blue-700 font-bold py-2 px-4 rounded-lg hover:bg-blue-200 transition-colors disabled:opacity-50"[39m
            [36m>[39m
              [36m<svg[39m
                [33maria-hidden[39m=[32m"true"[39m
                [33mclass[39m=[32m"lucide lucide-database-backup"[39m
                [33mfill[39m=[32m"none"[39m
                [33mheight[39m=[32m"20"[39m
                [33mstroke[39m=[32m"currentColor"[39m
                [33mstroke-linecap[39m=[32m"round"[39m
                [33mstroke-linejoin[39m=[32m"round"[39m
                [33mstroke-width[39m=[32m"2"[39m
                [33mviewBox[39m=[32m"0 0 24 24"[39m
                [33mwidth[39m=[32m"20"[39m
                [33mxmlns[39m=[32m"http://www.w3.org/2000/svg"[39m
              [36m>[39m
                [36m<ellipse[39m
                  [33mcx[39m=[32m"12"[39m
                  [33mcy[39m=[32m"5"[39m
                  [33mrx[39m=[32m"9"[39m
                  [33mry[39m=[32m"3"[39m
                [36m/>[39m
                [36m<path[39m
                  [33md[39m=[32m"M3 12a9 3 0 0 0 5 2.69"[39m
                [36m/>[39m
                [36m<path[39m
                  [33md[39m=[32m"M21 9.3V5"[39m
                [36m/>[39m
                [36m<path[39m
                  [33md[39m=[32m"M3 5v14a9 3 0 0 0 6.47 2.88"[39m
                [36m/>[39m
                [36m<path[39m
                  [33md[39m=[32m"M12 12v4h4"[39m
                [36m/>[39m
                [36m<path[39m
                  [33md[39m=[32m"M13 20a5 5 0 0 0 9-3 4.5 4.5 0 0 0-4.5-4.5c-1.33 0-2.54.54-3.41 1.41L12 16"[39m
                [36m/>[39m
              [36m</svg>[39m
              [0mPopular com 10 produtos padrão[0m
            [36m</button>[39m
          [36m</div>[39m
        [36m</div>[39m
      [36m</div>[39m
      [36m<div[39m
        [33mclass[39m=[32m"fixed top-5 right-5 z-50 space-y-3"[39m
      [36m/>[39m
    [36m</div>[39m
  [36m</body>[39m
[36m</html>[39m
   ❯ src/pages/products/ProductsPage.test.tsx > ProductsPage Integration > filters products by search term
     → Unable to find an element with the text: Produto Teste 1. This could be because the text is broken up by multiple elements. In this case, you can provide a function for your text matcher to make your matcher more flexible.

Ignored nodes: comments, script, style
[36m<body>[39m
  [36m<div>[39m
    [36m<div[39m
      [33mclass[39m=[32m"p-1"[39m
    [36m>[39m
      [36m<div[39m
        [33mclass[39m=[32m"flex justify-between items-center mb-6"[39m
      [36m>[39m
        [36m<h1[39m
          [33mclass[39m=[32m"text-3xl font-bold text-gray-800"[39m
        [36m>[39m
          [0mProdutos[0m
        [36m</h1>[39m
        [36m<div[39m
          [33mclass[39m=[32m"flex items-center gap-2"[39m
        [36m>[39m
          [36m<button[39m
            [33mclass[39m=[32m"flex items-center gap-2 bg-gray-100 text-gray-700 font-semibold py-2 px-4 rounded-lg hover:bg-gray-200 transition-colors disabled:opacity-50"[39m
          [36m>[39m
            [36m<svg[39m
              [33maria-hidden[39m=[32m"true"[39m
              [33mclass[39m=[32m"lucide lucide-database-backup"[39m
              [33mfill[39m=[32m"none"[39m
              [33mheight[39m=[32m"20"[39m
              [33mstroke[39m=[32m"currentColor"[39m
              [33mstroke-linecap[39m=[32m"round"[39m
              [33mstroke-linejoin[39m=[32m"round"[39m
              [33mstroke-width[39m=[32m"2"[39m
              [33mviewBox[39m=[32m"0 0 24 24"[39m
              [33mwidth[39m=[32m"20"[39m
              [33mxmlns[39m=[32m"http://www.w3.org/2000/svg"[39m
            [36m>[39m
              [36m<ellipse[39m
                [33mcx[39m=[32m"12"[39m
                [33mcy[39m=[32m"5"[39m
                [33mrx[39m=[32m"9"[39m
                [33mry[39m=[32m"3"[39m
              [36m/>[39m
              [36m<path[39m
                [33md[39m=[32m"M3 12a9 3 0 0 0 5 2.69"[39m
              [36m/>[39m
              [36m<path[39m
                [33md[39m=[32m"M21 9.3V5"[39m
              [36m/>[39m
              [36m<path[39m
                [33md[39m=[32m"M3 5v14a9 3 0 0 0 6.47 2.88"[39m
              [36m/>[39m
              [36m<path[39m
                [33md[39m=[32m"M12 12v4h4"[39m
              [36m/>[39m
              [36m<path[39m
                [33md[39m=[32m"M13 20a5 5 0 0 0 9-3 4.5 4.5 0 0 0-4.5-4.5c-1.33 0-2.54.54-3.41 1.41L12 16"[39m
              [36m/>[39m
            [36m</svg>[39m
            [0mPopular Dados[0m
          [36m</button>[39m
          [36m<button[39m
            [33mclass[39m=[32m"flex items-center gap-2 bg-blue-600 text-white font-bold py-2 px-4 rounded-lg hover:bg-blue-700 transition-colors"[39m
          [36m>[39m
            [36m<svg[39m
              [33maria-hidden[39m=[32m"true"[39m
              [33mclass[39m=[32m"lucide lucide-circle-plus"[39m
              [33mfill[39m=[32m"none"[39m
              [33mheight[39m=[32m"20"[39m
              [33mstroke[39m=[32m"currentColor"[39m
              [33mstroke-linecap[39m=[32m"round"[39m
              [33mstroke-linejoin[39m=[32m"round"[39m
              [33mstroke-width[39m=[32m"2"[39m
              [33mviewBox[39m=[32m"0 0 24 24"[39m
              [33mwidth[39m=[32m"20"[39m
              [33mxmlns[39m=[32m"http://www.w3.org/2000/svg"[39m
            [36m>[39m
              [36m<circle[39m
                [33mcx[39m=[32m"12"[39m
                [33mcy[39m=[32m"12"[39m
                [33mr[39m=[32m"10"[39m
              [36m/>[39m
              [36m<path[39m
                [33md[39m=[32m"M8 12h8"[39m
              [36m/>[39m
              [36m<path[39m
                [33md[39m=[32m"M12 8v8"[39m
              [36m/>[39m
            [36m</svg>[39m
            [0mNovo Produto[0m
          [36m</button>[39m
        [36m</div>[39m
      [36m</div>[39m
      [36m<div[39m
        [33mclass[39m=[32m"mb-4 flex gap-4"[39m
      [36m>[39m
        [36m<div[39m
          [33mclass[39m=[32m"relative"[39m
        [36m>[39m
          [36m<svg[39m
            [33maria-hidden[39m=[32m"true"[39m
            [33mclass[39m=[32m"lucide lucide-search absolute left-3 top-1/2 -translate-y-1/2 text-gray-400"[39m
            [33mfill[39m=[32m"none"[39m
            [33mheight[39m=[32m"20"[39m
            [33mstroke[39m=[32m"currentColor"[39m
            [33mstroke-linecap[39m=[32m"round"[39m
            [33mstroke-linejoin[39m=[32m"round"[39m
            [33mstroke-width[39m=[32m"2"[39m
            [33mviewBox[39m=[32m"0 0 24 24"[39m
            [33mwidth[39m=[32m"20"[39m
            [33mxmlns[39m=[32m"http://www.w3.org/2000/svg"[39m
          [36m>[39m
            [36m<path[39m
              [33md[39m=[32m"m21 21-4.34-4.34"[39m
            [36m/>[39m
            [36m<circle[39m
              [33mcx[39m=[32m"11"[39m
              [33mcy[39m=[32m"11"[39m
              [33mr[39m=[32m"8"[39m
            [36m/>[39m
          [36m</svg>[39m
          [36m<input[39m
            [33mclass[39m=[32m"w-full max-w-sm p-3 pl-10 border border-gray-300 rounded-lg"[39m
            [33mplaceholder[39m=[32m"Buscar por nome ou SKU..."[39m
            [33mtype[39m=[32m"text"[39m
            [33mvalue[39m=[32m""[39m
          [36m/>[39m
        [36m</div>[39m
        [36m<div[39m
          [33mclass[39m=[32m"min-w-[200px]"[39m
        [36m>[39m
          [36m<div[39m
            [33mclass[39m=[32m"relative"[39m
          [36m>[39m
            [36m<select[39m
              [33mclass[39m=[32m"w-full p-3 pr-10 bg-white/80 border border-gray-300 rounded-lg focus:ring-2 focus:ring-blue-500 focus:border-blue-500 transition shadow-sm appearance-none"[39m
            [36m>[39m
              [36m<option[39m
                [33mvalue[39m=[32m""[39m
              [36m>[39m
                [0mTodos os status[0m
              [36m</option>[39m
              [36m<option[39m
                [33mvalue[39m=[32m"ativo"[39m
              [36m>[39m
                [0mAtivo[0m
              [36m</option>[39m
              [36m<option[39m
                [33mvalue[39m=[32m"inativo"[39m
              [36m>[39m
                [0mInativo[0m
              [36m</option>[39m
            [36m</select>[39m
            [36m<div[39m
              [33mclass[39m=[32m"pointer-events-none absolute inset-y-0 right-0 flex items-center px-3 text-gray-700"[39m
            [36m>[39m
              [36m<svg[39m
                [33maria-hidden[39m=[32m"true"[39m
                [33mclass[39m=[32m"lucide lucide-chevron-down"[39m
                [33mfill[39m=[32m"none"[39m
                [33mheight[39m=[32m"20"[39m
                [33mstroke[39m=[32m"currentColor"[39m
                [33mstroke-linecap[39m=[32m"round"[39m
                [33mstroke-linejoin[39m=[32m"round"[39m
                [33mstroke-width[39m=[32m"2"[39m
                [33mviewBox[39m=[32m"0 0 24 24"[39m
                [33mwidth[39m=[32m"20"[39m
                [33mxmlns[39m=[32m"http://www.w3.org/2000/svg"[39m
              [36m>[39m
                [36m<path[39m
                  [33md[39m=[32m"m6 9 6 6 6-6"[39m
                [36m/>[39m
              [36m</svg>[39m
            [36m</div>[39m
          [36m</div>[39m
        [36m</div>[39m
      [36m</div>[39m
      [36m<div[39m
        [33mclass[39m=[32m"bg-white rounded-lg shadow overflow-hidden"[39m
      [36m>[39m
        [36m<div[39m
          [33mclass[39m=[32m"h-96 flex flex-col items-center justify-center text-center text-gray-500 p-4"[39m
        [36m>[39m
          [36m<svg[39m
            [33maria-hidden[39m=[32m"true"[39m
            [33mclass[39m=[32m"lucide lucide-package mb-4"[39m
            [33mfill[39m=[32m"none"[39m
            [33mheight[39m=[32m"48"[39m
            [33mstroke[39m=[32m"currentColor"[39m
            [33mstroke-linecap[39m=[32m"round"[39m
            [33mstroke-linejoin[39m=[32m"round"[39m
            [33mstroke-width[39m=[32m"2"[39m
            [33mviewBox[39m=[32m"0 0 24 24"[39m
            [33mwidth[39m=[32m"48"[39m
            [33mxmlns[39m=[32m"http://www.w3.org/2000/svg"[39m
          [36m>[39m
            [36m<path[39m
              [33md[39m=[32m"M11 21.73a2 2 0 0 0 2 0l7-4A2 2 0 0 0 21 16V8a2 2 0 0 0-1-1.73l-7-4a2 2 0 0 0-2 0l-7 4A2 2 0 0 0 3 8v8a2 2 0 0 0 1 1.73z"[39m
            [36m/>[39m
            [36m<path[39m
              [33md[39m=[32m"M12 22V12"[39m
            [36m/>[39m
            [36m<polyline[39m
              [33mpoints[39m=[32m"3.29 7 12 12 20.71 7"[39m
            [36m/>[39m
            [36m<path[39m
              [33md[39m=[32m"m7.5 4.27 9 5.15"[39m
            [36m/>[39m
          [36m</svg>[39m
          [36m<p[39m
            [33mclass[39m=[32m"font-semibold text-lg"[39m
          [36m>[39m
            [0mNenhum produto encontrado.[0m
          [36m</p>[39m
          [36m<p[39m
            [33mclass[39m=[32m"text-sm mb-4"[39m
          [36m>[39m
            [0mComece cadastrando um novo produto ou popule com dados de exemplo.[0m
          [36m</p>[39m
          [36m<button[39m
            [33mclass[39m=[32m"mt-4 flex items-center gap-2 bg-blue-100 text-blue-700 font-bold py-2 px-4 rounded-lg hover:bg-blue-200 transition-colors disabled:opacity-50"[39m
          [36m>[39m
            [36m<svg[39m
              [33maria-hidden[39m=[32m"true"[39m
              [33mclass[39m=[32m"lucide lucide-database-backup"[39m
              [33mfill[39m=[32m"none"[39m
              [33mheight[39m=[32m"20"[39m
              [33mstroke[39m=[32m"currentColor"[39m
              [33mstroke-linecap[39m=[32m"round"[39m
              [33mstroke-linejoin[39m=[32m"round"[39m
              [33mstroke-width[39m=[32m"2"[39m
              [33mviewBox[39m=[32m"0 0 24 24"[39m
              [33mwidth[39m=[32m"20"[39m
              [33mxmlns[39m=[32m"http://www.w3.org/2000/svg"[39m
            [36m>[39m
              [36m<ellipse[39m
                [33mcx[39m=[32m"12"[39m
                [33mcy[39m=[32m"5"[39m
                [33mrx[39m=[32m"9"[39m
                [33mry[39m=[32m"3"[39m
              [36m/>[39m
              [36m<path[39m
                [33md[39m=[32m"M3 12a9 3 0 0 0 5 2.69"[39m
              [36m/>[39m
              [36m<path[39m
                [33md[39m=[32m"M21 9.3V5"[39m
              [36m/>[39m
              [36m<path[39m
                [33md[39m=[32m"M3 5v14a9 3 0 0 0 6.47 2.88"[39m
              [36m/>[39m
              [36m<path[39m
                [33md[39m=[32m"M12 12v4h4"[39m
              [36m/>[39m
              [36m<path[39m
                [33md[39m=[32m"M13 20a5 5 0 0 0 9-3 4.5 4.5 0 0 0-4.5-4.5c-1.33 0-2.54.54-3.41 1.41L12 16"[39m
              [36m/>[39m
            [36m</svg>[39m
            [0mPopular com 10 produtos padrão[0m
          [36m</button>[39m
        [36m</div>[39m
      [36m</div>[39m
    [36m</div>[39m
    [36m<div[39m
      [33mclass[39m=[32m"fixed top-5 right-5 z-50 space-y-3"[39m
    [36m/>[39m
  [36m</div>[39m
[36m</body>[39m

Ignored nodes: comments, script, style
[36m<html>[39m
  [36m<head />[39m
  [36m<body>[39m
    [36m<div>[39m
      [36m<div[39m
        [33mclass[39m=[32m"p-1"[39m
      [36m>[39m
        [36m<div[39m
          [33mclass[39m=[32m"flex justify-between items-center mb-6"[39m
        [36m>[39m
          [36m<h1[39m
            [33mclass[39m=[32m"text-3xl font-bold text-gray-800"[39m
          [36m>[39m
            [0mProdutos[0m
          [36m</h1>[39m
          [36m<div[39m
            [33mclass[39m=[32m"flex items-center gap-2"[39m
          [36m>[39m
            [36m<button[39m
              [33mclass[39m=[32m"flex items-center gap-2 bg-gray-100 text-gray-700 font-semibold py-2 px-4 rounded-lg hover:bg-gray-200 transition-colors disabled:opacity-50"[39m
            [36m>[39m
              [36m<svg[39m
                [33maria-hidden[39m=[32m"true"[39m
                [33mclass[39m=[32m"lucide lucide-database-backup"[39m
                [33mfill[39m=[32m"none"[39m
                [33mheight[39m=[32m"20"[39m
                [33mstroke[39m=[32m"currentColor"[39m
                [33mstroke-linecap[39m=[32m"round"[39m
                [33mstroke-linejoin[39m=[32m"round"[39m
                [33mstroke-width[39m=[32m"2"[39m
                [33mviewBox[39m=[32m"0 0 24 24"[39m
                [33mwidth[39m=[32m"20"[39m
                [33mxmlns[39m=[32m"http://www.w3.org/2000/svg"[39m
              [36m>[39m
                [36m<ellipse[39m
                  [33mcx[39m=[32m"12"[39m
                  [33mcy[39m=[32m"5"[39m
                  [33mrx[39m=[32m"9"[39m
                  [33mry[39m=[32m"3"[39m
                [36m/>[39m
                [36m<path[39m
                  [33md[39m=[32m"M3 12a9 3 0 0 0 5 2.69"[39m
                [36m/>[39m
                [36m<path[39m
                  [33md[39m=[32m"M21 9.3V5"[39m
                [36m/>[39m
                [36m<path[39m
                  [33md[39m=[32m"M3 5v14a9 3 0 0 0 6.47 2.88"[39m
                [36m/>[39m
                [36m<path[39m
                  [33md[39m=[32m"M12 12v4h4"[39m
                [36m/>[39m
                [36m<path[39m
                  [33md[39m=[32m"M13 20a5 5 0 0 0 9-3 4.5 4.5 0 0 0-4.5-4.5c-1.33 0-2.54.54-3.41 1.41L12 16"[39m
                [36m/>[39m
              [36m</svg>[39m
              [0mPopular Dados[0m
            [36m</button>[39m
            [36m<button[39m
              [33mclass[39m=[32m"flex items-center gap-2 bg-blue-600 text-white font-bold py-2 px-4 rounded-lg hover:bg-blue-700 transition-colors"[39m
            [36m>[39m
              [36m<svg[39m
                [33maria-hidden[39m=[32m"true"[39m
                [33mclass[39m=[32m"lucide lucide-circle-plus"[39m
                [33mfill[39m=[32m"none"[39m
                [33mheight[39m=[32m"20"[39m
                [33mstroke[39m=[32m"currentColor"[39m
                [33mstroke-linecap[39m=[32m"round"[39m
                [33mstroke-linejoin[39m=[32m"round"[39m
                [33mstroke-width[39m=[32m"2"[39m
                [33mviewBox[39m=[32m"0 0 24 24"[39m
                [33mwidth[39m=[32m"20"[39m
                [33mxmlns[39m=[32m"http://www.w3.org/2000/svg"[39m
              [36m>[39m
                [36m<circle[39m
                  [33mcx[39m=[32m"12"[39m
                  [33mcy[39m=[32m"12"[39m
                  [33mr[39m=[32m"10"[39m
                [36m/>[39m
                [36m<path[39m
                  [33md[39m=[32m"M8 12h8"[39m
                [36m/>[39m
                [36m<path[39m
                  [33md[39m=[32m"M12 8v8"[39m
                [36m/>[39m
              [36m</svg>[39m
              [0mNovo Produto[0m
            [36m</button>[39m
          [36m</div>[39m
        [36m</div>[39m
        [36m<div[39m
          [33mclass[39m=[32m"mb-4 flex gap-4"[39m
        [36m>[39m
          [36m<div[39m
            [33mclass[39m=[32m"relative"[39m
          [36m>[39m
            [36m<svg[39m
              [33maria-hidden[39m=[32m"true"[39m
              [33mclass[39m=[32m"lucide lucide-search absolute left-3 top-1/2 -translate-y-1/2 text-gray-400"[39m
              [33mfill[39m=[32m"none"[39m
              [33mheight[39m=[32m"20"[39m
              [33mstroke[39m=[32m"currentColor"[39m
              [33mstroke-linecap[39m=[32m"round"[39m
              [33mstroke-linejoin[39m=[32m"round"[39m
              [33mstroke-width[39m=[32m"2"[39m
              [33mviewBox[39m=[32m"0 0 24 24"[39m
              [33mwidth[39m=[32m"20"[39m
              [33mxmlns[39m=[32m"http://www.w3.org/2000/svg"[39m
            [36m>[39m
              [36m<path[39m
                [33md[39m=[32m"m21 21-4.34-4.34"[39m
              [36m/>[39m
              [36m<circle[39m
                [33mcx[39m=[32m"11"[39m
                [33mcy[39m=[32m"11"[39m
                [33mr[39m=[32m"8"[39m
              [36m/>[39m
            [36m</svg>[39m
            [36m<input[39m
              [33mclass[39m=[32m"w-full max-w-sm p-3 pl-10 border border-gray-300 rounded-lg"[39m
              [33mplaceholder[39m=[32m"Buscar por nome ou SKU..."[39m
              [33mtype[39m=[32m"text"[39m
              [33mvalue[39m=[32m""[39m
            [36m/>[39m
          [36m</div>[39m
          [36m<div[39m
            [33mclass[39m=[32m"min-w-[200px]"[39m
          [36m>[39m
            [36m<div[39m
              [33mclass[39m=[32m"relative"[39m
            [36m>[39m
              [36m<select[39m
                [33mclass[39m=[32m"w-full p-3 pr-10 bg-white/80 border border-gray-300 rounded-lg focus:ring-2 focus:ring-blue-500 focus:border-blue-500 transition shadow-sm appearance-none"[39m
              [36m>[39m
                [36m<option[39m
                  [33mvalue[39m=[32m""[39m
                [36m>[39m
                  [0mTodos os status[0m
                [36m</option>[39m
                [36m<option[39m
                  [33mvalue[39m=[32m"ativo"[39m
                [36m>[39m
                  [0mAtivo[0m
                [36m</option>[39m
                [36m<option[39m
                  [33mvalue[39m=[32m"inativo"[39m
                [36m>[39m
                  [0mInativo[0m
                [36m</option>[39m
              [36m</select>[39m
              [36m<div[39m
                [33mclass[39m=[32m"pointer-events-none absolute inset-y-0 right-0 flex items-center px-3 text-gray-700"[39m
              [36m>[39m
                [36m<svg[39m
                  [33maria-hidden[39m=[32m"true"[39m
                  [33mclass[39m=[32m"lucide lucide-chevron-down"[39m
                  [33mfill[39m=[32m"none"[39m
                  [33mheight[39m=[32m"20"[39m
                  [33mstroke[39m=[32m"currentColor"[39m
                  [33mstroke-linecap[39m=[32m"round"[39m
                  [33mstroke-linejoin[39m=[32m"round"[39m
                  [33mstroke-width[39m=[32m"2"[39m
                  [33mviewBox[39m=[32m"0 0 24 24"[39m
                  [33mwidth[39m=[32m"20"[39m
                  [33mxmlns[39m=[32m"http://www.w3.org/2000/svg"[39m
                [36m>[39m
                  [36m<path[39m
                    [33md[39m=[32m"m6 9 6 6 6-6"[39m
                  [36m/>[39m
                [36m</svg>[39m
              [36m</div>[39m
            [36m</div>[39m
          [36m</div>[39m
        [36m</div>[39m
        [36m<div[39m
          [33mclass[39m=[32m"bg-white rounded-lg shadow overflow-hidden"[39m
        [36m>[39m
          [36m<div[39m
            [33mclass[39m=[32m"h-96 flex flex-col items-center justify-center text-center text-gray-500 p-4"[39m
          [36m>[39m
            [36m<svg[39m
              [33maria-hidden[39m=[32m"true"[39m
              [33mclass[39m=[32m"lucide lucide-package mb-4"[39m
              [33mfill[39m=[32m"none"[39m
              [33mheight[39m=[32m"48"[39m
              [33mstroke[39m=[32m"currentColor"[39m
              [33mstroke-linecap[39m=[32m"round"[39m
              [33mstroke-linejoin[39m=[32m"round"[39m
              [33mstroke-width[39m=[32m"2"[39m
              [33mviewBox[39m=[32m"0 0 24 24"[39m
              [33mwidth[39m=[32m"48"[39m
              [33mxmlns[39m=[32m"http://www.w3.org/2000/svg"[39m
            [36m>[39m
              [36m<path[39m
                [33md[39m=[32m"M11 21.73a2 2 0 0 0 2 0l7-4A2 2 0 0 0 21 16V8a2 2 0 0 0-1-1.73l-7-4a2 2 0 0 0-2 0l-7 4A2 2 0 0 0 3 8v8a2 2 0 0 0 1 1.73z"[39m
              [36m/>[39m
              [36m<path[39m
                [33md[39m=[32m"M12 22V12"[39m
              [36m/>[39m
              [36m<polyline[39m
                [33mpoints[39m=[32m"3.29 7 12 12 20.71 7"[39m
              [36m/>[39m
              [36m<path[39m
                [33md[39m=[32m"m7.5 4.27 9 5.15"[39m
              [36m/>[39m
            [36m</svg>[39m
            [36m<p[39m
              [33mclass[39m=[32m"font-semibold text-lg"[39m
            [36m>[39m
              [0mNenhum produto encontrado.[0m
            [36m</p>[39m
            [36m<p[39m
              [33mclass[39m=[32m"text-sm mb-4"[39m
            [36m>[39m
              [0mComece cadastrando um novo produto ou popule com dados de exemplo.[0m
            [36m</p>[39m
            [36m<button[39m
              [33mclass[39m=[32m"mt-4 flex items-center gap-2 bg-blue-100 text-blue-700 font-bold py-2 px-4 rounded-lg hover:bg-blue-200 transition-colors disabled:opacity-50"[39m
            [36m>[39m
              [36m<svg[39m
                [33maria-hidden[39m=[32m"true"[39m
                [33mclass[39m=[32m"lucide lucide-database-backup"[39m
                [33mfill[39m=[32m"none"[39m
                [33mheight[39m=[32m"20"[39m
                [33mstroke[39m=[32m"currentColor"[39m
                [33mstroke-linecap[39m=[32m"round"[39m
                [33mstroke-linejoin[39m=[32m"round"[39m
                [33mstroke-width[39m=[32m"2"[39m
                [33mviewBox[39m=[32m"0 0 24 24"[39m
                [33mwidth[39m=[32m"20"[39m
                [33mxmlns[39m=[32m"http://www.w3.org/2000/svg"[39m
              [36m>[39m
                [36m<ellipse[39m
                  [33mcx[39m=[32m"12"[39m
                  [33mcy[39m=[32m"5"[39m
                  [33mrx[39m=[32m"9"[39m
                  [33mry[39m=[32m"3"[39m
                [36m/>[39m
                [36m<path[39m
                  [33md[39m=[32m"M3 12a9 3 0 0 0 5 2.69"[39m
                [36m/>[39m
                [36m<path[39m
                  [33md[39m=[32m"M21 9.3V5"[39m
                [36m/>[39m
                [36m<path[39m
                  [33md[39m=[32m"M3 5v14a9 3 0 0 0 6.47 2.88"[39m
                [36m/>[39m
                [36m<path[39m
                  [33md[39m=[32m"M12 12v4h4"[39m
                [36m/>[39m
                [36m<path[39m
                  [33md[39m=[32m"M13 20a5 5 0 0 0 9-3 4.5 4.5 0 0 0-4.5-4.5c-1.33 0-2.54.54-3.41 1.41L12 16"[39m
                [36m/>[39m
              [36m</svg>[39m
              [0mPopular com 10 produtos padrão[0m
            [36m</button>[39m
          [36m</div>[39m
        [36m</div>[39m
      [36m</div>[39m
      [36m<div[39m
        [33mclass[39m=[32m"fixed top-5 right-5 z-50 space-y-3"[39m
      [36m/>[39m
    [36m</div>[39m
  [36m</body>[39m
[36m</html>[39m

⎯⎯⎯⎯⎯⎯⎯ Failed Tests 2 ⎯⎯⎯⎯⎯⎯⎯

 FAIL  src/pages/products/ProductsPage.test.tsx > ProductsPage Integration > renders the product list with data from MSW
TestingLibraryElementError: Unable to find an element with the text: Produto Teste 1. This could be because the text is broken up by multiple elements. In this case, you can provide a function for your text matcher to make your matcher more flexible.

Ignored nodes: comments, script, style
[36m<body>[39m
  [36m<div>[39m
    [36m<div[39m
      [33mclass[39m=[32m"p-1"[39m
    [36m>[39m
      [36m<div[39m
        [33mclass[39m=[32m"flex justify-between items-center mb-6"[39m
      [36m>[39m
        [36m<h1[39m
          [33mclass[39m=[32m"text-3xl font-bold text-gray-800"[39m
        [36m>[39m
          [0mProdutos[0m
        [36m</h1>[39m
        [36m<div[39m
          [33mclass[39m=[32m"flex items-center gap-2"[39m
        [36m>[39m
          [36m<button[39m
            [33mclass[39m=[32m"flex items-center gap-2 bg-gray-100 text-gray-700 font-semibold py-2 px-4 rounded-lg hover:bg-gray-200 transition-colors disabled:opacity-50"[39m
          [36m>[39m
            [36m<svg[39m
              [33maria-hidden[39m=[32m"true"[39m
              [33mclass[39m=[32m"lucide lucide-database-backup"[39m
              [33mfill[39m=[32m"none"[39m
              [33mheight[39m=[32m"20"[39m
              [33mstroke[39m=[32m"currentColor"[39m
              [33mstroke-linecap[39m=[32m"round"[39m
              [33mstroke-linejoin[39m=[32m"round"[39m
              [33mstroke-width[39m=[32m"2"[39m
              [33mviewBox[39m=[32m"0 0 24 24"[39m
              [33mwidth[39m=[32m"20"[39m
              [33mxmlns[39m=[32m"http://www.w3.org/2000/svg"[39m
            [36m>[39m
              [36m<ellipse[39m
                [33mcx[39m=[32m"12"[39m
                [33mcy[39m=[32m"5"[39m
                [33mrx[39m=[32m"9"[39m
                [33mry[39m=[32m"3"[39m
              [36m/>[39m
              [36m<path[39m
                [33md[39m=[32m"M3 12a9 3 0 0 0 5 2.69"[39m
              [36m/>[39m
              [36m<path[39m
                [33md[39m=[32m"M21 9.3V5"[39m
              [36m/>[39m
              [36m<path[39m
                [33md[39m=[32m"M3 5v14a9 3 0 0 0 6.47 2.88"[39m
              [36m/>[39m
              [36m<path[39m
                [33md[39m=[32m"M12 12v4h4"[39m
              [36m/>[39m
              [36m<path[39m
                [33md[39m=[32m"M13 20a5 5 0 0 0 9-3 4.5 4.5 0 0 0-4.5-4.5c-1.33 0-2.54.54-3.41 1.41L12 16"[39m
              [36m/>[39m
            [36m</svg>[39m
            [0mPopular Dados[0m
          [36m</button>[39m
          [36m<button[39m
            [33mclass[39m=[32m"flex items-center gap-2 bg-blue-600 text-white font-bold py-2 px-4 rounded-lg hover:bg-blue-700 transition-colors"[39m
          [36m>[39m
            [36m<svg[39m
              [33maria-hidden[39m=[32m"true"[39m
              [33mclass[39m=[32m"lucide lucide-circle-plus"[39m
              [33mfill[39m=[32m"none"[39m
              [33mheight[39m=[32m"20"[39m
              [33mstroke[39m=[32m"currentColor"[39m
              [33mstroke-linecap[39m=[32m"round"[39m
              [33mstroke-linejoin[39m=[32m"round"[39m
              [33mstroke-width[39m=[32m"2"[39m
              [33mviewBox[39m=[32m"0 0 24 24"[39m
              [33mwidth[39m=[32m"20"[39m
              [33mxmlns[39m=[32m"http://www.w3.org/2000/svg"[39m
            [36m>[39m
              [36m<circle[39m
                [33mcx[39m=[32m"12"[39m
                [33mcy[39m=[32m"12"[39m
                [33mr[39m=[32m"10"[39m
              [36m/>[39m
              [36m<path[39m
                [33md[39m=[32m"M8 12h8"[39m
              [36m/>[39m
              [36m<path[39m
                [33md[39m=[32m"M12 8v8"[39m
              [36m/>[39m
            [36m</svg>[39m
            [0mNovo Produto[0m
          [36m</button>[39m
        [36m</div>[39m
      [36m</div>[39m
      [36m<div[39m
        [33mclass[39m=[32m"mb-4 flex gap-4"[39m
      [36m>[39m
        [36m<div[39m
          [33mclass[39m=[32m"relative"[39m
        [36m>[39m
          [36m<svg[39m
            [33maria-hidden[39m=[32m"true"[39m
            [33mclass[39m=[32m"lucide lucide-search absolute left-3 top-1/2 -translate-y-1/2 text-gray-400"[39m
            [33mfill[39m=[32m"none"[39m
            [33mheight[39m=[32m"20"[39m
            [33mstroke[39m=[32m"currentColor"[39m
            [33mstroke-linecap[39m=[32m"round"[39m
            [33mstroke-linejoin[39m=[32m"round"[39m
            [33mstroke-width[39m=[32m"2"[39m
            [33mviewBox[39m=[32m"0 0 24 24"[39m
            [33mwidth[39m=[32m"20"[39m
            [33mxmlns[39m=[32m"http://www.w3.org/2000/svg"[39m
          [36m>[39m
            [36m<path[39m
              [33md[39m=[32m"m21 21-4.34-4.34"[39m
            [36m/>[39m
            [36m<circle[39m
              [33mcx[39m=[32m"11"[39m
              [33mcy[39m=[32m"11"[39m
              [33mr[39m=[32m"8"[39m
            [36m/>[39m
          [36m</svg>[39m
          [36m<input[39m
            [33mclass[39m=[32m"w-full max-w-sm p-3 pl-10 border border-gray-300 rounded-lg"[39m
            [33mplaceholder[39m=[32m"Buscar por nome ou SKU..."[39m
            [33mtype[39m=[32m"text"[39m
            [33mvalue[39m=[32m""[39m
          [36m/>[39m
        [36m</div>[39m
        [36m<div[39m
          [33mclass[39m=[32m"min-w-[200px]"[39m
        [36m>[39m
          [36m<div[39m
            [33mclass[39m=[32m"relative"[39m
          [36m>[39m
            [36m<select[39m
              [33mclass[39m=[32m"w-full p-3 pr-10 bg-white/80 border border-gray-300 rounded-lg focus:ring-2 focus:ring-blue-500 focus:border-blue-500 transition shadow-sm appearance-none"[39m
            [36m>[39m
              [36m<option[39m
                [33mvalue[39m=[32m""[39m
              [36m>[39m
                [0mTodos os status[0m
              [36m</option>[39m
              [36m<option[39m
                [33mvalue[39m=[32m"ativo"[39m
              [36m>[39m
                [0mAtivo[0m
              [36m</option>[39m
              [36m<option[39m
                [33mvalue[39m=[32m"inativo"[39m
              [36m>[39m
                [0mInativo[0m
              [36m</option>[39m
            [36m</select>[39m
            [36m<div[39m
              [33mclass[39m=[32m"pointer-events-none absolute inset-y-0 right-0 flex items-center px-3 text-gray-700"[39m
            [36m>[39m
              [36m<svg[39m
                [33maria-hidden[39m=[32m"true"[39m
                [33mclass[39m=[32m"lucide lucide-chevron-down"[39m
                [33mfill[39m=[32m"none"[39m
                [33mheight[39m=[32m"20"[39m
                [33mstroke[39m=[32m"currentColor"[39m
                [33mstroke-linecap[39m=[32m"round"[39m
                [33mstroke-linejoin[39m=[32m"round"[39m
                [33mstroke-width[39m=[32m"2"[39m
                [33mviewBox[39m=[32m"0 0 24 24"[39m
                [33mwidth[39m=[32m"20"[39m
                [33mxmlns[39m=[32m"http://www.w3.org/2000/svg"[39m
              [36m>[39m
                [36m<path[39m
                  [33md[39m=[32m"m6 9 6 6 6-6"[39m
                [36m/>[39m
              [36m</svg>[39m
            [36m</div>[39m
          [36m</div>[39m
        [36m</div>[39m
      [36m</div>[39m
      [36m<div[39m
        [33mclass[39m=[32m"bg-white rounded-lg shadow overflow-hidden"[39m
      [36m>[39m
        [36m<div[39m
          [33mclass[39m=[32m"h-96 flex flex-col items-center justify-center text-center text-gray-500 p-4"[39m
        [36m>[39m
          [36m<svg[39m
            [33maria-hidden[39m=[32m"true"[39m
            [33mclass[39m=[32m"lucide lucide-package mb-4"[39m
            [33mfill[39m=[32m"none"[39m
            [33mheight[39m=[32m"48"[39m
            [33mstroke[39m=[32m"currentColor"[39m
            [33mstroke-linecap[39m=[32m"round"[39m
            [33mstroke-linejoin[39m=[32m"round"[39m
            [33mstroke-width[39m=[32m"2"[39m
            [33mviewBox[39m=[32m"0 0 24 24"[39m
            [33mwidth[39m=[32m"48"[39m
            [33mxmlns[39m=[32m"http://www.w3.org/2000/svg"[39m
          [36m>[39m
            [36m<path[39m
              [33md[39m=[32m"M11 21.73a2 2 0 0 0 2 0l7-4A2 2 0 0 0 21 16V8a2 2 0 0 0-1-1.73l-7-4a2 2 0 0 0-2 0l-7 4A2 2 0 0 0 3 8v8a2 2 0 0 0 1 1.73z"[39m
            [36m/>[39m
            [36m<path[39m
              [33md[39m=[32m"M12 22V12"[39m
            [36m/>[39m
            [36m<polyline[39m
              [33mpoints[39m=[32m"3.29 7 12 12 20.71 7"[39m
            [36m/>[39m
            [36m<path[39m
              [33md[39m=[32m"m7.5 4.27 9 5.15"[39m
            [36m/>[39m
          [36m</svg>[39m
          [36m<p[39m
            [33mclass[39m=[32m"font-semibold text-lg"[39m
          [36m>[39m
            [0mNenhum produto encontrado.[0m
          [36m</p>[39m
          [36m<p[39m
            [33mclass[39m=[32m"text-sm mb-4"[39m
          [36m>[39m
            [0mComece cadastrando um novo produto ou popule com dados de exemplo.[0m
          [36m</p>[39m
          [36m<button[39m
            [33mclass[39m=[32m"mt-4 flex items-center gap-2 bg-blue-100 text-blue-700 font-bold py-2 px-4 rounded-lg hover:bg-blue-200 transition-colors disabled:opacity-50"[39m
          [36m>[39m
            [36m<svg[39m
              [33maria-hidden[39m=[32m"true"[39m
              [33mclass[39m=[32m"lucide lucide-database-backup"[39m
              [33mfill[39m=[32m"none"[39m
              [33mheight[39m=[32m"20"[39m
              [33mstroke[39m=[32m"currentColor"[39m
              [33mstroke-linecap[39m=[32m"round"[39m
              [33mstroke-linejoin[39m=[32m"round"[39m
              [33mstroke-width[39m=[32m"2"[39m
              [33mviewBox[39m=[32m"0 0 24 24"[39m
              [33mwidth[39m=[32m"20"[39m
              [33mxmlns[39m=[32m"http://www.w3.org/2000/svg"[39m
            [36m>[39m
              [36m<ellipse[39m
                [33mcx[39m=[32m"12"[39m
                [33mcy[39m=[32m"5"[39m
                [33mrx[39m=[32m"9"[39m
                [33mry[39m=[32m"3"[39m
              [36m/>[39m
              [36m<path[39m
                [33md[39m=[32m"M3 12a9 3 0 0 0 5 2.69"[39m
              [36m/>[39m
              [36m<path[39m
                [33md[39m=[32m"M21 9.3V5"[39m
              [36m/>[39m
              [36m<path[39m
                [33md[39m=[32m"M3 5v14a9 3 0 0 0 6.47 2.88"[39m
              [36m/>[39m
              [36m<path[39m
                [33md[39m=[32m"M12 12v4h4"[39m
              [36m/>[39m
              [36m<path[39m
                [33md[39m=[32m"M13 20a5 5 0 0 0 9-3 4.5 4.5 0 0 0-4.5-4.5c-1.33 0-2.54.54-3.41 1.41L12 16"[39m
              [36m/>[39m
            [36m</svg>[39m
            [0mPopular com 10 produtos padrão[0m
          [36m</button>[39m
        [36m</div>[39m
      [36m</div>[39m
    [36m</div>[39m
    [36m<div[39m
      [33mclass[39m=[32m"fixed top-5 right-5 z-50 space-y-3"[39m
    [36m/>[39m
  [36m</div>[39m
[36m</body>[39m

Ignored nodes: comments, script, style
[36m<html>[39m
  [36m<head />[39m
  [36m<body>[39m
    [36m<div>[39m
      [36m<div[39m
        [33mclass[39m=[32m"p-1"[39m
      [36m>[39m
        [36m<div[39m
          [33mclass[39m=[32m"flex justify-between items-center mb-6"[39m
        [36m>[39m
          [36m<h1[39m
            [33mclass[39m=[32m"text-3xl font-bold text-gray-800"[39m
          [36m>[39m
            [0mProdutos[0m
          [36m</h1>[39m
          [36m<div[39m
            [33mclass[39m=[32m"flex items-center gap-2"[39m
          [36m>[39m
            [36m<button[39m
              [33mclass[39m=[32m"flex items-center gap-2 bg-gray-100 text-gray-700 font-semibold py-2 px-4 rounded-lg hover:bg-gray-200 transition-colors disabled:opacity-50"[39m
            [36m>[39m
              [36m<svg[39m
                [33maria-hidden[39m=[32m"true"[39m
                [33mclass[39m=[32m"lucide lucide-database-backup"[39m
                [33mfill[39m=[32m"none"[39m
                [33mheight[39m=[32m"20"[39m
                [33mstroke[39m=[32m"currentColor"[39m
                [33mstroke-linecap[39m=[32m"round"[39m
                [33mstroke-linejoin[39m=[32m"round"[39m
                [33mstroke-width[39m=[32m"2"[39m
                [33mviewBox[39m=[32m"0 0 24 24"[39m
                [33mwidth[39m=[32m"20"[39m
                [33mxmlns[39m=[32m"http://www.w3.org/2000/svg"[39m
              [36m>[39m
                [36m<ellipse[39m
                  [33mcx[39m=[32m"12"[39m
                  [33mcy[39m=[32m"5"[39m
                  [33mrx[39m=[32m"9"[39m
                  [33mry[39m=[32m"3"[39m
                [36m/>[39m
                [36m<path[39m
                  [33md[39m=[32m"M3 12a9 3 0 0 0 5 2.69"[39m
                [36m/>[39m
                [36m<path[39m
                  [33md[39m=[32m"M21 9.3V5"[39m
                [36m/>[39m
                [36m<path[39m
                  [33md[39m=[32m"M3 5v14a9 3 0 0 0 6.47 2.88"[39m
                [36m/>[39m
                [36m<path[39m
                  [33md[39m=[32m"M12 12v4h4"[39m
                [36m/>[39m
                [36m<path[39m
                  [33md[39m=[32m"M13 20a5 5 0 0 0 9-3 4.5 4.5 0 0 0-4.5-4.5c-1.33 0-2.54.54-3.41 1.41L12 16"[39m
                [36m/>[39m
              [36m</svg>[39m
              [0mPopular Dados[0m
            [36m</button>[39m
            [36m<button[39m
              [33mclass[39m=[32m"flex items-center gap-2 bg-blue-600 text-white font-bold py-2 px-4 rounded-lg hover:bg-blue-700 transition-colors"[39m
            [36m>[39m
              [36m<svg[39m
                [33maria-hidden[39m=[32m"true"[39m
                [33mclass[39m=[32m"lucide lucide-circle-plus"[39m
                [33mfill[39m=[32m"none"[39m
                [33mheight[39m=[32m"20"[39m
                [33mstroke[39m=[32m"currentColor"[39m
                [33mstroke-linecap[39m=[32m"round"[39m
                [33mstroke-linejoin[39m=[32m"round"[39m
                [33mstroke-width[39m=[32m"2"[39m
                [33mviewBox[39m=[32m"0 0 24 24"[39m
                [33mwidth[39m=[32m"20"[39m
                [33mxmlns[39m=[32m"http://www.w3.org/2000/svg"[39m
              [36m>[39m
                [36m<circle[39m
                  [33mcx[39m=[32m"12"[39m
                  [33mcy[39m=[32m"12"[39m
                  [33mr[39m=[32m"10"[39m
                [36m/>[39m
                [36m<path[39m
                  [33md[39m=[32m"M8 12h8"[39m
                [36m/>[39m
                [36m<path[39m
                  [33md[39m=[32m"M12 8v8"[39m
                [36m/>[39m
              [36m</svg>[39m
              [0mNovo Produto[0m
            [36m</button>[39m
          [36m</div>[39m
        [36m</div>[39m
        [36m<div[39m
          [33mclass[39m=[32m"mb-4 flex gap-4"[39m
        [36m>[39m
          [36m<div[39m
            [33mclass[39m=[32m"relative"[39m
          [36m>[39m
            [36m<svg[39m
              [33maria-hidden[39m=[32m"true"[39m
              [33mclass[39m=[32m"lucide lucide-search absolute left-3 top-1/2 -translate-y-1/2 text-gray-400"[39m
              [33mfill[39m=[32m"none"[39m
              [33mheight[39m=[32m"20"[39m
              [33mstroke[39m=[32m"currentColor"[39m
              [33mstroke-linecap[39m=[32m"round"[39m
              [33mstroke-linejoin[39m=[32m"round"[39m
              [33mstroke-width[39m=[32m"2"[39m
              [33mviewBox[39m=[32m"0 0 24 24"[39m
              [33mwidth[39m=[32m"20"[39m
              [33mxmlns[39m=[32m"http://www.w3.org/2000/svg"[39m
            [36m>[39m
              [36m<path[39m
                [33md[39m=[32m"m21 21-4.34-4.34"[39m
              [36m/>[39m
              [36m<circle[39m
                [33mcx[39m=[32m"11"[39m
                [33mcy[39m=[32m"11"[39m
                [33mr[39m=[32m"8"[39m
              [36m/>[39m
            [36m</svg>[39m
            [36m<input[39m
              [33mclass[39m=[32m"w-full max-w-sm p-3 pl-10 border border-gray-300 rounded-lg"[39m
              [33mplaceholder[39m=[32m"Buscar por nome ou SKU..."[39m
              [33mtype[39m=[32m"text"[39m
              [33mvalue[39m=[32m""[39m
            [36m/>[39m
          [36m</div>[39m
          [36m<div[39m
            [33mclass[39m=[32m"min-w-[200px]"[39m
          [36m>[39m
            [36m<div[39m
              [33mclass[39m=[32m"relative"[39m
            [36m>[39m
              [36m<select[39m
                [33mclass[39m=[32m"w-full p-3 pr-10 bg-white/80 border border-gray-300 rounded-lg focus:ring-2 focus:ring-blue-500 focus:border-blue-500 transition shadow-sm appearance-none"[39m
              [36m>[39m
                [36m<option[39m
                  [33mvalue[39m=[32m""[39m
                [36m>[39m
                  [0mTodos os status[0m
                [36m</option>[39m
                [36m<option[39m
                  [33mvalue[39m=[32m"ativo"[39m
                [36m>[39m
                  [0mAtivo[0m
                [36m</option>[39m
                [36m<option[39m
                  [33mvalue[39m=[32m"inativo"[39m
                [36m>[39m
                  [0mInativo[0m
                [36m</option>[39m
              [36m</select>[39m
              [36m<div[39m
                [33mclass[39m=[32m"pointer-events-none absolute inset-y-0 right-0 flex items-center px-3 text-gray-700"[39m
              [36m>[39m
                [36m<svg[39m
                  [33maria-hidden[39m=[32m"true"[39m
                  [33mclass[39m=[32m"lucide lucide-chevron-down"[39m
                  [33mfill[39m=[32m"none"[39m
                  [33mheight[39m=[32m"20"[39m
                  [33mstroke[39m=[32m"currentColor"[39m
                  [33mstroke-linecap[39m=[32m"round"[39m
                  [33mstroke-linejoin[39m=[32m"round"[39m
                  [33mstroke-width[39m=[32m"2"[39m
                  [33mviewBox[39m=[32m"0 0 24 24"[39m
                  [33mwidth[39m=[32m"20"[39m
                  [33mxmlns[39m=[32m"http://www.w3.org/2000/svg"[39m
                [36m>[39m
                  [36m<path[39m
                    [33md[39m=[32m"m6 9 6 6 6-6"[39m
                  [36m/>[39m
                [36m</svg>[39m
              [36m</div>[39m
            [36m</div>[39m
          [36m</div>[39m
        [36m</div>[39m
        [36m<div[39m
          [33mclass[39m=[32m"bg-white rounded-lg shadow overflow-hidden"[39m
        [36m>[39m
          [36m<div[39m
            [33mclass[39m=[32m"h-96 flex flex-col items-center justify-center text-center text-gray-500 p-4"[39m
          [36m>[39m
            [36m<svg[39m
              [33maria-hidden[39m=[32m"true"[39m
              [33mclass[39m=[32m"lucide lucide-package mb-4"[39m
              [33mfill[39m=[32m"none"[39m
              [33mheight[39m=[32m"48"[39m
              [33mstroke[39m=[32m"currentColor"[39m
              [33mstroke-linecap[39m=[32m"round"[39m
              [33mstroke-linejoin[39m=[32m"round"[39m
              [33mstroke-width[39m=[32m"2"[39m
              [33mviewBox[39m=[32m"0 0 24 24"[39m
              [33mwidth[39m=[32m"48"[39m
              [33mxmlns[39m=[32m"http://www.w3.org/2000/svg"[39m
            [36m>[39m
              [36m<path[39m
                [33md[39m=[32m"M11 21.73a2 2 0 0 0 2 0l7-4A2 2 0 0 0 21 16V8a2 2 0 0 0-1-1.73l-7-4a2 2 0 0 0-2 0l-7 4A2 2 0 0 0 3 8v8a2 2 0 0 0 1 1.73z"[39m
              [36m/>[39m
              [36m<path[39m
                [33md[39m=[32m"M12 22V12"[39m
              [36m/>[39m
              [36m<polyline[39m
                [33mpoints[39m=[32m"3.29 7 12 12 20.71 7"[39m
              [36m/>[39m
              [36m<path[39m
                [33md[39m=[32m"m7.5 4.27 9 5.15"[39m
              [36m/>[39m
            [36m</svg>[39m
            [36m<p[39m
              [33mclass[39m=[32m"font-semibold text-lg"[39m
            [36m>[39m
              [0mNenhum produto encontrado.[0m
            [36m</p>[39m
            [36m<p[39m
              [33mclass[39m=[32m"text-sm mb-4"[39m
            [36m>[39m
              [0mComece cadastrando um novo produto ou popule com dados de exemplo.[0m
            [36m</p>[39m
            [36m<button[39m
              [33mclass[39m=[32m"mt-4 flex items-center gap-2 bg-blue-100 text-blue-700 font-bold py-2 px-4 rounded-lg hover:bg-blue-200 transition-colors disabled:opacity-50"[39m
            [36m>[39m
              [36m<svg[39m
                [33maria-hidden[39m=[32m"true"[39m
                [33mclass[39m=[32m"lucide lucide-database-backup"[39m
                [33mfill[39m=[32m"none"[39m
                [33mheight[39m=[32m"20"[39m
                [33mstroke[39m=[32m"currentColor"[39m
                [33mstroke-linecap[39m=[32m"round"[39m
                [33mstroke-linejoin[39m=[32m"round"[39m
                [33mstroke-width[39m=[32m"2"[39m
                [33mviewBox[39m=[32m"0 0 24 24"[39m
                [33mwidth[39m=[32m"20"[39m
                [33mxmlns[39m=[32m"http://www.w3.org/2000/svg"[39m
              [36m>[39m
                [36m<ellipse[39m
                  [33mcx[39m=[32m"12"[39m
                  [33mcy[39m=[32m"5"[39m
                  [33mrx[39m=[32m"9"[39m
                  [33mry[39m=[32m"3"[39m
                [36m/>[39m
                [36m<path[39m
                  [33md[39m=[32m"M3 12a9 3 0 0 0 5 2.69"[39m
                [36m/>[39m
                [36m<path[39m
                  [33md[39m=[32m"M21 9.3V5"[39m
                [36m/>[39m
                [36m<path[39m
                  [33md[39m=[32m"M3 5v14a9 3 0 0 0 6.47 2.88"[39m
                [36m/>[39m
                [36m<path[39m
                  [33md[39m=[32m"M12 12v4h4"[39m
                [36m/>[39m
                [36m<path[39m
                  [33md[39m=[32m"M13 20a5 5 0 0 0 9-3 4.5 4.5 0 0 0-4.5-4.5c-1.33 0-2.54.54-3.41 1.41L12 16"[39m
                [36m/>[39m
              [36m</svg>[39m
              [0mPopular com 10 produtos padrão[0m
            [36m</button>[39m
          [36m</div>[39m
        [36m</div>[39m
      [36m</div>[39m
      [36m<div[39m
        [33mclass[39m=[32m"fixed top-5 right-5 z-50 space-y-3"[39m
      [36m/>[39m
    [36m</div>[39m
  [36m</body>[39m
[36m</html>[39m
 ❯ Proxy.waitForWrapper node_modules/@testing-library/dom/dist/wait-for.js:163:27
 ❯ src/pages/products/ProductsPage.test.tsx:14:15
     12| 
     13|         // Wait for products to appear
     14|         await waitFor(() => {
       |               ^
     15|             expect(screen.getByText('Produto Teste 1')).toBeInTheDocum…
     16|             expect(screen.getByText('SKU-001')).toBeInTheDocument();

⎯⎯⎯⎯⎯⎯⎯⎯⎯⎯⎯⎯⎯⎯⎯⎯⎯⎯⎯⎯⎯⎯⎯⎯[1/2]⎯

 FAIL  src/pages/products/ProductsPage.test.tsx > ProductsPage Integration > filters products by search term
TestingLibraryElementError: Unable to find an element with the text: Produto Teste 1. This could be because the text is broken up by multiple elements. In this case, you can provide a function for your text matcher to make your matcher more flexible.

Ignored nodes: comments, script, style
[36m<body>[39m
  [36m<div>[39m
    [36m<div[39m
      [33mclass[39m=[32m"p-1"[39m
    [36m>[39m
      [36m<div[39m
        [33mclass[39m=[32m"flex justify-between items-center mb-6"[39m
      [36m>[39m
        [36m<h1[39m
          [33mclass[39m=[32m"text-3xl font-bold text-gray-800"[39m
        [36m>[39m
          [0mProdutos[0m
        [36m</h1>[39m
        [36m<div[39m
          [33mclass[39m=[32m"flex items-center gap-2"[39m
        [36m>[39m
          [36m<button[39m
            [33mclass[39m=[32m"flex items-center gap-2 bg-gray-100 text-gray-700 font-semibold py-2 px-4 rounded-lg hover:bg-gray-200 transition-colors disabled:opacity-50"[39m
          [36m>[39m
            [36m<svg[39m
              [33maria-hidden[39m=[32m"true"[39m
              [33mclass[39m=[32m"lucide lucide-database-backup"[39m
              [33mfill[39m=[32m"none"[39m
              [33mheight[39m=[32m"20"[39m
              [33mstroke[39m=[32m"currentColor"[39m
              [33mstroke-linecap[39m=[32m"round"[39m
              [33mstroke-linejoin[39m=[32m"round"[39m
              [33mstroke-width[39m=[32m"2"[39m
              [33mviewBox[39m=[32m"0 0 24 24"[39m
              [33mwidth[39m=[32m"20"[39m
              [33mxmlns[39m=[32m"http://www.w3.org/2000/svg"[39m
            [36m>[39m
              [36m<ellipse[39m
                [33mcx[39m=[32m"12"[39m
                [33mcy[39m=[32m"5"[39m
                [33mrx[39m=[32m"9"[39m
                [33mry[39m=[32m"3"[39m
              [36m/>[39m
              [36m<path[39m
                [33md[39m=[32m"M3 12a9 3 0 0 0 5 2.69"[39m
              [36m/>[39m
              [36m<path[39m
                [33md[39m=[32m"M21 9.3V5"[39m
              [36m/>[39m
              [36m<path[39m
                [33md[39m=[32m"M3 5v14a9 3 0 0 0 6.47 2.88"[39m
              [36m/>[39m
              [36m<path[39m
                [33md[39m=[32m"M12 12v4h4"[39m
              [36m/>[39m
              [36m<path[39m
                [33md[39m=[32m"M13 20a5 5 0 0 0 9-3 4.5 4.5 0 0 0-4.5-4.5c-1.33 0-2.54.54-3.41 1.41L12 16"[39m
              [36m/>[39m
            [36m</svg>[39m
            [0mPopular Dados[0m
          [36m</button>[39m
          [36m<button[39m
            [33mclass[39m=[32m"flex items-center gap-2 bg-blue-600 text-white font-bold py-2 px-4 rounded-lg hover:bg-blue-700 transition-colors"[39m
          [36m>[39m
            [36m<svg[39m
              [33maria-hidden[39m=[32m"true"[39m
              [33mclass[39m=[32m"lucide lucide-circle-plus"[39m
              [33mfill[39m=[32m"none"[39m
              [33mheight[39m=[32m"20"[39m
              [33mstroke[39m=[32m"currentColor"[39m
              [33mstroke-linecap[39m=[32m"round"[39m
              [33mstroke-linejoin[39m=[32m"round"[39m
              [33mstroke-width[39m=[32m"2"[39m
              [33mviewBox[39m=[32m"0 0 24 24"[39m
              [33mwidth[39m=[32m"20"[39m
              [33mxmlns[39m=[32m"http://www.w3.org/2000/svg"[39m
            [36m>[39m
              [36m<circle[39m
                [33mcx[39m=[32m"12"[39m
                [33mcy[39m=[32m"12"[39m
                [33mr[39m=[32m"10"[39m
              [36m/>[39m
              [36m<path[39m
                [33md[39m=[32m"M8 12h8"[39m
              [36m/>[39m
              [36m<path[39m
                [33md[39m=[32m"M12 8v8"[39m
              [36m/>[39m
            [36m</svg>[39m
            [0mNovo Produto[0m
          [36m</button>[39m
        [36m</div>[39m
      [36m</div>[39m
      [36m<div[39m
        [33mclass[39m=[32m"mb-4 flex gap-4"[39m
      [36m>[39m
        [36m<div[39m
          [33mclass[39m=[32m"relative"[39m
        [36m>[39m
          [36m<svg[39m
            [33maria-hidden[39m=[32m"true"[39m
            [33mclass[39m=[32m"lucide lucide-search absolute left-3 top-1/2 -translate-y-1/2 text-gray-400"[39m
            [33mfill[39m=[32m"none"[39m
            [33mheight[39m=[32m"20"[39m
            [33mstroke[39m=[32m"currentColor"[39m
            [33mstroke-linecap[39m=[32m"round"[39m
            [33mstroke-linejoin[39m=[32m"round"[39m
            [33mstroke-width[39m=[32m"2"[39m
            [33mviewBox[39m=[32m"0 0 24 24"[39m
            [33mwidth[39m=[32m"20"[39m
            [33mxmlns[39m=[32m"http://www.w3.org/2000/svg"[39m
          [36m>[39m
            [36m<path[39m
              [33md[39m=[32m"m21 21-4.34-4.34"[39m
            [36m/>[39m
            [36m<circle[39m
              [33mcx[39m=[32m"11"[39m
              [33mcy[39m=[32m"11"[39m
              [33mr[39m=[32m"8"[39m
            [36m/>[39m
          [36m</svg>[39m
          [36m<input[39m
            [33mclass[39m=[32m"w-full max-w-sm p-3 pl-10 border border-gray-300 rounded-lg"[39m
            [33mplaceholder[39m=[32m"Buscar por nome ou SKU..."[39m
            [33mtype[39m=[32m"text"[39m
            [33mvalue[39m=[32m""[39m
          [36m/>[39m
        [36m</div>[39m
        [36m<div[39m
          [33mclass[39m=[32m"min-w-[200px]"[39m
        [36m>[39m
          [36m<div[39m
            [33mclass[39m=[32m"relative"[39m
          [36m>[39m
            [36m<select[39m
              [33mclass[39m=[32m"w-full p-3 pr-10 bg-white/80 border border-gray-300 rounded-lg focus:ring-2 focus:ring-blue-500 focus:border-blue-500 transition shadow-sm appearance-none"[39m
            [36m>[39m
              [36m<option[39m
                [33mvalue[39m=[32m""[39m
              [36m>[39m
                [0mTodos os status[0m
              [36m</option>[39m
              [36m<option[39m
                [33mvalue[39m=[32m"ativo"[39m
              [36m>[39m
                [0mAtivo[0m
              [36m</option>[39m
              [36m<option[39m
                [33mvalue[39m=[32m"inativo"[39m
              [36m>[39m
                [0mInativo[0m
              [36m</option>[39m
            [36m</select>[39m
            [36m<div[39m
              [33mclass[39m=[32m"pointer-events-none absolute inset-y-0 right-0 flex items-center px-3 text-gray-700"[39m
            [36m>[39m
              [36m<svg[39m
                [33maria-hidden[39m=[32m"true"[39m
                [33mclass[39m=[32m"lucide lucide-chevron-down"[39m
                [33mfill[39m=[32m"none"[39m
                [33mheight[39m=[32m"20"[39m
                [33mstroke[39m=[32m"currentColor"[39m
                [33mstroke-linecap[39m=[32m"round"[39m
                [33mstroke-linejoin[39m=[32m"round"[39m
                [33mstroke-width[39m=[32m"2"[39m
                [33mviewBox[39m=[32m"0 0 24 24"[39m
                [33mwidth[39m=[32m"20"[39m
                [33mxmlns[39m=[32m"http://www.w3.org/2000/svg"[39m
              [36m>[39m
                [36m<path[39m
                  [33md[39m=[32m"m6 9 6 6 6-6"[39m
                [36m/>[39m
              [36m</svg>[39m
            [36m</div>[39m
          [36m</div>[39m
        [36m</div>[39m
      [36m</div>[39m
      [36m<div[39m
        [33mclass[39m=[32m"bg-white rounded-lg shadow overflow-hidden"[39m
      [36m>[39m
        [36m<div[39m
          [33mclass[39m=[32m"h-96 flex flex-col items-center justify-center text-center text-gray-500 p-4"[39m
        [36m>[39m
          [36m<svg[39m
            [33maria-hidden[39m=[32m"true"[39m
            [33mclass[39m=[32m"lucide lucide-package mb-4"[39m
            [33mfill[39m=[32m"none"[39m
            [33mheight[39m=[32m"48"[39m
            [33mstroke[39m=[32m"currentColor"[39m
            [33mstroke-linecap[39m=[32m"round"[39m
            [33mstroke-linejoin[39m=[32m"round"[39m
            [33mstroke-width[39m=[32m"2"[39m
            [33mviewBox[39m=[32m"0 0 24 24"[39m
            [33mwidth[39m=[32m"48"[39m
            [33mxmlns[39m=[32m"http://www.w3.org/2000/svg"[39m
          [36m>[39m
            [36m<path[39m
              [33md[39m=[32m"M11 21.73a2 2 0 0 0 2 0l7-4A2 2 0 0 0 21 16V8a2 2 0 0 0-1-1.73l-7-4a2 2 0 0 0-2 0l-7 4A2 2 0 0 0 3 8v8a2 2 0 0 0 1 1.73z"[39m
            [36m/>[39m
            [36m<path[39m
              [33md[39m=[32m"M12 22V12"[39m
            [36m/>[39m
            [36m<polyline[39m
              [33mpoints[39m=[32m"3.29 7 12 12 20.71 7"[39m
            [36m/>[39m
            [36m<path[39m
              [33md[39m=[32m"m7.5 4.27 9 5.15"[39m
            [36m/>[39m
          [36m</svg>[39m
          [36m<p[39m
            [33mclass[39m=[32m"font-semibold text-lg"[39m
          [36m>[39m
            [0mNenhum produto encontrado.[0m
          [36m</p>[39m
          [36m<p[39m
            [33mclass[39m=[32m"text-sm mb-4"[39m
          [36m>[39m
            [0mComece cadastrando um novo produto ou popule com dados de exemplo.[0m
          [36m</p>[39m
          [36m<button[39m
            [33mclass[39m=[32m"mt-4 flex items-center gap-2 bg-blue-100 text-blue-700 font-bold py-2 px-4 rounded-lg hover:bg-blue-200 transition-colors disabled:opacity-50"[39m
          [36m>[39m
            [36m<svg[39m
              [33maria-hidden[39m=[32m"true"[39m
              [33mclass[39m=[32m"lucide lucide-database-backup"[39m
              [33mfill[39m=[32m"none"[39m
              [33mheight[39m=[32m"20"[39m
              [33mstroke[39m=[32m"currentColor"[39m
              [33mstroke-linecap[39m=[32m"round"[39m
              [33mstroke-linejoin[39m=[32m"round"[39m
              [33mstroke-width[39m=[32m"2"[39m
              [33mviewBox[39m=[32m"0 0 24 24"[39m
              [33mwidth[39m=[32m"20"[39m
              [33mxmlns[39m=[32m"http://www.w3.org/2000/svg"[39m
            [36m>[39m
              [36m<ellipse[39m
                [33mcx[39m=[32m"12"[39m
                [33mcy[39m=[32m"5"[39m
                [33mrx[39m=[32m"9"[39m
                [33mry[39m=[32m"3"[39m
              [36m/>[39m
              [36m<path[39m
                [33md[39m=[32m"M3 12a9 3 0 0 0 5 2.69"[39m
              [36m/>[39m
              [36m<path[39m
                [33md[39m=[32m"M21 9.3V5"[39m
              [36m/>[39m
              [36m<path[39m
                [33md[39m=[32m"M3 5v14a9 3 0 0 0 6.47 2.88"[39m
              [36m/>[39m
              [36m<path[39m
                [33md[39m=[32m"M12 12v4h4"[39m
              [36m/>[39m
              [36m<path[39m
                [33md[39m=[32m"M13 20a5 5 0 0 0 9-3 4.5 4.5 0 0 0-4.5-4.5c-1.33 0-2.54.54-3.41 1.41L12 16"[39m
              [36m/>[39m
            [36m</svg>[39m
            [0mPopular com 10 produtos padrão[0m
          [36m</button>[39m
        [36m</div>[39m
      [36m</div>[39m
    [36m</div>[39m
    [36m<div[39m
      [33mclass[39m=[32m"fixed top-5 right-5 z-50 space-y-3"[39m
    [36m/>[39m
  [36m</div>[39m
[36m</body>[39m

Ignored nodes: comments, script, style
[36m<html>[39m
  [36m<head />[39m
  [36m<body>[39m
    [36m<div>[39m
      [36m<div[39m
        [33mclass[39m=[32m"p-1"[39m
      [36m>[39m
        [36m<div[39m
          [33mclass[39m=[32m"flex justify-between items-center mb-6"[39m
        [36m>[39m
          [36m<h1[39m
            [33mclass[39m=[32m"text-3xl font-bold text-gray-800"[39m
          [36m>[39m
            [0mProdutos[0m
          [36m</h1>[39m
          [36m<div[39m
            [33mclass[39m=[32m"flex items-center gap-2"[39m
          [36m>[39m
            [36m<button[39m
              [33mclass[39m=[32m"flex items-center gap-2 bg-gray-100 text-gray-700 font-semibold py-2 px-4 rounded-lg hover:bg-gray-200 transition-colors disabled:opacity-50"[39m
            [36m>[39m
              [36m<svg[39m
                [33maria-hidden[39m=[32m"true"[39m
                [33mclass[39m=[32m"lucide lucide-database-backup"[39m
                [33mfill[39m=[32m"none"[39m
                [33mheight[39m=[32m"20"[39m
                [33mstroke[39m=[32m"currentColor"[39m
                [33mstroke-linecap[39m=[32m"round"[39m
                [33mstroke-linejoin[39m=[32m"round"[39m
                [33mstroke-width[39m=[32m"2"[39m
                [33mviewBox[39m=[32m"0 0 24 24"[39m
                [33mwidth[39m=[32m"20"[39m
                [33mxmlns[39m=[32m"http://www.w3.org/2000/svg"[39m
              [36m>[39m
                [36m<ellipse[39m
                  [33mcx[39m=[32m"12"[39m
                  [33mcy[39m=[32m"5"[39m
                  [33mrx[39m=[32m"9"[39m
                  [33mry[39m=[32m"3"[39m
                [36m/>[39m
                [36m<path[39m
                  [33md[39m=[32m"M3 12a9 3 0 0 0 5 2.69"[39m
                [36m/>[39m
                [36m<path[39m
                  [33md[39m=[32m"M21 9.3V5"[39m
                [36m/>[39m
                [36m<path[39m
                  [33md[39m=[32m"M3 5v14a9 3 0 0 0 6.47 2.88"[39m
                [36m/>[39m
                [36m<path[39m
                  [33md[39m=[32m"M12 12v4h4"[39m
                [36m/>[39m
                [36m<path[39m
                  [33md[39m=[32m"M13 20a5 5 0 0 0 9-3 4.5 4.5 0 0 0-4.5-4.5c-1.33 0-2.54.54-3.41 1.41L12 16"[39m
                [36m/>[39m
              [36m</svg>[39m
              [0mPopular Dados[0m
            [36m</button>[39m
            [36m<button[39m
              [33mclass[39m=[32m"flex items-center gap-2 bg-blue-600 text-white font-bold py-2 px-4 rounded-lg hover:bg-blue-700 transition-colors"[39m
            [36m>[39m
              [36m<svg[39m
                [33maria-hidden[39m=[32m"true"[39m
                [33mclass[39m=[32m"lucide lucide-circle-plus"[39m
                [33mfill[39m=[32m"none"[39m
                [33mheight[39m=[32m"20"[39m
                [33mstroke[39m=[32m"currentColor"[39m
                [33mstroke-linecap[39m=[32m"round"[39m
                [33mstroke-linejoin[39m=[32m"round"[39m
                [33mstroke-width[39m=[32m"2"[39m
                [33mviewBox[39m=[32m"0 0 24 24"[39m
                [33mwidth[39m=[32m"20"[39m
                [33mxmlns[39m=[32m"http://www.w3.org/2000/svg"[39m
              [36m>[39m
                [36m<circle[39m
                  [33mcx[39m=[32m"12"[39m
                  [33mcy[39m=[32m"12"[39m
                  [33mr[39m=[32m"10"[39m
                [36m/>[39m
                [36m<path[39m
                  [33md[39m=[32m"M8 12h8"[39m
                [36m/>[39m
                [36m<path[39m
                  [33md[39m=[32m"M12 8v8"[39m
                [36m/>[39m
              [36m</svg>[39m
              [0mNovo Produto[0m
            [36m</button>[39m
          [36m</div>[39m
        [36m</div>[39m
        [36m<div[39m
          [33mclass[39m=[32m"mb-4 flex gap-4"[39m
        [36m>[39m
          [36m<div[39m
            [33mclass[39m=[32m"relative"[39m
          [36m>[39m
            [36m<svg[39m
              [33maria-hidden[39m=[32m"true"[39m
              [33mclass[39m=[32m"lucide lucide-search absolute left-3 top-1/2 -translate-y-1/2 text-gray-400"[39m
              [33mfill[39m=[32m"none"[39m
              [33mheight[39m=[32m"20"[39m
              [33mstroke[39m=[32m"currentColor"[39m
              [33mstroke-linecap[39m=[32m"round"[39m
              [33mstroke-linejoin[39m=[32m"round"[39m
              [33mstroke-width[39m=[32m"2"[39m
              [33mviewBox[39m=[32m"0 0 24 24"[39m
              [33mwidth[39m=[32m"20"[39m
              [33mxmlns[39m=[32m"http://www.w3.org/2000/svg"[39m
            [36m>[39m
              [36m<path[39m
                [33md[39m=[32m"m21 21-4.34-4.34"[39m
              [36m/>[39m
              [36m<circle[39m
                [33mcx[39m=[32m"11"[39m
                [33mcy[39m=[32m"11"[39m
                [33mr[39m=[32m"8"[39m
              [36m/>[39m
            [36m</svg>[39m
            [36m<input[39m
              [33mclass[39m=[32m"w-full max-w-sm p-3 pl-10 border border-gray-300 rounded-lg"[39m
              [33mplaceholder[39m=[32m"Buscar por nome ou SKU..."[39m
              [33mtype[39m=[32m"text"[39m
              [33mvalue[39m=[32m""[39m
            [36m/>[39m
          [36m</div>[39m
          [36m<div[39m
            [33mclass[39m=[32m"min-w-[200px]"[39m
          [36m>[39m
            [36m<div[39m
              [33mclass[39m=[32m"relative"[39m
            [36m>[39m
              [36m<select[39m
                [33mclass[39m=[32m"w-full p-3 pr-10 bg-white/80 border border-gray-300 rounded-lg focus:ring-2 focus:ring-blue-500 focus:border-blue-500 transition shadow-sm appearance-none"[39m
              [36m>[39m
                [36m<option[39m
                  [33mvalue[39m=[32m""[39m
                [36m>[39m
                  [0mTodos os status[0m
                [36m</option>[39m
                [36m<option[39m
                  [33mvalue[39m=[32m"ativo"[39m
                [36m>[39m
                  [0mAtivo[0m
                [36m</option>[39m
                [36m<option[39m
                  [33mvalue[39m=[32m"inativo"[39m
                [36m>[39m
                  [0mInativo[0m
                [36m</option>[39m
              [36m</select>[39m
              [36m<div[39m
                [33mclass[39m=[32m"pointer-events-none absolute inset-y-0 right-0 flex items-center px-3 text-gray-700"[39m
              [36m>[39m
                [36m<svg[39m
                  [33maria-hidden[39m=[32m"true"[39m
                  [33mclass[39m=[32m"lucide lucide-chevron-down"[39m
                  [33mfill[39m=[32m"none"[39m
                  [33mheight[39m=[32m"20"[39m
                  [33mstroke[39m=[32m"currentColor"[39m
                  [33mstroke-linecap[39m=[32m"round"[39m
                  [33mstroke-linejoin[39m=[32m"round"[39m
                  [33mstroke-width[39m=[32m"2"[39m
                  [33mviewBox[39m=[32m"0 0 24 24"[39m
                  [33mwidth[39m=[32m"20"[39m
                  [33mxmlns[39m=[32m"http://www.w3.org/2000/svg"[39m
                [36m>[39m
                  [36m<path[39m
                    [33md[39m=[32m"m6 9 6 6 6-6"[39m
                  [36m/>[39m
                [36m</svg>[39m
              [36m</div>[39m
            [36m</div>[39m
          [36m</div>[39m
        [36m</div>[39m
        [36m<div[39m
          [33mclass[39m=[32m"bg-white rounded-lg shadow overflow-hidden"[39m
        [36m>[39m
          [36m<div[39m
            [33mclass[39m=[32m"h-96 flex flex-col items-center justify-center text-center text-gray-500 p-4"[39m
          [36m>[39m
            [36m<svg[39m
              [33maria-hidden[39m=[32m"true"[39m
              [33mclass[39m=[32m"lucide lucide-package mb-4"[39m
              [33mfill[39m=[32m"none"[39m
              [33mheight[39m=[32m"48"[39m
              [33mstroke[39m=[32m"currentColor"[39m
              [33mstroke-linecap[39m=[32m"round"[39m
              [33mstroke-linejoin[39m=[32m"round"[39m
              [33mstroke-width[39m=[32m"2"[39m
              [33mviewBox[39m=[32m"0 0 24 24"[39m
              [33mwidth[39m=[32m"48"[39m
              [33mxmlns[39m=[32m"http://www.w3.org/2000/svg"[39m
            [36m>[39m
              [36m<path[39m
                [33md[39m=[32m"M11 21.73a2 2 0 0 0 2 0l7-4A2 2 0 0 0 21 16V8a2 2 0 0 0-1-1.73l-7-4a2 2 0 0 0-2 0l-7 4A2 2 0 0 0 3 8v8a2 2 0 0 0 1 1.73z"[39m
              [36m/>[39m
              [36m<path[39m
                [33md[39m=[32m"M12 22V12"[39m
              [36m/>[39m
              [36m<polyline[39m
                [33mpoints[39m=[32m"3.29 7 12 12 20.71 7"[39m
              [36m/>[39m
              [36m<path[39m
                [33md[39m=[32m"m7.5 4.27 9 5.15"[39m
              [36m/>[39m
            [36m</svg>[39m
            [36m<p[39m
              [33mclass[39m=[32m"font-semibold text-lg"[39m
            [36m>[39m
              [0mNenhum produto encontrado.[0m
            [36m</p>[39m
            [36m<p[39m
              [33mclass[39m=[32m"text-sm mb-4"[39m
            [36m>[39m
              [0mComece cadastrando um novo produto ou popule com dados de exemplo.[0m
            [36m</p>[39m
            [36m<button[39m
              [33mclass[39m=[32m"mt-4 flex items-center gap-2 bg-blue-100 text-blue-700 font-bold py-2 px-4 rounded-lg hover:bg-blue-200 transition-colors disabled:opacity-50"[39m
            [36m>[39m
              [36m<svg[39m
                [33maria-hidden[39m=[32m"true"[39m
                [33mclass[39m=[32m"lucide lucide-database-backup"[39m
                [33mfill[39m=[32m"none"[39m
                [33mheight[39m=[32m"20"[39m
                [33mstroke[39m=[32m"currentColor"[39m
                [33mstroke-linecap[39m=[32m"round"[39m
                [33mstroke-linejoin[39m=[32m"round"[39m
                [33mstroke-width[39m=[32m"2"[39m
                [33mviewBox[39m=[32m"0 0 24 24"[39m
                [33mwidth[39m=[32m"20"[39m
                [33mxmlns[39m=[32m"http://www.w3.org/2000/svg"[39m
              [36m>[39m
                [36m<ellipse[39m
                  [33mcx[39m=[32m"12"[39m
                  [33mcy[39m=[32m"5"[39m
                  [33mrx[39m=[32m"9"[39m
                  [33mry[39m=[32m"3"[39m
                [36m/>[39m
                [36m<path[39m
                  [33md[39m=[32m"M3 12a9 3 0 0 0 5 2.69"[39m
                [36m/>[39m
                [36m<path[39m
                  [33md[39m=[32m"M21 9.3V5"[39m
                [36m/>[39m
                [36m<path[39m
                  [33md[39m=[32m"M3 5v14a9 3 0 0 0 6.47 2.88"[39m
                [36m/>[39m
                [36m<path[39m
                  [33md[39m=[32m"M12 12v4h4"[39m
                [36m/>[39m
                [36m<path[39m
                  [33md[39m=[32m"M13 20a5 5 0 0 0 9-3 4.5 4.5 0 0 0-4.5-4.5c-1.33 0-2.54.54-3.41 1.41L12 16"[39m
                [36m/>[39m
              [36m</svg>[39m
              [0mPopular com 10 produtos padrão[0m
            [36m</button>[39m
          [36m</div>[39m
        [36m</div>[39m
      [36m</div>[39m
      [36m<div[39m
        [33mclass[39m=[32m"fixed top-5 right-5 z-50 space-y-3"[39m
      [36m/>[39m
    [36m</div>[39m
  [36m</body>[39m
[36m</html>[39m
 ❯ Proxy.waitForWrapper node_modules/@testing-library/dom/dist/wait-for.js:163:27
 ❯ src/pages/products/ProductsPage.test.tsx:29:15
     27|         renderWithProviders(<ProductsPage />);
     28| 
     29|         await waitFor(() => {
       |               ^
     30|             expect(screen.getByText('Produto Teste 1')).toBeInTheDocum…
     31|         });

⎯⎯⎯⎯⎯⎯⎯⎯⎯⎯⎯⎯⎯⎯⎯⎯⎯⎯⎯⎯⎯⎯⎯⎯[2/2]⎯

 Test Files  1 failed (1)
      Tests  2 failed (2)
   Start at  17:48:02
   Duration  3.07s


 FAIL  Tests failed. Watching for file changes...
       press h to show help, press q to quit
       rerun x1
[2K[1A[2K[G[3Jc
 RERUN  src/pages/products/ProductsPage.test.tsx x2

stdout | src/test/setup.ts:8:9
[SETUP] Initializing MSW server...

 ❯ src/pages/products/ProductsPage.test.tsx  (0 test)

⎯⎯⎯⎯⎯⎯ Failed Suites 1 ⎯⎯⎯⎯⎯⎯⎯

 FAIL  src/pages/products/ProductsPage.test.tsx [ src/pages/products/ProductsPage.test.tsx ]
Error: Transform failed with 1 error:
/Users/leandrofmarques/Downloads/revo_erp_prod_8yumh0_dualiteproject/src/pages/products/ProductsPage.test.tsx:42:0: ERROR: Unterminated string literal
 ❯ failureErrorWithLog node_modules/vitest/node_modules/esbuild/lib/main.js:1472:15
 ❯ node_modules/vitest/node_modules/esbuild/lib/main.js:755:50
 ❯ responseCallbacks.<computed> node_modules/vitest/node_modules/esbuild/lib/main.js:622:9
 ❯ handleIncomingPacket node_modules/vitest/node_modules/esbuild/lib/main.js:677:12
 ❯ Socket.readFromStdout node_modules/vitest/node_modules/esbuild/lib/main.js:600:7
 ❯ Socket.emit node:events:524:28

⎯⎯⎯⎯⎯⎯⎯⎯⎯⎯⎯⎯⎯⎯⎯⎯⎯⎯⎯⎯⎯⎯⎯⎯[1/1]⎯

 Test Files  1 failed (1)
      Tests  no tests
   Start at  17:49:08
   Duration  119ms


 FAIL  Tests failed. Watching for file changes...
       press h to show help, press q to quit
       rerun x2
[2K[1A[2K[G[3Jc
 RERUN  src/pages/products/ProductsPage.test.tsx x3

stdout | src/test/setup.ts:8:9
[SETUP] Initializing MSW server...

stdout | Logger.info (/Users/leandrofmarques/Downloads/revo_erp_prod_8yumh0_dualiteproject/src/lib/logger.ts:24:21)
[INFO] [SUPABASE][CLIENT_INIT] {
  supabaseUrl: 'https://lrfwiaekipwkjkzvcnfd.supabase.co',
  anonKeyPrefix: 'eyJhbGci'
}

stdout | src/pages/products/ProductsPage.test.tsx
[SETUP] Starting MSW server...

stdout | src/pages/products/ProductsPage.test.tsx > ProductsPage Integration > MSW intercepts direct fetch
[MSW] GET user_active_empresa https://lrfwiaekipwkjkzvcnfd.supabase.co/rest/v1/user_active_empresa
Direct fetch status: 200
Direct fetch body: { empresa_id: 'empresa-1' }

stderr | src/pages/products/ProductsPage.test.tsx > ProductsPage Integration > renders the product list with data from MSW
⚠️ React Router Future Flag Warning: React Router will begin wrapping state updates in `React.startTransition` in v7. You can use the `v7_startTransition` future flag to opt-in early. For more information, see https://reactrouter.com/v6/upgrading/future#v7_starttransition.
⚠️ React Router Future Flag Warning: Relative route resolution within Splat routes is changing in v7. You can use the `v7_relativeSplatPath` future flag to opt-in early. For more information, see https://reactrouter.com/v6/upgrading/future#v7_relativesplatpath.

 ❯ src/pages/products/ProductsPage.test.tsx  (3 tests | 2 failed) 2069ms
   ❯ src/pages/products/ProductsPage.test.tsx > ProductsPage Integration > renders the product list with data from MSW
     → Unable to find an element with the text: Produto Teste 1. This could be because the text is broken up by multiple elements. In this case, you can provide a function for your text matcher to make your matcher more flexible.

Ignored nodes: comments, script, style
[36m<body>[39m
  [36m<div>[39m
    [36m<div[39m
      [33mclass[39m=[32m"p-1"[39m
    [36m>[39m
      [36m<div[39m
        [33mclass[39m=[32m"flex justify-between items-center mb-6"[39m
      [36m>[39m
        [36m<h1[39m
          [33mclass[39m=[32m"text-3xl font-bold text-gray-800"[39m
        [36m>[39m
          [0mProdutos[0m
        [36m</h1>[39m
        [36m<div[39m
          [33mclass[39m=[32m"flex items-center gap-2"[39m
        [36m>[39m
          [36m<button[39m
            [33mclass[39m=[32m"flex items-center gap-2 bg-gray-100 text-gray-700 font-semibold py-2 px-4 rounded-lg hover:bg-gray-200 transition-colors disabled:opacity-50"[39m
          [36m>[39m
            [36m<svg[39m
              [33maria-hidden[39m=[32m"true"[39m
              [33mclass[39m=[32m"lucide lucide-database-backup"[39m
              [33mfill[39m=[32m"none"[39m
              [33mheight[39m=[32m"20"[39m
              [33mstroke[39m=[32m"currentColor"[39m
              [33mstroke-linecap[39m=[32m"round"[39m
              [33mstroke-linejoin[39m=[32m"round"[39m
              [33mstroke-width[39m=[32m"2"[39m
              [33mviewBox[39m=[32m"0 0 24 24"[39m
              [33mwidth[39m=[32m"20"[39m
              [33mxmlns[39m=[32m"http://www.w3.org/2000/svg"[39m
            [36m>[39m
              [36m<ellipse[39m
                [33mcx[39m=[32m"12"[39m
                [33mcy[39m=[32m"5"[39m
                [33mrx[39m=[32m"9"[39m
                [33mry[39m=[32m"3"[39m
              [36m/>[39m
              [36m<path[39m
                [33md[39m=[32m"M3 12a9 3 0 0 0 5 2.69"[39m
              [36m/>[39m
              [36m<path[39m
                [33md[39m=[32m"M21 9.3V5"[39m
              [36m/>[39m
              [36m<path[39m
                [33md[39m=[32m"M3 5v14a9 3 0 0 0 6.47 2.88"[39m
              [36m/>[39m
              [36m<path[39m
                [33md[39m=[32m"M12 12v4h4"[39m
              [36m/>[39m
              [36m<path[39m
                [33md[39m=[32m"M13 20a5 5 0 0 0 9-3 4.5 4.5 0 0 0-4.5-4.5c-1.33 0-2.54.54-3.41 1.41L12 16"[39m
              [36m/>[39m
            [36m</svg>[39m
            [0mPopular Dados[0m
          [36m</button>[39m
          [36m<button[39m
            [33mclass[39m=[32m"flex items-center gap-2 bg-blue-600 text-white font-bold py-2 px-4 rounded-lg hover:bg-blue-700 transition-colors"[39m
          [36m>[39m
            [36m<svg[39m
              [33maria-hidden[39m=[32m"true"[39m
              [33mclass[39m=[32m"lucide lucide-circle-plus"[39m
              [33mfill[39m=[32m"none"[39m
              [33mheight[39m=[32m"20"[39m
              [33mstroke[39m=[32m"currentColor"[39m
              [33mstroke-linecap[39m=[32m"round"[39m
              [33mstroke-linejoin[39m=[32m"round"[39m
              [33mstroke-width[39m=[32m"2"[39m
              [33mviewBox[39m=[32m"0 0 24 24"[39m
              [33mwidth[39m=[32m"20"[39m
              [33mxmlns[39m=[32m"http://www.w3.org/2000/svg"[39m
            [36m>[39m
              [36m<circle[39m
                [33mcx[39m=[32m"12"[39m
                [33mcy[39m=[32m"12"[39m
                [33mr[39m=[32m"10"[39m
              [36m/>[39m
              [36m<path[39m
                [33md[39m=[32m"M8 12h8"[39m
              [36m/>[39m
              [36m<path[39m
                [33md[39m=[32m"M12 8v8"[39m
              [36m/>[39m
            [36m</svg>[39m
            [0mNovo Produto[0m
          [36m</button>[39m
        [36m</div>[39m
      [36m</div>[39m
      [36m<div[39m
        [33mclass[39m=[32m"mb-4 flex gap-4"[39m
      [36m>[39m
        [36m<div[39m
          [33mclass[39m=[32m"relative"[39m
        [36m>[39m
          [36m<svg[39m
            [33maria-hidden[39m=[32m"true"[39m
            [33mclass[39m=[32m"lucide lucide-search absolute left-3 top-1/2 -translate-y-1/2 text-gray-400"[39m
            [33mfill[39m=[32m"none"[39m
            [33mheight[39m=[32m"20"[39m
            [33mstroke[39m=[32m"currentColor"[39m
            [33mstroke-linecap[39m=[32m"round"[39m
            [33mstroke-linejoin[39m=[32m"round"[39m
            [33mstroke-width[39m=[32m"2"[39m
            [33mviewBox[39m=[32m"0 0 24 24"[39m
            [33mwidth[39m=[32m"20"[39m
            [33mxmlns[39m=[32m"http://www.w3.org/2000/svg"[39m
          [36m>[39m
            [36m<path[39m
              [33md[39m=[32m"m21 21-4.34-4.34"[39m
            [36m/>[39m
            [36m<circle[39m
              [33mcx[39m=[32m"11"[39m
              [33mcy[39m=[32m"11"[39m
              [33mr[39m=[32m"8"[39m
            [36m/>[39m
          [36m</svg>[39m
          [36m<input[39m
            [33mclass[39m=[32m"w-full max-w-sm p-3 pl-10 border border-gray-300 rounded-lg"[39m
            [33mplaceholder[39m=[32m"Buscar por nome ou SKU..."[39m
            [33mtype[39m=[32m"text"[39m
            [33mvalue[39m=[32m""[39m
          [36m/>[39m
        [36m</div>[39m
        [36m<div[39m
          [33mclass[39m=[32m"min-w-[200px]"[39m
        [36m>[39m
          [36m<div[39m
            [33mclass[39m=[32m"relative"[39m
          [36m>[39m
            [36m<select[39m
              [33mclass[39m=[32m"w-full p-3 pr-10 bg-white/80 border border-gray-300 rounded-lg focus:ring-2 focus:ring-blue-500 focus:border-blue-500 transition shadow-sm appearance-none"[39m
            [36m>[39m
              [36m<option[39m
                [33mvalue[39m=[32m""[39m
              [36m>[39m
                [0mTodos os status[0m
              [36m</option>[39m
              [36m<option[39m
                [33mvalue[39m=[32m"ativo"[39m
              [36m>[39m
                [0mAtivo[0m
              [36m</option>[39m
              [36m<option[39m
                [33mvalue[39m=[32m"inativo"[39m
              [36m>[39m
                [0mInativo[0m
              [36m</option>[39m
            [36m</select>[39m
            [36m<div[39m
              [33mclass[39m=[32m"pointer-events-none absolute inset-y-0 right-0 flex items-center px-3 text-gray-700"[39m
            [36m>[39m
              [36m<svg[39m
                [33maria-hidden[39m=[32m"true"[39m
                [33mclass[39m=[32m"lucide lucide-chevron-down"[39m
                [33mfill[39m=[32m"none"[39m
                [33mheight[39m=[32m"20"[39m
                [33mstroke[39m=[32m"currentColor"[39m
                [33mstroke-linecap[39m=[32m"round"[39m
                [33mstroke-linejoin[39m=[32m"round"[39m
                [33mstroke-width[39m=[32m"2"[39m
                [33mviewBox[39m=[32m"0 0 24 24"[39m
                [33mwidth[39m=[32m"20"[39m
                [33mxmlns[39m=[32m"http://www.w3.org/2000/svg"[39m
              [36m>[39m
                [36m<path[39m
                  [33md[39m=[32m"m6 9 6 6 6-6"[39m
                [36m/>[39m
              [36m</svg>[39m
            [36m</div>[39m
          [36m</div>[39m
        [36m</div>[39m
      [36m</div>[39m
      [36m<div[39m
        [33mclass[39m=[32m"bg-white rounded-lg shadow overflow-hidden"[39m
      [36m>[39m
        [36m<div[39m
          [33mclass[39m=[32m"h-96 flex flex-col items-center justify-center text-center text-gray-500 p-4"[39m
        [36m>[39m
          [36m<svg[39m
            [33maria-hidden[39m=[32m"true"[39m
            [33mclass[39m=[32m"lucide lucide-package mb-4"[39m
            [33mfill[39m=[32m"none"[39m
            [33mheight[39m=[32m"48"[39m
            [33mstroke[39m=[32m"currentColor"[39m
            [33mstroke-linecap[39m=[32m"round"[39m
            [33mstroke-linejoin[39m=[32m"round"[39m
            [33mstroke-width[39m=[32m"2"[39m
            [33mviewBox[39m=[32m"0 0 24 24"[39m
            [33mwidth[39m=[32m"48"[39m
            [33mxmlns[39m=[32m"http://www.w3.org/2000/svg"[39m
          [36m>[39m
            [36m<path[39m
              [33md[39m=[32m"M11 21.73a2 2 0 0 0 2 0l7-4A2 2 0 0 0 21 16V8a2 2 0 0 0-1-1.73l-7-4a2 2 0 0 0-2 0l-7 4A2 2 0 0 0 3 8v8a2 2 0 0 0 1 1.73z"[39m
            [36m/>[39m
            [36m<path[39m
              [33md[39m=[32m"M12 22V12"[39m
            [36m/>[39m
            [36m<polyline[39m
              [33mpoints[39m=[32m"3.29 7 12 12 20.71 7"[39m
            [36m/>[39m
            [36m<path[39m
              [33md[39m=[32m"m7.5 4.27 9 5.15"[39m
            [36m/>[39m
          [36m</svg>[39m
          [36m<p[39m
            [33mclass[39m=[32m"font-semibold text-lg"[39m
          [36m>[39m
            [0mNenhum produto encontrado.[0m
          [36m</p>[39m
          [36m<p[39m
            [33mclass[39m=[32m"text-sm mb-4"[39m
          [36m>[39m
            [0mComece cadastrando um novo produto ou popule com dados de exemplo.[0m
          [36m</p>[39m
          [36m<button[39m
            [33mclass[39m=[32m"mt-4 flex items-center gap-2 bg-blue-100 text-blue-700 font-bold py-2 px-4 rounded-lg hover:bg-blue-200 transition-colors disabled:opacity-50"[39m
          [36m>[39m
            [36m<svg[39m
              [33maria-hidden[39m=[32m"true"[39m
              [33mclass[39m=[32m"lucide lucide-database-backup"[39m
              [33mfill[39m=[32m"none"[39m
              [33mheight[39m=[32m"20"[39m
              [33mstroke[39m=[32m"currentColor"[39m
              [33mstroke-linecap[39m=[32m"round"[39m
              [33mstroke-linejoin[39m=[32m"round"[39m
              [33mstroke-width[39m=[32m"2"[39m
              [33mviewBox[39m=[32m"0 0 24 24"[39m
              [33mwidth[39m=[32m"20"[39m
              [33mxmlns[39m=[32m"http://www.w3.org/2000/svg"[39m
            [36m>[39m
              [36m<ellipse[39m
                [33mcx[39m=[32m"12"[39m
                [33mcy[39m=[32m"5"[39m
                [33mrx[39m=[32m"9"[39m
                [33mry[39m=[32m"3"[39m
              [36m/>[39m
              [36m<path[39m
                [33md[39m=[32m"M3 12a9 3 0 0 0 5 2.69"[39m
              [36m/>[39m
              [36m<path[39m
                [33md[39m=[32m"M21 9.3V5"[39m
              [36m/>[39m
              [36m<path[39m
                [33md[39m=[32m"M3 5v14a9 3 0 0 0 6.47 2.88"[39m
              [36m/>[39m
              [36m<path[39m
                [33md[39m=[32m"M12 12v4h4"[39m
              [36m/>[39m
              [36m<path[39m
                [33md[39m=[32m"M13 20a5 5 0 0 0 9-3 4.5 4.5 0 0 0-4.5-4.5c-1.33 0-2.54.54-3.41 1.41L12 16"[39m
              [36m/>[39m
            [36m</svg>[39m
            [0mPopular com 10 produtos padrão[0m
          [36m</button>[39m
        [36m</div>[39m
      [36m</div>[39m
    [36m</div>[39m
    [36m<div[39m
      [33mclass[39m=[32m"fixed top-5 right-5 z-50 space-y-3"[39m
    [36m/>[39m
  [36m</div>[39m
[36m</body>[39m

Ignored nodes: comments, script, style
[36m<html>[39m
  [36m<head />[39m
  [36m<body>[39m
    [36m<div>[39m
      [36m<div[39m
        [33mclass[39m=[32m"p-1"[39m
      [36m>[39m
        [36m<div[39m
          [33mclass[39m=[32m"flex justify-between items-center mb-6"[39m
        [36m>[39m
          [36m<h1[39m
            [33mclass[39m=[32m"text-3xl font-bold text-gray-800"[39m
          [36m>[39m
            [0mProdutos[0m
          [36m</h1>[39m
          [36m<div[39m
            [33mclass[39m=[32m"flex items-center gap-2"[39m
          [36m>[39m
            [36m<button[39m
              [33mclass[39m=[32m"flex items-center gap-2 bg-gray-100 text-gray-700 font-semibold py-2 px-4 rounded-lg hover:bg-gray-200 transition-colors disabled:opacity-50"[39m
            [36m>[39m
              [36m<svg[39m
                [33maria-hidden[39m=[32m"true"[39m
                [33mclass[39m=[32m"lucide lucide-database-backup"[39m
                [33mfill[39m=[32m"none"[39m
                [33mheight[39m=[32m"20"[39m
                [33mstroke[39m=[32m"currentColor"[39m
                [33mstroke-linecap[39m=[32m"round"[39m
                [33mstroke-linejoin[39m=[32m"round"[39m
                [33mstroke-width[39m=[32m"2"[39m
                [33mviewBox[39m=[32m"0 0 24 24"[39m
                [33mwidth[39m=[32m"20"[39m
                [33mxmlns[39m=[32m"http://www.w3.org/2000/svg"[39m
              [36m>[39m
                [36m<ellipse[39m
                  [33mcx[39m=[32m"12"[39m
                  [33mcy[39m=[32m"5"[39m
                  [33mrx[39m=[32m"9"[39m
                  [33mry[39m=[32m"3"[39m
                [36m/>[39m
                [36m<path[39m
                  [33md[39m=[32m"M3 12a9 3 0 0 0 5 2.69"[39m
                [36m/>[39m
                [36m<path[39m
                  [33md[39m=[32m"M21 9.3V5"[39m
                [36m/>[39m
                [36m<path[39m
                  [33md[39m=[32m"M3 5v14a9 3 0 0 0 6.47 2.88"[39m
                [36m/>[39m
                [36m<path[39m
                  [33md[39m=[32m"M12 12v4h4"[39m
                [36m/>[39m
                [36m<path[39m
                  [33md[39m=[32m"M13 20a5 5 0 0 0 9-3 4.5 4.5 0 0 0-4.5-4.5c-1.33 0-2.54.54-3.41 1.41L12 16"[39m
                [36m/>[39m
              [36m</svg>[39m
              [0mPopular Dados[0m
            [36m</button>[39m
            [36m<button[39m
              [33mclass[39m=[32m"flex items-center gap-2 bg-blue-600 text-white font-bold py-2 px-4 rounded-lg hover:bg-blue-700 transition-colors"[39m
            [36m>[39m
              [36m<svg[39m
                [33maria-hidden[39m=[32m"true"[39m
                [33mclass[39m=[32m"lucide lucide-circle-plus"[39m
                [33mfill[39m=[32m"none"[39m
                [33mheight[39m=[32m"20"[39m
                [33mstroke[39m=[32m"currentColor"[39m
                [33mstroke-linecap[39m=[32m"round"[39m
                [33mstroke-linejoin[39m=[32m"round"[39m
                [33mstroke-width[39m=[32m"2"[39m
                [33mviewBox[39m=[32m"0 0 24 24"[39m
                [33mwidth[39m=[32m"20"[39m
                [33mxmlns[39m=[32m"http://www.w3.org/2000/svg"[39m
              [36m>[39m
                [36m<circle[39m
                  [33mcx[39m=[32m"12"[39m
                  [33mcy[39m=[32m"12"[39m
                  [33mr[39m=[32m"10"[39m
                [36m/>[39m
                [36m<path[39m
                  [33md[39m=[32m"M8 12h8"[39m
                [36m/>[39m
                [36m<path[39m
                  [33md[39m=[32m"M12 8v8"[39m
                [36m/>[39m
              [36m</svg>[39m
              [0mNovo Produto[0m
            [36m</button>[39m
          [36m</div>[39m
        [36m</div>[39m
        [36m<div[39m
          [33mclass[39m=[32m"mb-4 flex gap-4"[39m
        [36m>[39m
          [36m<div[39m
            [33mclass[39m=[32m"relative"[39m
          [36m>[39m
            [36m<svg[39m
              [33maria-hidden[39m=[32m"true"[39m
              [33mclass[39m=[32m"lucide lucide-search absolute left-3 top-1/2 -translate-y-1/2 text-gray-400"[39m
              [33mfill[39m=[32m"none"[39m
              [33mheight[39m=[32m"20"[39m
              [33mstroke[39m=[32m"currentColor"[39m
              [33mstroke-linecap[39m=[32m"round"[39m
              [33mstroke-linejoin[39m=[32m"round"[39m
              [33mstroke-width[39m=[32m"2"[39m
              [33mviewBox[39m=[32m"0 0 24 24"[39m
              [33mwidth[39m=[32m"20"[39m
              [33mxmlns[39m=[32m"http://www.w3.org/2000/svg"[39m
            [36m>[39m
              [36m<path[39m
                [33md[39m=[32m"m21 21-4.34-4.34"[39m
              [36m/>[39m
              [36m<circle[39m
                [33mcx[39m=[32m"11"[39m
                [33mcy[39m=[32m"11"[39m
                [33mr[39m=[32m"8"[39m
              [36m/>[39m
            [36m</svg>[39m
            [36m<input[39m
              [33mclass[39m=[32m"w-full max-w-sm p-3 pl-10 border border-gray-300 rounded-lg"[39m
              [33mplaceholder[39m=[32m"Buscar por nome ou SKU..."[39m
              [33mtype[39m=[32m"text"[39m
              [33mvalue[39m=[32m""[39m
            [36m/>[39m
          [36m</div>[39m
          [36m<div[39m
            [33mclass[39m=[32m"min-w-[200px]"[39m
          [36m>[39m
            [36m<div[39m
              [33mclass[39m=[32m"relative"[39m
            [36m>[39m
              [36m<select[39m
                [33mclass[39m=[32m"w-full p-3 pr-10 bg-white/80 border border-gray-300 rounded-lg focus:ring-2 focus:ring-blue-500 focus:border-blue-500 transition shadow-sm appearance-none"[39m
              [36m>[39m
                [36m<option[39m
                  [33mvalue[39m=[32m""[39m
                [36m>[39m
                  [0mTodos os status[0m
                [36m</option>[39m
                [36m<option[39m
                  [33mvalue[39m=[32m"ativo"[39m
                [36m>[39m
                  [0mAtivo[0m
                [36m</option>[39m
                [36m<option[39m
                  [33mvalue[39m=[32m"inativo"[39m
                [36m>[39m
                  [0mInativo[0m
                [36m</option>[39m
              [36m</select>[39m
              [36m<div[39m
                [33mclass[39m=[32m"pointer-events-none absolute inset-y-0 right-0 flex items-center px-3 text-gray-700"[39m
              [36m>[39m
                [36m<svg[39m
                  [33maria-hidden[39m=[32m"true"[39m
                  [33mclass[39m=[32m"lucide lucide-chevron-down"[39m
                  [33mfill[39m=[32m"none"[39m
                  [33mheight[39m=[32m"20"[39m
                  [33mstroke[39m=[32m"currentColor"[39m
                  [33mstroke-linecap[39m=[32m"round"[39m
                  [33mstroke-linejoin[39m=[32m"round"[39m
                  [33mstroke-width[39m=[32m"2"[39m
                  [33mviewBox[39m=[32m"0 0 24 24"[39m
                  [33mwidth[39m=[32m"20"[39m
                  [33mxmlns[39m=[32m"http://www.w3.org/2000/svg"[39m
                [36m>[39m
                  [36m<path[39m
                    [33md[39m=[32m"m6 9 6 6 6-6"[39m
                  [36m/>[39m
                [36m</svg>[39m
              [36m</div>[39m
            [36m</div>[39m
          [36m</div>[39m
        [36m</div>[39m
        [36m<div[39m
          [33mclass[39m=[32m"bg-white rounded-lg shadow overflow-hidden"[39m
        [36m>[39m
          [36m<div[39m
            [33mclass[39m=[32m"h-96 flex flex-col items-center justify-center text-center text-gray-500 p-4"[39m
          [36m>[39m
            [36m<svg[39m
              [33maria-hidden[39m=[32m"true"[39m
              [33mclass[39m=[32m"lucide lucide-package mb-4"[39m
              [33mfill[39m=[32m"none"[39m
              [33mheight[39m=[32m"48"[39m
              [33mstroke[39m=[32m"currentColor"[39m
              [33mstroke-linecap[39m=[32m"round"[39m
              [33mstroke-linejoin[39m=[32m"round"[39m
              [33mstroke-width[39m=[32m"2"[39m
              [33mviewBox[39m=[32m"0 0 24 24"[39m
              [33mwidth[39m=[32m"48"[39m
              [33mxmlns[39m=[32m"http://www.w3.org/2000/svg"[39m
            [36m>[39m
              [36m<path[39m
                [33md[39m=[32m"M11 21.73a2 2 0 0 0 2 0l7-4A2 2 0 0 0 21 16V8a2 2 0 0 0-1-1.73l-7-4a2 2 0 0 0-2 0l-7 4A2 2 0 0 0 3 8v8a2 2 0 0 0 1 1.73z"[39m
              [36m/>[39m
              [36m<path[39m
                [33md[39m=[32m"M12 22V12"[39m
              [36m/>[39m
              [36m<polyline[39m
                [33mpoints[39m=[32m"3.29 7 12 12 20.71 7"[39m
              [36m/>[39m
              [36m<path[39m
                [33md[39m=[32m"m7.5 4.27 9 5.15"[39m
              [36m/>[39m
            [36m</svg>[39m
            [36m<p[39m
              [33mclass[39m=[32m"font-semibold text-lg"[39m
            [36m>[39m
              [0mNenhum produto encontrado.[0m
            [36m</p>[39m
            [36m<p[39m
              [33mclass[39m=[32m"text-sm mb-4"[39m
            [36m>[39m
              [0mComece cadastrando um novo produto ou popule com dados de exemplo.[0m
            [36m</p>[39m
            [36m<button[39m
              [33mclass[39m=[32m"mt-4 flex items-center gap-2 bg-blue-100 text-blue-700 font-bold py-2 px-4 rounded-lg hover:bg-blue-200 transition-colors disabled:opacity-50"[39m
            [36m>[39m
              [36m<svg[39m
                [33maria-hidden[39m=[32m"true"[39m
                [33mclass[39m=[32m"lucide lucide-database-backup"[39m
                [33mfill[39m=[32m"none"[39m
                [33mheight[39m=[32m"20"[39m
                [33mstroke[39m=[32m"currentColor"[39m
                [33mstroke-linecap[39m=[32m"round"[39m
                [33mstroke-linejoin[39m=[32m"round"[39m
                [33mstroke-width[39m=[32m"2"[39m
                [33mviewBox[39m=[32m"0 0 24 24"[39m
                [33mwidth[39m=[32m"20"[39m
                [33mxmlns[39m=[32m"http://www.w3.org/2000/svg"[39m
              [36m>[39m
                [36m<ellipse[39m
                  [33mcx[39m=[32m"12"[39m
                  [33mcy[39m=[32m"5"[39m
                  [33mrx[39m=[32m"9"[39m
                  [33mry[39m=[32m"3"[39m
                [36m/>[39m
                [36m<path[39m
                  [33md[39m=[32m"M3 12a9 3 0 0 0 5 2.69"[39m
                [36m/>[39m
                [36m<path[39m
                  [33md[39m=[32m"M21 9.3V5"[39m
                [36m/>[39m
                [36m<path[39m
                  [33md[39m=[32m"M3 5v14a9 3 0 0 0 6.47 2.88"[39m
                [36m/>[39m
                [36m<path[39m
                  [33md[39m=[32m"M12 12v4h4"[39m
                [36m/>[39m
                [36m<path[39m
                  [33md[39m=[32m"M13 20a5 5 0 0 0 9-3 4.5 4.5 0 0 0-4.5-4.5c-1.33 0-2.54.54-3.41 1.41L12 16"[39m
                [36m/>[39m
              [36m</svg>[39m
              [0mPopular com 10 produtos padrão[0m
            [36m</button>[39m
          [36m</div>[39m
        [36m</div>[39m
      [36m</div>[39m
      [36m<div[39m
        [33mclass[39m=[32m"fixed top-5 right-5 z-50 space-y-3"[39m
      [36m/>[39m
    [36m</div>[39m
  [36m</body>[39m
[36m</html>[39m
   ❯ src/pages/products/ProductsPage.test.tsx > ProductsPage Integration > filters products by search term
     → Unable to find an element with the text: Produto Teste 1. This could be because the text is broken up by multiple elements. In this case, you can provide a function for your text matcher to make your matcher more flexible.

Ignored nodes: comments, script, style
[36m<body>[39m
  [36m<div>[39m
    [36m<div[39m
      [33mclass[39m=[32m"p-1"[39m
    [36m>[39m
      [36m<div[39m
        [33mclass[39m=[32m"flex justify-between items-center mb-6"[39m
      [36m>[39m
        [36m<h1[39m
          [33mclass[39m=[32m"text-3xl font-bold text-gray-800"[39m
        [36m>[39m
          [0mProdutos[0m
        [36m</h1>[39m
        [36m<div[39m
          [33mclass[39m=[32m"flex items-center gap-2"[39m
        [36m>[39m
          [36m<button[39m
            [33mclass[39m=[32m"flex items-center gap-2 bg-gray-100 text-gray-700 font-semibold py-2 px-4 rounded-lg hover:bg-gray-200 transition-colors disabled:opacity-50"[39m
          [36m>[39m
            [36m<svg[39m
              [33maria-hidden[39m=[32m"true"[39m
              [33mclass[39m=[32m"lucide lucide-database-backup"[39m
              [33mfill[39m=[32m"none"[39m
              [33mheight[39m=[32m"20"[39m
              [33mstroke[39m=[32m"currentColor"[39m
              [33mstroke-linecap[39m=[32m"round"[39m
              [33mstroke-linejoin[39m=[32m"round"[39m
              [33mstroke-width[39m=[32m"2"[39m
              [33mviewBox[39m=[32m"0 0 24 24"[39m
              [33mwidth[39m=[32m"20"[39m
              [33mxmlns[39m=[32m"http://www.w3.org/2000/svg"[39m
            [36m>[39m
              [36m<ellipse[39m
                [33mcx[39m=[32m"12"[39m
                [33mcy[39m=[32m"5"[39m
                [33mrx[39m=[32m"9"[39m
                [33mry[39m=[32m"3"[39m
              [36m/>[39m
              [36m<path[39m
                [33md[39m=[32m"M3 12a9 3 0 0 0 5 2.69"[39m
              [36m/>[39m
              [36m<path[39m
                [33md[39m=[32m"M21 9.3V5"[39m
              [36m/>[39m
              [36m<path[39m
                [33md[39m=[32m"M3 5v14a9 3 0 0 0 6.47 2.88"[39m
              [36m/>[39m
              [36m<path[39m
                [33md[39m=[32m"M12 12v4h4"[39m
              [36m/>[39m
              [36m<path[39m
                [33md[39m=[32m"M13 20a5 5 0 0 0 9-3 4.5 4.5 0 0 0-4.5-4.5c-1.33 0-2.54.54-3.41 1.41L12 16"[39m
              [36m/>[39m
            [36m</svg>[39m
            [0mPopular Dados[0m
          [36m</button>[39m
          [36m<button[39m
            [33mclass[39m=[32m"flex items-center gap-2 bg-blue-600 text-white font-bold py-2 px-4 rounded-lg hover:bg-blue-700 transition-colors"[39m
          [36m>[39m
            [36m<svg[39m
              [33maria-hidden[39m=[32m"true"[39m
              [33mclass[39m=[32m"lucide lucide-circle-plus"[39m
              [33mfill[39m=[32m"none"[39m
              [33mheight[39m=[32m"20"[39m
              [33mstroke[39m=[32m"currentColor"[39m
              [33mstroke-linecap[39m=[32m"round"[39m
              [33mstroke-linejoin[39m=[32m"round"[39m
              [33mstroke-width[39m=[32m"2"[39m
              [33mviewBox[39m=[32m"0 0 24 24"[39m
              [33mwidth[39m=[32m"20"[39m
              [33mxmlns[39m=[32m"http://www.w3.org/2000/svg"[39m
            [36m>[39m
              [36m<circle[39m
                [33mcx[39m=[32m"12"[39m
                [33mcy[39m=[32m"12"[39m
                [33mr[39m=[32m"10"[39m
              [36m/>[39m
              [36m<path[39m
                [33md[39m=[32m"M8 12h8"[39m
              [36m/>[39m
              [36m<path[39m
                [33md[39m=[32m"M12 8v8"[39m
              [36m/>[39m
            [36m</svg>[39m
            [0mNovo Produto[0m
          [36m</button>[39m
        [36m</div>[39m
      [36m</div>[39m
      [36m<div[39m
        [33mclass[39m=[32m"mb-4 flex gap-4"[39m
      [36m>[39m
        [36m<div[39m
          [33mclass[39m=[32m"relative"[39m
        [36m>[39m
          [36m<svg[39m
            [33maria-hidden[39m=[32m"true"[39m
            [33mclass[39m=[32m"lucide lucide-search absolute left-3 top-1/2 -translate-y-1/2 text-gray-400"[39m
            [33mfill[39m=[32m"none"[39m
            [33mheight[39m=[32m"20"[39m
            [33mstroke[39m=[32m"currentColor"[39m
            [33mstroke-linecap[39m=[32m"round"[39m
            [33mstroke-linejoin[39m=[32m"round"[39m
            [33mstroke-width[39m=[32m"2"[39m
            [33mviewBox[39m=[32m"0 0 24 24"[39m
            [33mwidth[39m=[32m"20"[39m
            [33mxmlns[39m=[32m"http://www.w3.org/2000/svg"[39m
          [36m>[39m
            [36m<path[39m
              [33md[39m=[32m"m21 21-4.34-4.34"[39m
            [36m/>[39m
            [36m<circle[39m
              [33mcx[39m=[32m"11"[39m
              [33mcy[39m=[32m"11"[39m
              [33mr[39m=[32m"8"[39m
            [36m/>[39m
          [36m</svg>[39m
          [36m<input[39m
            [33mclass[39m=[32m"w-full max-w-sm p-3 pl-10 border border-gray-300 rounded-lg"[39m
            [33mplaceholder[39m=[32m"Buscar por nome ou SKU..."[39m
            [33mtype[39m=[32m"text"[39m
            [33mvalue[39m=[32m""[39m
          [36m/>[39m
        [36m</div>[39m
        [36m<div[39m
          [33mclass[39m=[32m"min-w-[200px]"[39m
        [36m>[39m
          [36m<div[39m
            [33mclass[39m=[32m"relative"[39m
          [36m>[39m
            [36m<select[39m
              [33mclass[39m=[32m"w-full p-3 pr-10 bg-white/80 border border-gray-300 rounded-lg focus:ring-2 focus:ring-blue-500 focus:border-blue-500 transition shadow-sm appearance-none"[39m
            [36m>[39m
              [36m<option[39m
                [33mvalue[39m=[32m""[39m
              [36m>[39m
                [0mTodos os status[0m
              [36m</option>[39m
              [36m<option[39m
                [33mvalue[39m=[32m"ativo"[39m
              [36m>[39m
                [0mAtivo[0m
              [36m</option>[39m
              [36m<option[39m
                [33mvalue[39m=[32m"inativo"[39m
              [36m>[39m
                [0mInativo[0m
              [36m</option>[39m
            [36m</select>[39m
            [36m<div[39m
              [33mclass[39m=[32m"pointer-events-none absolute inset-y-0 right-0 flex items-center px-3 text-gray-700"[39m
            [36m>[39m
              [36m<svg[39m
                [33maria-hidden[39m=[32m"true"[39m
                [33mclass[39m=[32m"lucide lucide-chevron-down"[39m
                [33mfill[39m=[32m"none"[39m
                [33mheight[39m=[32m"20"[39m
                [33mstroke[39m=[32m"currentColor"[39m
                [33mstroke-linecap[39m=[32m"round"[39m
                [33mstroke-linejoin[39m=[32m"round"[39m
                [33mstroke-width[39m=[32m"2"[39m
                [33mviewBox[39m=[32m"0 0 24 24"[39m
                [33mwidth[39m=[32m"20"[39m
                [33mxmlns[39m=[32m"http://www.w3.org/2000/svg"[39m
              [36m>[39m
                [36m<path[39m
                  [33md[39m=[32m"m6 9 6 6 6-6"[39m
                [36m/>[39m
              [36m</svg>[39m
            [36m</div>[39m
          [36m</div>[39m
        [36m</div>[39m
      [36m</div>[39m
      [36m<div[39m
        [33mclass[39m=[32m"bg-white rounded-lg shadow overflow-hidden"[39m
      [36m>[39m
        [36m<div[39m
          [33mclass[39m=[32m"h-96 flex flex-col items-center justify-center text-center text-gray-500 p-4"[39m
        [36m>[39m
          [36m<svg[39m
            [33maria-hidden[39m=[32m"true"[39m
            [33mclass[39m=[32m"lucide lucide-package mb-4"[39m
            [33mfill[39m=[32m"none"[39m
            [33mheight[39m=[32m"48"[39m
            [33mstroke[39m=[32m"currentColor"[39m
            [33mstroke-linecap[39m=[32m"round"[39m
            [33mstroke-linejoin[39m=[32m"round"[39m
            [33mstroke-width[39m=[32m"2"[39m
            [33mviewBox[39m=[32m"0 0 24 24"[39m
            [33mwidth[39m=[32m"48"[39m
            [33mxmlns[39m=[32m"http://www.w3.org/2000/svg"[39m
          [36m>[39m
            [36m<path[39m
              [33md[39m=[32m"M11 21.73a2 2 0 0 0 2 0l7-4A2 2 0 0 0 21 16V8a2 2 0 0 0-1-1.73l-7-4a2 2 0 0 0-2 0l-7 4A2 2 0 0 0 3 8v8a2 2 0 0 0 1 1.73z"[39m
            [36m/>[39m
            [36m<path[39m
              [33md[39m=[32m"M12 22V12"[39m
            [36m/>[39m
            [36m<polyline[39m
              [33mpoints[39m=[32m"3.29 7 12 12 20.71 7"[39m
            [36m/>[39m
            [36m<path[39m
              [33md[39m=[32m"m7.5 4.27 9 5.15"[39m
            [36m/>[39m
          [36m</svg>[39m
          [36m<p[39m
            [33mclass[39m=[32m"font-semibold text-lg"[39m
          [36m>[39m
            [0mNenhum produto encontrado.[0m
          [36m</p>[39m
          [36m<p[39m
            [33mclass[39m=[32m"text-sm mb-4"[39m
          [36m>[39m
            [0mComece cadastrando um novo produto ou popule com dados de exemplo.[0m
          [36m</p>[39m
          [36m<button[39m
            [33mclass[39m=[32m"mt-4 flex items-center gap-2 bg-blue-100 text-blue-700 font-bold py-2 px-4 rounded-lg hover:bg-blue-200 transition-colors disabled:opacity-50"[39m
          [36m>[39m
            [36m<svg[39m
              [33maria-hidden[39m=[32m"true"[39m
              [33mclass[39m=[32m"lucide lucide-database-backup"[39m
              [33mfill[39m=[32m"none"[39m
              [33mheight[39m=[32m"20"[39m
              [33mstroke[39m=[32m"currentColor"[39m
              [33mstroke-linecap[39m=[32m"round"[39m
              [33mstroke-linejoin[39m=[32m"round"[39m
              [33mstroke-width[39m=[32m"2"[39m
              [33mviewBox[39m=[32m"0 0 24 24"[39m
              [33mwidth[39m=[32m"20"[39m
              [33mxmlns[39m=[32m"http://www.w3.org/2000/svg"[39m
            [36m>[39m
              [36m<ellipse[39m
                [33mcx[39m=[32m"12"[39m
                [33mcy[39m=[32m"5"[39m
                [33mrx[39m=[32m"9"[39m
                [33mry[39m=[32m"3"[39m
              [36m/>[39m
              [36m<path[39m
                [33md[39m=[32m"M3 12a9 3 0 0 0 5 2.69"[39m
              [36m/>[39m
              [36m<path[39m
                [33md[39m=[32m"M21 9.3V5"[39m
              [36m/>[39m
              [36m<path[39m
                [33md[39m=[32m"M3 5v14a9 3 0 0 0 6.47 2.88"[39m
              [36m/>[39m
              [36m<path[39m
                [33md[39m=[32m"M12 12v4h4"[39m
              [36m/>[39m
              [36m<path[39m
                [33md[39m=[32m"M13 20a5 5 0 0 0 9-3 4.5 4.5 0 0 0-4.5-4.5c-1.33 0-2.54.54-3.41 1.41L12 16"[39m
              [36m/>[39m
            [36m</svg>[39m
            [0mPopular com 10 produtos padrão[0m
          [36m</button>[39m
        [36m</div>[39m
      [36m</div>[39m
    [36m</div>[39m
    [36m<div[39m
      [33mclass[39m=[32m"fixed top-5 right-5 z-50 space-y-3"[39m
    [36m/>[39m
  [36m</div>[39m
[36m</body>[39m

Ignored nodes: comments, script, style
[36m<html>[39m
  [36m<head />[39m
  [36m<body>[39m
    [36m<div>[39m
      [36m<div[39m
        [33mclass[39m=[32m"p-1"[39m
      [36m>[39m
        [36m<div[39m
          [33mclass[39m=[32m"flex justify-between items-center mb-6"[39m
        [36m>[39m
          [36m<h1[39m
            [33mclass[39m=[32m"text-3xl font-bold text-gray-800"[39m
          [36m>[39m
            [0mProdutos[0m
          [36m</h1>[39m
          [36m<div[39m
            [33mclass[39m=[32m"flex items-center gap-2"[39m
          [36m>[39m
            [36m<button[39m
              [33mclass[39m=[32m"flex items-center gap-2 bg-gray-100 text-gray-700 font-semibold py-2 px-4 rounded-lg hover:bg-gray-200 transition-colors disabled:opacity-50"[39m
            [36m>[39m
              [36m<svg[39m
                [33maria-hidden[39m=[32m"true"[39m
                [33mclass[39m=[32m"lucide lucide-database-backup"[39m
                [33mfill[39m=[32m"none"[39m
                [33mheight[39m=[32m"20"[39m
                [33mstroke[39m=[32m"currentColor"[39m
                [33mstroke-linecap[39m=[32m"round"[39m
                [33mstroke-linejoin[39m=[32m"round"[39m
                [33mstroke-width[39m=[32m"2"[39m
                [33mviewBox[39m=[32m"0 0 24 24"[39m
                [33mwidth[39m=[32m"20"[39m
                [33mxmlns[39m=[32m"http://www.w3.org/2000/svg"[39m
              [36m>[39m
                [36m<ellipse[39m
                  [33mcx[39m=[32m"12"[39m
                  [33mcy[39m=[32m"5"[39m
                  [33mrx[39m=[32m"9"[39m
                  [33mry[39m=[32m"3"[39m
                [36m/>[39m
                [36m<path[39m
                  [33md[39m=[32m"M3 12a9 3 0 0 0 5 2.69"[39m
                [36m/>[39m
                [36m<path[39m
                  [33md[39m=[32m"M21 9.3V5"[39m
                [36m/>[39m
                [36m<path[39m
                  [33md[39m=[32m"M3 5v14a9 3 0 0 0 6.47 2.88"[39m
                [36m/>[39m
                [36m<path[39m
                  [33md[39m=[32m"M12 12v4h4"[39m
                [36m/>[39m
                [36m<path[39m
                  [33md[39m=[32m"M13 20a5 5 0 0 0 9-3 4.5 4.5 0 0 0-4.5-4.5c-1.33 0-2.54.54-3.41 1.41L12 16"[39m
                [36m/>[39m
              [36m</svg>[39m
              [0mPopular Dados[0m
            [36m</button>[39m
            [36m<button[39m
              [33mclass[39m=[32m"flex items-center gap-2 bg-blue-600 text-white font-bold py-2 px-4 rounded-lg hover:bg-blue-700 transition-colors"[39m
            [36m>[39m
              [36m<svg[39m
                [33maria-hidden[39m=[32m"true"[39m
                [33mclass[39m=[32m"lucide lucide-circle-plus"[39m
                [33mfill[39m=[32m"none"[39m
                [33mheight[39m=[32m"20"[39m
                [33mstroke[39m=[32m"currentColor"[39m
                [33mstroke-linecap[39m=[32m"round"[39m
                [33mstroke-linejoin[39m=[32m"round"[39m
                [33mstroke-width[39m=[32m"2"[39m
                [33mviewBox[39m=[32m"0 0 24 24"[39m
                [33mwidth[39m=[32m"20"[39m
                [33mxmlns[39m=[32m"http://www.w3.org/2000/svg"[39m
              [36m>[39m
                [36m<circle[39m
                  [33mcx[39m=[32m"12"[39m
                  [33mcy[39m=[32m"12"[39m
                  [33mr[39m=[32m"10"[39m
                [36m/>[39m
                [36m<path[39m
                  [33md[39m=[32m"M8 12h8"[39m
                [36m/>[39m
                [36m<path[39m
                  [33md[39m=[32m"M12 8v8"[39m
                [36m/>[39m
              [36m</svg>[39m
              [0mNovo Produto[0m
            [36m</button>[39m
          [36m</div>[39m
        [36m</div>[39m
        [36m<div[39m
          [33mclass[39m=[32m"mb-4 flex gap-4"[39m
        [36m>[39m
          [36m<div[39m
            [33mclass[39m=[32m"relative"[39m
          [36m>[39m
            [36m<svg[39m
              [33maria-hidden[39m=[32m"true"[39m
              [33mclass[39m=[32m"lucide lucide-search absolute left-3 top-1/2 -translate-y-1/2 text-gray-400"[39m
              [33mfill[39m=[32m"none"[39m
              [33mheight[39m=[32m"20"[39m
              [33mstroke[39m=[32m"currentColor"[39m
              [33mstroke-linecap[39m=[32m"round"[39m
              [33mstroke-linejoin[39m=[32m"round"[39m
              [33mstroke-width[39m=[32m"2"[39m
              [33mviewBox[39m=[32m"0 0 24 24"[39m
              [33mwidth[39m=[32m"20"[39m
              [33mxmlns[39m=[32m"http://www.w3.org/2000/svg"[39m
            [36m>[39m
              [36m<path[39m
                [33md[39m=[32m"m21 21-4.34-4.34"[39m
              [36m/>[39m
              [36m<circle[39m
                [33mcx[39m=[32m"11"[39m
                [33mcy[39m=[32m"11"[39m
                [33mr[39m=[32m"8"[39m
              [36m/>[39m
            [36m</svg>[39m
            [36m<input[39m
              [33mclass[39m=[32m"w-full max-w-sm p-3 pl-10 border border-gray-300 rounded-lg"[39m
              [33mplaceholder[39m=[32m"Buscar por nome ou SKU..."[39m
              [33mtype[39m=[32m"text"[39m
              [33mvalue[39m=[32m""[39m
            [36m/>[39m
          [36m</div>[39m
          [36m<div[39m
            [33mclass[39m=[32m"min-w-[200px]"[39m
          [36m>[39m
            [36m<div[39m
              [33mclass[39m=[32m"relative"[39m
            [36m>[39m
              [36m<select[39m
                [33mclass[39m=[32m"w-full p-3 pr-10 bg-white/80 border border-gray-300 rounded-lg focus:ring-2 focus:ring-blue-500 focus:border-blue-500 transition shadow-sm appearance-none"[39m
              [36m>[39m
                [36m<option[39m
                  [33mvalue[39m=[32m""[39m
                [36m>[39m
                  [0mTodos os status[0m
                [36m</option>[39m
                [36m<option[39m
                  [33mvalue[39m=[32m"ativo"[39m
                [36m>[39m
                  [0mAtivo[0m
                [36m</option>[39m
                [36m<option[39m
                  [33mvalue[39m=[32m"inativo"[39m
                [36m>[39m
                  [0mInativo[0m
                [36m</option>[39m
              [36m</select>[39m
              [36m<div[39m
                [33mclass[39m=[32m"pointer-events-none absolute inset-y-0 right-0 flex items-center px-3 text-gray-700"[39m
              [36m>[39m
                [36m<svg[39m
                  [33maria-hidden[39m=[32m"true"[39m
                  [33mclass[39m=[32m"lucide lucide-chevron-down"[39m
                  [33mfill[39m=[32m"none"[39m
                  [33mheight[39m=[32m"20"[39m
                  [33mstroke[39m=[32m"currentColor"[39m
                  [33mstroke-linecap[39m=[32m"round"[39m
                  [33mstroke-linejoin[39m=[32m"round"[39m
                  [33mstroke-width[39m=[32m"2"[39m
                  [33mviewBox[39m=[32m"0 0 24 24"[39m
                  [33mwidth[39m=[32m"20"[39m
                  [33mxmlns[39m=[32m"http://www.w3.org/2000/svg"[39m
                [36m>[39m
                  [36m<path[39m
                    [33md[39m=[32m"m6 9 6 6 6-6"[39m
                  [36m/>[39m
                [36m</svg>[39m
              [36m</div>[39m
            [36m</div>[39m
          [36m</div>[39m
        [36m</div>[39m
        [36m<div[39m
          [33mclass[39m=[32m"bg-white rounded-lg shadow overflow-hidden"[39m
        [36m>[39m
          [36m<div[39m
            [33mclass[39m=[32m"h-96 flex flex-col items-center justify-center text-center text-gray-500 p-4"[39m
          [36m>[39m
            [36m<svg[39m
              [33maria-hidden[39m=[32m"true"[39m
              [33mclass[39m=[32m"lucide lucide-package mb-4"[39m
              [33mfill[39m=[32m"none"[39m
              [33mheight[39m=[32m"48"[39m
              [33mstroke[39m=[32m"currentColor"[39m
              [33mstroke-linecap[39m=[32m"round"[39m
              [33mstroke-linejoin[39m=[32m"round"[39m
              [33mstroke-width[39m=[32m"2"[39m
              [33mviewBox[39m=[32m"0 0 24 24"[39m
              [33mwidth[39m=[32m"48"[39m
              [33mxmlns[39m=[32m"http://www.w3.org/2000/svg"[39m
            [36m>[39m
              [36m<path[39m
                [33md[39m=[32m"M11 21.73a2 2 0 0 0 2 0l7-4A2 2 0 0 0 21 16V8a2 2 0 0 0-1-1.73l-7-4a2 2 0 0 0-2 0l-7 4A2 2 0 0 0 3 8v8a2 2 0 0 0 1 1.73z"[39m
              [36m/>[39m
              [36m<path[39m
                [33md[39m=[32m"M12 22V12"[39m
              [36m/>[39m
              [36m<polyline[39m
                [33mpoints[39m=[32m"3.29 7 12 12 20.71 7"[39m
              [36m/>[39m
              [36m<path[39m
                [33md[39m=[32m"m7.5 4.27 9 5.15"[39m
              [36m/>[39m
            [36m</svg>[39m
            [36m<p[39m
              [33mclass[39m=[32m"font-semibold text-lg"[39m
            [36m>[39m
              [0mNenhum produto encontrado.[0m
            [36m</p>[39m
            [36m<p[39m
              [33mclass[39m=[32m"text-sm mb-4"[39m
            [36m>[39m
              [0mComece cadastrando um novo produto ou popule com dados de exemplo.[0m
            [36m</p>[39m
            [36m<button[39m
              [33mclass[39m=[32m"mt-4 flex items-center gap-2 bg-blue-100 text-blue-700 font-bold py-2 px-4 rounded-lg hover:bg-blue-200 transition-colors disabled:opacity-50"[39m
            [36m>[39m
              [36m<svg[39m
                [33maria-hidden[39m=[32m"true"[39m
                [33mclass[39m=[32m"lucide lucide-database-backup"[39m
                [33mfill[39m=[32m"none"[39m
                [33mheight[39m=[32m"20"[39m
                [33mstroke[39m=[32m"currentColor"[39m
                [33mstroke-linecap[39m=[32m"round"[39m
                [33mstroke-linejoin[39m=[32m"round"[39m
                [33mstroke-width[39m=[32m"2"[39m
                [33mviewBox[39m=[32m"0 0 24 24"[39m
                [33mwidth[39m=[32m"20"[39m
                [33mxmlns[39m=[32m"http://www.w3.org/2000/svg"[39m
              [36m>[39m
                [36m<ellipse[39m
                  [33mcx[39m=[32m"12"[39m
                  [33mcy[39m=[32m"5"[39m
                  [33mrx[39m=[32m"9"[39m
                  [33mry[39m=[32m"3"[39m
                [36m/>[39m
                [36m<path[39m
                  [33md[39m=[32m"M3 12a9 3 0 0 0 5 2.69"[39m
                [36m/>[39m
                [36m<path[39m
                  [33md[39m=[32m"M21 9.3V5"[39m
                [36m/>[39m
                [36m<path[39m
                  [33md[39m=[32m"M3 5v14a9 3 0 0 0 6.47 2.88"[39m
                [36m/>[39m
                [36m<path[39m
                  [33md[39m=[32m"M12 12v4h4"[39m
                [36m/>[39m
                [36m<path[39m
                  [33md[39m=[32m"M13 20a5 5 0 0 0 9-3 4.5 4.5 0 0 0-4.5-4.5c-1.33 0-2.54.54-3.41 1.41L12 16"[39m
                [36m/>[39m
              [36m</svg>[39m
              [0mPopular com 10 produtos padrão[0m
            [36m</button>[39m
          [36m</div>[39m
        [36m</div>[39m
      [36m</div>[39m
      [36m<div[39m
        [33mclass[39m=[32m"fixed top-5 right-5 z-50 space-y-3"[39m
      [36m/>[39m
    [36m</div>[39m
  [36m</body>[39m
[36m</html>[39m

⎯⎯⎯⎯⎯⎯⎯ Failed Tests 2 ⎯⎯⎯⎯⎯⎯⎯

 FAIL  src/pages/products/ProductsPage.test.tsx > ProductsPage Integration > renders the product list with data from MSW
TestingLibraryElementError: Unable to find an element with the text: Produto Teste 1. This could be because the text is broken up by multiple elements. In this case, you can provide a function for your text matcher to make your matcher more flexible.

Ignored nodes: comments, script, style
[36m<body>[39m
  [36m<div>[39m
    [36m<div[39m
      [33mclass[39m=[32m"p-1"[39m
    [36m>[39m
      [36m<div[39m
        [33mclass[39m=[32m"flex justify-between items-center mb-6"[39m
      [36m>[39m
        [36m<h1[39m
          [33mclass[39m=[32m"text-3xl font-bold text-gray-800"[39m
        [36m>[39m
          [0mProdutos[0m
        [36m</h1>[39m
        [36m<div[39m
          [33mclass[39m=[32m"flex items-center gap-2"[39m
        [36m>[39m
          [36m<button[39m
            [33mclass[39m=[32m"flex items-center gap-2 bg-gray-100 text-gray-700 font-semibold py-2 px-4 rounded-lg hover:bg-gray-200 transition-colors disabled:opacity-50"[39m
          [36m>[39m
            [36m<svg[39m
              [33maria-hidden[39m=[32m"true"[39m
              [33mclass[39m=[32m"lucide lucide-database-backup"[39m
              [33mfill[39m=[32m"none"[39m
              [33mheight[39m=[32m"20"[39m
              [33mstroke[39m=[32m"currentColor"[39m
              [33mstroke-linecap[39m=[32m"round"[39m
              [33mstroke-linejoin[39m=[32m"round"[39m
              [33mstroke-width[39m=[32m"2"[39m
              [33mviewBox[39m=[32m"0 0 24 24"[39m
              [33mwidth[39m=[32m"20"[39m
              [33mxmlns[39m=[32m"http://www.w3.org/2000/svg"[39m
            [36m>[39m
              [36m<ellipse[39m
                [33mcx[39m=[32m"12"[39m
                [33mcy[39m=[32m"5"[39m
                [33mrx[39m=[32m"9"[39m
                [33mry[39m=[32m"3"[39m
              [36m/>[39m
              [36m<path[39m
                [33md[39m=[32m"M3 12a9 3 0 0 0 5 2.69"[39m
              [36m/>[39m
              [36m<path[39m
                [33md[39m=[32m"M21 9.3V5"[39m
              [36m/>[39m
              [36m<path[39m
                [33md[39m=[32m"M3 5v14a9 3 0 0 0 6.47 2.88"[39m
              [36m/>[39m
              [36m<path[39m
                [33md[39m=[32m"M12 12v4h4"[39m
              [36m/>[39m
              [36m<path[39m
                [33md[39m=[32m"M13 20a5 5 0 0 0 9-3 4.5 4.5 0 0 0-4.5-4.5c-1.33 0-2.54.54-3.41 1.41L12 16"[39m
              [36m/>[39m
            [36m</svg>[39m
            [0mPopular Dados[0m
          [36m</button>[39m
          [36m<button[39m
            [33mclass[39m=[32m"flex items-center gap-2 bg-blue-600 text-white font-bold py-2 px-4 rounded-lg hover:bg-blue-700 transition-colors"[39m
          [36m>[39m
            [36m<svg[39m
              [33maria-hidden[39m=[32m"true"[39m
              [33mclass[39m=[32m"lucide lucide-circle-plus"[39m
              [33mfill[39m=[32m"none"[39m
              [33mheight[39m=[32m"20"[39m
              [33mstroke[39m=[32m"currentColor"[39m
              [33mstroke-linecap[39m=[32m"round"[39m
              [33mstroke-linejoin[39m=[32m"round"[39m
              [33mstroke-width[39m=[32m"2"[39m
              [33mviewBox[39m=[32m"0 0 24 24"[39m
              [33mwidth[39m=[32m"20"[39m
              [33mxmlns[39m=[32m"http://www.w3.org/2000/svg"[39m
            [36m>[39m
              [36m<circle[39m
                [33mcx[39m=[32m"12"[39m
                [33mcy[39m=[32m"12"[39m
                [33mr[39m=[32m"10"[39m
              [36m/>[39m
              [36m<path[39m
                [33md[39m=[32m"M8 12h8"[39m
              [36m/>[39m
              [36m<path[39m
                [33md[39m=[32m"M12 8v8"[39m
              [36m/>[39m
            [36m</svg>[39m
            [0mNovo Produto[0m
          [36m</button>[39m
        [36m</div>[39m
      [36m</div>[39m
      [36m<div[39m
        [33mclass[39m=[32m"mb-4 flex gap-4"[39m
      [36m>[39m
        [36m<div[39m
          [33mclass[39m=[32m"relative"[39m
        [36m>[39m
          [36m<svg[39m
            [33maria-hidden[39m=[32m"true"[39m
            [33mclass[39m=[32m"lucide lucide-search absolute left-3 top-1/2 -translate-y-1/2 text-gray-400"[39m
            [33mfill[39m=[32m"none"[39m
            [33mheight[39m=[32m"20"[39m
            [33mstroke[39m=[32m"currentColor"[39m
            [33mstroke-linecap[39m=[32m"round"[39m
            [33mstroke-linejoin[39m=[32m"round"[39m
            [33mstroke-width[39m=[32m"2"[39m
            [33mviewBox[39m=[32m"0 0 24 24"[39m
            [33mwidth[39m=[32m"20"[39m
            [33mxmlns[39m=[32m"http://www.w3.org/2000/svg"[39m
          [36m>[39m
            [36m<path[39m
              [33md[39m=[32m"m21 21-4.34-4.34"[39m
            [36m/>[39m
            [36m<circle[39m
              [33mcx[39m=[32m"11"[39m
              [33mcy[39m=[32m"11"[39m
              [33mr[39m=[32m"8"[39m
            [36m/>[39m
          [36m</svg>[39m
          [36m<input[39m
            [33mclass[39m=[32m"w-full max-w-sm p-3 pl-10 border border-gray-300 rounded-lg"[39m
            [33mplaceholder[39m=[32m"Buscar por nome ou SKU..."[39m
            [33mtype[39m=[32m"text"[39m
            [33mvalue[39m=[32m""[39m
          [36m/>[39m
        [36m</div>[39m
        [36m<div[39m
          [33mclass[39m=[32m"min-w-[200px]"[39m
        [36m>[39m
          [36m<div[39m
            [33mclass[39m=[32m"relative"[39m
          [36m>[39m
            [36m<select[39m
              [33mclass[39m=[32m"w-full p-3 pr-10 bg-white/80 border border-gray-300 rounded-lg focus:ring-2 focus:ring-blue-500 focus:border-blue-500 transition shadow-sm appearance-none"[39m
            [36m>[39m
              [36m<option[39m
                [33mvalue[39m=[32m""[39m
              [36m>[39m
                [0mTodos os status[0m
              [36m</option>[39m
              [36m<option[39m
                [33mvalue[39m=[32m"ativo"[39m
              [36m>[39m
                [0mAtivo[0m
              [36m</option>[39m
              [36m<option[39m
                [33mvalue[39m=[32m"inativo"[39m
              [36m>[39m
                [0mInativo[0m
              [36m</option>[39m
            [36m</select>[39m
            [36m<div[39m
              [33mclass[39m=[32m"pointer-events-none absolute inset-y-0 right-0 flex items-center px-3 text-gray-700"[39m
            [36m>[39m
              [36m<svg[39m
                [33maria-hidden[39m=[32m"true"[39m
                [33mclass[39m=[32m"lucide lucide-chevron-down"[39m
                [33mfill[39m=[32m"none"[39m
                [33mheight[39m=[32m"20"[39m
                [33mstroke[39m=[32m"currentColor"[39m
                [33mstroke-linecap[39m=[32m"round"[39m
                [33mstroke-linejoin[39m=[32m"round"[39m
                [33mstroke-width[39m=[32m"2"[39m
                [33mviewBox[39m=[32m"0 0 24 24"[39m
                [33mwidth[39m=[32m"20"[39m
                [33mxmlns[39m=[32m"http://www.w3.org/2000/svg"[39m
              [36m>[39m
                [36m<path[39m
                  [33md[39m=[32m"m6 9 6 6 6-6"[39m
                [36m/>[39m
              [36m</svg>[39m
            [36m</div>[39m
          [36m</div>[39m
        [36m</div>[39m
      [36m</div>[39m
      [36m<div[39m
        [33mclass[39m=[32m"bg-white rounded-lg shadow overflow-hidden"[39m
      [36m>[39m
        [36m<div[39m
          [33mclass[39m=[32m"h-96 flex flex-col items-center justify-center text-center text-gray-500 p-4"[39m
        [36m>[39m
          [36m<svg[39m
            [33maria-hidden[39m=[32m"true"[39m
            [33mclass[39m=[32m"lucide lucide-package mb-4"[39m
            [33mfill[39m=[32m"none"[39m
            [33mheight[39m=[32m"48"[39m
            [33mstroke[39m=[32m"currentColor"[39m
            [33mstroke-linecap[39m=[32m"round"[39m
            [33mstroke-linejoin[39m=[32m"round"[39m
            [33mstroke-width[39m=[32m"2"[39m
            [33mviewBox[39m=[32m"0 0 24 24"[39m
            [33mwidth[39m=[32m"48"[39m
            [33mxmlns[39m=[32m"http://www.w3.org/2000/svg"[39m
          [36m>[39m
            [36m<path[39m
              [33md[39m=[32m"M11 21.73a2 2 0 0 0 2 0l7-4A2 2 0 0 0 21 16V8a2 2 0 0 0-1-1.73l-7-4a2 2 0 0 0-2 0l-7 4A2 2 0 0 0 3 8v8a2 2 0 0 0 1 1.73z"[39m
            [36m/>[39m
            [36m<path[39m
              [33md[39m=[32m"M12 22V12"[39m
            [36m/>[39m
            [36m<polyline[39m
              [33mpoints[39m=[32m"3.29 7 12 12 20.71 7"[39m
            [36m/>[39m
            [36m<path[39m
              [33md[39m=[32m"m7.5 4.27 9 5.15"[39m
            [36m/>[39m
          [36m</svg>[39m
          [36m<p[39m
            [33mclass[39m=[32m"font-semibold text-lg"[39m
          [36m>[39m
            [0mNenhum produto encontrado.[0m
          [36m</p>[39m
          [36m<p[39m
            [33mclass[39m=[32m"text-sm mb-4"[39m
          [36m>[39m
            [0mComece cadastrando um novo produto ou popule com dados de exemplo.[0m
          [36m</p>[39m
          [36m<button[39m
            [33mclass[39m=[32m"mt-4 flex items-center gap-2 bg-blue-100 text-blue-700 font-bold py-2 px-4 rounded-lg hover:bg-blue-200 transition-colors disabled:opacity-50"[39m
          [36m>[39m
            [36m<svg[39m
              [33maria-hidden[39m=[32m"true"[39m
              [33mclass[39m=[32m"lucide lucide-database-backup"[39m
              [33mfill[39m=[32m"none"[39m
              [33mheight[39m=[32m"20"[39m
              [33mstroke[39m=[32m"currentColor"[39m
              [33mstroke-linecap[39m=[32m"round"[39m
              [33mstroke-linejoin[39m=[32m"round"[39m
              [33mstroke-width[39m=[32m"2"[39m
              [33mviewBox[39m=[32m"0 0 24 24"[39m
              [33mwidth[39m=[32m"20"[39m
              [33mxmlns[39m=[32m"http://www.w3.org/2000/svg"[39m
            [36m>[39m
              [36m<ellipse[39m
                [33mcx[39m=[32m"12"[39m
                [33mcy[39m=[32m"5"[39m
                [33mrx[39m=[32m"9"[39m
                [33mry[39m=[32m"3"[39m
              [36m/>[39m
              [36m<path[39m
                [33md[39m=[32m"M3 12a9 3 0 0 0 5 2.69"[39m
              [36m/>[39m
              [36m<path[39m
                [33md[39m=[32m"M21 9.3V5"[39m
              [36m/>[39m
              [36m<path[39m
                [33md[39m=[32m"M3 5v14a9 3 0 0 0 6.47 2.88"[39m
              [36m/>[39m
              [36m<path[39m
                [33md[39m=[32m"M12 12v4h4"[39m
              [36m/>[39m
              [36m<path[39m
                [33md[39m=[32m"M13 20a5 5 0 0 0 9-3 4.5 4.5 0 0 0-4.5-4.5c-1.33 0-2.54.54-3.41 1.41L12 16"[39m
              [36m/>[39m
            [36m</svg>[39m
            [0mPopular com 10 produtos padrão[0m
          [36m</button>[39m
        [36m</div>[39m
      [36m</div>[39m
    [36m</div>[39m
    [36m<div[39m
      [33mclass[39m=[32m"fixed top-5 right-5 z-50 space-y-3"[39m
    [36m/>[39m
  [36m</div>[39m
[36m</body>[39m

Ignored nodes: comments, script, style
[36m<html>[39m
  [36m<head />[39m
  [36m<body>[39m
    [36m<div>[39m
      [36m<div[39m
        [33mclass[39m=[32m"p-1"[39m
      [36m>[39m
        [36m<div[39m
          [33mclass[39m=[32m"flex justify-between items-center mb-6"[39m
        [36m>[39m
          [36m<h1[39m
            [33mclass[39m=[32m"text-3xl font-bold text-gray-800"[39m
          [36m>[39m
            [0mProdutos[0m
          [36m</h1>[39m
          [36m<div[39m
            [33mclass[39m=[32m"flex items-center gap-2"[39m
          [36m>[39m
            [36m<button[39m
              [33mclass[39m=[32m"flex items-center gap-2 bg-gray-100 text-gray-700 font-semibold py-2 px-4 rounded-lg hover:bg-gray-200 transition-colors disabled:opacity-50"[39m
            [36m>[39m
              [36m<svg[39m
                [33maria-hidden[39m=[32m"true"[39m
                [33mclass[39m=[32m"lucide lucide-database-backup"[39m
                [33mfill[39m=[32m"none"[39m
                [33mheight[39m=[32m"20"[39m
                [33mstroke[39m=[32m"currentColor"[39m
                [33mstroke-linecap[39m=[32m"round"[39m
                [33mstroke-linejoin[39m=[32m"round"[39m
                [33mstroke-width[39m=[32m"2"[39m
                [33mviewBox[39m=[32m"0 0 24 24"[39m
                [33mwidth[39m=[32m"20"[39m
                [33mxmlns[39m=[32m"http://www.w3.org/2000/svg"[39m
              [36m>[39m
                [36m<ellipse[39m
                  [33mcx[39m=[32m"12"[39m
                  [33mcy[39m=[32m"5"[39m
                  [33mrx[39m=[32m"9"[39m
                  [33mry[39m=[32m"3"[39m
                [36m/>[39m
                [36m<path[39m
                  [33md[39m=[32m"M3 12a9 3 0 0 0 5 2.69"[39m
                [36m/>[39m
                [36m<path[39m
                  [33md[39m=[32m"M21 9.3V5"[39m
                [36m/>[39m
                [36m<path[39m
                  [33md[39m=[32m"M3 5v14a9 3 0 0 0 6.47 2.88"[39m
                [36m/>[39m
                [36m<path[39m
                  [33md[39m=[32m"M12 12v4h4"[39m
                [36m/>[39m
                [36m<path[39m
                  [33md[39m=[32m"M13 20a5 5 0 0 0 9-3 4.5 4.5 0 0 0-4.5-4.5c-1.33 0-2.54.54-3.41 1.41L12 16"[39m
                [36m/>[39m
              [36m</svg>[39m
              [0mPopular Dados[0m
            [36m</button>[39m
            [36m<button[39m
              [33mclass[39m=[32m"flex items-center gap-2 bg-blue-600 text-white font-bold py-2 px-4 rounded-lg hover:bg-blue-700 transition-colors"[39m
            [36m>[39m
              [36m<svg[39m
                [33maria-hidden[39m=[32m"true"[39m
                [33mclass[39m=[32m"lucide lucide-circle-plus"[39m
                [33mfill[39m=[32m"none"[39m
                [33mheight[39m=[32m"20"[39m
                [33mstroke[39m=[32m"currentColor"[39m
                [33mstroke-linecap[39m=[32m"round"[39m
                [33mstroke-linejoin[39m=[32m"round"[39m
                [33mstroke-width[39m=[32m"2"[39m
                [33mviewBox[39m=[32m"0 0 24 24"[39m
                [33mwidth[39m=[32m"20"[39m
                [33mxmlns[39m=[32m"http://www.w3.org/2000/svg"[39m
              [36m>[39m
                [36m<circle[39m
                  [33mcx[39m=[32m"12"[39m
                  [33mcy[39m=[32m"12"[39m
                  [33mr[39m=[32m"10"[39m
                [36m/>[39m
                [36m<path[39m
                  [33md[39m=[32m"M8 12h8"[39m
                [36m/>[39m
                [36m<path[39m
                  [33md[39m=[32m"M12 8v8"[39m
                [36m/>[39m
              [36m</svg>[39m
              [0mNovo Produto[0m
            [36m</button>[39m
          [36m</div>[39m
        [36m</div>[39m
        [36m<div[39m
          [33mclass[39m=[32m"mb-4 flex gap-4"[39m
        [36m>[39m
          [36m<div[39m
            [33mclass[39m=[32m"relative"[39m
          [36m>[39m
            [36m<svg[39m
              [33maria-hidden[39m=[32m"true"[39m
              [33mclass[39m=[32m"lucide lucide-search absolute left-3 top-1/2 -translate-y-1/2 text-gray-400"[39m
              [33mfill[39m=[32m"none"[39m
              [33mheight[39m=[32m"20"[39m
              [33mstroke[39m=[32m"currentColor"[39m
              [33mstroke-linecap[39m=[32m"round"[39m
              [33mstroke-linejoin[39m=[32m"round"[39m
              [33mstroke-width[39m=[32m"2"[39m
              [33mviewBox[39m=[32m"0 0 24 24"[39m
              [33mwidth[39m=[32m"20"[39m
              [33mxmlns[39m=[32m"http://www.w3.org/2000/svg"[39m
            [36m>[39m
              [36m<path[39m
                [33md[39m=[32m"m21 21-4.34-4.34"[39m
              [36m/>[39m
              [36m<circle[39m
                [33mcx[39m=[32m"11"[39m
                [33mcy[39m=[32m"11"[39m
                [33mr[39m=[32m"8"[39m
              [36m/>[39m
            [36m</svg>[39m
            [36m<input[39m
              [33mclass[39m=[32m"w-full max-w-sm p-3 pl-10 border border-gray-300 rounded-lg"[39m
              [33mplaceholder[39m=[32m"Buscar por nome ou SKU..."[39m
              [33mtype[39m=[32m"text"[39m
              [33mvalue[39m=[32m""[39m
            [36m/>[39m
          [36m</div>[39m
          [36m<div[39m
            [33mclass[39m=[32m"min-w-[200px]"[39m
          [36m>[39m
            [36m<div[39m
              [33mclass[39m=[32m"relative"[39m
            [36m>[39m
              [36m<select[39m
                [33mclass[39m=[32m"w-full p-3 pr-10 bg-white/80 border border-gray-300 rounded-lg focus:ring-2 focus:ring-blue-500 focus:border-blue-500 transition shadow-sm appearance-none"[39m
              [36m>[39m
                [36m<option[39m
                  [33mvalue[39m=[32m""[39m
                [36m>[39m
                  [0mTodos os status[0m
                [36m</option>[39m
                [36m<option[39m
                  [33mvalue[39m=[32m"ativo"[39m
                [36m>[39m
                  [0mAtivo[0m
                [36m</option>[39m
                [36m<option[39m
                  [33mvalue[39m=[32m"inativo"[39m
                [36m>[39m
                  [0mInativo[0m
                [36m</option>[39m
              [36m</select>[39m
              [36m<div[39m
                [33mclass[39m=[32m"pointer-events-none absolute inset-y-0 right-0 flex items-center px-3 text-gray-700"[39m
              [36m>[39m
                [36m<svg[39m
                  [33maria-hidden[39m=[32m"true"[39m
                  [33mclass[39m=[32m"lucide lucide-chevron-down"[39m
                  [33mfill[39m=[32m"none"[39m
                  [33mheight[39m=[32m"20"[39m
                  [33mstroke[39m=[32m"currentColor"[39m
                  [33mstroke-linecap[39m=[32m"round"[39m
                  [33mstroke-linejoin[39m=[32m"round"[39m
                  [33mstroke-width[39m=[32m"2"[39m
                  [33mviewBox[39m=[32m"0 0 24 24"[39m
                  [33mwidth[39m=[32m"20"[39m
                  [33mxmlns[39m=[32m"http://www.w3.org/2000/svg"[39m
                [36m>[39m
                  [36m<path[39m
                    [33md[39m=[32m"m6 9 6 6 6-6"[39m
                  [36m/>[39m
                [36m</svg>[39m
              [36m</div>[39m
            [36m</div>[39m
          [36m</div>[39m
        [36m</div>[39m
        [36m<div[39m
          [33mclass[39m=[32m"bg-white rounded-lg shadow overflow-hidden"[39m
        [36m>[39m
          [36m<div[39m
            [33mclass[39m=[32m"h-96 flex flex-col items-center justify-center text-center text-gray-500 p-4"[39m
          [36m>[39m
            [36m<svg[39m
              [33maria-hidden[39m=[32m"true"[39m
              [33mclass[39m=[32m"lucide lucide-package mb-4"[39m
              [33mfill[39m=[32m"none"[39m
              [33mheight[39m=[32m"48"[39m
              [33mstroke[39m=[32m"currentColor"[39m
              [33mstroke-linecap[39m=[32m"round"[39m
              [33mstroke-linejoin[39m=[32m"round"[39m
              [33mstroke-width[39m=[32m"2"[39m
              [33mviewBox[39m=[32m"0 0 24 24"[39m
              [33mwidth[39m=[32m"48"[39m
              [33mxmlns[39m=[32m"http://www.w3.org/2000/svg"[39m
            [36m>[39m
              [36m<path[39m
                [33md[39m=[32m"M11 21.73a2 2 0 0 0 2 0l7-4A2 2 0 0 0 21 16V8a2 2 0 0 0-1-1.73l-7-4a2 2 0 0 0-2 0l-7 4A2 2 0 0 0 3 8v8a2 2 0 0 0 1 1.73z"[39m
              [36m/>[39m
              [36m<path[39m
                [33md[39m=[32m"M12 22V12"[39m
              [36m/>[39m
              [36m<polyline[39m
                [33mpoints[39m=[32m"3.29 7 12 12 20.71 7"[39m
              [36m/>[39m
              [36m<path[39m
                [33md[39m=[32m"m7.5 4.27 9 5.15"[39m
              [36m/>[39m
            [36m</svg>[39m
            [36m<p[39m
              [33mclass[39m=[32m"font-semibold text-lg"[39m
            [36m>[39m
              [0mNenhum produto encontrado.[0m
            [36m</p>[39m
            [36m<p[39m
              [33mclass[39m=[32m"text-sm mb-4"[39m
            [36m>[39m
              [0mComece cadastrando um novo produto ou popule com dados de exemplo.[0m
            [36m</p>[39m
            [36m<button[39m
              [33mclass[39m=[32m"mt-4 flex items-center gap-2 bg-blue-100 text-blue-700 font-bold py-2 px-4 rounded-lg hover:bg-blue-200 transition-colors disabled:opacity-50"[39m
            [36m>[39m
              [36m<svg[39m
                [33maria-hidden[39m=[32m"true"[39m
                [33mclass[39m=[32m"lucide lucide-database-backup"[39m
                [33mfill[39m=[32m"none"[39m
                [33mheight[39m=[32m"20"[39m
                [33mstroke[39m=[32m"currentColor"[39m
                [33mstroke-linecap[39m=[32m"round"[39m
                [33mstroke-linejoin[39m=[32m"round"[39m
                [33mstroke-width[39m=[32m"2"[39m
                [33mviewBox[39m=[32m"0 0 24 24"[39m
                [33mwidth[39m=[32m"20"[39m
                [33mxmlns[39m=[32m"http://www.w3.org/2000/svg"[39m
              [36m>[39m
                [36m<ellipse[39m
                  [33mcx[39m=[32m"12"[39m
                  [33mcy[39m=[32m"5"[39m
                  [33mrx[39m=[32m"9"[39m
                  [33mry[39m=[32m"3"[39m
                [36m/>[39m
                [36m<path[39m
                  [33md[39m=[32m"M3 12a9 3 0 0 0 5 2.69"[39m
                [36m/>[39m
                [36m<path[39m
                  [33md[39m=[32m"M21 9.3V5"[39m
                [36m/>[39m
                [36m<path[39m
                  [33md[39m=[32m"M3 5v14a9 3 0 0 0 6.47 2.88"[39m
                [36m/>[39m
                [36m<path[39m
                  [33md[39m=[32m"M12 12v4h4"[39m
                [36m/>[39m
                [36m<path[39m
                  [33md[39m=[32m"M13 20a5 5 0 0 0 9-3 4.5 4.5 0 0 0-4.5-4.5c-1.33 0-2.54.54-3.41 1.41L12 16"[39m
                [36m/>[39m
              [36m</svg>[39m
              [0mPopular com 10 produtos padrão[0m
            [36m</button>[39m
          [36m</div>[39m
        [36m</div>[39m
      [36m</div>[39m
      [36m<div[39m
        [33mclass[39m=[32m"fixed top-5 right-5 z-50 space-y-3"[39m
      [36m/>[39m
    [36m</div>[39m
  [36m</body>[39m
[36m</html>[39m
 ❯ Proxy.waitForWrapper node_modules/@testing-library/dom/dist/wait-for.js:163:27
 ❯ src/pages/products/ProductsPage.test.tsx:21:15
     19| 
     20|         // Wait for products to appear
     21|         await waitFor(() => {
       |               ^
     22|             expect(screen.getByText('Produto Teste 1')).toBeInTheDocum…
     23|             expect(screen.getByText('SKU-001')).toBeInTheDocument();

⎯⎯⎯⎯⎯⎯⎯⎯⎯⎯⎯⎯⎯⎯⎯⎯⎯⎯⎯⎯⎯⎯⎯⎯[1/2]⎯

 FAIL  src/pages/products/ProductsPage.test.tsx > ProductsPage Integration > filters products by search term
TestingLibraryElementError: Unable to find an element with the text: Produto Teste 1. This could be because the text is broken up by multiple elements. In this case, you can provide a function for your text matcher to make your matcher more flexible.

Ignored nodes: comments, script, style
[36m<body>[39m
  [36m<div>[39m
    [36m<div[39m
      [33mclass[39m=[32m"p-1"[39m
    [36m>[39m
      [36m<div[39m
        [33mclass[39m=[32m"flex justify-between items-center mb-6"[39m
      [36m>[39m
        [36m<h1[39m
          [33mclass[39m=[32m"text-3xl font-bold text-gray-800"[39m
        [36m>[39m
          [0mProdutos[0m
        [36m</h1>[39m
        [36m<div[39m
          [33mclass[39m=[32m"flex items-center gap-2"[39m
        [36m>[39m
          [36m<button[39m
            [33mclass[39m=[32m"flex items-center gap-2 bg-gray-100 text-gray-700 font-semibold py-2 px-4 rounded-lg hover:bg-gray-200 transition-colors disabled:opacity-50"[39m
          [36m>[39m
            [36m<svg[39m
              [33maria-hidden[39m=[32m"true"[39m
              [33mclass[39m=[32m"lucide lucide-database-backup"[39m
              [33mfill[39m=[32m"none"[39m
              [33mheight[39m=[32m"20"[39m
              [33mstroke[39m=[32m"currentColor"[39m
              [33mstroke-linecap[39m=[32m"round"[39m
              [33mstroke-linejoin[39m=[32m"round"[39m
              [33mstroke-width[39m=[32m"2"[39m
              [33mviewBox[39m=[32m"0 0 24 24"[39m
              [33mwidth[39m=[32m"20"[39m
              [33mxmlns[39m=[32m"http://www.w3.org/2000/svg"[39m
            [36m>[39m
              [36m<ellipse[39m
                [33mcx[39m=[32m"12"[39m
                [33mcy[39m=[32m"5"[39m
                [33mrx[39m=[32m"9"[39m
                [33mry[39m=[32m"3"[39m
              [36m/>[39m
              [36m<path[39m
                [33md[39m=[32m"M3 12a9 3 0 0 0 5 2.69"[39m
              [36m/>[39m
              [36m<path[39m
                [33md[39m=[32m"M21 9.3V5"[39m
              [36m/>[39m
              [36m<path[39m
                [33md[39m=[32m"M3 5v14a9 3 0 0 0 6.47 2.88"[39m
              [36m/>[39m
              [36m<path[39m
                [33md[39m=[32m"M12 12v4h4"[39m
              [36m/>[39m
              [36m<path[39m
                [33md[39m=[32m"M13 20a5 5 0 0 0 9-3 4.5 4.5 0 0 0-4.5-4.5c-1.33 0-2.54.54-3.41 1.41L12 16"[39m
              [36m/>[39m
            [36m</svg>[39m
            [0mPopular Dados[0m
          [36m</button>[39m
          [36m<button[39m
            [33mclass[39m=[32m"flex items-center gap-2 bg-blue-600 text-white font-bold py-2 px-4 rounded-lg hover:bg-blue-700 transition-colors"[39m
          [36m>[39m
            [36m<svg[39m
              [33maria-hidden[39m=[32m"true"[39m
              [33mclass[39m=[32m"lucide lucide-circle-plus"[39m
              [33mfill[39m=[32m"none"[39m
              [33mheight[39m=[32m"20"[39m
              [33mstroke[39m=[32m"currentColor"[39m
              [33mstroke-linecap[39m=[32m"round"[39m
              [33mstroke-linejoin[39m=[32m"round"[39m
              [33mstroke-width[39m=[32m"2"[39m
              [33mviewBox[39m=[32m"0 0 24 24"[39m
              [33mwidth[39m=[32m"20"[39m
              [33mxmlns[39m=[32m"http://www.w3.org/2000/svg"[39m
            [36m>[39m
              [36m<circle[39m
                [33mcx[39m=[32m"12"[39m
                [33mcy[39m=[32m"12"[39m
                [33mr[39m=[32m"10"[39m
              [36m/>[39m
              [36m<path[39m
                [33md[39m=[32m"M8 12h8"[39m
              [36m/>[39m
              [36m<path[39m
                [33md[39m=[32m"M12 8v8"[39m
              [36m/>[39m
            [36m</svg>[39m
            [0mNovo Produto[0m
          [36m</button>[39m
        [36m</div>[39m
      [36m</div>[39m
      [36m<div[39m
        [33mclass[39m=[32m"mb-4 flex gap-4"[39m
      [36m>[39m
        [36m<div[39m
          [33mclass[39m=[32m"relative"[39m
        [36m>[39m
          [36m<svg[39m
            [33maria-hidden[39m=[32m"true"[39m
            [33mclass[39m=[32m"lucide lucide-search absolute left-3 top-1/2 -translate-y-1/2 text-gray-400"[39m
            [33mfill[39m=[32m"none"[39m
            [33mheight[39m=[32m"20"[39m
            [33mstroke[39m=[32m"currentColor"[39m
            [33mstroke-linecap[39m=[32m"round"[39m
            [33mstroke-linejoin[39m=[32m"round"[39m
            [33mstroke-width[39m=[32m"2"[39m
            [33mviewBox[39m=[32m"0 0 24 24"[39m
            [33mwidth[39m=[32m"20"[39m
            [33mxmlns[39m=[32m"http://www.w3.org/2000/svg"[39m
          [36m>[39m
            [36m<path[39m
              [33md[39m=[32m"m21 21-4.34-4.34"[39m
            [36m/>[39m
            [36m<circle[39m
              [33mcx[39m=[32m"11"[39m
              [33mcy[39m=[32m"11"[39m
              [33mr[39m=[32m"8"[39m
            [36m/>[39m
          [36m</svg>[39m
          [36m<input[39m
            [33mclass[39m=[32m"w-full max-w-sm p-3 pl-10 border border-gray-300 rounded-lg"[39m
            [33mplaceholder[39m=[32m"Buscar por nome ou SKU..."[39m
            [33mtype[39m=[32m"text"[39m
            [33mvalue[39m=[32m""[39m
          [36m/>[39m
        [36m</div>[39m
        [36m<div[39m
          [33mclass[39m=[32m"min-w-[200px]"[39m
        [36m>[39m
          [36m<div[39m
            [33mclass[39m=[32m"relative"[39m
          [36m>[39m
            [36m<select[39m
              [33mclass[39m=[32m"w-full p-3 pr-10 bg-white/80 border border-gray-300 rounded-lg focus:ring-2 focus:ring-blue-500 focus:border-blue-500 transition shadow-sm appearance-none"[39m
            [36m>[39m
              [36m<option[39m
                [33mvalue[39m=[32m""[39m
              [36m>[39m
                [0mTodos os status[0m
              [36m</option>[39m
              [36m<option[39m
                [33mvalue[39m=[32m"ativo"[39m
              [36m>[39m
                [0mAtivo[0m
              [36m</option>[39m
              [36m<option[39m
                [33mvalue[39m=[32m"inativo"[39m
              [36m>[39m
                [0mInativo[0m
              [36m</option>[39m
            [36m</select>[39m
            [36m<div[39m
              [33mclass[39m=[32m"pointer-events-none absolute inset-y-0 right-0 flex items-center px-3 text-gray-700"[39m
            [36m>[39m
              [36m<svg[39m
                [33maria-hidden[39m=[32m"true"[39m
                [33mclass[39m=[32m"lucide lucide-chevron-down"[39m
                [33mfill[39m=[32m"none"[39m
                [33mheight[39m=[32m"20"[39m
                [33mstroke[39m=[32m"currentColor"[39m
                [33mstroke-linecap[39m=[32m"round"[39m
                [33mstroke-linejoin[39m=[32m"round"[39m
                [33mstroke-width[39m=[32m"2"[39m
                [33mviewBox[39m=[32m"0 0 24 24"[39m
                [33mwidth[39m=[32m"20"[39m
                [33mxmlns[39m=[32m"http://www.w3.org/2000/svg"[39m
              [36m>[39m
                [36m<path[39m
                  [33md[39m=[32m"m6 9 6 6 6-6"[39m
                [36m/>[39m
              [36m</svg>[39m
            [36m</div>[39m
          [36m</div>[39m
        [36m</div>[39m
      [36m</div>[39m
      [36m<div[39m
        [33mclass[39m=[32m"bg-white rounded-lg shadow overflow-hidden"[39m
      [36m>[39m
        [36m<div[39m
          [33mclass[39m=[32m"h-96 flex flex-col items-center justify-center text-center text-gray-500 p-4"[39m
        [36m>[39m
          [36m<svg[39m
            [33maria-hidden[39m=[32m"true"[39m
            [33mclass[39m=[32m"lucide lucide-package mb-4"[39m
            [33mfill[39m=[32m"none"[39m
            [33mheight[39m=[32m"48"[39m
            [33mstroke[39m=[32m"currentColor"[39m
            [33mstroke-linecap[39m=[32m"round"[39m
            [33mstroke-linejoin[39m=[32m"round"[39m
            [33mstroke-width[39m=[32m"2"[39m
            [33mviewBox[39m=[32m"0 0 24 24"[39m
            [33mwidth[39m=[32m"48"[39m
            [33mxmlns[39m=[32m"http://www.w3.org/2000/svg"[39m
          [36m>[39m
            [36m<path[39m
              [33md[39m=[32m"M11 21.73a2 2 0 0 0 2 0l7-4A2 2 0 0 0 21 16V8a2 2 0 0 0-1-1.73l-7-4a2 2 0 0 0-2 0l-7 4A2 2 0 0 0 3 8v8a2 2 0 0 0 1 1.73z"[39m
            [36m/>[39m
            [36m<path[39m
              [33md[39m=[32m"M12 22V12"[39m
            [36m/>[39m
            [36m<polyline[39m
              [33mpoints[39m=[32m"3.29 7 12 12 20.71 7"[39m
            [36m/>[39m
            [36m<path[39m
              [33md[39m=[32m"m7.5 4.27 9 5.15"[39m
            [36m/>[39m
          [36m</svg>[39m
          [36m<p[39m
            [33mclass[39m=[32m"font-semibold text-lg"[39m
          [36m>[39m
            [0mNenhum produto encontrado.[0m
          [36m</p>[39m
          [36m<p[39m
            [33mclass[39m=[32m"text-sm mb-4"[39m
          [36m>[39m
            [0mComece cadastrando um novo produto ou popule com dados de exemplo.[0m
          [36m</p>[39m
          [36m<button[39m
            [33mclass[39m=[32m"mt-4 flex items-center gap-2 bg-blue-100 text-blue-700 font-bold py-2 px-4 rounded-lg hover:bg-blue-200 transition-colors disabled:opacity-50"[39m
          [36m>[39m
            [36m<svg[39m
              [33maria-hidden[39m=[32m"true"[39m
              [33mclass[39m=[32m"lucide lucide-database-backup"[39m
              [33mfill[39m=[32m"none"[39m
              [33mheight[39m=[32m"20"[39m
              [33mstroke[39m=[32m"currentColor"[39m
              [33mstroke-linecap[39m=[32m"round"[39m
              [33mstroke-linejoin[39m=[32m"round"[39m
              [33mstroke-width[39m=[32m"2"[39m
              [33mviewBox[39m=[32m"0 0 24 24"[39m
              [33mwidth[39m=[32m"20"[39m
              [33mxmlns[39m=[32m"http://www.w3.org/2000/svg"[39m
            [36m>[39m
              [36m<ellipse[39m
                [33mcx[39m=[32m"12"[39m
                [33mcy[39m=[32m"5"[39m
                [33mrx[39m=[32m"9"[39m
                [33mry[39m=[32m"3"[39m
              [36m/>[39m
              [36m<path[39m
                [33md[39m=[32m"M3 12a9 3 0 0 0 5 2.69"[39m
              [36m/>[39m
              [36m<path[39m
                [33md[39m=[32m"M21 9.3V5"[39m
              [36m/>[39m
              [36m<path[39m
                [33md[39m=[32m"M3 5v14a9 3 0 0 0 6.47 2.88"[39m
              [36m/>[39m
              [36m<path[39m
                [33md[39m=[32m"M12 12v4h4"[39m
              [36m/>[39m
              [36m<path[39m
                [33md[39m=[32m"M13 20a5 5 0 0 0 9-3 4.5 4.5 0 0 0-4.5-4.5c-1.33 0-2.54.54-3.41 1.41L12 16"[39m
              [36m/>[39m
            [36m</svg>[39m
            [0mPopular com 10 produtos padrão[0m
          [36m</button>[39m
        [36m</div>[39m
      [36m</div>[39m
    [36m</div>[39m
    [36m<div[39m
      [33mclass[39m=[32m"fixed top-5 right-5 z-50 space-y-3"[39m
    [36m/>[39m
  [36m</div>[39m
[36m</body>[39m

Ignored nodes: comments, script, style
[36m<html>[39m
  [36m<head />[39m
  [36m<body>[39m
    [36m<div>[39m
      [36m<div[39m
        [33mclass[39m=[32m"p-1"[39m
      [36m>[39m
        [36m<div[39m
          [33mclass[39m=[32m"flex justify-between items-center mb-6"[39m
        [36m>[39m
          [36m<h1[39m
            [33mclass[39m=[32m"text-3xl font-bold text-gray-800"[39m
          [36m>[39m
            [0mProdutos[0m
          [36m</h1>[39m
          [36m<div[39m
            [33mclass[39m=[32m"flex items-center gap-2"[39m
          [36m>[39m
            [36m<button[39m
              [33mclass[39m=[32m"flex items-center gap-2 bg-gray-100 text-gray-700 font-semibold py-2 px-4 rounded-lg hover:bg-gray-200 transition-colors disabled:opacity-50"[39m
            [36m>[39m
              [36m<svg[39m
                [33maria-hidden[39m=[32m"true"[39m
                [33mclass[39m=[32m"lucide lucide-database-backup"[39m
                [33mfill[39m=[32m"none"[39m
                [33mheight[39m=[32m"20"[39m
                [33mstroke[39m=[32m"currentColor"[39m
                [33mstroke-linecap[39m=[32m"round"[39m
                [33mstroke-linejoin[39m=[32m"round"[39m
                [33mstroke-width[39m=[32m"2"[39m
                [33mviewBox[39m=[32m"0 0 24 24"[39m
                [33mwidth[39m=[32m"20"[39m
                [33mxmlns[39m=[32m"http://www.w3.org/2000/svg"[39m
              [36m>[39m
                [36m<ellipse[39m
                  [33mcx[39m=[32m"12"[39m
                  [33mcy[39m=[32m"5"[39m
                  [33mrx[39m=[32m"9"[39m
                  [33mry[39m=[32m"3"[39m
                [36m/>[39m
                [36m<path[39m
                  [33md[39m=[32m"M3 12a9 3 0 0 0 5 2.69"[39m
                [36m/>[39m
                [36m<path[39m
                  [33md[39m=[32m"M21 9.3V5"[39m
                [36m/>[39m
                [36m<path[39m
                  [33md[39m=[32m"M3 5v14a9 3 0 0 0 6.47 2.88"[39m
                [36m/>[39m
                [36m<path[39m
                  [33md[39m=[32m"M12 12v4h4"[39m
                [36m/>[39m
                [36m<path[39m
                  [33md[39m=[32m"M13 20a5 5 0 0 0 9-3 4.5 4.5 0 0 0-4.5-4.5c-1.33 0-2.54.54-3.41 1.41L12 16"[39m
                [36m/>[39m
              [36m</svg>[39m
              [0mPopular Dados[0m
            [36m</button>[39m
            [36m<button[39m
              [33mclass[39m=[32m"flex items-center gap-2 bg-blue-600 text-white font-bold py-2 px-4 rounded-lg hover:bg-blue-700 transition-colors"[39m
            [36m>[39m
              [36m<svg[39m
                [33maria-hidden[39m=[32m"true"[39m
                [33mclass[39m=[32m"lucide lucide-circle-plus"[39m
                [33mfill[39m=[32m"none"[39m
                [33mheight[39m=[32m"20"[39m
                [33mstroke[39m=[32m"currentColor"[39m
                [33mstroke-linecap[39m=[32m"round"[39m
                [33mstroke-linejoin[39m=[32m"round"[39m
                [33mstroke-width[39m=[32m"2"[39m
                [33mviewBox[39m=[32m"0 0 24 24"[39m
                [33mwidth[39m=[32m"20"[39m
                [33mxmlns[39m=[32m"http://www.w3.org/2000/svg"[39m
              [36m>[39m
                [36m<circle[39m
                  [33mcx[39m=[32m"12"[39m
                  [33mcy[39m=[32m"12"[39m
                  [33mr[39m=[32m"10"[39m
                [36m/>[39m
                [36m<path[39m
                  [33md[39m=[32m"M8 12h8"[39m
                [36m/>[39m
                [36m<path[39m
                  [33md[39m=[32m"M12 8v8"[39m
                [36m/>[39m
              [36m</svg>[39m
              [0mNovo Produto[0m
            [36m</button>[39m
          [36m</div>[39m
        [36m</div>[39m
        [36m<div[39m
          [33mclass[39m=[32m"mb-4 flex gap-4"[39m
        [36m>[39m
          [36m<div[39m
            [33mclass[39m=[32m"relative"[39m
          [36m>[39m
            [36m<svg[39m
              [33maria-hidden[39m=[32m"true"[39m
              [33mclass[39m=[32m"lucide lucide-search absolute left-3 top-1/2 -translate-y-1/2 text-gray-400"[39m
              [33mfill[39m=[32m"none"[39m
              [33mheight[39m=[32m"20"[39m
              [33mstroke[39m=[32m"currentColor"[39m
              [33mstroke-linecap[39m=[32m"round"[39m
              [33mstroke-linejoin[39m=[32m"round"[39m
              [33mstroke-width[39m=[32m"2"[39m
              [33mviewBox[39m=[32m"0 0 24 24"[39m
              [33mwidth[39m=[32m"20"[39m
              [33mxmlns[39m=[32m"http://www.w3.org/2000/svg"[39m
            [36m>[39m
              [36m<path[39m
                [33md[39m=[32m"m21 21-4.34-4.34"[39m
              [36m/>[39m
              [36m<circle[39m
                [33mcx[39m=[32m"11"[39m
                [33mcy[39m=[32m"11"[39m
                [33mr[39m=[32m"8"[39m
              [36m/>[39m
            [36m</svg>[39m
            [36m<input[39m
              [33mclass[39m=[32m"w-full max-w-sm p-3 pl-10 border border-gray-300 rounded-lg"[39m
              [33mplaceholder[39m=[32m"Buscar por nome ou SKU..."[39m
              [33mtype[39m=[32m"text"[39m
              [33mvalue[39m=[32m""[39m
            [36m/>[39m
          [36m</div>[39m
          [36m<div[39m
            [33mclass[39m=[32m"min-w-[200px]"[39m
          [36m>[39m
            [36m<div[39m
              [33mclass[39m=[32m"relative"[39m
            [36m>[39m
              [36m<select[39m
                [33mclass[39m=[32m"w-full p-3 pr-10 bg-white/80 border border-gray-300 rounded-lg focus:ring-2 focus:ring-blue-500 focus:border-blue-500 transition shadow-sm appearance-none"[39m
              [36m>[39m
                [36m<option[39m
                  [33mvalue[39m=[32m""[39m
                [36m>[39m
                  [0mTodos os status[0m
                [36m</option>[39m
                [36m<option[39m
                  [33mvalue[39m=[32m"ativo"[39m
                [36m>[39m
                  [0mAtivo[0m
                [36m</option>[39m
                [36m<option[39m
                  [33mvalue[39m=[32m"inativo"[39m
                [36m>[39m
                  [0mInativo[0m
                [36m</option>[39m
              [36m</select>[39m
              [36m<div[39m
                [33mclass[39m=[32m"pointer-events-none absolute inset-y-0 right-0 flex items-center px-3 text-gray-700"[39m
              [36m>[39m
                [36m<svg[39m
                  [33maria-hidden[39m=[32m"true"[39m
                  [33mclass[39m=[32m"lucide lucide-chevron-down"[39m
                  [33mfill[39m=[32m"none"[39m
                  [33mheight[39m=[32m"20"[39m
                  [33mstroke[39m=[32m"currentColor"[39m
                  [33mstroke-linecap[39m=[32m"round"[39m
                  [33mstroke-linejoin[39m=[32m"round"[39m
                  [33mstroke-width[39m=[32m"2"[39m
                  [33mviewBox[39m=[32m"0 0 24 24"[39m
                  [33mwidth[39m=[32m"20"[39m
                  [33mxmlns[39m=[32m"http://www.w3.org/2000/svg"[39m
                [36m>[39m
                  [36m<path[39m
                    [33md[39m=[32m"m6 9 6 6 6-6"[39m
                  [36m/>[39m
                [36m</svg>[39m
              [36m</div>[39m
            [36m</div>[39m
          [36m</div>[39m
        [36m</div>[39m
        [36m<div[39m
          [33mclass[39m=[32m"bg-white rounded-lg shadow overflow-hidden"[39m
        [36m>[39m
          [36m<div[39m
            [33mclass[39m=[32m"h-96 flex flex-col items-center justify-center text-center text-gray-500 p-4"[39m
          [36m>[39m
            [36m<svg[39m
              [33maria-hidden[39m=[32m"true"[39m
              [33mclass[39m=[32m"lucide lucide-package mb-4"[39m
              [33mfill[39m=[32m"none"[39m
              [33mheight[39m=[32m"48"[39m
              [33mstroke[39m=[32m"currentColor"[39m
              [33mstroke-linecap[39m=[32m"round"[39m
              [33mstroke-linejoin[39m=[32m"round"[39m
              [33mstroke-width[39m=[32m"2"[39m
              [33mviewBox[39m=[32m"0 0 24 24"[39m
              [33mwidth[39m=[32m"48"[39m
              [33mxmlns[39m=[32m"http://www.w3.org/2000/svg"[39m
            [36m>[39m
              [36m<path[39m
                [33md[39m=[32m"M11 21.73a2 2 0 0 0 2 0l7-4A2 2 0 0 0 21 16V8a2 2 0 0 0-1-1.73l-7-4a2 2 0 0 0-2 0l-7 4A2 2 0 0 0 3 8v8a2 2 0 0 0 1 1.73z"[39m
              [36m/>[39m
              [36m<path[39m
                [33md[39m=[32m"M12 22V12"[39m
              [36m/>[39m
              [36m<polyline[39m
                [33mpoints[39m=[32m"3.29 7 12 12 20.71 7"[39m
              [36m/>[39m
              [36m<path[39m
                [33md[39m=[32m"m7.5 4.27 9 5.15"[39m
              [36m/>[39m
            [36m</svg>[39m
            [36m<p[39m
              [33mclass[39m=[32m"font-semibold text-lg"[39m
            [36m>[39m
              [0mNenhum produto encontrado.[0m
            [36m</p>[39m
            [36m<p[39m
              [33mclass[39m=[32m"text-sm mb-4"[39m
            [36m>[39m
              [0mComece cadastrando um novo produto ou popule com dados de exemplo.[0m
            [36m</p>[39m
            [36m<button[39m
              [33mclass[39m=[32m"mt-4 flex items-center gap-2 bg-blue-100 text-blue-700 font-bold py-2 px-4 rounded-lg hover:bg-blue-200 transition-colors disabled:opacity-50"[39m
            [36m>[39m
              [36m<svg[39m
                [33maria-hidden[39m=[32m"true"[39m
                [33mclass[39m=[32m"lucide lucide-database-backup"[39m
                [33mfill[39m=[32m"none"[39m
                [33mheight[39m=[32m"20"[39m
                [33mstroke[39m=[32m"currentColor"[39m
                [33mstroke-linecap[39m=[32m"round"[39m
                [33mstroke-linejoin[39m=[32m"round"[39m
                [33mstroke-width[39m=[32m"2"[39m
                [33mviewBox[39m=[32m"0 0 24 24"[39m
                [33mwidth[39m=[32m"20"[39m
                [33mxmlns[39m=[32m"http://www.w3.org/2000/svg"[39m
              [36m>[39m
                [36m<ellipse[39m
                  [33mcx[39m=[32m"12"[39m
                  [33mcy[39m=[32m"5"[39m
                  [33mrx[39m=[32m"9"[39m
                  [33mry[39m=[32m"3"[39m
                [36m/>[39m
                [36m<path[39m
                  [33md[39m=[32m"M3 12a9 3 0 0 0 5 2.69"[39m
                [36m/>[39m
                [36m<path[39m
                  [33md[39m=[32m"M21 9.3V5"[39m
                [36m/>[39m
                [36m<path[39m
                  [33md[39m=[32m"M3 5v14a9 3 0 0 0 6.47 2.88"[39m
                [36m/>[39m
                [36m<path[39m
                  [33md[39m=[32m"M12 12v4h4"[39m
                [36m/>[39m
                [36m<path[39m
                  [33md[39m=[32m"M13 20a5 5 0 0 0 9-3 4.5 4.5 0 0 0-4.5-4.5c-1.33 0-2.54.54-3.41 1.41L12 16"[39m
                [36m/>[39m
              [36m</svg>[39m
              [0mPopular com 10 produtos padrão[0m
            [36m</button>[39m
          [36m</div>[39m
        [36m</div>[39m
      [36m</div>[39m
      [36m<div[39m
        [33mclass[39m=[32m"fixed top-5 right-5 z-50 space-y-3"[39m
      [36m/>[39m
    [36m</div>[39m
  [36m</body>[39m
[36m</html>[39m
 ❯ Proxy.waitForWrapper node_modules/@testing-library/dom/dist/wait-for.js:163:27
 ❯ src/pages/products/ProductsPage.test.tsx:36:15
     34|         renderWithProviders(<ProductsPage />);
     35| 
     36|         await waitFor(() => {
       |               ^
     37|             expect(screen.getByText('Produto Teste 1')).toBeInTheDocum…
     38|         });

⎯⎯⎯⎯⎯⎯⎯⎯⎯⎯⎯⎯⎯⎯⎯⎯⎯⎯⎯⎯⎯⎯⎯⎯[2/2]⎯

 Test Files  1 failed (1)
      Tests  2 failed | 1 passed (3)
   Start at  17:49:25
   Duration  2.67s


 FAIL  Tests failed. Watching for file changes...
       press h to show help, press q to quit
       rerun x3
[2K[1A[2K[G[3Jc
 RERUN  src/test/utils.tsx x4

stdout | src/test/setup.ts:8:9
[SETUP] Initializing MSW server...

stdout | Logger.info (/Users/leandrofmarques/Downloads/revo_erp_prod_8yumh0_dualiteproject/src/lib/logger.ts:24:21)
[INFO] [SUPABASE][CLIENT_INIT] {
  supabaseUrl: 'https://lrfwiaekipwkjkzvcnfd.supabase.co',
  anonKeyPrefix: 'eyJhbGci'
}

stdout | src/pages/products/ProductsPage.test.tsx
[SETUP] Starting MSW server...

stdout | src/pages/products/ProductsPage.test.tsx > ProductsPage Integration > MSW intercepts direct fetch
[MSW] GET user_active_empresa https://lrfwiaekipwkjkzvcnfd.supabase.co/rest/v1/user_active_empresa
Direct fetch status: 200
Direct fetch body: { empresa_id: 'empresa-1' }

stdout | src/pages/products/ProductsPage.test.tsx > ProductsPage Integration > renders the product list with data from MSW
[DEBUG] [QUERY][empresas] fetching list 
[DEBUG] [QUERY][active_empresa] fetching 
[INFO] [AUTH][LOGIN] start { email: 'exists' }

stderr | src/pages/products/ProductsPage.test.tsx > ProductsPage Integration > renders the product list with data from MSW
⚠️ React Router Future Flag Warning: React Router will begin wrapping state updates in `React.startTransition` in v7. You can use the `v7_startTransition` future flag to opt-in early. For more information, see https://reactrouter.com/v6/upgrading/future#v7_starttransition.
⚠️ React Router Future Flag Warning: Relative route resolution within Splat routes is changing in v7. You can use the `v7_relativeSplatPath` future flag to opt-in early. For more information, see https://reactrouter.com/v6/upgrading/future#v7_relativesplatpath.

stdout | src/pages/products/ProductsPage.test.tsx > ProductsPage Integration > renders the product list with data from MSW
<empty line>
stderr | src/pages/products/ProductsPage.test.tsx > ProductsPage Integration > renders the product list with data from MSW
[WARN] [QUERY][active_empresa] error {
  code: 'PGRST301',
  details: null,
  hint: null,
  message: 'Expected 3 parts in JWT; got 1'
}

stderr | src/pages/products/ProductsPage.test.tsx > ProductsPage Integration > renders the product list with data from MSW
[ERROR] [QUERY][empresas] list error {
  code: 'PGRST301',
  details: null,
  hint: null,
  message: 'Expected 3 parts in JWT; got 1'
} 

stdout | src/pages/products/ProductsPage.test.tsx > ProductsPage Integration > renders the product list with data from MSW
[INFO] [MUTATION][bootstrap] start 

stdout | src/pages/products/ProductsPage.test.tsx > ProductsPage Integration > filters products by search term
[DEBUG] [QUERY][empresas] fetching list 
[DEBUG] [QUERY][active_empresa] fetching 
[INFO] [AUTH][LOGIN] start { email: 'exists' }

stderr | src/pages/products/ProductsPage.test.tsx > ProductsPage Integration > filters products by search term
[ERROR] [MUTATION][bootstrap] error {
  code: 'PGRST301',
  details: null,
  hint: null,
  message: 'Expected 3 parts in JWT; got 1'
} 

stdout | src/pages/products/ProductsPage.test.tsx > ProductsPage Integration > filters products by search term
<empty line>
stderr | src/pages/products/ProductsPage.test.tsx > ProductsPage Integration > filters products by search term
[ERROR] [QUERY][empresas] list error {
  code: 'PGRST301',
  details: null,
  hint: null,
  message: 'Expected 3 parts in JWT; got 1'
} 

stdout | src/pages/products/ProductsPage.test.tsx > ProductsPage Integration > filters products by search term
[INFO] [MUTATION][bootstrap] start 

stderr | src/pages/products/ProductsPage.test.tsx > ProductsPage Integration > filters products by search term
[WARN] [QUERY][active_empresa] error {
  code: 'PGRST301',
  details: null,
  hint: null,
  message: 'Expected 3 parts in JWT; got 1'
}

stdout | src/pages/products/ProductsPage.test.tsx > ProductsPage Integration > filters products by search term
<empty line>
stderr | src/pages/products/ProductsPage.test.tsx > ProductsPage Integration > filters products by search term
[ERROR] [MUTATION][bootstrap] error {
  code: 'PGRST301',
  details: null,
  hint: null,
  message: 'Expected 3 parts in JWT; got 1'
} 

 ❯ src/pages/products/ProductsPage.test.tsx  (3 tests | 2 failed) 2091ms
   ❯ src/pages/products/ProductsPage.test.tsx > ProductsPage Integration > renders the product list with data from MSW
     → Unable to find an element with the text: Produto Teste 1. This could be because the text is broken up by multiple elements. In this case, you can provide a function for your text matcher to make your matcher more flexible.

Ignored nodes: comments, script, style
[36m<body>[39m
  [36m<div>[39m
    [36m<div[39m
      [33mclass[39m=[32m"p-1"[39m
    [36m>[39m
      [36m<div[39m
        [33mclass[39m=[32m"flex justify-between items-center mb-6"[39m
      [36m>[39m
        [36m<h1[39m
          [33mclass[39m=[32m"text-3xl font-bold text-gray-800"[39m
        [36m>[39m
          [0mProdutos[0m
        [36m</h1>[39m
        [36m<div[39m
          [33mclass[39m=[32m"flex items-center gap-2"[39m
        [36m>[39m
          [36m<button[39m
            [33mclass[39m=[32m"flex items-center gap-2 bg-gray-100 text-gray-700 font-semibold py-2 px-4 rounded-lg hover:bg-gray-200 transition-colors disabled:opacity-50"[39m
          [36m>[39m
            [36m<svg[39m
              [33maria-hidden[39m=[32m"true"[39m
              [33mclass[39m=[32m"lucide lucide-database-backup"[39m
              [33mfill[39m=[32m"none"[39m
              [33mheight[39m=[32m"20"[39m
              [33mstroke[39m=[32m"currentColor"[39m
              [33mstroke-linecap[39m=[32m"round"[39m
              [33mstroke-linejoin[39m=[32m"round"[39m
              [33mstroke-width[39m=[32m"2"[39m
              [33mviewBox[39m=[32m"0 0 24 24"[39m
              [33mwidth[39m=[32m"20"[39m
              [33mxmlns[39m=[32m"http://www.w3.org/2000/svg"[39m
            [36m>[39m
              [36m<ellipse[39m
                [33mcx[39m=[32m"12"[39m
                [33mcy[39m=[32m"5"[39m
                [33mrx[39m=[32m"9"[39m
                [33mry[39m=[32m"3"[39m
              [36m/>[39m
              [36m<path[39m
                [33md[39m=[32m"M3 12a9 3 0 0 0 5 2.69"[39m
              [36m/>[39m
              [36m<path[39m
                [33md[39m=[32m"M21 9.3V5"[39m
              [36m/>[39m
              [36m<path[39m
                [33md[39m=[32m"M3 5v14a9 3 0 0 0 6.47 2.88"[39m
              [36m/>[39m
              [36m<path[39m
                [33md[39m=[32m"M12 12v4h4"[39m
              [36m/>[39m
              [36m<path[39m
                [33md[39m=[32m"M13 20a5 5 0 0 0 9-3 4.5 4.5 0 0 0-4.5-4.5c-1.33 0-2.54.54-3.41 1.41L12 16"[39m
              [36m/>[39m
            [36m</svg>[39m
            [0mPopular Dados[0m
          [36m</button>[39m
          [36m<button[39m
            [33mclass[39m=[32m"flex items-center gap-2 bg-blue-600 text-white font-bold py-2 px-4 rounded-lg hover:bg-blue-700 transition-colors"[39m
          [36m>[39m
            [36m<svg[39m
              [33maria-hidden[39m=[32m"true"[39m
              [33mclass[39m=[32m"lucide lucide-circle-plus"[39m
              [33mfill[39m=[32m"none"[39m
              [33mheight[39m=[32m"20"[39m
              [33mstroke[39m=[32m"currentColor"[39m
              [33mstroke-linecap[39m=[32m"round"[39m
              [33mstroke-linejoin[39m=[32m"round"[39m
              [33mstroke-width[39m=[32m"2"[39m
              [33mviewBox[39m=[32m"0 0 24 24"[39m
              [33mwidth[39m=[32m"20"[39m
              [33mxmlns[39m=[32m"http://www.w3.org/2000/svg"[39m
            [36m>[39m
              [36m<circle[39m
                [33mcx[39m=[32m"12"[39m
                [33mcy[39m=[32m"12"[39m
                [33mr[39m=[32m"10"[39m
              [36m/>[39m
              [36m<path[39m
                [33md[39m=[32m"M8 12h8"[39m
              [36m/>[39m
              [36m<path[39m
                [33md[39m=[32m"M12 8v8"[39m
              [36m/>[39m
            [36m</svg>[39m
            [0mNovo Produto[0m
          [36m</button>[39m
        [36m</div>[39m
      [36m</div>[39m
      [36m<div[39m
        [33mclass[39m=[32m"mb-4 flex gap-4"[39m
      [36m>[39m
        [36m<div[39m
          [33mclass[39m=[32m"relative"[39m
        [36m>[39m
          [36m<svg[39m
            [33maria-hidden[39m=[32m"true"[39m
            [33mclass[39m=[32m"lucide lucide-search absolute left-3 top-1/2 -translate-y-1/2 text-gray-400"[39m
            [33mfill[39m=[32m"none"[39m
            [33mheight[39m=[32m"20"[39m
            [33mstroke[39m=[32m"currentColor"[39m
            [33mstroke-linecap[39m=[32m"round"[39m
            [33mstroke-linejoin[39m=[32m"round"[39m
            [33mstroke-width[39m=[32m"2"[39m
            [33mviewBox[39m=[32m"0 0 24 24"[39m
            [33mwidth[39m=[32m"20"[39m
            [33mxmlns[39m=[32m"http://www.w3.org/2000/svg"[39m
          [36m>[39m
            [36m<path[39m
              [33md[39m=[32m"m21 21-4.34-4.34"[39m
            [36m/>[39m
            [36m<circle[39m
              [33mcx[39m=[32m"11"[39m
              [33mcy[39m=[32m"11"[39m
              [33mr[39m=[32m"8"[39m
            [36m/>[39m
          [36m</svg>[39m
          [36m<input[39m
            [33mclass[39m=[32m"w-full max-w-sm p-3 pl-10 border border-gray-300 rounded-lg"[39m
            [33mplaceholder[39m=[32m"Buscar por nome ou SKU..."[39m
            [33mtype[39m=[32m"text"[39m
            [33mvalue[39m=[32m""[39m
          [36m/>[39m
        [36m</div>[39m
        [36m<div[39m
          [33mclass[39m=[32m"min-w-[200px]"[39m
        [36m>[39m
          [36m<div[39m
            [33mclass[39m=[32m"relative"[39m
          [36m>[39m
            [36m<select[39m
              [33mclass[39m=[32m"w-full p-3 pr-10 bg-white/80 border border-gray-300 rounded-lg focus:ring-2 focus:ring-blue-500 focus:border-blue-500 transition shadow-sm appearance-none"[39m
            [36m>[39m
              [36m<option[39m
                [33mvalue[39m=[32m""[39m
              [36m>[39m
                [0mTodos os status[0m
              [36m</option>[39m
              [36m<option[39m
                [33mvalue[39m=[32m"ativo"[39m
              [36m>[39m
                [0mAtivo[0m
              [36m</option>[39m
              [36m<option[39m
                [33mvalue[39m=[32m"inativo"[39m
              [36m>[39m
                [0mInativo[0m
              [36m</option>[39m
            [36m</select>[39m
            [36m<div[39m
              [33mclass[39m=[32m"pointer-events-none absolute inset-y-0 right-0 flex items-center px-3 text-gray-700"[39m
            [36m>[39m
              [36m<svg[39m
                [33maria-hidden[39m=[32m"true"[39m
                [33mclass[39m=[32m"lucide lucide-chevron-down"[39m
                [33mfill[39m=[32m"none"[39m
                [33mheight[39m=[32m"20"[39m
                [33mstroke[39m=[32m"currentColor"[39m
                [33mstroke-linecap[39m=[32m"round"[39m
                [33mstroke-linejoin[39m=[32m"round"[39m
                [33mstroke-width[39m=[32m"2"[39m
                [33mviewBox[39m=[32m"0 0 24 24"[39m
                [33mwidth[39m=[32m"20"[39m
                [33mxmlns[39m=[32m"http://www.w3.org/2000/svg"[39m
              [36m>[39m
                [36m<path[39m
                  [33md[39m=[32m"m6 9 6 6 6-6"[39m
                [36m/>[39m
              [36m</svg>[39m
            [36m</div>[39m
          [36m</div>[39m
        [36m</div>[39m
      [36m</div>[39m
      [36m<div[39m
        [33mclass[39m=[32m"bg-white rounded-lg shadow overflow-hidden"[39m
      [36m>[39m
        [36m<div[39m
          [33mclass[39m=[32m"h-96 flex flex-col items-center justify-center text-center text-gray-500 p-4"[39m
        [36m>[39m
          [36m<svg[39m
            [33maria-hidden[39m=[32m"true"[39m
            [33mclass[39m=[32m"lucide lucide-package mb-4"[39m
            [33mfill[39m=[32m"none"[39m
            [33mheight[39m=[32m"48"[39m
            [33mstroke[39m=[32m"currentColor"[39m
            [33mstroke-linecap[39m=[32m"round"[39m
            [33mstroke-linejoin[39m=[32m"round"[39m
            [33mstroke-width[39m=[32m"2"[39m
            [33mviewBox[39m=[32m"0 0 24 24"[39m
            [33mwidth[39m=[32m"48"[39m
            [33mxmlns[39m=[32m"http://www.w3.org/2000/svg"[39m
          [36m>[39m
            [36m<path[39m
              [33md[39m=[32m"M11 21.73a2 2 0 0 0 2 0l7-4A2 2 0 0 0 21 16V8a2 2 0 0 0-1-1.73l-7-4a2 2 0 0 0-2 0l-7 4A2 2 0 0 0 3 8v8a2 2 0 0 0 1 1.73z"[39m
            [36m/>[39m
            [36m<path[39m
              [33md[39m=[32m"M12 22V12"[39m
            [36m/>[39m
            [36m<polyline[39m
              [33mpoints[39m=[32m"3.29 7 12 12 20.71 7"[39m
            [36m/>[39m
            [36m<path[39m
              [33md[39m=[32m"m7.5 4.27 9 5.15"[39m
            [36m/>[39m
          [36m</svg>[39m
          [36m<p[39m
            [33mclass[39m=[32m"font-semibold text-lg"[39m
          [36m>[39m
            [0mNenhum produto encontrado.[0m
          [36m</p>[39m
          [36m<p[39m
            [33mclass[39m=[32m"text-sm mb-4"[39m
          [36m>[39m
            [0mComece cadastrando um novo produto ou popule com dados de exemplo.[0m
          [36m</p>[39m
          [36m<button[39m
            [33mclass[39m=[32m"mt-4 flex items-center gap-2 bg-blue-100 text-blue-700 font-bold py-2 px-4 rounded-lg hover:bg-blue-200 transition-colors disabled:opacity-50"[39m
          [36m>[39m
            [36m<svg[39m
              [33maria-hidden[39m=[32m"true"[39m
              [33mclass[39m=[32m"lucide lucide-database-backup"[39m
              [33mfill[39m=[32m"none"[39m
              [33mheight[39m=[32m"20"[39m
              [33mstroke[39m=[32m"currentColor"[39m
              [33mstroke-linecap[39m=[32m"round"[39m
              [33mstroke-linejoin[39m=[32m"round"[39m
              [33mstroke-width[39m=[32m"2"[39m
              [33mviewBox[39m=[32m"0 0 24 24"[39m
              [33mwidth[39m=[32m"20"[39m
              [33mxmlns[39m=[32m"http://www.w3.org/2000/svg"[39m
            [36m>[39m
              [36m<ellipse[39m
                [33mcx[39m=[32m"12"[39m
                [33mcy[39m=[32m"5"[39m
                [33mrx[39m=[32m"9"[39m
                [33mry[39m=[32m"3"[39m
              [36m/>[39m
              [36m<path[39m
                [33md[39m=[32m"M3 12a9 3 0 0 0 5 2.69"[39m
              [36m/>[39m
              [36m<path[39m
                [33md[39m=[32m"M21 9.3V5"[39m
              [36m/>[39m
              [36m<path[39m
                [33md[39m=[32m"M3 5v14a9 3 0 0 0 6.47 2.88"[39m
              [36m/>[39m
              [36m<path[39m
                [33md[39m=[32m"M12 12v4h4"[39m
              [36m/>[39m
              [36m<path[39m
                [33md[39m=[32m"M13 20a5 5 0 0 0 9-3 4.5 4.5 0 0 0-4.5-4.5c-1.33 0-2.54.54-3.41 1.41L12 16"[39m
              [36m/>[39m
            [36m</svg>[39m
            [0mPopular com 10 produtos padrão[0m
          [36m</button>[39m
        [36m</div>[39m
      [36m</div>[39m
    [36m</div>[39m
    [36m<div[39m
      [33mclass[39m=[32m"fixed top-5 right-5 z-50 space-y-3"[39m
    [36m/>[39m
  [36m</div>[39m
[36m</body>[39m

Ignored nodes: comments, script, style
[36m<html>[39m
  [36m<head />[39m
  [36m<body>[39m
    [36m<div>[39m
      [36m<div[39m
        [33mclass[39m=[32m"p-1"[39m
      [36m>[39m
        [36m<div[39m
          [33mclass[39m=[32m"flex justify-between items-center mb-6"[39m
        [36m>[39m
          [36m<h1[39m
            [33mclass[39m=[32m"text-3xl font-bold text-gray-800"[39m
          [36m>[39m
            [0mProdutos[0m
          [36m</h1>[39m
          [36m<div[39m
            [33mclass[39m=[32m"flex items-center gap-2"[39m
          [36m>[39m
            [36m<button[39m
              [33mclass[39m=[32m"flex items-center gap-2 bg-gray-100 text-gray-700 font-semibold py-2 px-4 rounded-lg hover:bg-gray-200 transition-colors disabled:opacity-50"[39m
            [36m>[39m
              [36m<svg[39m
                [33maria-hidden[39m=[32m"true"[39m
                [33mclass[39m=[32m"lucide lucide-database-backup"[39m
                [33mfill[39m=[32m"none"[39m
                [33mheight[39m=[32m"20"[39m
                [33mstroke[39m=[32m"currentColor"[39m
                [33mstroke-linecap[39m=[32m"round"[39m
                [33mstroke-linejoin[39m=[32m"round"[39m
                [33mstroke-width[39m=[32m"2"[39m
                [33mviewBox[39m=[32m"0 0 24 24"[39m
                [33mwidth[39m=[32m"20"[39m
                [33mxmlns[39m=[32m"http://www.w3.org/2000/svg"[39m
              [36m>[39m
                [36m<ellipse[39m
                  [33mcx[39m=[32m"12"[39m
                  [33mcy[39m=[32m"5"[39m
                  [33mrx[39m=[32m"9"[39m
                  [33mry[39m=[32m"3"[39m
                [36m/>[39m
                [36m<path[39m
                  [33md[39m=[32m"M3 12a9 3 0 0 0 5 2.69"[39m
                [36m/>[39m
                [36m<path[39m
                  [33md[39m=[32m"M21 9.3V5"[39m
                [36m/>[39m
                [36m<path[39m
                  [33md[39m=[32m"M3 5v14a9 3 0 0 0 6.47 2.88"[39m
                [36m/>[39m
                [36m<path[39m
                  [33md[39m=[32m"M12 12v4h4"[39m
                [36m/>[39m
                [36m<path[39m
                  [33md[39m=[32m"M13 20a5 5 0 0 0 9-3 4.5 4.5 0 0 0-4.5-4.5c-1.33 0-2.54.54-3.41 1.41L12 16"[39m
                [36m/>[39m
              [36m</svg>[39m
              [0mPopular Dados[0m
            [36m</button>[39m
            [36m<button[39m
              [33mclass[39m=[32m"flex items-center gap-2 bg-blue-600 text-white font-bold py-2 px-4 rounded-lg hover:bg-blue-700 transition-colors"[39m
            [36m>[39m
              [36m<svg[39m
                [33maria-hidden[39m=[32m"true"[39m
                [33mclass[39m=[32m"lucide lucide-circle-plus"[39m
                [33mfill[39m=[32m"none"[39m
                [33mheight[39m=[32m"20"[39m
                [33mstroke[39m=[32m"currentColor"[39m
                [33mstroke-linecap[39m=[32m"round"[39m
                [33mstroke-linejoin[39m=[32m"round"[39m
                [33mstroke-width[39m=[32m"2"[39m
                [33mviewBox[39m=[32m"0 0 24 24"[39m
                [33mwidth[39m=[32m"20"[39m
                [33mxmlns[39m=[32m"http://www.w3.org/2000/svg"[39m
              [36m>[39m
                [36m<circle[39m
                  [33mcx[39m=[32m"12"[39m
                  [33mcy[39m=[32m"12"[39m
                  [33mr[39m=[32m"10"[39m
                [36m/>[39m
                [36m<path[39m
                  [33md[39m=[32m"M8 12h8"[39m
                [36m/>[39m
                [36m<path[39m
                  [33md[39m=[32m"M12 8v8"[39m
                [36m/>[39m
              [36m</svg>[39m
              [0mNovo Produto[0m
            [36m</button>[39m
          [36m</div>[39m
        [36m</div>[39m
        [36m<div[39m
          [33mclass[39m=[32m"mb-4 flex gap-4"[39m
        [36m>[39m
          [36m<div[39m
            [33mclass[39m=[32m"relative"[39m
          [36m>[39m
            [36m<svg[39m
              [33maria-hidden[39m=[32m"true"[39m
              [33mclass[39m=[32m"lucide lucide-search absolute left-3 top-1/2 -translate-y-1/2 text-gray-400"[39m
              [33mfill[39m=[32m"none"[39m
              [33mheight[39m=[32m"20"[39m
              [33mstroke[39m=[32m"currentColor"[39m
              [33mstroke-linecap[39m=[32m"round"[39m
              [33mstroke-linejoin[39m=[32m"round"[39m
              [33mstroke-width[39m=[32m"2"[39m
              [33mviewBox[39m=[32m"0 0 24 24"[39m
              [33mwidth[39m=[32m"20"[39m
              [33mxmlns[39m=[32m"http://www.w3.org/2000/svg"[39m
            [36m>[39m
              [36m<path[39m
                [33md[39m=[32m"m21 21-4.34-4.34"[39m
              [36m/>[39m
              [36m<circle[39m
                [33mcx[39m=[32m"11"[39m
                [33mcy[39m=[32m"11"[39m
                [33mr[39m=[32m"8"[39m
              [36m/>[39m
            [36m</svg>[39m
            [36m<input[39m
              [33mclass[39m=[32m"w-full max-w-sm p-3 pl-10 border border-gray-300 rounded-lg"[39m
              [33mplaceholder[39m=[32m"Buscar por nome ou SKU..."[39m
              [33mtype[39m=[32m"text"[39m
              [33mvalue[39m=[32m""[39m
            [36m/>[39m
          [36m</div>[39m
          [36m<div[39m
            [33mclass[39m=[32m"min-w-[200px]"[39m
          [36m>[39m
            [36m<div[39m
              [33mclass[39m=[32m"relative"[39m
            [36m>[39m
              [36m<select[39m
                [33mclass[39m=[32m"w-full p-3 pr-10 bg-white/80 border border-gray-300 rounded-lg focus:ring-2 focus:ring-blue-500 focus:border-blue-500 transition shadow-sm appearance-none"[39m
              [36m>[39m
                [36m<option[39m
                  [33mvalue[39m=[32m""[39m
                [36m>[39m
                  [0mTodos os status[0m
                [36m</option>[39m
                [36m<option[39m
                  [33mvalue[39m=[32m"ativo"[39m
                [36m>[39m
                  [0mAtivo[0m
                [36m</option>[39m
                [36m<option[39m
                  [33mvalue[39m=[32m"inativo"[39m
                [36m>[39m
                  [0mInativo[0m
                [36m</option>[39m
              [36m</select>[39m
              [36m<div[39m
                [33mclass[39m=[32m"pointer-events-none absolute inset-y-0 right-0 flex items-center px-3 text-gray-700"[39m
              [36m>[39m
                [36m<svg[39m
                  [33maria-hidden[39m=[32m"true"[39m
                  [33mclass[39m=[32m"lucide lucide-chevron-down"[39m
                  [33mfill[39m=[32m"none"[39m
                  [33mheight[39m=[32m"20"[39m
                  [33mstroke[39m=[32m"currentColor"[39m
                  [33mstroke-linecap[39m=[32m"round"[39m
                  [33mstroke-linejoin[39m=[32m"round"[39m
                  [33mstroke-width[39m=[32m"2"[39m
                  [33mviewBox[39m=[32m"0 0 24 24"[39m
                  [33mwidth[39m=[32m"20"[39m
                  [33mxmlns[39m=[32m"http://www.w3.org/2000/svg"[39m
                [36m>[39m
                  [36m<path[39m
                    [33md[39m=[32m"m6 9 6 6 6-6"[39m
                  [36m/>[39m
                [36m</svg>[39m
              [36m</div>[39m
            [36m</div>[39m
          [36m</div>[39m
        [36m</div>[39m
        [36m<div[39m
          [33mclass[39m=[32m"bg-white rounded-lg shadow overflow-hidden"[39m
        [36m>[39m
          [36m<div[39m
            [33mclass[39m=[32m"h-96 flex flex-col items-center justify-center text-center text-gray-500 p-4"[39m
          [36m>[39m
            [36m<svg[39m
              [33maria-hidden[39m=[32m"true"[39m
              [33mclass[39m=[32m"lucide lucide-package mb-4"[39m
              [33mfill[39m=[32m"none"[39m
              [33mheight[39m=[32m"48"[39m
              [33mstroke[39m=[32m"currentColor"[39m
              [33mstroke-linecap[39m=[32m"round"[39m
              [33mstroke-linejoin[39m=[32m"round"[39m
              [33mstroke-width[39m=[32m"2"[39m
              [33mviewBox[39m=[32m"0 0 24 24"[39m
              [33mwidth[39m=[32m"48"[39m
              [33mxmlns[39m=[32m"http://www.w3.org/2000/svg"[39m
            [36m>[39m
              [36m<path[39m
                [33md[39m=[32m"M11 21.73a2 2 0 0 0 2 0l7-4A2 2 0 0 0 21 16V8a2 2 0 0 0-1-1.73l-7-4a2 2 0 0 0-2 0l-7 4A2 2 0 0 0 3 8v8a2 2 0 0 0 1 1.73z"[39m
              [36m/>[39m
              [36m<path[39m
                [33md[39m=[32m"M12 22V12"[39m
              [36m/>[39m
              [36m<polyline[39m
                [33mpoints[39m=[32m"3.29 7 12 12 20.71 7"[39m
              [36m/>[39m
              [36m<path[39m
                [33md[39m=[32m"m7.5 4.27 9 5.15"[39m
              [36m/>[39m
            [36m</svg>[39m
            [36m<p[39m
              [33mclass[39m=[32m"font-semibold text-lg"[39m
            [36m>[39m
              [0mNenhum produto encontrado.[0m
            [36m</p>[39m
            [36m<p[39m
              [33mclass[39m=[32m"text-sm mb-4"[39m
            [36m>[39m
              [0mComece cadastrando um novo produto ou popule com dados de exemplo.[0m
            [36m</p>[39m
            [36m<button[39m
              [33mclass[39m=[32m"mt-4 flex items-center gap-2 bg-blue-100 text-blue-700 font-bold py-2 px-4 rounded-lg hover:bg-blue-200 transition-colors disabled:opacity-50"[39m
            [36m>[39m
              [36m<svg[39m
                [33maria-hidden[39m=[32m"true"[39m
                [33mclass[39m=[32m"lucide lucide-database-backup"[39m
                [33mfill[39m=[32m"none"[39m
                [33mheight[39m=[32m"20"[39m
                [33mstroke[39m=[32m"currentColor"[39m
                [33mstroke-linecap[39m=[32m"round"[39m
                [33mstroke-linejoin[39m=[32m"round"[39m
                [33mstroke-width[39m=[32m"2"[39m
                [33mviewBox[39m=[32m"0 0 24 24"[39m
                [33mwidth[39m=[32m"20"[39m
                [33mxmlns[39m=[32m"http://www.w3.org/2000/svg"[39m
              [36m>[39m
                [36m<ellipse[39m
                  [33mcx[39m=[32m"12"[39m
                  [33mcy[39m=[32m"5"[39m
                  [33mrx[39m=[32m"9"[39m
                  [33mry[39m=[32m"3"[39m
                [36m/>[39m
                [36m<path[39m
                  [33md[39m=[32m"M3 12a9 3 0 0 0 5 2.69"[39m
                [36m/>[39m
                [36m<path[39m
                  [33md[39m=[32m"M21 9.3V5"[39m
                [36m/>[39m
                [36m<path[39m
                  [33md[39m=[32m"M3 5v14a9 3 0 0 0 6.47 2.88"[39m
                [36m/>[39m
                [36m<path[39m
                  [33md[39m=[32m"M12 12v4h4"[39m
                [36m/>[39m
                [36m<path[39m
                  [33md[39m=[32m"M13 20a5 5 0 0 0 9-3 4.5 4.5 0 0 0-4.5-4.5c-1.33 0-2.54.54-3.41 1.41L12 16"[39m
                [36m/>[39m
              [36m</svg>[39m
              [0mPopular com 10 produtos padrão[0m
            [36m</button>[39m
          [36m</div>[39m
        [36m</div>[39m
      [36m</div>[39m
      [36m<div[39m
        [33mclass[39m=[32m"fixed top-5 right-5 z-50 space-y-3"[39m
      [36m/>[39m
    [36m</div>[39m
  [36m</body>[39m
[36m</html>[39m
   ❯ src/pages/products/ProductsPage.test.tsx > ProductsPage Integration > filters products by search term
     → Unable to find an element with the text: Produto Teste 1. This could be because the text is broken up by multiple elements. In this case, you can provide a function for your text matcher to make your matcher more flexible.

Ignored nodes: comments, script, style
[36m<body>[39m
  [36m<div>[39m
    [36m<div[39m
      [33mclass[39m=[32m"p-1"[39m
    [36m>[39m
      [36m<div[39m
        [33mclass[39m=[32m"flex justify-between items-center mb-6"[39m
      [36m>[39m
        [36m<h1[39m
          [33mclass[39m=[32m"text-3xl font-bold text-gray-800"[39m
        [36m>[39m
          [0mProdutos[0m
        [36m</h1>[39m
        [36m<div[39m
          [33mclass[39m=[32m"flex items-center gap-2"[39m
        [36m>[39m
          [36m<button[39m
            [33mclass[39m=[32m"flex items-center gap-2 bg-gray-100 text-gray-700 font-semibold py-2 px-4 rounded-lg hover:bg-gray-200 transition-colors disabled:opacity-50"[39m
          [36m>[39m
            [36m<svg[39m
              [33maria-hidden[39m=[32m"true"[39m
              [33mclass[39m=[32m"lucide lucide-database-backup"[39m
              [33mfill[39m=[32m"none"[39m
              [33mheight[39m=[32m"20"[39m
              [33mstroke[39m=[32m"currentColor"[39m
              [33mstroke-linecap[39m=[32m"round"[39m
              [33mstroke-linejoin[39m=[32m"round"[39m
              [33mstroke-width[39m=[32m"2"[39m
              [33mviewBox[39m=[32m"0 0 24 24"[39m
              [33mwidth[39m=[32m"20"[39m
              [33mxmlns[39m=[32m"http://www.w3.org/2000/svg"[39m
            [36m>[39m
              [36m<ellipse[39m
                [33mcx[39m=[32m"12"[39m
                [33mcy[39m=[32m"5"[39m
                [33mrx[39m=[32m"9"[39m
                [33mry[39m=[32m"3"[39m
              [36m/>[39m
              [36m<path[39m
                [33md[39m=[32m"M3 12a9 3 0 0 0 5 2.69"[39m
              [36m/>[39m
              [36m<path[39m
                [33md[39m=[32m"M21 9.3V5"[39m
              [36m/>[39m
              [36m<path[39m
                [33md[39m=[32m"M3 5v14a9 3 0 0 0 6.47 2.88"[39m
              [36m/>[39m
              [36m<path[39m
                [33md[39m=[32m"M12 12v4h4"[39m
              [36m/>[39m
              [36m<path[39m
                [33md[39m=[32m"M13 20a5 5 0 0 0 9-3 4.5 4.5 0 0 0-4.5-4.5c-1.33 0-2.54.54-3.41 1.41L12 16"[39m
              [36m/>[39m
            [36m</svg>[39m
            [0mPopular Dados[0m
          [36m</button>[39m
          [36m<button[39m
            [33mclass[39m=[32m"flex items-center gap-2 bg-blue-600 text-white font-bold py-2 px-4 rounded-lg hover:bg-blue-700 transition-colors"[39m
          [36m>[39m
            [36m<svg[39m
              [33maria-hidden[39m=[32m"true"[39m
              [33mclass[39m=[32m"lucide lucide-circle-plus"[39m
              [33mfill[39m=[32m"none"[39m
              [33mheight[39m=[32m"20"[39m
              [33mstroke[39m=[32m"currentColor"[39m
              [33mstroke-linecap[39m=[32m"round"[39m
              [33mstroke-linejoin[39m=[32m"round"[39m
              [33mstroke-width[39m=[32m"2"[39m
              [33mviewBox[39m=[32m"0 0 24 24"[39m
              [33mwidth[39m=[32m"20"[39m
              [33mxmlns[39m=[32m"http://www.w3.org/2000/svg"[39m
            [36m>[39m
              [36m<circle[39m
                [33mcx[39m=[32m"12"[39m
                [33mcy[39m=[32m"12"[39m
                [33mr[39m=[32m"10"[39m
              [36m/>[39m
              [36m<path[39m
                [33md[39m=[32m"M8 12h8"[39m
              [36m/>[39m
              [36m<path[39m
                [33md[39m=[32m"M12 8v8"[39m
              [36m/>[39m
            [36m</svg>[39m
            [0mNovo Produto[0m
          [36m</button>[39m
        [36m</div>[39m
      [36m</div>[39m
      [36m<div[39m
        [33mclass[39m=[32m"mb-4 flex gap-4"[39m
      [36m>[39m
        [36m<div[39m
          [33mclass[39m=[32m"relative"[39m
        [36m>[39m
          [36m<svg[39m
            [33maria-hidden[39m=[32m"true"[39m
            [33mclass[39m=[32m"lucide lucide-search absolute left-3 top-1/2 -translate-y-1/2 text-gray-400"[39m
            [33mfill[39m=[32m"none"[39m
            [33mheight[39m=[32m"20"[39m
            [33mstroke[39m=[32m"currentColor"[39m
            [33mstroke-linecap[39m=[32m"round"[39m
            [33mstroke-linejoin[39m=[32m"round"[39m
            [33mstroke-width[39m=[32m"2"[39m
            [33mviewBox[39m=[32m"0 0 24 24"[39m
            [33mwidth[39m=[32m"20"[39m
            [33mxmlns[39m=[32m"http://www.w3.org/2000/svg"[39m
          [36m>[39m
            [36m<path[39m
              [33md[39m=[32m"m21 21-4.34-4.34"[39m
            [36m/>[39m
            [36m<circle[39m
              [33mcx[39m=[32m"11"[39m
              [33mcy[39m=[32m"11"[39m
              [33mr[39m=[32m"8"[39m
            [36m/>[39m
          [36m</svg>[39m
          [36m<input[39m
            [33mclass[39m=[32m"w-full max-w-sm p-3 pl-10 border border-gray-300 rounded-lg"[39m
            [33mplaceholder[39m=[32m"Buscar por nome ou SKU..."[39m
            [33mtype[39m=[32m"text"[39m
            [33mvalue[39m=[32m""[39m
          [36m/>[39m
        [36m</div>[39m
        [36m<div[39m
          [33mclass[39m=[32m"min-w-[200px]"[39m
        [36m>[39m
          [36m<div[39m
            [33mclass[39m=[32m"relative"[39m
          [36m>[39m
            [36m<select[39m
              [33mclass[39m=[32m"w-full p-3 pr-10 bg-white/80 border border-gray-300 rounded-lg focus:ring-2 focus:ring-blue-500 focus:border-blue-500 transition shadow-sm appearance-none"[39m
            [36m>[39m
              [36m<option[39m
                [33mvalue[39m=[32m""[39m
              [36m>[39m
                [0mTodos os status[0m
              [36m</option>[39m
              [36m<option[39m
                [33mvalue[39m=[32m"ativo"[39m
              [36m>[39m
                [0mAtivo[0m
              [36m</option>[39m
              [36m<option[39m
                [33mvalue[39m=[32m"inativo"[39m
              [36m>[39m
                [0mInativo[0m
              [36m</option>[39m
            [36m</select>[39m
            [36m<div[39m
              [33mclass[39m=[32m"pointer-events-none absolute inset-y-0 right-0 flex items-center px-3 text-gray-700"[39m
            [36m>[39m
              [36m<svg[39m
                [33maria-hidden[39m=[32m"true"[39m
                [33mclass[39m=[32m"lucide lucide-chevron-down"[39m
                [33mfill[39m=[32m"none"[39m
                [33mheight[39m=[32m"20"[39m
                [33mstroke[39m=[32m"currentColor"[39m
                [33mstroke-linecap[39m=[32m"round"[39m
                [33mstroke-linejoin[39m=[32m"round"[39m
                [33mstroke-width[39m=[32m"2"[39m
                [33mviewBox[39m=[32m"0 0 24 24"[39m
                [33mwidth[39m=[32m"20"[39m
                [33mxmlns[39m=[32m"http://www.w3.org/2000/svg"[39m
              [36m>[39m
                [36m<path[39m
                  [33md[39m=[32m"m6 9 6 6 6-6"[39m
                [36m/>[39m
              [36m</svg>[39m
            [36m</div>[39m
          [36m</div>[39m
        [36m</div>[39m
      [36m</div>[39m
      [36m<div[39m
        [33mclass[39m=[32m"bg-white rounded-lg shadow overflow-hidden"[39m
      [36m>[39m
        [36m<div[39m
          [33mclass[39m=[32m"h-96 flex flex-col items-center justify-center text-center text-gray-500 p-4"[39m
        [36m>[39m
          [36m<svg[39m
            [33maria-hidden[39m=[32m"true"[39m
            [33mclass[39m=[32m"lucide lucide-package mb-4"[39m
            [33mfill[39m=[32m"none"[39m
            [33mheight[39m=[32m"48"[39m
            [33mstroke[39m=[32m"currentColor"[39m
            [33mstroke-linecap[39m=[32m"round"[39m
            [33mstroke-linejoin[39m=[32m"round"[39m
            [33mstroke-width[39m=[32m"2"[39m
            [33mviewBox[39m=[32m"0 0 24 24"[39m
            [33mwidth[39m=[32m"48"[39m
            [33mxmlns[39m=[32m"http://www.w3.org/2000/svg"[39m
          [36m>[39m
            [36m<path[39m
              [33md[39m=[32m"M11 21.73a2 2 0 0 0 2 0l7-4A2 2 0 0 0 21 16V8a2 2 0 0 0-1-1.73l-7-4a2 2 0 0 0-2 0l-7 4A2 2 0 0 0 3 8v8a2 2 0 0 0 1 1.73z"[39m
            [36m/>[39m
            [36m<path[39m
              [33md[39m=[32m"M12 22V12"[39m
            [36m/>[39m
            [36m<polyline[39m
              [33mpoints[39m=[32m"3.29 7 12 12 20.71 7"[39m
            [36m/>[39m
            [36m<path[39m
              [33md[39m=[32m"m7.5 4.27 9 5.15"[39m
            [36m/>[39m
          [36m</svg>[39m
          [36m<p[39m
            [33mclass[39m=[32m"font-semibold text-lg"[39m
          [36m>[39m
            [0mNenhum produto encontrado.[0m
          [36m</p>[39m
          [36m<p[39m
            [33mclass[39m=[32m"text-sm mb-4"[39m
          [36m>[39m
            [0mComece cadastrando um novo produto ou popule com dados de exemplo.[0m
          [36m</p>[39m
          [36m<button[39m
            [33mclass[39m=[32m"mt-4 flex items-center gap-2 bg-blue-100 text-blue-700 font-bold py-2 px-4 rounded-lg hover:bg-blue-200 transition-colors disabled:opacity-50"[39m
          [36m>[39m
            [36m<svg[39m
              [33maria-hidden[39m=[32m"true"[39m
              [33mclass[39m=[32m"lucide lucide-database-backup"[39m
              [33mfill[39m=[32m"none"[39m
              [33mheight[39m=[32m"20"[39m
              [33mstroke[39m=[32m"currentColor"[39m
              [33mstroke-linecap[39m=[32m"round"[39m
              [33mstroke-linejoin[39m=[32m"round"[39m
              [33mstroke-width[39m=[32m"2"[39m
              [33mviewBox[39m=[32m"0 0 24 24"[39m
              [33mwidth[39m=[32m"20"[39m
              [33mxmlns[39m=[32m"http://www.w3.org/2000/svg"[39m
            [36m>[39m
              [36m<ellipse[39m
                [33mcx[39m=[32m"12"[39m
                [33mcy[39m=[32m"5"[39m
                [33mrx[39m=[32m"9"[39m
                [33mry[39m=[32m"3"[39m
              [36m/>[39m
              [36m<path[39m
                [33md[39m=[32m"M3 12a9 3 0 0 0 5 2.69"[39m
              [36m/>[39m
              [36m<path[39m
                [33md[39m=[32m"M21 9.3V5"[39m
              [36m/>[39m
              [36m<path[39m
                [33md[39m=[32m"M3 5v14a9 3 0 0 0 6.47 2.88"[39m
              [36m/>[39m
              [36m<path[39m
                [33md[39m=[32m"M12 12v4h4"[39m
              [36m/>[39m
              [36m<path[39m
                [33md[39m=[32m"M13 20a5 5 0 0 0 9-3 4.5 4.5 0 0 0-4.5-4.5c-1.33 0-2.54.54-3.41 1.41L12 16"[39m
              [36m/>[39m
            [36m</svg>[39m
            [0mPopular com 10 produtos padrão[0m
          [36m</button>[39m
        [36m</div>[39m
      [36m</div>[39m
    [36m</div>[39m
    [36m<div[39m
      [33mclass[39m=[32m"fixed top-5 right-5 z-50 space-y-3"[39m
    [36m/>[39m
  [36m</div>[39m
[36m</body>[39m

Ignored nodes: comments, script, style
[36m<html>[39m
  [36m<head />[39m
  [36m<body>[39m
    [36m<div>[39m
      [36m<div[39m
        [33mclass[39m=[32m"p-1"[39m
      [36m>[39m
        [36m<div[39m
          [33mclass[39m=[32m"flex justify-between items-center mb-6"[39m
        [36m>[39m
          [36m<h1[39m
            [33mclass[39m=[32m"text-3xl font-bold text-gray-800"[39m
          [36m>[39m
            [0mProdutos[0m
          [36m</h1>[39m
          [36m<div[39m
            [33mclass[39m=[32m"flex items-center gap-2"[39m
          [36m>[39m
            [36m<button[39m
              [33mclass[39m=[32m"flex items-center gap-2 bg-gray-100 text-gray-700 font-semibold py-2 px-4 rounded-lg hover:bg-gray-200 transition-colors disabled:opacity-50"[39m
            [36m>[39m
              [36m<svg[39m
                [33maria-hidden[39m=[32m"true"[39m
                [33mclass[39m=[32m"lucide lucide-database-backup"[39m
                [33mfill[39m=[32m"none"[39m
                [33mheight[39m=[32m"20"[39m
                [33mstroke[39m=[32m"currentColor"[39m
                [33mstroke-linecap[39m=[32m"round"[39m
                [33mstroke-linejoin[39m=[32m"round"[39m
                [33mstroke-width[39m=[32m"2"[39m
                [33mviewBox[39m=[32m"0 0 24 24"[39m
                [33mwidth[39m=[32m"20"[39m
                [33mxmlns[39m=[32m"http://www.w3.org/2000/svg"[39m
              [36m>[39m
                [36m<ellipse[39m
                  [33mcx[39m=[32m"12"[39m
                  [33mcy[39m=[32m"5"[39m
                  [33mrx[39m=[32m"9"[39m
                  [33mry[39m=[32m"3"[39m
                [36m/>[39m
                [36m<path[39m
                  [33md[39m=[32m"M3 12a9 3 0 0 0 5 2.69"[39m
                [36m/>[39m
                [36m<path[39m
                  [33md[39m=[32m"M21 9.3V5"[39m
                [36m/>[39m
                [36m<path[39m
                  [33md[39m=[32m"M3 5v14a9 3 0 0 0 6.47 2.88"[39m
                [36m/>[39m
                [36m<path[39m
                  [33md[39m=[32m"M12 12v4h4"[39m
                [36m/>[39m
                [36m<path[39m
                  [33md[39m=[32m"M13 20a5 5 0 0 0 9-3 4.5 4.5 0 0 0-4.5-4.5c-1.33 0-2.54.54-3.41 1.41L12 16"[39m
                [36m/>[39m
              [36m</svg>[39m
              [0mPopular Dados[0m
            [36m</button>[39m
            [36m<button[39m
              [33mclass[39m=[32m"flex items-center gap-2 bg-blue-600 text-white font-bold py-2 px-4 rounded-lg hover:bg-blue-700 transition-colors"[39m
            [36m>[39m
              [36m<svg[39m
                [33maria-hidden[39m=[32m"true"[39m
                [33mclass[39m=[32m"lucide lucide-circle-plus"[39m
                [33mfill[39m=[32m"none"[39m
                [33mheight[39m=[32m"20"[39m
                [33mstroke[39m=[32m"currentColor"[39m
                [33mstroke-linecap[39m=[32m"round"[39m
                [33mstroke-linejoin[39m=[32m"round"[39m
                [33mstroke-width[39m=[32m"2"[39m
                [33mviewBox[39m=[32m"0 0 24 24"[39m
                [33mwidth[39m=[32m"20"[39m
                [33mxmlns[39m=[32m"http://www.w3.org/2000/svg"[39m
              [36m>[39m
                [36m<circle[39m
                  [33mcx[39m=[32m"12"[39m
                  [33mcy[39m=[32m"12"[39m
                  [33mr[39m=[32m"10"[39m
                [36m/>[39m
                [36m<path[39m
                  [33md[39m=[32m"M8 12h8"[39m
                [36m/>[39m
                [36m<path[39m
                  [33md[39m=[32m"M12 8v8"[39m
                [36m/>[39m
              [36m</svg>[39m
              [0mNovo Produto[0m
            [36m</button>[39m
          [36m</div>[39m
        [36m</div>[39m
        [36m<div[39m
          [33mclass[39m=[32m"mb-4 flex gap-4"[39m
        [36m>[39m
          [36m<div[39m
            [33mclass[39m=[32m"relative"[39m
          [36m>[39m
            [36m<svg[39m
              [33maria-hidden[39m=[32m"true"[39m
              [33mclass[39m=[32m"lucide lucide-search absolute left-3 top-1/2 -translate-y-1/2 text-gray-400"[39m
              [33mfill[39m=[32m"none"[39m
              [33mheight[39m=[32m"20"[39m
              [33mstroke[39m=[32m"currentColor"[39m
              [33mstroke-linecap[39m=[32m"round"[39m
              [33mstroke-linejoin[39m=[32m"round"[39m
              [33mstroke-width[39m=[32m"2"[39m
              [33mviewBox[39m=[32m"0 0 24 24"[39m
              [33mwidth[39m=[32m"20"[39m
              [33mxmlns[39m=[32m"http://www.w3.org/2000/svg"[39m
            [36m>[39m
              [36m<path[39m
                [33md[39m=[32m"m21 21-4.34-4.34"[39m
              [36m/>[39m
              [36m<circle[39m
                [33mcx[39m=[32m"11"[39m
                [33mcy[39m=[32m"11"[39m
                [33mr[39m=[32m"8"[39m
              [36m/>[39m
            [36m</svg>[39m
            [36m<input[39m
              [33mclass[39m=[32m"w-full max-w-sm p-3 pl-10 border border-gray-300 rounded-lg"[39m
              [33mplaceholder[39m=[32m"Buscar por nome ou SKU..."[39m
              [33mtype[39m=[32m"text"[39m
              [33mvalue[39m=[32m""[39m
            [36m/>[39m
          [36m</div>[39m
          [36m<div[39m
            [33mclass[39m=[32m"min-w-[200px]"[39m
          [36m>[39m
            [36m<div[39m
              [33mclass[39m=[32m"relative"[39m
            [36m>[39m
              [36m<select[39m
                [33mclass[39m=[32m"w-full p-3 pr-10 bg-white/80 border border-gray-300 rounded-lg focus:ring-2 focus:ring-blue-500 focus:border-blue-500 transition shadow-sm appearance-none"[39m
              [36m>[39m
                [36m<option[39m
                  [33mvalue[39m=[32m""[39m
                [36m>[39m
                  [0mTodos os status[0m
                [36m</option>[39m
                [36m<option[39m
                  [33mvalue[39m=[32m"ativo"[39m
                [36m>[39m
                  [0mAtivo[0m
                [36m</option>[39m
                [36m<option[39m
                  [33mvalue[39m=[32m"inativo"[39m
                [36m>[39m
                  [0mInativo[0m
                [36m</option>[39m
              [36m</select>[39m
              [36m<div[39m
                [33mclass[39m=[32m"pointer-events-none absolute inset-y-0 right-0 flex items-center px-3 text-gray-700"[39m
              [36m>[39m
                [36m<svg[39m
                  [33maria-hidden[39m=[32m"true"[39m
                  [33mclass[39m=[32m"lucide lucide-chevron-down"[39m
                  [33mfill[39m=[32m"none"[39m
                  [33mheight[39m=[32m"20"[39m
                  [33mstroke[39m=[32m"currentColor"[39m
                  [33mstroke-linecap[39m=[32m"round"[39m
                  [33mstroke-linejoin[39m=[32m"round"[39m
                  [33mstroke-width[39m=[32m"2"[39m
                  [33mviewBox[39m=[32m"0 0 24 24"[39m
                  [33mwidth[39m=[32m"20"[39m
                  [33mxmlns[39m=[32m"http://www.w3.org/2000/svg"[39m
                [36m>[39m
                  [36m<path[39m
                    [33md[39m=[32m"m6 9 6 6 6-6"[39m
                  [36m/>[39m
                [36m</svg>[39m
              [36m</div>[39m
            [36m</div>[39m
          [36m</div>[39m
        [36m</div>[39m
        [36m<div[39m
          [33mclass[39m=[32m"bg-white rounded-lg shadow overflow-hidden"[39m
        [36m>[39m
          [36m<div[39m
            [33mclass[39m=[32m"h-96 flex flex-col items-center justify-center text-center text-gray-500 p-4"[39m
          [36m>[39m
            [36m<svg[39m
              [33maria-hidden[39m=[32m"true"[39m
              [33mclass[39m=[32m"lucide lucide-package mb-4"[39m
              [33mfill[39m=[32m"none"[39m
              [33mheight[39m=[32m"48"[39m
              [33mstroke[39m=[32m"currentColor"[39m
              [33mstroke-linecap[39m=[32m"round"[39m
              [33mstroke-linejoin[39m=[32m"round"[39m
              [33mstroke-width[39m=[32m"2"[39m
              [33mviewBox[39m=[32m"0 0 24 24"[39m
              [33mwidth[39m=[32m"48"[39m
              [33mxmlns[39m=[32m"http://www.w3.org/2000/svg"[39m
            [36m>[39m
              [36m<path[39m
                [33md[39m=[32m"M11 21.73a2 2 0 0 0 2 0l7-4A2 2 0 0 0 21 16V8a2 2 0 0 0-1-1.73l-7-4a2 2 0 0 0-2 0l-7 4A2 2 0 0 0 3 8v8a2 2 0 0 0 1 1.73z"[39m
              [36m/>[39m
              [36m<path[39m
                [33md[39m=[32m"M12 22V12"[39m
              [36m/>[39m
              [36m<polyline[39m
                [33mpoints[39m=[32m"3.29 7 12 12 20.71 7"[39m
              [36m/>[39m
              [36m<path[39m
                [33md[39m=[32m"m7.5 4.27 9 5.15"[39m
              [36m/>[39m
            [36m</svg>[39m
            [36m<p[39m
              [33mclass[39m=[32m"font-semibold text-lg"[39m
            [36m>[39m
              [0mNenhum produto encontrado.[0m
            [36m</p>[39m
            [36m<p[39m
              [33mclass[39m=[32m"text-sm mb-4"[39m
            [36m>[39m
              [0mComece cadastrando um novo produto ou popule com dados de exemplo.[0m
            [36m</p>[39m
            [36m<button[39m
              [33mclass[39m=[32m"mt-4 flex items-center gap-2 bg-blue-100 text-blue-700 font-bold py-2 px-4 rounded-lg hover:bg-blue-200 transition-colors disabled:opacity-50"[39m
            [36m>[39m
              [36m<svg[39m
                [33maria-hidden[39m=[32m"true"[39m
                [33mclass[39m=[32m"lucide lucide-database-backup"[39m
                [33mfill[39m=[32m"none"[39m
                [33mheight[39m=[32m"20"[39m
                [33mstroke[39m=[32m"currentColor"[39m
                [33mstroke-linecap[39m=[32m"round"[39m
                [33mstroke-linejoin[39m=[32m"round"[39m
                [33mstroke-width[39m=[32m"2"[39m
                [33mviewBox[39m=[32m"0 0 24 24"[39m
                [33mwidth[39m=[32m"20"[39m
                [33mxmlns[39m=[32m"http://www.w3.org/2000/svg"[39m
              [36m>[39m
                [36m<ellipse[39m
                  [33mcx[39m=[32m"12"[39m
                  [33mcy[39m=[32m"5"[39m
                  [33mrx[39m=[32m"9"[39m
                  [33mry[39m=[32m"3"[39m
                [36m/>[39m
                [36m<path[39m
                  [33md[39m=[32m"M3 12a9 3 0 0 0 5 2.69"[39m
                [36m/>[39m
                [36m<path[39m
                  [33md[39m=[32m"M21 9.3V5"[39m
                [36m/>[39m
                [36m<path[39m
                  [33md[39m=[32m"M3 5v14a9 3 0 0 0 6.47 2.88"[39m
                [36m/>[39m
                [36m<path[39m
                  [33md[39m=[32m"M12 12v4h4"[39m
                [36m/>[39m
                [36m<path[39m
                  [33md[39m=[32m"M13 20a5 5 0 0 0 9-3 4.5 4.5 0 0 0-4.5-4.5c-1.33 0-2.54.54-3.41 1.41L12 16"[39m
                [36m/>[39m
              [36m</svg>[39m
              [0mPopular com 10 produtos padrão[0m
            [36m</button>[39m
          [36m</div>[39m
        [36m</div>[39m
      [36m</div>[39m
      [36m<div[39m
        [33mclass[39m=[32m"fixed top-5 right-5 z-50 space-y-3"[39m
      [36m/>[39m
    [36m</div>[39m
  [36m</body>[39m
[36m</html>[39m

⎯⎯⎯⎯⎯⎯⎯ Failed Tests 2 ⎯⎯⎯⎯⎯⎯⎯

 FAIL  src/pages/products/ProductsPage.test.tsx > ProductsPage Integration > renders the product list with data from MSW
TestingLibraryElementError: Unable to find an element with the text: Produto Teste 1. This could be because the text is broken up by multiple elements. In this case, you can provide a function for your text matcher to make your matcher more flexible.

Ignored nodes: comments, script, style
[36m<body>[39m
  [36m<div>[39m
    [36m<div[39m
      [33mclass[39m=[32m"p-1"[39m
    [36m>[39m
      [36m<div[39m
        [33mclass[39m=[32m"flex justify-between items-center mb-6"[39m
      [36m>[39m
        [36m<h1[39m
          [33mclass[39m=[32m"text-3xl font-bold text-gray-800"[39m
        [36m>[39m
          [0mProdutos[0m
        [36m</h1>[39m
        [36m<div[39m
          [33mclass[39m=[32m"flex items-center gap-2"[39m
        [36m>[39m
          [36m<button[39m
            [33mclass[39m=[32m"flex items-center gap-2 bg-gray-100 text-gray-700 font-semibold py-2 px-4 rounded-lg hover:bg-gray-200 transition-colors disabled:opacity-50"[39m
          [36m>[39m
            [36m<svg[39m
              [33maria-hidden[39m=[32m"true"[39m
              [33mclass[39m=[32m"lucide lucide-database-backup"[39m
              [33mfill[39m=[32m"none"[39m
              [33mheight[39m=[32m"20"[39m
              [33mstroke[39m=[32m"currentColor"[39m
              [33mstroke-linecap[39m=[32m"round"[39m
              [33mstroke-linejoin[39m=[32m"round"[39m
              [33mstroke-width[39m=[32m"2"[39m
              [33mviewBox[39m=[32m"0 0 24 24"[39m
              [33mwidth[39m=[32m"20"[39m
              [33mxmlns[39m=[32m"http://www.w3.org/2000/svg"[39m
            [36m>[39m
              [36m<ellipse[39m
                [33mcx[39m=[32m"12"[39m
                [33mcy[39m=[32m"5"[39m
                [33mrx[39m=[32m"9"[39m
                [33mry[39m=[32m"3"[39m
              [36m/>[39m
              [36m<path[39m
                [33md[39m=[32m"M3 12a9 3 0 0 0 5 2.69"[39m
              [36m/>[39m
              [36m<path[39m
                [33md[39m=[32m"M21 9.3V5"[39m
              [36m/>[39m
              [36m<path[39m
                [33md[39m=[32m"M3 5v14a9 3 0 0 0 6.47 2.88"[39m
              [36m/>[39m
              [36m<path[39m
                [33md[39m=[32m"M12 12v4h4"[39m
              [36m/>[39m
              [36m<path[39m
                [33md[39m=[32m"M13 20a5 5 0 0 0 9-3 4.5 4.5 0 0 0-4.5-4.5c-1.33 0-2.54.54-3.41 1.41L12 16"[39m
              [36m/>[39m
            [36m</svg>[39m
            [0mPopular Dados[0m
          [36m</button>[39m
          [36m<button[39m
            [33mclass[39m=[32m"flex items-center gap-2 bg-blue-600 text-white font-bold py-2 px-4 rounded-lg hover:bg-blue-700 transition-colors"[39m
          [36m>[39m
            [36m<svg[39m
              [33maria-hidden[39m=[32m"true"[39m
              [33mclass[39m=[32m"lucide lucide-circle-plus"[39m
              [33mfill[39m=[32m"none"[39m
              [33mheight[39m=[32m"20"[39m
              [33mstroke[39m=[32m"currentColor"[39m
              [33mstroke-linecap[39m=[32m"round"[39m
              [33mstroke-linejoin[39m=[32m"round"[39m
              [33mstroke-width[39m=[32m"2"[39m
              [33mviewBox[39m=[32m"0 0 24 24"[39m
              [33mwidth[39m=[32m"20"[39m
              [33mxmlns[39m=[32m"http://www.w3.org/2000/svg"[39m
            [36m>[39m
              [36m<circle[39m
                [33mcx[39m=[32m"12"[39m
                [33mcy[39m=[32m"12"[39m
                [33mr[39m=[32m"10"[39m
              [36m/>[39m
              [36m<path[39m
                [33md[39m=[32m"M8 12h8"[39m
              [36m/>[39m
              [36m<path[39m
                [33md[39m=[32m"M12 8v8"[39m
              [36m/>[39m
            [36m</svg>[39m
            [0mNovo Produto[0m
          [36m</button>[39m
        [36m</div>[39m
      [36m</div>[39m
      [36m<div[39m
        [33mclass[39m=[32m"mb-4 flex gap-4"[39m
      [36m>[39m
        [36m<div[39m
          [33mclass[39m=[32m"relative"[39m
        [36m>[39m
          [36m<svg[39m
            [33maria-hidden[39m=[32m"true"[39m
            [33mclass[39m=[32m"lucide lucide-search absolute left-3 top-1/2 -translate-y-1/2 text-gray-400"[39m
            [33mfill[39m=[32m"none"[39m
            [33mheight[39m=[32m"20"[39m
            [33mstroke[39m=[32m"currentColor"[39m
            [33mstroke-linecap[39m=[32m"round"[39m
            [33mstroke-linejoin[39m=[32m"round"[39m
            [33mstroke-width[39m=[32m"2"[39m
            [33mviewBox[39m=[32m"0 0 24 24"[39m
            [33mwidth[39m=[32m"20"[39m
            [33mxmlns[39m=[32m"http://www.w3.org/2000/svg"[39m
          [36m>[39m
            [36m<path[39m
              [33md[39m=[32m"m21 21-4.34-4.34"[39m
            [36m/>[39m
            [36m<circle[39m
              [33mcx[39m=[32m"11"[39m
              [33mcy[39m=[32m"11"[39m
              [33mr[39m=[32m"8"[39m
            [36m/>[39m
          [36m</svg>[39m
          [36m<input[39m
            [33mclass[39m=[32m"w-full max-w-sm p-3 pl-10 border border-gray-300 rounded-lg"[39m
            [33mplaceholder[39m=[32m"Buscar por nome ou SKU..."[39m
            [33mtype[39m=[32m"text"[39m
            [33mvalue[39m=[32m""[39m
          [36m/>[39m
        [36m</div>[39m
        [36m<div[39m
          [33mclass[39m=[32m"min-w-[200px]"[39m
        [36m>[39m
          [36m<div[39m
            [33mclass[39m=[32m"relative"[39m
          [36m>[39m
            [36m<select[39m
              [33mclass[39m=[32m"w-full p-3 pr-10 bg-white/80 border border-gray-300 rounded-lg focus:ring-2 focus:ring-blue-500 focus:border-blue-500 transition shadow-sm appearance-none"[39m
            [36m>[39m
              [36m<option[39m
                [33mvalue[39m=[32m""[39m
              [36m>[39m
                [0mTodos os status[0m
              [36m</option>[39m
              [36m<option[39m
                [33mvalue[39m=[32m"ativo"[39m
              [36m>[39m
                [0mAtivo[0m
              [36m</option>[39m
              [36m<option[39m
                [33mvalue[39m=[32m"inativo"[39m
              [36m>[39m
                [0mInativo[0m
              [36m</option>[39m
            [36m</select>[39m
            [36m<div[39m
              [33mclass[39m=[32m"pointer-events-none absolute inset-y-0 right-0 flex items-center px-3 text-gray-700"[39m
            [36m>[39m
              [36m<svg[39m
                [33maria-hidden[39m=[32m"true"[39m
                [33mclass[39m=[32m"lucide lucide-chevron-down"[39m
                [33mfill[39m=[32m"none"[39m
                [33mheight[39m=[32m"20"[39m
                [33mstroke[39m=[32m"currentColor"[39m
                [33mstroke-linecap[39m=[32m"round"[39m
                [33mstroke-linejoin[39m=[32m"round"[39m
                [33mstroke-width[39m=[32m"2"[39m
                [33mviewBox[39m=[32m"0 0 24 24"[39m
                [33mwidth[39m=[32m"20"[39m
                [33mxmlns[39m=[32m"http://www.w3.org/2000/svg"[39m
              [36m>[39m
                [36m<path[39m
                  [33md[39m=[32m"m6 9 6 6 6-6"[39m
                [36m/>[39m
              [36m</svg>[39m
            [36m</div>[39m
          [36m</div>[39m
        [36m</div>[39m
      [36m</div>[39m
      [36m<div[39m
        [33mclass[39m=[32m"bg-white rounded-lg shadow overflow-hidden"[39m
      [36m>[39m
        [36m<div[39m
          [33mclass[39m=[32m"h-96 flex flex-col items-center justify-center text-center text-gray-500 p-4"[39m
        [36m>[39m
          [36m<svg[39m
            [33maria-hidden[39m=[32m"true"[39m
            [33mclass[39m=[32m"lucide lucide-package mb-4"[39m
            [33mfill[39m=[32m"none"[39m
            [33mheight[39m=[32m"48"[39m
            [33mstroke[39m=[32m"currentColor"[39m
            [33mstroke-linecap[39m=[32m"round"[39m
            [33mstroke-linejoin[39m=[32m"round"[39m
            [33mstroke-width[39m=[32m"2"[39m
            [33mviewBox[39m=[32m"0 0 24 24"[39m
            [33mwidth[39m=[32m"48"[39m
            [33mxmlns[39m=[32m"http://www.w3.org/2000/svg"[39m
          [36m>[39m
            [36m<path[39m
              [33md[39m=[32m"M11 21.73a2 2 0 0 0 2 0l7-4A2 2 0 0 0 21 16V8a2 2 0 0 0-1-1.73l-7-4a2 2 0 0 0-2 0l-7 4A2 2 0 0 0 3 8v8a2 2 0 0 0 1 1.73z"[39m
            [36m/>[39m
            [36m<path[39m
              [33md[39m=[32m"M12 22V12"[39m
            [36m/>[39m
            [36m<polyline[39m
              [33mpoints[39m=[32m"3.29 7 12 12 20.71 7"[39m
            [36m/>[39m
            [36m<path[39m
              [33md[39m=[32m"m7.5 4.27 9 5.15"[39m
            [36m/>[39m
          [36m</svg>[39m
          [36m<p[39m
            [33mclass[39m=[32m"font-semibold text-lg"[39m
          [36m>[39m
            [0mNenhum produto encontrado.[0m
          [36m</p>[39m
          [36m<p[39m
            [33mclass[39m=[32m"text-sm mb-4"[39m
          [36m>[39m
            [0mComece cadastrando um novo produto ou popule com dados de exemplo.[0m
          [36m</p>[39m
          [36m<button[39m
            [33mclass[39m=[32m"mt-4 flex items-center gap-2 bg-blue-100 text-blue-700 font-bold py-2 px-4 rounded-lg hover:bg-blue-200 transition-colors disabled:opacity-50"[39m
          [36m>[39m
            [36m<svg[39m
              [33maria-hidden[39m=[32m"true"[39m
              [33mclass[39m=[32m"lucide lucide-database-backup"[39m
              [33mfill[39m=[32m"none"[39m
              [33mheight[39m=[32m"20"[39m
              [33mstroke[39m=[32m"currentColor"[39m
              [33mstroke-linecap[39m=[32m"round"[39m
              [33mstroke-linejoin[39m=[32m"round"[39m
              [33mstroke-width[39m=[32m"2"[39m
              [33mviewBox[39m=[32m"0 0 24 24"[39m
              [33mwidth[39m=[32m"20"[39m
              [33mxmlns[39m=[32m"http://www.w3.org/2000/svg"[39m
            [36m>[39m
              [36m<ellipse[39m
                [33mcx[39m=[32m"12"[39m
                [33mcy[39m=[32m"5"[39m
                [33mrx[39m=[32m"9"[39m
                [33mry[39m=[32m"3"[39m
              [36m/>[39m
              [36m<path[39m
                [33md[39m=[32m"M3 12a9 3 0 0 0 5 2.69"[39m
              [36m/>[39m
              [36m<path[39m
                [33md[39m=[32m"M21 9.3V5"[39m
              [36m/>[39m
              [36m<path[39m
                [33md[39m=[32m"M3 5v14a9 3 0 0 0 6.47 2.88"[39m
              [36m/>[39m
              [36m<path[39m
                [33md[39m=[32m"M12 12v4h4"[39m
              [36m/>[39m
              [36m<path[39m
                [33md[39m=[32m"M13 20a5 5 0 0 0 9-3 4.5 4.5 0 0 0-4.5-4.5c-1.33 0-2.54.54-3.41 1.41L12 16"[39m
              [36m/>[39m
            [36m</svg>[39m
            [0mPopular com 10 produtos padrão[0m
          [36m</button>[39m
        [36m</div>[39m
      [36m</div>[39m
    [36m</div>[39m
    [36m<div[39m
      [33mclass[39m=[32m"fixed top-5 right-5 z-50 space-y-3"[39m
    [36m/>[39m
  [36m</div>[39m
[36m</body>[39m

Ignored nodes: comments, script, style
[36m<html>[39m
  [36m<head />[39m
  [36m<body>[39m
    [36m<div>[39m
      [36m<div[39m
        [33mclass[39m=[32m"p-1"[39m
      [36m>[39m
        [36m<div[39m
          [33mclass[39m=[32m"flex justify-between items-center mb-6"[39m
        [36m>[39m
          [36m<h1[39m
            [33mclass[39m=[32m"text-3xl font-bold text-gray-800"[39m
          [36m>[39m
            [0mProdutos[0m
          [36m</h1>[39m
          [36m<div[39m
            [33mclass[39m=[32m"flex items-center gap-2"[39m
          [36m>[39m
            [36m<button[39m
              [33mclass[39m=[32m"flex items-center gap-2 bg-gray-100 text-gray-700 font-semibold py-2 px-4 rounded-lg hover:bg-gray-200 transition-colors disabled:opacity-50"[39m
            [36m>[39m
              [36m<svg[39m
                [33maria-hidden[39m=[32m"true"[39m
                [33mclass[39m=[32m"lucide lucide-database-backup"[39m
                [33mfill[39m=[32m"none"[39m
                [33mheight[39m=[32m"20"[39m
                [33mstroke[39m=[32m"currentColor"[39m
                [33mstroke-linecap[39m=[32m"round"[39m
                [33mstroke-linejoin[39m=[32m"round"[39m
                [33mstroke-width[39m=[32m"2"[39m
                [33mviewBox[39m=[32m"0 0 24 24"[39m
                [33mwidth[39m=[32m"20"[39m
                [33mxmlns[39m=[32m"http://www.w3.org/2000/svg"[39m
              [36m>[39m
                [36m<ellipse[39m
                  [33mcx[39m=[32m"12"[39m
                  [33mcy[39m=[32m"5"[39m
                  [33mrx[39m=[32m"9"[39m
                  [33mry[39m=[32m"3"[39m
                [36m/>[39m
                [36m<path[39m
                  [33md[39m=[32m"M3 12a9 3 0 0 0 5 2.69"[39m
                [36m/>[39m
                [36m<path[39m
                  [33md[39m=[32m"M21 9.3V5"[39m
                [36m/>[39m
                [36m<path[39m
                  [33md[39m=[32m"M3 5v14a9 3 0 0 0 6.47 2.88"[39m
                [36m/>[39m
                [36m<path[39m
                  [33md[39m=[32m"M12 12v4h4"[39m
                [36m/>[39m
                [36m<path[39m
                  [33md[39m=[32m"M13 20a5 5 0 0 0 9-3 4.5 4.5 0 0 0-4.5-4.5c-1.33 0-2.54.54-3.41 1.41L12 16"[39m
                [36m/>[39m
              [36m</svg>[39m
              [0mPopular Dados[0m
            [36m</button>[39m
            [36m<button[39m
              [33mclass[39m=[32m"flex items-center gap-2 bg-blue-600 text-white font-bold py-2 px-4 rounded-lg hover:bg-blue-700 transition-colors"[39m
            [36m>[39m
              [36m<svg[39m
                [33maria-hidden[39m=[32m"true"[39m
                [33mclass[39m=[32m"lucide lucide-circle-plus"[39m
                [33mfill[39m=[32m"none"[39m
                [33mheight[39m=[32m"20"[39m
                [33mstroke[39m=[32m"currentColor"[39m
                [33mstroke-linecap[39m=[32m"round"[39m
                [33mstroke-linejoin[39m=[32m"round"[39m
                [33mstroke-width[39m=[32m"2"[39m
                [33mviewBox[39m=[32m"0 0 24 24"[39m
                [33mwidth[39m=[32m"20"[39m
                [33mxmlns[39m=[32m"http://www.w3.org/2000/svg"[39m
              [36m>[39m
                [36m<circle[39m
                  [33mcx[39m=[32m"12"[39m
                  [33mcy[39m=[32m"12"[39m
                  [33mr[39m=[32m"10"[39m
                [36m/>[39m
                [36m<path[39m
                  [33md[39m=[32m"M8 12h8"[39m
                [36m/>[39m
                [36m<path[39m
                  [33md[39m=[32m"M12 8v8"[39m
                [36m/>[39m
              [36m</svg>[39m
              [0mNovo Produto[0m
            [36m</button>[39m
          [36m</div>[39m
        [36m</div>[39m
        [36m<div[39m
          [33mclass[39m=[32m"mb-4 flex gap-4"[39m
        [36m>[39m
          [36m<div[39m
            [33mclass[39m=[32m"relative"[39m
          [36m>[39m
            [36m<svg[39m
              [33maria-hidden[39m=[32m"true"[39m
              [33mclass[39m=[32m"lucide lucide-search absolute left-3 top-1/2 -translate-y-1/2 text-gray-400"[39m
              [33mfill[39m=[32m"none"[39m
              [33mheight[39m=[32m"20"[39m
              [33mstroke[39m=[32m"currentColor"[39m
              [33mstroke-linecap[39m=[32m"round"[39m
              [33mstroke-linejoin[39m=[32m"round"[39m
              [33mstroke-width[39m=[32m"2"[39m
              [33mviewBox[39m=[32m"0 0 24 24"[39m
              [33mwidth[39m=[32m"20"[39m
              [33mxmlns[39m=[32m"http://www.w3.org/2000/svg"[39m
            [36m>[39m
              [36m<path[39m
                [33md[39m=[32m"m21 21-4.34-4.34"[39m
              [36m/>[39m
              [36m<circle[39m
                [33mcx[39m=[32m"11"[39m
                [33mcy[39m=[32m"11"[39m
                [33mr[39m=[32m"8"[39m
              [36m/>[39m
            [36m</svg>[39m
            [36m<input[39m
              [33mclass[39m=[32m"w-full max-w-sm p-3 pl-10 border border-gray-300 rounded-lg"[39m
              [33mplaceholder[39m=[32m"Buscar por nome ou SKU..."[39m
              [33mtype[39m=[32m"text"[39m
              [33mvalue[39m=[32m""[39m
            [36m/>[39m
          [36m</div>[39m
          [36m<div[39m
            [33mclass[39m=[32m"min-w-[200px]"[39m
          [36m>[39m
            [36m<div[39m
              [33mclass[39m=[32m"relative"[39m
            [36m>[39m
              [36m<select[39m
                [33mclass[39m=[32m"w-full p-3 pr-10 bg-white/80 border border-gray-300 rounded-lg focus:ring-2 focus:ring-blue-500 focus:border-blue-500 transition shadow-sm appearance-none"[39m
              [36m>[39m
                [36m<option[39m
                  [33mvalue[39m=[32m""[39m
                [36m>[39m
                  [0mTodos os status[0m
                [36m</option>[39m
                [36m<option[39m
                  [33mvalue[39m=[32m"ativo"[39m
                [36m>[39m
                  [0mAtivo[0m
                [36m</option>[39m
                [36m<option[39m
                  [33mvalue[39m=[32m"inativo"[39m
                [36m>[39m
                  [0mInativo[0m
                [36m</option>[39m
              [36m</select>[39m
              [36m<div[39m
                [33mclass[39m=[32m"pointer-events-none absolute inset-y-0 right-0 flex items-center px-3 text-gray-700"[39m
              [36m>[39m
                [36m<svg[39m
                  [33maria-hidden[39m=[32m"true"[39m
                  [33mclass[39m=[32m"lucide lucide-chevron-down"[39m
                  [33mfill[39m=[32m"none"[39m
                  [33mheight[39m=[32m"20"[39m
                  [33mstroke[39m=[32m"currentColor"[39m
                  [33mstroke-linecap[39m=[32m"round"[39m
                  [33mstroke-linejoin[39m=[32m"round"[39m
                  [33mstroke-width[39m=[32m"2"[39m
                  [33mviewBox[39m=[32m"0 0 24 24"[39m
                  [33mwidth[39m=[32m"20"[39m
                  [33mxmlns[39m=[32m"http://www.w3.org/2000/svg"[39m
                [36m>[39m
                  [36m<path[39m
                    [33md[39m=[32m"m6 9 6 6 6-6"[39m
                  [36m/>[39m
                [36m</svg>[39m
              [36m</div>[39m
            [36m</div>[39m
          [36m</div>[39m
        [36m</div>[39m
        [36m<div[39m
          [33mclass[39m=[32m"bg-white rounded-lg shadow overflow-hidden"[39m
        [36m>[39m
          [36m<div[39m
            [33mclass[39m=[32m"h-96 flex flex-col items-center justify-center text-center text-gray-500 p-4"[39m
          [36m>[39m
            [36m<svg[39m
              [33maria-hidden[39m=[32m"true"[39m
              [33mclass[39m=[32m"lucide lucide-package mb-4"[39m
              [33mfill[39m=[32m"none"[39m
              [33mheight[39m=[32m"48"[39m
              [33mstroke[39m=[32m"currentColor"[39m
              [33mstroke-linecap[39m=[32m"round"[39m
              [33mstroke-linejoin[39m=[32m"round"[39m
              [33mstroke-width[39m=[32m"2"[39m
              [33mviewBox[39m=[32m"0 0 24 24"[39m
              [33mwidth[39m=[32m"48"[39m
              [33mxmlns[39m=[32m"http://www.w3.org/2000/svg"[39m
            [36m>[39m
              [36m<path[39m
                [33md[39m=[32m"M11 21.73a2 2 0 0 0 2 0l7-4A2 2 0 0 0 21 16V8a2 2 0 0 0-1-1.73l-7-4a2 2 0 0 0-2 0l-7 4A2 2 0 0 0 3 8v8a2 2 0 0 0 1 1.73z"[39m
              [36m/>[39m
              [36m<path[39m
                [33md[39m=[32m"M12 22V12"[39m
              [36m/>[39m
              [36m<polyline[39m
                [33mpoints[39m=[32m"3.29 7 12 12 20.71 7"[39m
              [36m/>[39m
              [36m<path[39m
                [33md[39m=[32m"m7.5 4.27 9 5.15"[39m
              [36m/>[39m
            [36m</svg>[39m
            [36m<p[39m
              [33mclass[39m=[32m"font-semibold text-lg"[39m
            [36m>[39m
              [0mNenhum produto encontrado.[0m
            [36m</p>[39m
            [36m<p[39m
              [33mclass[39m=[32m"text-sm mb-4"[39m
            [36m>[39m
              [0mComece cadastrando um novo produto ou popule com dados de exemplo.[0m
            [36m</p>[39m
            [36m<button[39m
              [33mclass[39m=[32m"mt-4 flex items-center gap-2 bg-blue-100 text-blue-700 font-bold py-2 px-4 rounded-lg hover:bg-blue-200 transition-colors disabled:opacity-50"[39m
            [36m>[39m
              [36m<svg[39m
                [33maria-hidden[39m=[32m"true"[39m
                [33mclass[39m=[32m"lucide lucide-database-backup"[39m
                [33mfill[39m=[32m"none"[39m
                [33mheight[39m=[32m"20"[39m
                [33mstroke[39m=[32m"currentColor"[39m
                [33mstroke-linecap[39m=[32m"round"[39m
                [33mstroke-linejoin[39m=[32m"round"[39m
                [33mstroke-width[39m=[32m"2"[39m
                [33mviewBox[39m=[32m"0 0 24 24"[39m
                [33mwidth[39m=[32m"20"[39m
                [33mxmlns[39m=[32m"http://www.w3.org/2000/svg"[39m
              [36m>[39m
                [36m<ellipse[39m
                  [33mcx[39m=[32m"12"[39m
                  [33mcy[39m=[32m"5"[39m
                  [33mrx[39m=[32m"9"[39m
                  [33mry[39m=[32m"3"[39m
                [36m/>[39m
                [36m<path[39m
                  [33md[39m=[32m"M3 12a9 3 0 0 0 5 2.69"[39m
                [36m/>[39m
                [36m<path[39m
                  [33md[39m=[32m"M21 9.3V5"[39m
                [36m/>[39m
                [36m<path[39m
                  [33md[39m=[32m"M3 5v14a9 3 0 0 0 6.47 2.88"[39m
                [36m/>[39m
                [36m<path[39m
                  [33md[39m=[32m"M12 12v4h4"[39m
                [36m/>[39m
                [36m<path[39m
                  [33md[39m=[32m"M13 20a5 5 0 0 0 9-3 4.5 4.5 0 0 0-4.5-4.5c-1.33 0-2.54.54-3.41 1.41L12 16"[39m
                [36m/>[39m
              [36m</svg>[39m
              [0mPopular com 10 produtos padrão[0m
            [36m</button>[39m
          [36m</div>[39m
        [36m</div>[39m
      [36m</div>[39m
      [36m<div[39m
        [33mclass[39m=[32m"fixed top-5 right-5 z-50 space-y-3"[39m
      [36m/>[39m
    [36m</div>[39m
  [36m</body>[39m
[36m</html>[39m
 ❯ Proxy.waitForWrapper node_modules/@testing-library/dom/dist/wait-for.js:163:27
 ❯ src/pages/products/ProductsPage.test.tsx:21:15
     19| 
     20|         // Wait for products to appear
     21|         await waitFor(() => {
       |               ^
     22|             expect(screen.getByText('Produto Teste 1')).toBeInTheDocum…
     23|             expect(screen.getByText('SKU-001')).toBeInTheDocument();

⎯⎯⎯⎯⎯⎯⎯⎯⎯⎯⎯⎯⎯⎯⎯⎯⎯⎯⎯⎯⎯⎯⎯⎯[1/2]⎯

 FAIL  src/pages/products/ProductsPage.test.tsx > ProductsPage Integration > filters products by search term
TestingLibraryElementError: Unable to find an element with the text: Produto Teste 1. This could be because the text is broken up by multiple elements. In this case, you can provide a function for your text matcher to make your matcher more flexible.

Ignored nodes: comments, script, style
[36m<body>[39m
  [36m<div>[39m
    [36m<div[39m
      [33mclass[39m=[32m"p-1"[39m
    [36m>[39m
      [36m<div[39m
        [33mclass[39m=[32m"flex justify-between items-center mb-6"[39m
      [36m>[39m
        [36m<h1[39m
          [33mclass[39m=[32m"text-3xl font-bold text-gray-800"[39m
        [36m>[39m
          [0mProdutos[0m
        [36m</h1>[39m
        [36m<div[39m
          [33mclass[39m=[32m"flex items-center gap-2"[39m
        [36m>[39m
          [36m<button[39m
            [33mclass[39m=[32m"flex items-center gap-2 bg-gray-100 text-gray-700 font-semibold py-2 px-4 rounded-lg hover:bg-gray-200 transition-colors disabled:opacity-50"[39m
          [36m>[39m
            [36m<svg[39m
              [33maria-hidden[39m=[32m"true"[39m
              [33mclass[39m=[32m"lucide lucide-database-backup"[39m
              [33mfill[39m=[32m"none"[39m
              [33mheight[39m=[32m"20"[39m
              [33mstroke[39m=[32m"currentColor"[39m
              [33mstroke-linecap[39m=[32m"round"[39m
              [33mstroke-linejoin[39m=[32m"round"[39m
              [33mstroke-width[39m=[32m"2"[39m
              [33mviewBox[39m=[32m"0 0 24 24"[39m
              [33mwidth[39m=[32m"20"[39m
              [33mxmlns[39m=[32m"http://www.w3.org/2000/svg"[39m
            [36m>[39m
              [36m<ellipse[39m
                [33mcx[39m=[32m"12"[39m
                [33mcy[39m=[32m"5"[39m
                [33mrx[39m=[32m"9"[39m
                [33mry[39m=[32m"3"[39m
              [36m/>[39m
              [36m<path[39m
                [33md[39m=[32m"M3 12a9 3 0 0 0 5 2.69"[39m
              [36m/>[39m
              [36m<path[39m
                [33md[39m=[32m"M21 9.3V5"[39m
              [36m/>[39m
              [36m<path[39m
                [33md[39m=[32m"M3 5v14a9 3 0 0 0 6.47 2.88"[39m
              [36m/>[39m
              [36m<path[39m
                [33md[39m=[32m"M12 12v4h4"[39m
              [36m/>[39m
              [36m<path[39m
                [33md[39m=[32m"M13 20a5 5 0 0 0 9-3 4.5 4.5 0 0 0-4.5-4.5c-1.33 0-2.54.54-3.41 1.41L12 16"[39m
              [36m/>[39m
            [36m</svg>[39m
            [0mPopular Dados[0m
          [36m</button>[39m
          [36m<button[39m
            [33mclass[39m=[32m"flex items-center gap-2 bg-blue-600 text-white font-bold py-2 px-4 rounded-lg hover:bg-blue-700 transition-colors"[39m
          [36m>[39m
            [36m<svg[39m
              [33maria-hidden[39m=[32m"true"[39m
              [33mclass[39m=[32m"lucide lucide-circle-plus"[39m
              [33mfill[39m=[32m"none"[39m
              [33mheight[39m=[32m"20"[39m
              [33mstroke[39m=[32m"currentColor"[39m
              [33mstroke-linecap[39m=[32m"round"[39m
              [33mstroke-linejoin[39m=[32m"round"[39m
              [33mstroke-width[39m=[32m"2"[39m
              [33mviewBox[39m=[32m"0 0 24 24"[39m
              [33mwidth[39m=[32m"20"[39m
              [33mxmlns[39m=[32m"http://www.w3.org/2000/svg"[39m
            [36m>[39m
              [36m<circle[39m
                [33mcx[39m=[32m"12"[39m
                [33mcy[39m=[32m"12"[39m
                [33mr[39m=[32m"10"[39m
              [36m/>[39m
              [36m<path[39m
                [33md[39m=[32m"M8 12h8"[39m
              [36m/>[39m
              [36m<path[39m
                [33md[39m=[32m"M12 8v8"[39m
              [36m/>[39m
            [36m</svg>[39m
            [0mNovo Produto[0m
          [36m</button>[39m
        [36m</div>[39m
      [36m</div>[39m
      [36m<div[39m
        [33mclass[39m=[32m"mb-4 flex gap-4"[39m
      [36m>[39m
        [36m<div[39m
          [33mclass[39m=[32m"relative"[39m
        [36m>[39m
          [36m<svg[39m
            [33maria-hidden[39m=[32m"true"[39m
            [33mclass[39m=[32m"lucide lucide-search absolute left-3 top-1/2 -translate-y-1/2 text-gray-400"[39m
            [33mfill[39m=[32m"none"[39m
            [33mheight[39m=[32m"20"[39m
            [33mstroke[39m=[32m"currentColor"[39m
            [33mstroke-linecap[39m=[32m"round"[39m
            [33mstroke-linejoin[39m=[32m"round"[39m
            [33mstroke-width[39m=[32m"2"[39m
            [33mviewBox[39m=[32m"0 0 24 24"[39m
            [33mwidth[39m=[32m"20"[39m
            [33mxmlns[39m=[32m"http://www.w3.org/2000/svg"[39m
          [36m>[39m
            [36m<path[39m
              [33md[39m=[32m"m21 21-4.34-4.34"[39m
            [36m/>[39m
            [36m<circle[39m
              [33mcx[39m=[32m"11"[39m
              [33mcy[39m=[32m"11"[39m
              [33mr[39m=[32m"8"[39m
            [36m/>[39m
          [36m</svg>[39m
          [36m<input[39m
            [33mclass[39m=[32m"w-full max-w-sm p-3 pl-10 border border-gray-300 rounded-lg"[39m
            [33mplaceholder[39m=[32m"Buscar por nome ou SKU..."[39m
            [33mtype[39m=[32m"text"[39m
            [33mvalue[39m=[32m""[39m
          [36m/>[39m
        [36m</div>[39m
        [36m<div[39m
          [33mclass[39m=[32m"min-w-[200px]"[39m
        [36m>[39m
          [36m<div[39m
            [33mclass[39m=[32m"relative"[39m
          [36m>[39m
            [36m<select[39m
              [33mclass[39m=[32m"w-full p-3 pr-10 bg-white/80 border border-gray-300 rounded-lg focus:ring-2 focus:ring-blue-500 focus:border-blue-500 transition shadow-sm appearance-none"[39m
            [36m>[39m
              [36m<option[39m
                [33mvalue[39m=[32m""[39m
              [36m>[39m
                [0mTodos os status[0m
              [36m</option>[39m
              [36m<option[39m
                [33mvalue[39m=[32m"ativo"[39m
              [36m>[39m
                [0mAtivo[0m
              [36m</option>[39m
              [36m<option[39m
                [33mvalue[39m=[32m"inativo"[39m
              [36m>[39m
                [0mInativo[0m
              [36m</option>[39m
            [36m</select>[39m
            [36m<div[39m
              [33mclass[39m=[32m"pointer-events-none absolute inset-y-0 right-0 flex items-center px-3 text-gray-700"[39m
            [36m>[39m
              [36m<svg[39m
                [33maria-hidden[39m=[32m"true"[39m
                [33mclass[39m=[32m"lucide lucide-chevron-down"[39m
                [33mfill[39m=[32m"none"[39m
                [33mheight[39m=[32m"20"[39m
                [33mstroke[39m=[32m"currentColor"[39m
                [33mstroke-linecap[39m=[32m"round"[39m
                [33mstroke-linejoin[39m=[32m"round"[39m
                [33mstroke-width[39m=[32m"2"[39m
                [33mviewBox[39m=[32m"0 0 24 24"[39m
                [33mwidth[39m=[32m"20"[39m
                [33mxmlns[39m=[32m"http://www.w3.org/2000/svg"[39m
              [36m>[39m
                [36m<path[39m
                  [33md[39m=[32m"m6 9 6 6 6-6"[39m
                [36m/>[39m
              [36m</svg>[39m
            [36m</div>[39m
          [36m</div>[39m
        [36m</div>[39m
      [36m</div>[39m
      [36m<div[39m
        [33mclass[39m=[32m"bg-white rounded-lg shadow overflow-hidden"[39m
      [36m>[39m
        [36m<div[39m
          [33mclass[39m=[32m"h-96 flex flex-col items-center justify-center text-center text-gray-500 p-4"[39m
        [36m>[39m
          [36m<svg[39m
            [33maria-hidden[39m=[32m"true"[39m
            [33mclass[39m=[32m"lucide lucide-package mb-4"[39m
            [33mfill[39m=[32m"none"[39m
            [33mheight[39m=[32m"48"[39m
            [33mstroke[39m=[32m"currentColor"[39m
            [33mstroke-linecap[39m=[32m"round"[39m
            [33mstroke-linejoin[39m=[32m"round"[39m
            [33mstroke-width[39m=[32m"2"[39m
            [33mviewBox[39m=[32m"0 0 24 24"[39m
            [33mwidth[39m=[32m"48"[39m
            [33mxmlns[39m=[32m"http://www.w3.org/2000/svg"[39m
          [36m>[39m
            [36m<path[39m
              [33md[39m=[32m"M11 21.73a2 2 0 0 0 2 0l7-4A2 2 0 0 0 21 16V8a2 2 0 0 0-1-1.73l-7-4a2 2 0 0 0-2 0l-7 4A2 2 0 0 0 3 8v8a2 2 0 0 0 1 1.73z"[39m
            [36m/>[39m
            [36m<path[39m
              [33md[39m=[32m"M12 22V12"[39m
            [36m/>[39m
            [36m<polyline[39m
              [33mpoints[39m=[32m"3.29 7 12 12 20.71 7"[39m
            [36m/>[39m
            [36m<path[39m
              [33md[39m=[32m"m7.5 4.27 9 5.15"[39m
            [36m/>[39m
          [36m</svg>[39m
          [36m<p[39m
            [33mclass[39m=[32m"font-semibold text-lg"[39m
          [36m>[39m
            [0mNenhum produto encontrado.[0m
          [36m</p>[39m
          [36m<p[39m
            [33mclass[39m=[32m"text-sm mb-4"[39m
          [36m>[39m
            [0mComece cadastrando um novo produto ou popule com dados de exemplo.[0m
          [36m</p>[39m
          [36m<button[39m
            [33mclass[39m=[32m"mt-4 flex items-center gap-2 bg-blue-100 text-blue-700 font-bold py-2 px-4 rounded-lg hover:bg-blue-200 transition-colors disabled:opacity-50"[39m
          [36m>[39m
            [36m<svg[39m
              [33maria-hidden[39m=[32m"true"[39m
              [33mclass[39m=[32m"lucide lucide-database-backup"[39m
              [33mfill[39m=[32m"none"[39m
              [33mheight[39m=[32m"20"[39m
              [33mstroke[39m=[32m"currentColor"[39m
              [33mstroke-linecap[39m=[32m"round"[39m
              [33mstroke-linejoin[39m=[32m"round"[39m
              [33mstroke-width[39m=[32m"2"[39m
              [33mviewBox[39m=[32m"0 0 24 24"[39m
              [33mwidth[39m=[32m"20"[39m
              [33mxmlns[39m=[32m"http://www.w3.org/2000/svg"[39m
            [36m>[39m
              [36m<ellipse[39m
                [33mcx[39m=[32m"12"[39m
                [33mcy[39m=[32m"5"[39m
                [33mrx[39m=[32m"9"[39m
                [33mry[39m=[32m"3"[39m
              [36m/>[39m
              [36m<path[39m
                [33md[39m=[32m"M3 12a9 3 0 0 0 5 2.69"[39m
              [36m/>[39m
              [36m<path[39m
                [33md[39m=[32m"M21 9.3V5"[39m
              [36m/>[39m
              [36m<path[39m
                [33md[39m=[32m"M3 5v14a9 3 0 0 0 6.47 2.88"[39m
              [36m/>[39m
              [36m<path[39m
                [33md[39m=[32m"M12 12v4h4"[39m
              [36m/>[39m
              [36m<path[39m
                [33md[39m=[32m"M13 20a5 5 0 0 0 9-3 4.5 4.5 0 0 0-4.5-4.5c-1.33 0-2.54.54-3.41 1.41L12 16"[39m
              [36m/>[39m
            [36m</svg>[39m
            [0mPopular com 10 produtos padrão[0m
          [36m</button>[39m
        [36m</div>[39m
      [36m</div>[39m
    [36m</div>[39m
    [36m<div[39m
      [33mclass[39m=[32m"fixed top-5 right-5 z-50 space-y-3"[39m
    [36m/>[39m
  [36m</div>[39m
[36m</body>[39m

Ignored nodes: comments, script, style
[36m<html>[39m
  [36m<head />[39m
  [36m<body>[39m
    [36m<div>[39m
      [36m<div[39m
        [33mclass[39m=[32m"p-1"[39m
      [36m>[39m
        [36m<div[39m
          [33mclass[39m=[32m"flex justify-between items-center mb-6"[39m
        [36m>[39m
          [36m<h1[39m
            [33mclass[39m=[32m"text-3xl font-bold text-gray-800"[39m
          [36m>[39m
            [0mProdutos[0m
          [36m</h1>[39m
          [36m<div[39m
            [33mclass[39m=[32m"flex items-center gap-2"[39m
          [36m>[39m
            [36m<button[39m
              [33mclass[39m=[32m"flex items-center gap-2 bg-gray-100 text-gray-700 font-semibold py-2 px-4 rounded-lg hover:bg-gray-200 transition-colors disabled:opacity-50"[39m
            [36m>[39m
              [36m<svg[39m
                [33maria-hidden[39m=[32m"true"[39m
                [33mclass[39m=[32m"lucide lucide-database-backup"[39m
                [33mfill[39m=[32m"none"[39m
                [33mheight[39m=[32m"20"[39m
                [33mstroke[39m=[32m"currentColor"[39m
                [33mstroke-linecap[39m=[32m"round"[39m
                [33mstroke-linejoin[39m=[32m"round"[39m
                [33mstroke-width[39m=[32m"2"[39m
                [33mviewBox[39m=[32m"0 0 24 24"[39m
                [33mwidth[39m=[32m"20"[39m
                [33mxmlns[39m=[32m"http://www.w3.org/2000/svg"[39m
              [36m>[39m
                [36m<ellipse[39m
                  [33mcx[39m=[32m"12"[39m
                  [33mcy[39m=[32m"5"[39m
                  [33mrx[39m=[32m"9"[39m
                  [33mry[39m=[32m"3"[39m
                [36m/>[39m
                [36m<path[39m
                  [33md[39m=[32m"M3 12a9 3 0 0 0 5 2.69"[39m
                [36m/>[39m
                [36m<path[39m
                  [33md[39m=[32m"M21 9.3V5"[39m
                [36m/>[39m
                [36m<path[39m
                  [33md[39m=[32m"M3 5v14a9 3 0 0 0 6.47 2.88"[39m
                [36m/>[39m
                [36m<path[39m
                  [33md[39m=[32m"M12 12v4h4"[39m
                [36m/>[39m
                [36m<path[39m
                  [33md[39m=[32m"M13 20a5 5 0 0 0 9-3 4.5 4.5 0 0 0-4.5-4.5c-1.33 0-2.54.54-3.41 1.41L12 16"[39m
                [36m/>[39m
              [36m</svg>[39m
              [0mPopular Dados[0m
            [36m</button>[39m
            [36m<button[39m
              [33mclass[39m=[32m"flex items-center gap-2 bg-blue-600 text-white font-bold py-2 px-4 rounded-lg hover:bg-blue-700 transition-colors"[39m
            [36m>[39m
              [36m<svg[39m
                [33maria-hidden[39m=[32m"true"[39m
                [33mclass[39m=[32m"lucide lucide-circle-plus"[39m
                [33mfill[39m=[32m"none"[39m
                [33mheight[39m=[32m"20"[39m
                [33mstroke[39m=[32m"currentColor"[39m
                [33mstroke-linecap[39m=[32m"round"[39m
                [33mstroke-linejoin[39m=[32m"round"[39m
                [33mstroke-width[39m=[32m"2"[39m
                [33mviewBox[39m=[32m"0 0 24 24"[39m
                [33mwidth[39m=[32m"20"[39m
                [33mxmlns[39m=[32m"http://www.w3.org/2000/svg"[39m
              [36m>[39m
                [36m<circle[39m
                  [33mcx[39m=[32m"12"[39m
                  [33mcy[39m=[32m"12"[39m
                  [33mr[39m=[32m"10"[39m
                [36m/>[39m
                [36m<path[39m
                  [33md[39m=[32m"M8 12h8"[39m
                [36m/>[39m
                [36m<path[39m
                  [33md[39m=[32m"M12 8v8"[39m
                [36m/>[39m
              [36m</svg>[39m
              [0mNovo Produto[0m
            [36m</button>[39m
          [36m</div>[39m
        [36m</div>[39m
        [36m<div[39m
          [33mclass[39m=[32m"mb-4 flex gap-4"[39m
        [36m>[39m
          [36m<div[39m
            [33mclass[39m=[32m"relative"[39m
          [36m>[39m
            [36m<svg[39m
              [33maria-hidden[39m=[32m"true"[39m
              [33mclass[39m=[32m"lucide lucide-search absolute left-3 top-1/2 -translate-y-1/2 text-gray-400"[39m
              [33mfill[39m=[32m"none"[39m
              [33mheight[39m=[32m"20"[39m
              [33mstroke[39m=[32m"currentColor"[39m
              [33mstroke-linecap[39m=[32m"round"[39m
              [33mstroke-linejoin[39m=[32m"round"[39m
              [33mstroke-width[39m=[32m"2"[39m
              [33mviewBox[39m=[32m"0 0 24 24"[39m
              [33mwidth[39m=[32m"20"[39m
              [33mxmlns[39m=[32m"http://www.w3.org/2000/svg"[39m
            [36m>[39m
              [36m<path[39m
                [33md[39m=[32m"m21 21-4.34-4.34"[39m
              [36m/>[39m
              [36m<circle[39m
                [33mcx[39m=[32m"11"[39m
                [33mcy[39m=[32m"11"[39m
                [33mr[39m=[32m"8"[39m
              [36m/>[39m
            [36m</svg>[39m
            [36m<input[39m
              [33mclass[39m=[32m"w-full max-w-sm p-3 pl-10 border border-gray-300 rounded-lg"[39m
              [33mplaceholder[39m=[32m"Buscar por nome ou SKU..."[39m
              [33mtype[39m=[32m"text"[39m
              [33mvalue[39m=[32m""[39m
            [36m/>[39m
          [36m</div>[39m
          [36m<div[39m
            [33mclass[39m=[32m"min-w-[200px]"[39m
          [36m>[39m
            [36m<div[39m
              [33mclass[39m=[32m"relative"[39m
            [36m>[39m
              [36m<select[39m
                [33mclass[39m=[32m"w-full p-3 pr-10 bg-white/80 border border-gray-300 rounded-lg focus:ring-2 focus:ring-blue-500 focus:border-blue-500 transition shadow-sm appearance-none"[39m
              [36m>[39m
                [36m<option[39m
                  [33mvalue[39m=[32m""[39m
                [36m>[39m
                  [0mTodos os status[0m
                [36m</option>[39m
                [36m<option[39m
                  [33mvalue[39m=[32m"ativo"[39m
                [36m>[39m
                  [0mAtivo[0m
                [36m</option>[39m
                [36m<option[39m
                  [33mvalue[39m=[32m"inativo"[39m
                [36m>[39m
                  [0mInativo[0m
                [36m</option>[39m
              [36m</select>[39m
              [36m<div[39m
                [33mclass[39m=[32m"pointer-events-none absolute inset-y-0 right-0 flex items-center px-3 text-gray-700"[39m
              [36m>[39m
                [36m<svg[39m
                  [33maria-hidden[39m=[32m"true"[39m
                  [33mclass[39m=[32m"lucide lucide-chevron-down"[39m
                  [33mfill[39m=[32m"none"[39m
                  [33mheight[39m=[32m"20"[39m
                  [33mstroke[39m=[32m"currentColor"[39m
                  [33mstroke-linecap[39m=[32m"round"[39m
                  [33mstroke-linejoin[39m=[32m"round"[39m
                  [33mstroke-width[39m=[32m"2"[39m
                  [33mviewBox[39m=[32m"0 0 24 24"[39m
                  [33mwidth[39m=[32m"20"[39m
                  [33mxmlns[39m=[32m"http://www.w3.org/2000/svg"[39m
                [36m>[39m
                  [36m<path[39m
                    [33md[39m=[32m"m6 9 6 6 6-6"[39m
                  [36m/>[39m
                [36m</svg>[39m
              [36m</div>[39m
            [36m</div>[39m
          [36m</div>[39m
        [36m</div>[39m
        [36m<div[39m
          [33mclass[39m=[32m"bg-white rounded-lg shadow overflow-hidden"[39m
        [36m>[39m
          [36m<div[39m
            [33mclass[39m=[32m"h-96 flex flex-col items-center justify-center text-center text-gray-500 p-4"[39m
          [36m>[39m
            [36m<svg[39m
              [33maria-hidden[39m=[32m"true"[39m
              [33mclass[39m=[32m"lucide lucide-package mb-4"[39m
              [33mfill[39m=[32m"none"[39m
              [33mheight[39m=[32m"48"[39m
              [33mstroke[39m=[32m"currentColor"[39m
              [33mstroke-linecap[39m=[32m"round"[39m
              [33mstroke-linejoin[39m=[32m"round"[39m
              [33mstroke-width[39m=[32m"2"[39m
              [33mviewBox[39m=[32m"0 0 24 24"[39m
              [33mwidth[39m=[32m"48"[39m
              [33mxmlns[39m=[32m"http://www.w3.org/2000/svg"[39m
            [36m>[39m
              [36m<path[39m
                [33md[39m=[32m"M11 21.73a2 2 0 0 0 2 0l7-4A2 2 0 0 0 21 16V8a2 2 0 0 0-1-1.73l-7-4a2 2 0 0 0-2 0l-7 4A2 2 0 0 0 3 8v8a2 2 0 0 0 1 1.73z"[39m
              [36m/>[39m
              [36m<path[39m
                [33md[39m=[32m"M12 22V12"[39m
              [36m/>[39m
              [36m<polyline[39m
                [33mpoints[39m=[32m"3.29 7 12 12 20.71 7"[39m
              [36m/>[39m
              [36m<path[39m
                [33md[39m=[32m"m7.5 4.27 9 5.15"[39m
              [36m/>[39m
            [36m</svg>[39m
            [36m<p[39m
              [33mclass[39m=[32m"font-semibold text-lg"[39m
            [36m>[39m
              [0mNenhum produto encontrado.[0m
            [36m</p>[39m
            [36m<p[39m
              [33mclass[39m=[32m"text-sm mb-4"[39m
            [36m>[39m
              [0mComece cadastrando um novo produto ou popule com dados de exemplo.[0m
            [36m</p>[39m
            [36m<button[39m
              [33mclass[39m=[32m"mt-4 flex items-center gap-2 bg-blue-100 text-blue-700 font-bold py-2 px-4 rounded-lg hover:bg-blue-200 transition-colors disabled:opacity-50"[39m
            [36m>[39m
              [36m<svg[39m
                [33maria-hidden[39m=[32m"true"[39m
                [33mclass[39m=[32m"lucide lucide-database-backup"[39m
                [33mfill[39m=[32m"none"[39m
                [33mheight[39m=[32m"20"[39m
                [33mstroke[39m=[32m"currentColor"[39m
                [33mstroke-linecap[39m=[32m"round"[39m
                [33mstroke-linejoin[39m=[32m"round"[39m
                [33mstroke-width[39m=[32m"2"[39m
                [33mviewBox[39m=[32m"0 0 24 24"[39m
                [33mwidth[39m=[32m"20"[39m
                [33mxmlns[39m=[32m"http://www.w3.org/2000/svg"[39m
              [36m>[39m
                [36m<ellipse[39m
                  [33mcx[39m=[32m"12"[39m
                  [33mcy[39m=[32m"5"[39m
                  [33mrx[39m=[32m"9"[39m
                  [33mry[39m=[32m"3"[39m
                [36m/>[39m
                [36m<path[39m
                  [33md[39m=[32m"M3 12a9 3 0 0 0 5 2.69"[39m
                [36m/>[39m
                [36m<path[39m
                  [33md[39m=[32m"M21 9.3V5"[39m
                [36m/>[39m
                [36m<path[39m
                  [33md[39m=[32m"M3 5v14a9 3 0 0 0 6.47 2.88"[39m
                [36m/>[39m
                [36m<path[39m
                  [33md[39m=[32m"M12 12v4h4"[39m
                [36m/>[39m
                [36m<path[39m
                  [33md[39m=[32m"M13 20a5 5 0 0 0 9-3 4.5 4.5 0 0 0-4.5-4.5c-1.33 0-2.54.54-3.41 1.41L12 16"[39m
                [36m/>[39m
              [36m</svg>[39m
              [0mPopular com 10 produtos padrão[0m
            [36m</button>[39m
          [36m</div>[39m
        [36m</div>[39m
      [36m</div>[39m
      [36m<div[39m
        [33mclass[39m=[32m"fixed top-5 right-5 z-50 space-y-3"[39m
      [36m/>[39m
    [36m</div>[39m
  [36m</body>[39m
[36m</html>[39m
 ❯ Proxy.waitForWrapper node_modules/@testing-library/dom/dist/wait-for.js:163:27
 ❯ src/pages/products/ProductsPage.test.tsx:36:15
     34|         renderWithProviders(<ProductsPage />);
     35| 
     36|         await waitFor(() => {
       |               ^
     37|             expect(screen.getByText('Produto Teste 1')).toBeInTheDocum…
     38|         });

⎯⎯⎯⎯⎯⎯⎯⎯⎯⎯⎯⎯⎯⎯⎯⎯⎯⎯⎯⎯⎯⎯⎯⎯[2/2]⎯

 Test Files  1 failed (1)
      Tests  2 failed | 1 passed (3)
   Start at  17:50:30
   Duration  3.45s


 FAIL  Tests failed. Watching for file changes...
       press h to show help, press q to quit
       rerun x4
[2K[1A[2K[G[3Jc
 RERUN  src/pages/products/ProductsPage.test.tsx x5

stdout | src/test/setup.ts:8:9
[SETUP] Initializing MSW server...

stdout | Logger.info (/Users/leandrofmarques/Downloads/revo_erp_prod_8yumh0_dualiteproject/src/lib/logger.ts:24:21)
[INFO] [SUPABASE][CLIENT_INIT] {
  supabaseUrl: 'https://lrfwiaekipwkjkzvcnfd.supabase.co',
  anonKeyPrefix: 'eyJhbGci'
}

stdout | src/pages/products/ProductsPage.test.tsx
[SETUP] Starting MSW server...

stdout | src/pages/products/ProductsPage.test.tsx > ProductsPage Integration > renders the product list with data from MSW
[DEBUG] [QUERY][empresas] fetching list 
[DEBUG] [QUERY][active_empresa] fetching 
[INFO] [AUTH][LOGIN] start { email: 'exists' }

stderr | src/pages/products/ProductsPage.test.tsx > ProductsPage Integration > renders the product list with data from MSW
⚠️ React Router Future Flag Warning: React Router will begin wrapping state updates in `React.startTransition` in v7. You can use the `v7_startTransition` future flag to opt-in early. For more information, see https://reactrouter.com/v6/upgrading/future#v7_starttransition.
⚠️ React Router Future Flag Warning: Relative route resolution within Splat routes is changing in v7. You can use the `v7_relativeSplatPath` future flag to opt-in early. For more information, see https://reactrouter.com/v6/upgrading/future#v7_relativesplatpath.

stdout | src/pages/products/ProductsPage.test.tsx > ProductsPage Integration > renders the product list with data from MSW
<empty line>
stderr | src/pages/products/ProductsPage.test.tsx > ProductsPage Integration > renders the product list with data from MSW
[ERROR] [QUERY][empresas] list error {
  code: 'PGRST301',
  details: null,
  hint: null,
  message: 'Expected 3 parts in JWT; got 1'
} 

stderr | src/pages/products/ProductsPage.test.tsx > ProductsPage Integration > renders the product list with data from MSW
[WARN] [QUERY][active_empresa] error {
  code: 'PGRST301',
  details: null,
  hint: null,
  message: 'Expected 3 parts in JWT; got 1'
}

stdout | src/pages/products/ProductsPage.test.tsx > ProductsPage Integration > renders the product list with data from MSW
[INFO] [MUTATION][bootstrap] start 

stdout | src/pages/products/ProductsPage.test.tsx > ProductsPage Integration > renders the product list with data from MSW
<empty line>
stderr | src/pages/products/ProductsPage.test.tsx > ProductsPage Integration > renders the product list with data from MSW
[ERROR] [MUTATION][bootstrap] error {
  code: 'PGRST301',
  details: null,
  hint: null,
  message: 'Expected 3 parts in JWT; got 1'
} 

stdout | src/pages/products/ProductsPage.test.tsx > ProductsPage Integration > filters products by search term
[DEBUG] [QUERY][empresas] fetching list 
[DEBUG] [QUERY][active_empresa] fetching 
[INFO] [AUTH][LOGIN] start { email: 'exists' }

stdout | src/pages/products/ProductsPage.test.tsx > ProductsPage Integration > filters products by search term
<empty line>
stderr | src/pages/products/ProductsPage.test.tsx > ProductsPage Integration > filters products by search term
[ERROR] [QUERY][empresas] list error {
  code: 'PGRST301',
  details: null,
  hint: null,
  message: 'Expected 3 parts in JWT; got 1'
} 

stderr | src/pages/products/ProductsPage.test.tsx > ProductsPage Integration > filters products by search term
[WARN] [QUERY][active_empresa] error {
  code: 'PGRST301',
  details: null,
  hint: null,
  message: 'Expected 3 parts in JWT; got 1'
}

stdout | src/pages/products/ProductsPage.test.tsx > ProductsPage Integration > filters products by search term
[INFO] [MUTATION][bootstrap] start 

stdout | src/pages/products/ProductsPage.test.tsx > ProductsPage Integration > filters products by search term
<empty line>
stderr | src/pages/products/ProductsPage.test.tsx > ProductsPage Integration > filters products by search term
[ERROR] [MUTATION][bootstrap] error {
  code: 'PGRST301',
  details: null,
  hint: null,
  message: 'Expected 3 parts in JWT; got 1'
} 

 ❯ src/pages/products/ProductsPage.test.tsx  (2 tests | 2 failed) 2121ms
   ❯ src/pages/products/ProductsPage.test.tsx > ProductsPage Integration > renders the product list with data from MSW
     → Unable to find an element with the text: Produto Teste 1. This could be because the text is broken up by multiple elements. In this case, you can provide a function for your text matcher to make your matcher more flexible.

Ignored nodes: comments, script, style
[36m<body>[39m
  [36m<div>[39m
    [36m<div[39m
      [33mclass[39m=[32m"p-1"[39m
    [36m>[39m
      [36m<div[39m
        [33mclass[39m=[32m"flex justify-between items-center mb-6"[39m
      [36m>[39m
        [36m<h1[39m
          [33mclass[39m=[32m"text-3xl font-bold text-gray-800"[39m
        [36m>[39m
          [0mProdutos[0m
        [36m</h1>[39m
        [36m<div[39m
          [33mclass[39m=[32m"flex items-center gap-2"[39m
        [36m>[39m
          [36m<button[39m
            [33mclass[39m=[32m"flex items-center gap-2 bg-gray-100 text-gray-700 font-semibold py-2 px-4 rounded-lg hover:bg-gray-200 transition-colors disabled:opacity-50"[39m
          [36m>[39m
            [36m<svg[39m
              [33maria-hidden[39m=[32m"true"[39m
              [33mclass[39m=[32m"lucide lucide-database-backup"[39m
              [33mfill[39m=[32m"none"[39m
              [33mheight[39m=[32m"20"[39m
              [33mstroke[39m=[32m"currentColor"[39m
              [33mstroke-linecap[39m=[32m"round"[39m
              [33mstroke-linejoin[39m=[32m"round"[39m
              [33mstroke-width[39m=[32m"2"[39m
              [33mviewBox[39m=[32m"0 0 24 24"[39m
              [33mwidth[39m=[32m"20"[39m
              [33mxmlns[39m=[32m"http://www.w3.org/2000/svg"[39m
            [36m>[39m
              [36m<ellipse[39m
                [33mcx[39m=[32m"12"[39m
                [33mcy[39m=[32m"5"[39m
                [33mrx[39m=[32m"9"[39m
                [33mry[39m=[32m"3"[39m
              [36m/>[39m
              [36m<path[39m
                [33md[39m=[32m"M3 12a9 3 0 0 0 5 2.69"[39m
              [36m/>[39m
              [36m<path[39m
                [33md[39m=[32m"M21 9.3V5"[39m
              [36m/>[39m
              [36m<path[39m
                [33md[39m=[32m"M3 5v14a9 3 0 0 0 6.47 2.88"[39m
              [36m/>[39m
              [36m<path[39m
                [33md[39m=[32m"M12 12v4h4"[39m
              [36m/>[39m
              [36m<path[39m
                [33md[39m=[32m"M13 20a5 5 0 0 0 9-3 4.5 4.5 0 0 0-4.5-4.5c-1.33 0-2.54.54-3.41 1.41L12 16"[39m
              [36m/>[39m
            [36m</svg>[39m
            [0mPopular Dados[0m
          [36m</button>[39m
          [36m<button[39m
            [33mclass[39m=[32m"flex items-center gap-2 bg-blue-600 text-white font-bold py-2 px-4 rounded-lg hover:bg-blue-700 transition-colors"[39m
          [36m>[39m
            [36m<svg[39m
              [33maria-hidden[39m=[32m"true"[39m
              [33mclass[39m=[32m"lucide lucide-circle-plus"[39m
              [33mfill[39m=[32m"none"[39m
              [33mheight[39m=[32m"20"[39m
              [33mstroke[39m=[32m"currentColor"[39m
              [33mstroke-linecap[39m=[32m"round"[39m
              [33mstroke-linejoin[39m=[32m"round"[39m
              [33mstroke-width[39m=[32m"2"[39m
              [33mviewBox[39m=[32m"0 0 24 24"[39m
              [33mwidth[39m=[32m"20"[39m
              [33mxmlns[39m=[32m"http://www.w3.org/2000/svg"[39m
            [36m>[39m
              [36m<circle[39m
                [33mcx[39m=[32m"12"[39m
                [33mcy[39m=[32m"12"[39m
                [33mr[39m=[32m"10"[39m
              [36m/>[39m
              [36m<path[39m
                [33md[39m=[32m"M8 12h8"[39m
              [36m/>[39m
              [36m<path[39m
                [33md[39m=[32m"M12 8v8"[39m
              [36m/>[39m
            [36m</svg>[39m
            [0mNovo Produto[0m
          [36m</button>[39m
        [36m</div>[39m
      [36m</div>[39m
      [36m<div[39m
        [33mclass[39m=[32m"mb-4 flex gap-4"[39m
      [36m>[39m
        [36m<div[39m
          [33mclass[39m=[32m"relative"[39m
        [36m>[39m
          [36m<svg[39m
            [33maria-hidden[39m=[32m"true"[39m
            [33mclass[39m=[32m"lucide lucide-search absolute left-3 top-1/2 -translate-y-1/2 text-gray-400"[39m
            [33mfill[39m=[32m"none"[39m
            [33mheight[39m=[32m"20"[39m
            [33mstroke[39m=[32m"currentColor"[39m
            [33mstroke-linecap[39m=[32m"round"[39m
            [33mstroke-linejoin[39m=[32m"round"[39m
            [33mstroke-width[39m=[32m"2"[39m
            [33mviewBox[39m=[32m"0 0 24 24"[39m
            [33mwidth[39m=[32m"20"[39m
            [33mxmlns[39m=[32m"http://www.w3.org/2000/svg"[39m
          [36m>[39m
            [36m<path[39m
              [33md[39m=[32m"m21 21-4.34-4.34"[39m
            [36m/>[39m
            [36m<circle[39m
              [33mcx[39m=[32m"11"[39m
              [33mcy[39m=[32m"11"[39m
              [33mr[39m=[32m"8"[39m
            [36m/>[39m
          [36m</svg>[39m
          [36m<input[39m
            [33mclass[39m=[32m"w-full max-w-sm p-3 pl-10 border border-gray-300 rounded-lg"[39m
            [33mplaceholder[39m=[32m"Buscar por nome ou SKU..."[39m
            [33mtype[39m=[32m"text"[39m
            [33mvalue[39m=[32m""[39m
          [36m/>[39m
        [36m</div>[39m
        [36m<div[39m
          [33mclass[39m=[32m"min-w-[200px]"[39m
        [36m>[39m
          [36m<div[39m
            [33mclass[39m=[32m"relative"[39m
          [36m>[39m
            [36m<select[39m
              [33mclass[39m=[32m"w-full p-3 pr-10 bg-white/80 border border-gray-300 rounded-lg focus:ring-2 focus:ring-blue-500 focus:border-blue-500 transition shadow-sm appearance-none"[39m
            [36m>[39m
              [36m<option[39m
                [33mvalue[39m=[32m""[39m
              [36m>[39m
                [0mTodos os status[0m
              [36m</option>[39m
              [36m<option[39m
                [33mvalue[39m=[32m"ativo"[39m
              [36m>[39m
                [0mAtivo[0m
              [36m</option>[39m
              [36m<option[39m
                [33mvalue[39m=[32m"inativo"[39m
              [36m>[39m
                [0mInativo[0m
              [36m</option>[39m
            [36m</select>[39m
            [36m<div[39m
              [33mclass[39m=[32m"pointer-events-none absolute inset-y-0 right-0 flex items-center px-3 text-gray-700"[39m
            [36m>[39m
              [36m<svg[39m
                [33maria-hidden[39m=[32m"true"[39m
                [33mclass[39m=[32m"lucide lucide-chevron-down"[39m
                [33mfill[39m=[32m"none"[39m
                [33mheight[39m=[32m"20"[39m
                [33mstroke[39m=[32m"currentColor"[39m
                [33mstroke-linecap[39m=[32m"round"[39m
                [33mstroke-linejoin[39m=[32m"round"[39m
                [33mstroke-width[39m=[32m"2"[39m
                [33mviewBox[39m=[32m"0 0 24 24"[39m
                [33mwidth[39m=[32m"20"[39m
                [33mxmlns[39m=[32m"http://www.w3.org/2000/svg"[39m
              [36m>[39m
                [36m<path[39m
                  [33md[39m=[32m"m6 9 6 6 6-6"[39m
                [36m/>[39m
              [36m</svg>[39m
            [36m</div>[39m
          [36m</div>[39m
        [36m</div>[39m
      [36m</div>[39m
      [36m<div[39m
        [33mclass[39m=[32m"bg-white rounded-lg shadow overflow-hidden"[39m
      [36m>[39m
        [36m<div[39m
          [33mclass[39m=[32m"h-96 flex flex-col items-center justify-center text-center text-gray-500 p-4"[39m
        [36m>[39m
          [36m<svg[39m
            [33maria-hidden[39m=[32m"true"[39m
            [33mclass[39m=[32m"lucide lucide-package mb-4"[39m
            [33mfill[39m=[32m"none"[39m
            [33mheight[39m=[32m"48"[39m
            [33mstroke[39m=[32m"currentColor"[39m
            [33mstroke-linecap[39m=[32m"round"[39m
            [33mstroke-linejoin[39m=[32m"round"[39m
            [33mstroke-width[39m=[32m"2"[39m
            [33mviewBox[39m=[32m"0 0 24 24"[39m
            [33mwidth[39m=[32m"48"[39m
            [33mxmlns[39m=[32m"http://www.w3.org/2000/svg"[39m
          [36m>[39m
            [36m<path[39m
              [33md[39m=[32m"M11 21.73a2 2 0 0 0 2 0l7-4A2 2 0 0 0 21 16V8a2 2 0 0 0-1-1.73l-7-4a2 2 0 0 0-2 0l-7 4A2 2 0 0 0 3 8v8a2 2 0 0 0 1 1.73z"[39m
            [36m/>[39m
            [36m<path[39m
              [33md[39m=[32m"M12 22V12"[39m
            [36m/>[39m
            [36m<polyline[39m
              [33mpoints[39m=[32m"3.29 7 12 12 20.71 7"[39m
            [36m/>[39m
            [36m<path[39m
              [33md[39m=[32m"m7.5 4.27 9 5.15"[39m
            [36m/>[39m
          [36m</svg>[39m
          [36m<p[39m
            [33mclass[39m=[32m"font-semibold text-lg"[39m
          [36m>[39m
            [0mNenhum produto encontrado.[0m
          [36m</p>[39m
          [36m<p[39m
            [33mclass[39m=[32m"text-sm mb-4"[39m
          [36m>[39m
            [0mComece cadastrando um novo produto ou popule com dados de exemplo.[0m
          [36m</p>[39m
          [36m<button[39m
            [33mclass[39m=[32m"mt-4 flex items-center gap-2 bg-blue-100 text-blue-700 font-bold py-2 px-4 rounded-lg hover:bg-blue-200 transition-colors disabled:opacity-50"[39m
          [36m>[39m
            [36m<svg[39m
              [33maria-hidden[39m=[32m"true"[39m
              [33mclass[39m=[32m"lucide lucide-database-backup"[39m
              [33mfill[39m=[32m"none"[39m
              [33mheight[39m=[32m"20"[39m
              [33mstroke[39m=[32m"currentColor"[39m
              [33mstroke-linecap[39m=[32m"round"[39m
              [33mstroke-linejoin[39m=[32m"round"[39m
              [33mstroke-width[39m=[32m"2"[39m
              [33mviewBox[39m=[32m"0 0 24 24"[39m
              [33mwidth[39m=[32m"20"[39m
              [33mxmlns[39m=[32m"http://www.w3.org/2000/svg"[39m
            [36m>[39m
              [36m<ellipse[39m
                [33mcx[39m=[32m"12"[39m
                [33mcy[39m=[32m"5"[39m
                [33mrx[39m=[32m"9"[39m
                [33mry[39m=[32m"3"[39m
              [36m/>[39m
              [36m<path[39m
                [33md[39m=[32m"M3 12a9 3 0 0 0 5 2.69"[39m
              [36m/>[39m
              [36m<path[39m
                [33md[39m=[32m"M21 9.3V5"[39m
              [36m/>[39m
              [36m<path[39m
                [33md[39m=[32m"M3 5v14a9 3 0 0 0 6.47 2.88"[39m
              [36m/>[39m
              [36m<path[39m
                [33md[39m=[32m"M12 12v4h4"[39m
              [36m/>[39m
              [36m<path[39m
                [33md[39m=[32m"M13 20a5 5 0 0 0 9-3 4.5 4.5 0 0 0-4.5-4.5c-1.33 0-2.54.54-3.41 1.41L12 16"[39m
              [36m/>[39m
            [36m</svg>[39m
            [0mPopular com 10 produtos padrão[0m
          [36m</button>[39m
        [36m</div>[39m
      [36m</div>[39m
    [36m</div>[39m
    [36m<div[39m
      [33mclass[39m=[32m"fixed top-5 right-5 z-50 space-y-3"[39m
    [36m/>[39m
  [36m</div>[39m
[36m</body>[39m

Ignored nodes: comments, script, style
[36m<html>[39m
  [36m<head />[39m
  [36m<body>[39m
    [36m<div>[39m
      [36m<div[39m
        [33mclass[39m=[32m"p-1"[39m
      [36m>[39m
        [36m<div[39m
          [33mclass[39m=[32m"flex justify-between items-center mb-6"[39m
        [36m>[39m
          [36m<h1[39m
            [33mclass[39m=[32m"text-3xl font-bold text-gray-800"[39m
          [36m>[39m
            [0mProdutos[0m
          [36m</h1>[39m
          [36m<div[39m
            [33mclass[39m=[32m"flex items-center gap-2"[39m
          [36m>[39m
            [36m<button[39m
              [33mclass[39m=[32m"flex items-center gap-2 bg-gray-100 text-gray-700 font-semibold py-2 px-4 rounded-lg hover:bg-gray-200 transition-colors disabled:opacity-50"[39m
            [36m>[39m
              [36m<svg[39m
                [33maria-hidden[39m=[32m"true"[39m
                [33mclass[39m=[32m"lucide lucide-database-backup"[39m
                [33mfill[39m=[32m"none"[39m
                [33mheight[39m=[32m"20"[39m
                [33mstroke[39m=[32m"currentColor"[39m
                [33mstroke-linecap[39m=[32m"round"[39m
                [33mstroke-linejoin[39m=[32m"round"[39m
                [33mstroke-width[39m=[32m"2"[39m
                [33mviewBox[39m=[32m"0 0 24 24"[39m
                [33mwidth[39m=[32m"20"[39m
                [33mxmlns[39m=[32m"http://www.w3.org/2000/svg"[39m
              [36m>[39m
                [36m<ellipse[39m
                  [33mcx[39m=[32m"12"[39m
                  [33mcy[39m=[32m"5"[39m
                  [33mrx[39m=[32m"9"[39m
                  [33mry[39m=[32m"3"[39m
                [36m/>[39m
                [36m<path[39m
                  [33md[39m=[32m"M3 12a9 3 0 0 0 5 2.69"[39m
                [36m/>[39m
                [36m<path[39m
                  [33md[39m=[32m"M21 9.3V5"[39m
                [36m/>[39m
                [36m<path[39m
                  [33md[39m=[32m"M3 5v14a9 3 0 0 0 6.47 2.88"[39m
                [36m/>[39m
                [36m<path[39m
                  [33md[39m=[32m"M12 12v4h4"[39m
                [36m/>[39m
                [36m<path[39m
                  [33md[39m=[32m"M13 20a5 5 0 0 0 9-3 4.5 4.5 0 0 0-4.5-4.5c-1.33 0-2.54.54-3.41 1.41L12 16"[39m
                [36m/>[39m
              [36m</svg>[39m
              [0mPopular Dados[0m
            [36m</button>[39m
            [36m<button[39m
              [33mclass[39m=[32m"flex items-center gap-2 bg-blue-600 text-white font-bold py-2 px-4 rounded-lg hover:bg-blue-700 transition-colors"[39m
            [36m>[39m
              [36m<svg[39m
                [33maria-hidden[39m=[32m"true"[39m
                [33mclass[39m=[32m"lucide lucide-circle-plus"[39m
                [33mfill[39m=[32m"none"[39m
                [33mheight[39m=[32m"20"[39m
                [33mstroke[39m=[32m"currentColor"[39m
                [33mstroke-linecap[39m=[32m"round"[39m
                [33mstroke-linejoin[39m=[32m"round"[39m
                [33mstroke-width[39m=[32m"2"[39m
                [33mviewBox[39m=[32m"0 0 24 24"[39m
                [33mwidth[39m=[32m"20"[39m
                [33mxmlns[39m=[32m"http://www.w3.org/2000/svg"[39m
              [36m>[39m
                [36m<circle[39m
                  [33mcx[39m=[32m"12"[39m
                  [33mcy[39m=[32m"12"[39m
                  [33mr[39m=[32m"10"[39m
                [36m/>[39m
                [36m<path[39m
                  [33md[39m=[32m"M8 12h8"[39m
                [36m/>[39m
                [36m<path[39m
                  [33md[39m=[32m"M12 8v8"[39m
                [36m/>[39m
              [36m</svg>[39m
              [0mNovo Produto[0m
            [36m</button>[39m
          [36m</div>[39m
        [36m</div>[39m
        [36m<div[39m
          [33mclass[39m=[32m"mb-4 flex gap-4"[39m
        [36m>[39m
          [36m<div[39m
            [33mclass[39m=[32m"relative"[39m
          [36m>[39m
            [36m<svg[39m
              [33maria-hidden[39m=[32m"true"[39m
              [33mclass[39m=[32m"lucide lucide-search absolute left-3 top-1/2 -translate-y-1/2 text-gray-400"[39m
              [33mfill[39m=[32m"none"[39m
              [33mheight[39m=[32m"20"[39m
              [33mstroke[39m=[32m"currentColor"[39m
              [33mstroke-linecap[39m=[32m"round"[39m
              [33mstroke-linejoin[39m=[32m"round"[39m
              [33mstroke-width[39m=[32m"2"[39m
              [33mviewBox[39m=[32m"0 0 24 24"[39m
              [33mwidth[39m=[32m"20"[39m
              [33mxmlns[39m=[32m"http://www.w3.org/2000/svg"[39m
            [36m>[39m
              [36m<path[39m
                [33md[39m=[32m"m21 21-4.34-4.34"[39m
              [36m/>[39m
              [36m<circle[39m
                [33mcx[39m=[32m"11"[39m
                [33mcy[39m=[32m"11"[39m
                [33mr[39m=[32m"8"[39m
              [36m/>[39m
            [36m</svg>[39m
            [36m<input[39m
              [33mclass[39m=[32m"w-full max-w-sm p-3 pl-10 border border-gray-300 rounded-lg"[39m
              [33mplaceholder[39m=[32m"Buscar por nome ou SKU..."[39m
              [33mtype[39m=[32m"text"[39m
              [33mvalue[39m=[32m""[39m
            [36m/>[39m
          [36m</div>[39m
          [36m<div[39m
            [33mclass[39m=[32m"min-w-[200px]"[39m
          [36m>[39m
            [36m<div[39m
              [33mclass[39m=[32m"relative"[39m
            [36m>[39m
              [36m<select[39m
                [33mclass[39m=[32m"w-full p-3 pr-10 bg-white/80 border border-gray-300 rounded-lg focus:ring-2 focus:ring-blue-500 focus:border-blue-500 transition shadow-sm appearance-none"[39m
              [36m>[39m
                [36m<option[39m
                  [33mvalue[39m=[32m""[39m
                [36m>[39m
                  [0mTodos os status[0m
                [36m</option>[39m
                [36m<option[39m
                  [33mvalue[39m=[32m"ativo"[39m
                [36m>[39m
                  [0mAtivo[0m
                [36m</option>[39m
                [36m<option[39m
                  [33mvalue[39m=[32m"inativo"[39m
                [36m>[39m
                  [0mInativo[0m
                [36m</option>[39m
              [36m</select>[39m
              [36m<div[39m
                [33mclass[39m=[32m"pointer-events-none absolute inset-y-0 right-0 flex items-center px-3 text-gray-700"[39m
              [36m>[39m
                [36m<svg[39m
                  [33maria-hidden[39m=[32m"true"[39m
                  [33mclass[39m=[32m"lucide lucide-chevron-down"[39m
                  [33mfill[39m=[32m"none"[39m
                  [33mheight[39m=[32m"20"[39m
                  [33mstroke[39m=[32m"currentColor"[39m
                  [33mstroke-linecap[39m=[32m"round"[39m
                  [33mstroke-linejoin[39m=[32m"round"[39m
                  [33mstroke-width[39m=[32m"2"[39m
                  [33mviewBox[39m=[32m"0 0 24 24"[39m
                  [33mwidth[39m=[32m"20"[39m
                  [33mxmlns[39m=[32m"http://www.w3.org/2000/svg"[39m
                [36m>[39m
                  [36m<path[39m
                    [33md[39m=[32m"m6 9 6 6 6-6"[39m
                  [36m/>[39m
                [36m</svg>[39m
              [36m</div>[39m
            [36m</div>[39m
          [36m</div>[39m
        [36m</div>[39m
        [36m<div[39m
          [33mclass[39m=[32m"bg-white rounded-lg shadow overflow-hidden"[39m
        [36m>[39m
          [36m<div[39m
            [33mclass[39m=[32m"h-96 flex flex-col items-center justify-center text-center text-gray-500 p-4"[39m
          [36m>[39m
            [36m<svg[39m
              [33maria-hidden[39m=[32m"true"[39m
              [33mclass[39m=[32m"lucide lucide-package mb-4"[39m
              [33mfill[39m=[32m"none"[39m
              [33mheight[39m=[32m"48"[39m
              [33mstroke[39m=[32m"currentColor"[39m
              [33mstroke-linecap[39m=[32m"round"[39m
              [33mstroke-linejoin[39m=[32m"round"[39m
              [33mstroke-width[39m=[32m"2"[39m
              [33mviewBox[39m=[32m"0 0 24 24"[39m
              [33mwidth[39m=[32m"48"[39m
              [33mxmlns[39m=[32m"http://www.w3.org/2000/svg"[39m
            [36m>[39m
              [36m<path[39m
                [33md[39m=[32m"M11 21.73a2 2 0 0 0 2 0l7-4A2 2 0 0 0 21 16V8a2 2 0 0 0-1-1.73l-7-4a2 2 0 0 0-2 0l-7 4A2 2 0 0 0 3 8v8a2 2 0 0 0 1 1.73z"[39m
              [36m/>[39m
              [36m<path[39m
                [33md[39m=[32m"M12 22V12"[39m
              [36m/>[39m
              [36m<polyline[39m
                [33mpoints[39m=[32m"3.29 7 12 12 20.71 7"[39m
              [36m/>[39m
              [36m<path[39m
                [33md[39m=[32m"m7.5 4.27 9 5.15"[39m
              [36m/>[39m
            [36m</svg>[39m
            [36m<p[39m
              [33mclass[39m=[32m"font-semibold text-lg"[39m
            [36m>[39m
              [0mNenhum produto encontrado.[0m
            [36m</p>[39m
            [36m<p[39m
              [33mclass[39m=[32m"text-sm mb-4"[39m
            [36m>[39m
              [0mComece cadastrando um novo produto ou popule com dados de exemplo.[0m
            [36m</p>[39m
            [36m<button[39m
              [33mclass[39m=[32m"mt-4 flex items-center gap-2 bg-blue-100 text-blue-700 font-bold py-2 px-4 rounded-lg hover:bg-blue-200 transition-colors disabled:opacity-50"[39m
            [36m>[39m
              [36m<svg[39m
                [33maria-hidden[39m=[32m"true"[39m
                [33mclass[39m=[32m"lucide lucide-database-backup"[39m
                [33mfill[39m=[32m"none"[39m
                [33mheight[39m=[32m"20"[39m
                [33mstroke[39m=[32m"currentColor"[39m
                [33mstroke-linecap[39m=[32m"round"[39m
                [33mstroke-linejoin[39m=[32m"round"[39m
                [33mstroke-width[39m=[32m"2"[39m
                [33mviewBox[39m=[32m"0 0 24 24"[39m
                [33mwidth[39m=[32m"20"[39m
                [33mxmlns[39m=[32m"http://www.w3.org/2000/svg"[39m
              [36m>[39m
                [36m<ellipse[39m
                  [33mcx[39m=[32m"12"[39m
                  [33mcy[39m=[32m"5"[39m
                  [33mrx[39m=[32m"9"[39m
                  [33mry[39m=[32m"3"[39m
                [36m/>[39m
                [36m<path[39m
                  [33md[39m=[32m"M3 12a9 3 0 0 0 5 2.69"[39m
                [36m/>[39m
                [36m<path[39m
                  [33md[39m=[32m"M21 9.3V5"[39m
                [36m/>[39m
                [36m<path[39m
                  [33md[39m=[32m"M3 5v14a9 3 0 0 0 6.47 2.88"[39m
                [36m/>[39m
                [36m<path[39m
                  [33md[39m=[32m"M12 12v4h4"[39m
                [36m/>[39m
                [36m<path[39m
                  [33md[39m=[32m"M13 20a5 5 0 0 0 9-3 4.5 4.5 0 0 0-4.5-4.5c-1.33 0-2.54.54-3.41 1.41L12 16"[39m
                [36m/>[39m
              [36m</svg>[39m
              [0mPopular com 10 produtos padrão[0m
            [36m</button>[39m
          [36m</div>[39m
        [36m</div>[39m
      [36m</div>[39m
      [36m<div[39m
        [33mclass[39m=[32m"fixed top-5 right-5 z-50 space-y-3"[39m
      [36m/>[39m
    [36m</div>[39m
  [36m</body>[39m
[36m</html>[39m
   ❯ src/pages/products/ProductsPage.test.tsx > ProductsPage Integration > filters products by search term
     → Unable to find an element with the text: Produto Teste 1. This could be because the text is broken up by multiple elements. In this case, you can provide a function for your text matcher to make your matcher more flexible.

Ignored nodes: comments, script, style
[36m<body>[39m
  [36m<div>[39m
    [36m<div[39m
      [33mclass[39m=[32m"p-1"[39m
    [36m>[39m
      [36m<div[39m
        [33mclass[39m=[32m"flex justify-between items-center mb-6"[39m
      [36m>[39m
        [36m<h1[39m
          [33mclass[39m=[32m"text-3xl font-bold text-gray-800"[39m
        [36m>[39m
          [0mProdutos[0m
        [36m</h1>[39m
        [36m<div[39m
          [33mclass[39m=[32m"flex items-center gap-2"[39m
        [36m>[39m
          [36m<button[39m
            [33mclass[39m=[32m"flex items-center gap-2 bg-gray-100 text-gray-700 font-semibold py-2 px-4 rounded-lg hover:bg-gray-200 transition-colors disabled:opacity-50"[39m
          [36m>[39m
            [36m<svg[39m
              [33maria-hidden[39m=[32m"true"[39m
              [33mclass[39m=[32m"lucide lucide-database-backup"[39m
              [33mfill[39m=[32m"none"[39m
              [33mheight[39m=[32m"20"[39m
              [33mstroke[39m=[32m"currentColor"[39m
              [33mstroke-linecap[39m=[32m"round"[39m
              [33mstroke-linejoin[39m=[32m"round"[39m
              [33mstroke-width[39m=[32m"2"[39m
              [33mviewBox[39m=[32m"0 0 24 24"[39m
              [33mwidth[39m=[32m"20"[39m
              [33mxmlns[39m=[32m"http://www.w3.org/2000/svg"[39m
            [36m>[39m
              [36m<ellipse[39m
                [33mcx[39m=[32m"12"[39m
                [33mcy[39m=[32m"5"[39m
                [33mrx[39m=[32m"9"[39m
                [33mry[39m=[32m"3"[39m
              [36m/>[39m
              [36m<path[39m
                [33md[39m=[32m"M3 12a9 3 0 0 0 5 2.69"[39m
              [36m/>[39m
              [36m<path[39m
                [33md[39m=[32m"M21 9.3V5"[39m
              [36m/>[39m
              [36m<path[39m
                [33md[39m=[32m"M3 5v14a9 3 0 0 0 6.47 2.88"[39m
              [36m/>[39m
              [36m<path[39m
                [33md[39m=[32m"M12 12v4h4"[39m
              [36m/>[39m
              [36m<path[39m
                [33md[39m=[32m"M13 20a5 5 0 0 0 9-3 4.5 4.5 0 0 0-4.5-4.5c-1.33 0-2.54.54-3.41 1.41L12 16"[39m
              [36m/>[39m
            [36m</svg>[39m
            [0mPopular Dados[0m
          [36m</button>[39m
          [36m<button[39m
            [33mclass[39m=[32m"flex items-center gap-2 bg-blue-600 text-white font-bold py-2 px-4 rounded-lg hover:bg-blue-700 transition-colors"[39m
          [36m>[39m
            [36m<svg[39m
              [33maria-hidden[39m=[32m"true"[39m
              [33mclass[39m=[32m"lucide lucide-circle-plus"[39m
              [33mfill[39m=[32m"none"[39m
              [33mheight[39m=[32m"20"[39m
              [33mstroke[39m=[32m"currentColor"[39m
              [33mstroke-linecap[39m=[32m"round"[39m
              [33mstroke-linejoin[39m=[32m"round"[39m
              [33mstroke-width[39m=[32m"2"[39m
              [33mviewBox[39m=[32m"0 0 24 24"[39m
              [33mwidth[39m=[32m"20"[39m
              [33mxmlns[39m=[32m"http://www.w3.org/2000/svg"[39m
            [36m>[39m
              [36m<circle[39m
                [33mcx[39m=[32m"12"[39m
                [33mcy[39m=[32m"12"[39m
                [33mr[39m=[32m"10"[39m
              [36m/>[39m
              [36m<path[39m
                [33md[39m=[32m"M8 12h8"[39m
              [36m/>[39m
              [36m<path[39m
                [33md[39m=[32m"M12 8v8"[39m
              [36m/>[39m
            [36m</svg>[39m
            [0mNovo Produto[0m
          [36m</button>[39m
        [36m</div>[39m
      [36m</div>[39m
      [36m<div[39m
        [33mclass[39m=[32m"mb-4 flex gap-4"[39m
      [36m>[39m
        [36m<div[39m
          [33mclass[39m=[32m"relative"[39m
        [36m>[39m
          [36m<svg[39m
            [33maria-hidden[39m=[32m"true"[39m
            [33mclass[39m=[32m"lucide lucide-search absolute left-3 top-1/2 -translate-y-1/2 text-gray-400"[39m
            [33mfill[39m=[32m"none"[39m
            [33mheight[39m=[32m"20"[39m
            [33mstroke[39m=[32m"currentColor"[39m
            [33mstroke-linecap[39m=[32m"round"[39m
            [33mstroke-linejoin[39m=[32m"round"[39m
            [33mstroke-width[39m=[32m"2"[39m
            [33mviewBox[39m=[32m"0 0 24 24"[39m
            [33mwidth[39m=[32m"20"[39m
            [33mxmlns[39m=[32m"http://www.w3.org/2000/svg"[39m
          [36m>[39m
            [36m<path[39m
              [33md[39m=[32m"m21 21-4.34-4.34"[39m
            [36m/>[39m
            [36m<circle[39m
              [33mcx[39m=[32m"11"[39m
              [33mcy[39m=[32m"11"[39m
              [33mr[39m=[32m"8"[39m
            [36m/>[39m
          [36m</svg>[39m
          [36m<input[39m
            [33mclass[39m=[32m"w-full max-w-sm p-3 pl-10 border border-gray-300 rounded-lg"[39m
            [33mplaceholder[39m=[32m"Buscar por nome ou SKU..."[39m
            [33mtype[39m=[32m"text"[39m
            [33mvalue[39m=[32m""[39m
          [36m/>[39m
        [36m</div>[39m
        [36m<div[39m
          [33mclass[39m=[32m"min-w-[200px]"[39m
        [36m>[39m
          [36m<div[39m
            [33mclass[39m=[32m"relative"[39m
          [36m>[39m
            [36m<select[39m
              [33mclass[39m=[32m"w-full p-3 pr-10 bg-white/80 border border-gray-300 rounded-lg focus:ring-2 focus:ring-blue-500 focus:border-blue-500 transition shadow-sm appearance-none"[39m
            [36m>[39m
              [36m<option[39m
                [33mvalue[39m=[32m""[39m
              [36m>[39m
                [0mTodos os status[0m
              [36m</option>[39m
              [36m<option[39m
                [33mvalue[39m=[32m"ativo"[39m
              [36m>[39m
                [0mAtivo[0m
              [36m</option>[39m
              [36m<option[39m
                [33mvalue[39m=[32m"inativo"[39m
              [36m>[39m
                [0mInativo[0m
              [36m</option>[39m
            [36m</select>[39m
            [36m<div[39m
              [33mclass[39m=[32m"pointer-events-none absolute inset-y-0 right-0 flex items-center px-3 text-gray-700"[39m
            [36m>[39m
              [36m<svg[39m
                [33maria-hidden[39m=[32m"true"[39m
                [33mclass[39m=[32m"lucide lucide-chevron-down"[39m
                [33mfill[39m=[32m"none"[39m
                [33mheight[39m=[32m"20"[39m
                [33mstroke[39m=[32m"currentColor"[39m
                [33mstroke-linecap[39m=[32m"round"[39m
                [33mstroke-linejoin[39m=[32m"round"[39m
                [33mstroke-width[39m=[32m"2"[39m
                [33mviewBox[39m=[32m"0 0 24 24"[39m
                [33mwidth[39m=[32m"20"[39m
                [33mxmlns[39m=[32m"http://www.w3.org/2000/svg"[39m
              [36m>[39m
                [36m<path[39m
                  [33md[39m=[32m"m6 9 6 6 6-6"[39m
                [36m/>[39m
              [36m</svg>[39m
            [36m</div>[39m
          [36m</div>[39m
        [36m</div>[39m
      [36m</div>[39m
      [36m<div[39m
        [33mclass[39m=[32m"bg-white rounded-lg shadow overflow-hidden"[39m
      [36m>[39m
        [36m<div[39m
          [33mclass[39m=[32m"h-96 flex flex-col items-center justify-center text-center text-gray-500 p-4"[39m
        [36m>[39m
          [36m<svg[39m
            [33maria-hidden[39m=[32m"true"[39m
            [33mclass[39m=[32m"lucide lucide-package mb-4"[39m
            [33mfill[39m=[32m"none"[39m
            [33mheight[39m=[32m"48"[39m
            [33mstroke[39m=[32m"currentColor"[39m
            [33mstroke-linecap[39m=[32m"round"[39m
            [33mstroke-linejoin[39m=[32m"round"[39m
            [33mstroke-width[39m=[32m"2"[39m
            [33mviewBox[39m=[32m"0 0 24 24"[39m
            [33mwidth[39m=[32m"48"[39m
            [33mxmlns[39m=[32m"http://www.w3.org/2000/svg"[39m
          [36m>[39m
            [36m<path[39m
              [33md[39m=[32m"M11 21.73a2 2 0 0 0 2 0l7-4A2 2 0 0 0 21 16V8a2 2 0 0 0-1-1.73l-7-4a2 2 0 0 0-2 0l-7 4A2 2 0 0 0 3 8v8a2 2 0 0 0 1 1.73z"[39m
            [36m/>[39m
            [36m<path[39m
              [33md[39m=[32m"M12 22V12"[39m
            [36m/>[39m
            [36m<polyline[39m
              [33mpoints[39m=[32m"3.29 7 12 12 20.71 7"[39m
            [36m/>[39m
            [36m<path[39m
              [33md[39m=[32m"m7.5 4.27 9 5.15"[39m
            [36m/>[39m
          [36m</svg>[39m
          [36m<p[39m
            [33mclass[39m=[32m"font-semibold text-lg"[39m
          [36m>[39m
            [0mNenhum produto encontrado.[0m
          [36m</p>[39m
          [36m<p[39m
            [33mclass[39m=[32m"text-sm mb-4"[39m
          [36m>[39m
            [0mComece cadastrando um novo produto ou popule com dados de exemplo.[0m
          [36m</p>[39m
          [36m<button[39m
            [33mclass[39m=[32m"mt-4 flex items-center gap-2 bg-blue-100 text-blue-700 font-bold py-2 px-4 rounded-lg hover:bg-blue-200 transition-colors disabled:opacity-50"[39m
          [36m>[39m
            [36m<svg[39m
              [33maria-hidden[39m=[32m"true"[39m
              [33mclass[39m=[32m"lucide lucide-database-backup"[39m
              [33mfill[39m=[32m"none"[39m
              [33mheight[39m=[32m"20"[39m
              [33mstroke[39m=[32m"currentColor"[39m
              [33mstroke-linecap[39m=[32m"round"[39m
              [33mstroke-linejoin[39m=[32m"round"[39m
              [33mstroke-width[39m=[32m"2"[39m
              [33mviewBox[39m=[32m"0 0 24 24"[39m
              [33mwidth[39m=[32m"20"[39m
              [33mxmlns[39m=[32m"http://www.w3.org/2000/svg"[39m
            [36m>[39m
              [36m<ellipse[39m
                [33mcx[39m=[32m"12"[39m
                [33mcy[39m=[32m"5"[39m
                [33mrx[39m=[32m"9"[39m
                [33mry[39m=[32m"3"[39m
              [36m/>[39m
              [36m<path[39m
                [33md[39m=[32m"M3 12a9 3 0 0 0 5 2.69"[39m
              [36m/>[39m
              [36m<path[39m
                [33md[39m=[32m"M21 9.3V5"[39m
              [36m/>[39m
              [36m<path[39m
                [33md[39m=[32m"M3 5v14a9 3 0 0 0 6.47 2.88"[39m
              [36m/>[39m
              [36m<path[39m
                [33md[39m=[32m"M12 12v4h4"[39m
              [36m/>[39m
              [36m<path[39m
                [33md[39m=[32m"M13 20a5 5 0 0 0 9-3 4.5 4.5 0 0 0-4.5-4.5c-1.33 0-2.54.54-3.41 1.41L12 16"[39m
              [36m/>[39m
            [36m</svg>[39m
            [0mPopular com 10 produtos padrão[0m
          [36m</button>[39m
        [36m</div>[39m
      [36m</div>[39m
    [36m</div>[39m
    [36m<div[39m
      [33mclass[39m=[32m"fixed top-5 right-5 z-50 space-y-3"[39m
    [36m/>[39m
  [36m</div>[39m
[36m</body>[39m

Ignored nodes: comments, script, style
[36m<html>[39m
  [36m<head />[39m
  [36m<body>[39m
    [36m<div>[39m
      [36m<div[39m
        [33mclass[39m=[32m"p-1"[39m
      [36m>[39m
        [36m<div[39m
          [33mclass[39m=[32m"flex justify-between items-center mb-6"[39m
        [36m>[39m
          [36m<h1[39m
            [33mclass[39m=[32m"text-3xl font-bold text-gray-800"[39m
          [36m>[39m
            [0mProdutos[0m
          [36m</h1>[39m
          [36m<div[39m
            [33mclass[39m=[32m"flex items-center gap-2"[39m
          [36m>[39m
            [36m<button[39m
              [33mclass[39m=[32m"flex items-center gap-2 bg-gray-100 text-gray-700 font-semibold py-2 px-4 rounded-lg hover:bg-gray-200 transition-colors disabled:opacity-50"[39m
            [36m>[39m
              [36m<svg[39m
                [33maria-hidden[39m=[32m"true"[39m
                [33mclass[39m=[32m"lucide lucide-database-backup"[39m
                [33mfill[39m=[32m"none"[39m
                [33mheight[39m=[32m"20"[39m
                [33mstroke[39m=[32m"currentColor"[39m
                [33mstroke-linecap[39m=[32m"round"[39m
                [33mstroke-linejoin[39m=[32m"round"[39m
                [33mstroke-width[39m=[32m"2"[39m
                [33mviewBox[39m=[32m"0 0 24 24"[39m
                [33mwidth[39m=[32m"20"[39m
                [33mxmlns[39m=[32m"http://www.w3.org/2000/svg"[39m
              [36m>[39m
                [36m<ellipse[39m
                  [33mcx[39m=[32m"12"[39m
                  [33mcy[39m=[32m"5"[39m
                  [33mrx[39m=[32m"9"[39m
                  [33mry[39m=[32m"3"[39m
                [36m/>[39m
                [36m<path[39m
                  [33md[39m=[32m"M3 12a9 3 0 0 0 5 2.69"[39m
                [36m/>[39m
                [36m<path[39m
                  [33md[39m=[32m"M21 9.3V5"[39m
                [36m/>[39m
                [36m<path[39m
                  [33md[39m=[32m"M3 5v14a9 3 0 0 0 6.47 2.88"[39m
                [36m/>[39m
                [36m<path[39m
                  [33md[39m=[32m"M12 12v4h4"[39m
                [36m/>[39m
                [36m<path[39m
                  [33md[39m=[32m"M13 20a5 5 0 0 0 9-3 4.5 4.5 0 0 0-4.5-4.5c-1.33 0-2.54.54-3.41 1.41L12 16"[39m
                [36m/>[39m
              [36m</svg>[39m
              [0mPopular Dados[0m
            [36m</button>[39m
            [36m<button[39m
              [33mclass[39m=[32m"flex items-center gap-2 bg-blue-600 text-white font-bold py-2 px-4 rounded-lg hover:bg-blue-700 transition-colors"[39m
            [36m>[39m
              [36m<svg[39m
                [33maria-hidden[39m=[32m"true"[39m
                [33mclass[39m=[32m"lucide lucide-circle-plus"[39m
                [33mfill[39m=[32m"none"[39m
                [33mheight[39m=[32m"20"[39m
                [33mstroke[39m=[32m"currentColor"[39m
                [33mstroke-linecap[39m=[32m"round"[39m
                [33mstroke-linejoin[39m=[32m"round"[39m
                [33mstroke-width[39m=[32m"2"[39m
                [33mviewBox[39m=[32m"0 0 24 24"[39m
                [33mwidth[39m=[32m"20"[39m
                [33mxmlns[39m=[32m"http://www.w3.org/2000/svg"[39m
              [36m>[39m
                [36m<circle[39m
                  [33mcx[39m=[32m"12"[39m
                  [33mcy[39m=[32m"12"[39m
                  [33mr[39m=[32m"10"[39m
                [36m/>[39m
                [36m<path[39m
                  [33md[39m=[32m"M8 12h8"[39m
                [36m/>[39m
                [36m<path[39m
                  [33md[39m=[32m"M12 8v8"[39m
                [36m/>[39m
              [36m</svg>[39m
              [0mNovo Produto[0m
            [36m</button>[39m
          [36m</div>[39m
        [36m</div>[39m
        [36m<div[39m
          [33mclass[39m=[32m"mb-4 flex gap-4"[39m
        [36m>[39m
          [36m<div[39m
            [33mclass[39m=[32m"relative"[39m
          [36m>[39m
            [36m<svg[39m
              [33maria-hidden[39m=[32m"true"[39m
              [33mclass[39m=[32m"lucide lucide-search absolute left-3 top-1/2 -translate-y-1/2 text-gray-400"[39m
              [33mfill[39m=[32m"none"[39m
              [33mheight[39m=[32m"20"[39m
              [33mstroke[39m=[32m"currentColor"[39m
              [33mstroke-linecap[39m=[32m"round"[39m
              [33mstroke-linejoin[39m=[32m"round"[39m
              [33mstroke-width[39m=[32m"2"[39m
              [33mviewBox[39m=[32m"0 0 24 24"[39m
              [33mwidth[39m=[32m"20"[39m
              [33mxmlns[39m=[32m"http://www.w3.org/2000/svg"[39m
            [36m>[39m
              [36m<path[39m
                [33md[39m=[32m"m21 21-4.34-4.34"[39m
              [36m/>[39m
              [36m<circle[39m
                [33mcx[39m=[32m"11"[39m
                [33mcy[39m=[32m"11"[39m
                [33mr[39m=[32m"8"[39m
              [36m/>[39m
            [36m</svg>[39m
            [36m<input[39m
              [33mclass[39m=[32m"w-full max-w-sm p-3 pl-10 border border-gray-300 rounded-lg"[39m
              [33mplaceholder[39m=[32m"Buscar por nome ou SKU..."[39m
              [33mtype[39m=[32m"text"[39m
              [33mvalue[39m=[32m""[39m
            [36m/>[39m
          [36m</div>[39m
          [36m<div[39m
            [33mclass[39m=[32m"min-w-[200px]"[39m
          [36m>[39m
            [36m<div[39m
              [33mclass[39m=[32m"relative"[39m
            [36m>[39m
              [36m<select[39m
                [33mclass[39m=[32m"w-full p-3 pr-10 bg-white/80 border border-gray-300 rounded-lg focus:ring-2 focus:ring-blue-500 focus:border-blue-500 transition shadow-sm appearance-none"[39m
              [36m>[39m
                [36m<option[39m
                  [33mvalue[39m=[32m""[39m
                [36m>[39m
                  [0mTodos os status[0m
                [36m</option>[39m
                [36m<option[39m
                  [33mvalue[39m=[32m"ativo"[39m
                [36m>[39m
                  [0mAtivo[0m
                [36m</option>[39m
                [36m<option[39m
                  [33mvalue[39m=[32m"inativo"[39m
                [36m>[39m
                  [0mInativo[0m
                [36m</option>[39m
              [36m</select>[39m
              [36m<div[39m
                [33mclass[39m=[32m"pointer-events-none absolute inset-y-0 right-0 flex items-center px-3 text-gray-700"[39m
              [36m>[39m
                [36m<svg[39m
                  [33maria-hidden[39m=[32m"true"[39m
                  [33mclass[39m=[32m"lucide lucide-chevron-down"[39m
                  [33mfill[39m=[32m"none"[39m
                  [33mheight[39m=[32m"20"[39m
                  [33mstroke[39m=[32m"currentColor"[39m
                  [33mstroke-linecap[39m=[32m"round"[39m
                  [33mstroke-linejoin[39m=[32m"round"[39m
                  [33mstroke-width[39m=[32m"2"[39m
                  [33mviewBox[39m=[32m"0 0 24 24"[39m
                  [33mwidth[39m=[32m"20"[39m
                  [33mxmlns[39m=[32m"http://www.w3.org/2000/svg"[39m
                [36m>[39m
                  [36m<path[39m
                    [33md[39m=[32m"m6 9 6 6 6-6"[39m
                  [36m/>[39m
                [36m</svg>[39m
              [36m</div>[39m
            [36m</div>[39m
          [36m</div>[39m
        [36m</div>[39m
        [36m<div[39m
          [33mclass[39m=[32m"bg-white rounded-lg shadow overflow-hidden"[39m
        [36m>[39m
          [36m<div[39m
            [33mclass[39m=[32m"h-96 flex flex-col items-center justify-center text-center text-gray-500 p-4"[39m
          [36m>[39m
            [36m<svg[39m
              [33maria-hidden[39m=[32m"true"[39m
              [33mclass[39m=[32m"lucide lucide-package mb-4"[39m
              [33mfill[39m=[32m"none"[39m
              [33mheight[39m=[32m"48"[39m
              [33mstroke[39m=[32m"currentColor"[39m
              [33mstroke-linecap[39m=[32m"round"[39m
              [33mstroke-linejoin[39m=[32m"round"[39m
              [33mstroke-width[39m=[32m"2"[39m
              [33mviewBox[39m=[32m"0 0 24 24"[39m
              [33mwidth[39m=[32m"48"[39m
              [33mxmlns[39m=[32m"http://www.w3.org/2000/svg"[39m
            [36m>[39m
              [36m<path[39m
                [33md[39m=[32m"M11 21.73a2 2 0 0 0 2 0l7-4A2 2 0 0 0 21 16V8a2 2 0 0 0-1-1.73l-7-4a2 2 0 0 0-2 0l-7 4A2 2 0 0 0 3 8v8a2 2 0 0 0 1 1.73z"[39m
              [36m/>[39m
              [36m<path[39m
                [33md[39m=[32m"M12 22V12"[39m
              [36m/>[39m
              [36m<polyline[39m
                [33mpoints[39m=[32m"3.29 7 12 12 20.71 7"[39m
              [36m/>[39m
              [36m<path[39m
                [33md[39m=[32m"m7.5 4.27 9 5.15"[39m
              [36m/>[39m
            [36m</svg>[39m
            [36m<p[39m
              [33mclass[39m=[32m"font-semibold text-lg"[39m
            [36m>[39m
              [0mNenhum produto encontrado.[0m
            [36m</p>[39m
            [36m<p[39m
              [33mclass[39m=[32m"text-sm mb-4"[39m
            [36m>[39m
              [0mComece cadastrando um novo produto ou popule com dados de exemplo.[0m
            [36m</p>[39m
            [36m<button[39m
              [33mclass[39m=[32m"mt-4 flex items-center gap-2 bg-blue-100 text-blue-700 font-bold py-2 px-4 rounded-lg hover:bg-blue-200 transition-colors disabled:opacity-50"[39m
            [36m>[39m
              [36m<svg[39m
                [33maria-hidden[39m=[32m"true"[39m
                [33mclass[39m=[32m"lucide lucide-database-backup"[39m
                [33mfill[39m=[32m"none"[39m
                [33mheight[39m=[32m"20"[39m
                [33mstroke[39m=[32m"currentColor"[39m
                [33mstroke-linecap[39m=[32m"round"[39m
                [33mstroke-linejoin[39m=[32m"round"[39m
                [33mstroke-width[39m=[32m"2"[39m
                [33mviewBox[39m=[32m"0 0 24 24"[39m
                [33mwidth[39m=[32m"20"[39m
                [33mxmlns[39m=[32m"http://www.w3.org/2000/svg"[39m
              [36m>[39m
                [36m<ellipse[39m
                  [33mcx[39m=[32m"12"[39m
                  [33mcy[39m=[32m"5"[39m
                  [33mrx[39m=[32m"9"[39m
                  [33mry[39m=[32m"3"[39m
                [36m/>[39m
                [36m<path[39m
                  [33md[39m=[32m"M3 12a9 3 0 0 0 5 2.69"[39m
                [36m/>[39m
                [36m<path[39m
                  [33md[39m=[32m"M21 9.3V5"[39m
                [36m/>[39m
                [36m<path[39m
                  [33md[39m=[32m"M3 5v14a9 3 0 0 0 6.47 2.88"[39m
                [36m/>[39m
                [36m<path[39m
                  [33md[39m=[32m"M12 12v4h4"[39m
                [36m/>[39m
                [36m<path[39m
                  [33md[39m=[32m"M13 20a5 5 0 0 0 9-3 4.5 4.5 0 0 0-4.5-4.5c-1.33 0-2.54.54-3.41 1.41L12 16"[39m
                [36m/>[39m
              [36m</svg>[39m
              [0mPopular com 10 produtos padrão[0m
            [36m</button>[39m
          [36m</div>[39m
        [36m</div>[39m
      [36m</div>[39m
      [36m<div[39m
        [33mclass[39m=[32m"fixed top-5 right-5 z-50 space-y-3"[39m
      [36m/>[39m
    [36m</div>[39m
  [36m</body>[39m
[36m</html>[39m

⎯⎯⎯⎯⎯⎯⎯ Failed Tests 2 ⎯⎯⎯⎯⎯⎯⎯

 FAIL  src/pages/products/ProductsPage.test.tsx > ProductsPage Integration > renders the product list with data from MSW
TestingLibraryElementError: Unable to find an element with the text: Produto Teste 1. This could be because the text is broken up by multiple elements. In this case, you can provide a function for your text matcher to make your matcher more flexible.

Ignored nodes: comments, script, style
[36m<body>[39m
  [36m<div>[39m
    [36m<div[39m
      [33mclass[39m=[32m"p-1"[39m
    [36m>[39m
      [36m<div[39m
        [33mclass[39m=[32m"flex justify-between items-center mb-6"[39m
      [36m>[39m
        [36m<h1[39m
          [33mclass[39m=[32m"text-3xl font-bold text-gray-800"[39m
        [36m>[39m
          [0mProdutos[0m
        [36m</h1>[39m
        [36m<div[39m
          [33mclass[39m=[32m"flex items-center gap-2"[39m
        [36m>[39m
          [36m<button[39m
            [33mclass[39m=[32m"flex items-center gap-2 bg-gray-100 text-gray-700 font-semibold py-2 px-4 rounded-lg hover:bg-gray-200 transition-colors disabled:opacity-50"[39m
          [36m>[39m
            [36m<svg[39m
              [33maria-hidden[39m=[32m"true"[39m
              [33mclass[39m=[32m"lucide lucide-database-backup"[39m
              [33mfill[39m=[32m"none"[39m
              [33mheight[39m=[32m"20"[39m
              [33mstroke[39m=[32m"currentColor"[39m
              [33mstroke-linecap[39m=[32m"round"[39m
              [33mstroke-linejoin[39m=[32m"round"[39m
              [33mstroke-width[39m=[32m"2"[39m
              [33mviewBox[39m=[32m"0 0 24 24"[39m
              [33mwidth[39m=[32m"20"[39m
              [33mxmlns[39m=[32m"http://www.w3.org/2000/svg"[39m
            [36m>[39m
              [36m<ellipse[39m
                [33mcx[39m=[32m"12"[39m
                [33mcy[39m=[32m"5"[39m
                [33mrx[39m=[32m"9"[39m
                [33mry[39m=[32m"3"[39m
              [36m/>[39m
              [36m<path[39m
                [33md[39m=[32m"M3 12a9 3 0 0 0 5 2.69"[39m
              [36m/>[39m
              [36m<path[39m
                [33md[39m=[32m"M21 9.3V5"[39m
              [36m/>[39m
              [36m<path[39m
                [33md[39m=[32m"M3 5v14a9 3 0 0 0 6.47 2.88"[39m
              [36m/>[39m
              [36m<path[39m
                [33md[39m=[32m"M12 12v4h4"[39m
              [36m/>[39m
              [36m<path[39m
                [33md[39m=[32m"M13 20a5 5 0 0 0 9-3 4.5 4.5 0 0 0-4.5-4.5c-1.33 0-2.54.54-3.41 1.41L12 16"[39m
              [36m/>[39m
            [36m</svg>[39m
            [0mPopular Dados[0m
          [36m</button>[39m
          [36m<button[39m
            [33mclass[39m=[32m"flex items-center gap-2 bg-blue-600 text-white font-bold py-2 px-4 rounded-lg hover:bg-blue-700 transition-colors"[39m
          [36m>[39m
            [36m<svg[39m
              [33maria-hidden[39m=[32m"true"[39m
              [33mclass[39m=[32m"lucide lucide-circle-plus"[39m
              [33mfill[39m=[32m"none"[39m
              [33mheight[39m=[32m"20"[39m
              [33mstroke[39m=[32m"currentColor"[39m
              [33mstroke-linecap[39m=[32m"round"[39m
              [33mstroke-linejoin[39m=[32m"round"[39m
              [33mstroke-width[39m=[32m"2"[39m
              [33mviewBox[39m=[32m"0 0 24 24"[39m
              [33mwidth[39m=[32m"20"[39m
              [33mxmlns[39m=[32m"http://www.w3.org/2000/svg"[39m
            [36m>[39m
              [36m<circle[39m
                [33mcx[39m=[32m"12"[39m
                [33mcy[39m=[32m"12"[39m
                [33mr[39m=[32m"10"[39m
              [36m/>[39m
              [36m<path[39m
                [33md[39m=[32m"M8 12h8"[39m
              [36m/>[39m
              [36m<path[39m
                [33md[39m=[32m"M12 8v8"[39m
              [36m/>[39m
            [36m</svg>[39m
            [0mNovo Produto[0m
          [36m</button>[39m
        [36m</div>[39m
      [36m</div>[39m
      [36m<div[39m
        [33mclass[39m=[32m"mb-4 flex gap-4"[39m
      [36m>[39m
        [36m<div[39m
          [33mclass[39m=[32m"relative"[39m
        [36m>[39m
          [36m<svg[39m
            [33maria-hidden[39m=[32m"true"[39m
            [33mclass[39m=[32m"lucide lucide-search absolute left-3 top-1/2 -translate-y-1/2 text-gray-400"[39m
            [33mfill[39m=[32m"none"[39m
            [33mheight[39m=[32m"20"[39m
            [33mstroke[39m=[32m"currentColor"[39m
            [33mstroke-linecap[39m=[32m"round"[39m
            [33mstroke-linejoin[39m=[32m"round"[39m
            [33mstroke-width[39m=[32m"2"[39m
            [33mviewBox[39m=[32m"0 0 24 24"[39m
            [33mwidth[39m=[32m"20"[39m
            [33mxmlns[39m=[32m"http://www.w3.org/2000/svg"[39m
          [36m>[39m
            [36m<path[39m
              [33md[39m=[32m"m21 21-4.34-4.34"[39m
            [36m/>[39m
            [36m<circle[39m
              [33mcx[39m=[32m"11"[39m
              [33mcy[39m=[32m"11"[39m
              [33mr[39m=[32m"8"[39m
            [36m/>[39m
          [36m</svg>[39m
          [36m<input[39m
            [33mclass[39m=[32m"w-full max-w-sm p-3 pl-10 border border-gray-300 rounded-lg"[39m
            [33mplaceholder[39m=[32m"Buscar por nome ou SKU..."[39m
            [33mtype[39m=[32m"text"[39m
            [33mvalue[39m=[32m""[39m
          [36m/>[39m
        [36m</div>[39m
        [36m<div[39m
          [33mclass[39m=[32m"min-w-[200px]"[39m
        [36m>[39m
          [36m<div[39m
            [33mclass[39m=[32m"relative"[39m
          [36m>[39m
            [36m<select[39m
              [33mclass[39m=[32m"w-full p-3 pr-10 bg-white/80 border border-gray-300 rounded-lg focus:ring-2 focus:ring-blue-500 focus:border-blue-500 transition shadow-sm appearance-none"[39m
            [36m>[39m
              [36m<option[39m
                [33mvalue[39m=[32m""[39m
              [36m>[39m
                [0mTodos os status[0m
              [36m</option>[39m
              [36m<option[39m
                [33mvalue[39m=[32m"ativo"[39m
              [36m>[39m
                [0mAtivo[0m
              [36m</option>[39m
              [36m<option[39m
                [33mvalue[39m=[32m"inativo"[39m
              [36m>[39m
                [0mInativo[0m
              [36m</option>[39m
            [36m</select>[39m
            [36m<div[39m
              [33mclass[39m=[32m"pointer-events-none absolute inset-y-0 right-0 flex items-center px-3 text-gray-700"[39m
            [36m>[39m
              [36m<svg[39m
                [33maria-hidden[39m=[32m"true"[39m
                [33mclass[39m=[32m"lucide lucide-chevron-down"[39m
                [33mfill[39m=[32m"none"[39m
                [33mheight[39m=[32m"20"[39m
                [33mstroke[39m=[32m"currentColor"[39m
                [33mstroke-linecap[39m=[32m"round"[39m
                [33mstroke-linejoin[39m=[32m"round"[39m
                [33mstroke-width[39m=[32m"2"[39m
                [33mviewBox[39m=[32m"0 0 24 24"[39m
                [33mwidth[39m=[32m"20"[39m
                [33mxmlns[39m=[32m"http://www.w3.org/2000/svg"[39m
              [36m>[39m
                [36m<path[39m
                  [33md[39m=[32m"m6 9 6 6 6-6"[39m
                [36m/>[39m
              [36m</svg>[39m
            [36m</div>[39m
          [36m</div>[39m
        [36m</div>[39m
      [36m</div>[39m
      [36m<div[39m
        [33mclass[39m=[32m"bg-white rounded-lg shadow overflow-hidden"[39m
      [36m>[39m
        [36m<div[39m
          [33mclass[39m=[32m"h-96 flex flex-col items-center justify-center text-center text-gray-500 p-4"[39m
        [36m>[39m
          [36m<svg[39m
            [33maria-hidden[39m=[32m"true"[39m
            [33mclass[39m=[32m"lucide lucide-package mb-4"[39m
            [33mfill[39m=[32m"none"[39m
            [33mheight[39m=[32m"48"[39m
            [33mstroke[39m=[32m"currentColor"[39m
            [33mstroke-linecap[39m=[32m"round"[39m
            [33mstroke-linejoin[39m=[32m"round"[39m
            [33mstroke-width[39m=[32m"2"[39m
            [33mviewBox[39m=[32m"0 0 24 24"[39m
            [33mwidth[39m=[32m"48"[39m
            [33mxmlns[39m=[32m"http://www.w3.org/2000/svg"[39m
          [36m>[39m
            [36m<path[39m
              [33md[39m=[32m"M11 21.73a2 2 0 0 0 2 0l7-4A2 2 0 0 0 21 16V8a2 2 0 0 0-1-1.73l-7-4a2 2 0 0 0-2 0l-7 4A2 2 0 0 0 3 8v8a2 2 0 0 0 1 1.73z"[39m
            [36m/>[39m
            [36m<path[39m
              [33md[39m=[32m"M12 22V12"[39m
            [36m/>[39m
            [36m<polyline[39m
              [33mpoints[39m=[32m"3.29 7 12 12 20.71 7"[39m
            [36m/>[39m
            [36m<path[39m
              [33md[39m=[32m"m7.5 4.27 9 5.15"[39m
            [36m/>[39m
          [36m</svg>[39m
          [36m<p[39m
            [33mclass[39m=[32m"font-semibold text-lg"[39m
          [36m>[39m
            [0mNenhum produto encontrado.[0m
          [36m</p>[39m
          [36m<p[39m
            [33mclass[39m=[32m"text-sm mb-4"[39m
          [36m>[39m
            [0mComece cadastrando um novo produto ou popule com dados de exemplo.[0m
          [36m</p>[39m
          [36m<button[39m
            [33mclass[39m=[32m"mt-4 flex items-center gap-2 bg-blue-100 text-blue-700 font-bold py-2 px-4 rounded-lg hover:bg-blue-200 transition-colors disabled:opacity-50"[39m
          [36m>[39m
            [36m<svg[39m
              [33maria-hidden[39m=[32m"true"[39m
              [33mclass[39m=[32m"lucide lucide-database-backup"[39m
              [33mfill[39m=[32m"none"[39m
              [33mheight[39m=[32m"20"[39m
              [33mstroke[39m=[32m"currentColor"[39m
              [33mstroke-linecap[39m=[32m"round"[39m
              [33mstroke-linejoin[39m=[32m"round"[39m
              [33mstroke-width[39m=[32m"2"[39m
              [33mviewBox[39m=[32m"0 0 24 24"[39m
              [33mwidth[39m=[32m"20"[39m
              [33mxmlns[39m=[32m"http://www.w3.org/2000/svg"[39m
            [36m>[39m
              [36m<ellipse[39m
                [33mcx[39m=[32m"12"[39m
                [33mcy[39m=[32m"5"[39m
                [33mrx[39m=[32m"9"[39m
                [33mry[39m=[32m"3"[39m
              [36m/>[39m
              [36m<path[39m
                [33md[39m=[32m"M3 12a9 3 0 0 0 5 2.69"[39m
              [36m/>[39m
              [36m<path[39m
                [33md[39m=[32m"M21 9.3V5"[39m
              [36m/>[39m
              [36m<path[39m
                [33md[39m=[32m"M3 5v14a9 3 0 0 0 6.47 2.88"[39m
              [36m/>[39m
              [36m<path[39m
                [33md[39m=[32m"M12 12v4h4"[39m
              [36m/>[39m
              [36m<path[39m
                [33md[39m=[32m"M13 20a5 5 0 0 0 9-3 4.5 4.5 0 0 0-4.5-4.5c-1.33 0-2.54.54-3.41 1.41L12 16"[39m
              [36m/>[39m
            [36m</svg>[39m
            [0mPopular com 10 produtos padrão[0m
          [36m</button>[39m
        [36m</div>[39m
      [36m</div>[39m
    [36m</div>[39m
    [36m<div[39m
      [33mclass[39m=[32m"fixed top-5 right-5 z-50 space-y-3"[39m
    [36m/>[39m
  [36m</div>[39m
[36m</body>[39m

Ignored nodes: comments, script, style
[36m<html>[39m
  [36m<head />[39m
  [36m<body>[39m
    [36m<div>[39m
      [36m<div[39m
        [33mclass[39m=[32m"p-1"[39m
      [36m>[39m
        [36m<div[39m
          [33mclass[39m=[32m"flex justify-between items-center mb-6"[39m
        [36m>[39m
          [36m<h1[39m
            [33mclass[39m=[32m"text-3xl font-bold text-gray-800"[39m
          [36m>[39m
            [0mProdutos[0m
          [36m</h1>[39m
          [36m<div[39m
            [33mclass[39m=[32m"flex items-center gap-2"[39m
          [36m>[39m
            [36m<button[39m
              [33mclass[39m=[32m"flex items-center gap-2 bg-gray-100 text-gray-700 font-semibold py-2 px-4 rounded-lg hover:bg-gray-200 transition-colors disabled:opacity-50"[39m
            [36m>[39m
              [36m<svg[39m
                [33maria-hidden[39m=[32m"true"[39m
                [33mclass[39m=[32m"lucide lucide-database-backup"[39m
                [33mfill[39m=[32m"none"[39m
                [33mheight[39m=[32m"20"[39m
                [33mstroke[39m=[32m"currentColor"[39m
                [33mstroke-linecap[39m=[32m"round"[39m
                [33mstroke-linejoin[39m=[32m"round"[39m
                [33mstroke-width[39m=[32m"2"[39m
                [33mviewBox[39m=[32m"0 0 24 24"[39m
                [33mwidth[39m=[32m"20"[39m
                [33mxmlns[39m=[32m"http://www.w3.org/2000/svg"[39m
              [36m>[39m
                [36m<ellipse[39m
                  [33mcx[39m=[32m"12"[39m
                  [33mcy[39m=[32m"5"[39m
                  [33mrx[39m=[32m"9"[39m
                  [33mry[39m=[32m"3"[39m
                [36m/>[39m
                [36m<path[39m
                  [33md[39m=[32m"M3 12a9 3 0 0 0 5 2.69"[39m
                [36m/>[39m
                [36m<path[39m
                  [33md[39m=[32m"M21 9.3V5"[39m
                [36m/>[39m
                [36m<path[39m
                  [33md[39m=[32m"M3 5v14a9 3 0 0 0 6.47 2.88"[39m
                [36m/>[39m
                [36m<path[39m
                  [33md[39m=[32m"M12 12v4h4"[39m
                [36m/>[39m
                [36m<path[39m
                  [33md[39m=[32m"M13 20a5 5 0 0 0 9-3 4.5 4.5 0 0 0-4.5-4.5c-1.33 0-2.54.54-3.41 1.41L12 16"[39m
                [36m/>[39m
              [36m</svg>[39m
              [0mPopular Dados[0m
            [36m</button>[39m
            [36m<button[39m
              [33mclass[39m=[32m"flex items-center gap-2 bg-blue-600 text-white font-bold py-2 px-4 rounded-lg hover:bg-blue-700 transition-colors"[39m
            [36m>[39m
              [36m<svg[39m
                [33maria-hidden[39m=[32m"true"[39m
                [33mclass[39m=[32m"lucide lucide-circle-plus"[39m
                [33mfill[39m=[32m"none"[39m
                [33mheight[39m=[32m"20"[39m
                [33mstroke[39m=[32m"currentColor"[39m
                [33mstroke-linecap[39m=[32m"round"[39m
                [33mstroke-linejoin[39m=[32m"round"[39m
                [33mstroke-width[39m=[32m"2"[39m
                [33mviewBox[39m=[32m"0 0 24 24"[39m
                [33mwidth[39m=[32m"20"[39m
                [33mxmlns[39m=[32m"http://www.w3.org/2000/svg"[39m
              [36m>[39m
                [36m<circle[39m
                  [33mcx[39m=[32m"12"[39m
                  [33mcy[39m=[32m"12"[39m
                  [33mr[39m=[32m"10"[39m
                [36m/>[39m
                [36m<path[39m
                  [33md[39m=[32m"M8 12h8"[39m
                [36m/>[39m
                [36m<path[39m
                  [33md[39m=[32m"M12 8v8"[39m
                [36m/>[39m
              [36m</svg>[39m
              [0mNovo Produto[0m
            [36m</button>[39m
          [36m</div>[39m
        [36m</div>[39m
        [36m<div[39m
          [33mclass[39m=[32m"mb-4 flex gap-4"[39m
        [36m>[39m
          [36m<div[39m
            [33mclass[39m=[32m"relative"[39m
          [36m>[39m
            [36m<svg[39m
              [33maria-hidden[39m=[32m"true"[39m
              [33mclass[39m=[32m"lucide lucide-search absolute left-3 top-1/2 -translate-y-1/2 text-gray-400"[39m
              [33mfill[39m=[32m"none"[39m
              [33mheight[39m=[32m"20"[39m
              [33mstroke[39m=[32m"currentColor"[39m
              [33mstroke-linecap[39m=[32m"round"[39m
              [33mstroke-linejoin[39m=[32m"round"[39m
              [33mstroke-width[39m=[32m"2"[39m
              [33mviewBox[39m=[32m"0 0 24 24"[39m
              [33mwidth[39m=[32m"20"[39m
              [33mxmlns[39m=[32m"http://www.w3.org/2000/svg"[39m
            [36m>[39m
              [36m<path[39m
                [33md[39m=[32m"m21 21-4.34-4.34"[39m
              [36m/>[39m
              [36m<circle[39m
                [33mcx[39m=[32m"11"[39m
                [33mcy[39m=[32m"11"[39m
                [33mr[39m=[32m"8"[39m
              [36m/>[39m
            [36m</svg>[39m
            [36m<input[39m
              [33mclass[39m=[32m"w-full max-w-sm p-3 pl-10 border border-gray-300 rounded-lg"[39m
              [33mplaceholder[39m=[32m"Buscar por nome ou SKU..."[39m
              [33mtype[39m=[32m"text"[39m
              [33mvalue[39m=[32m""[39m
            [36m/>[39m
          [36m</div>[39m
          [36m<div[39m
            [33mclass[39m=[32m"min-w-[200px]"[39m
          [36m>[39m
            [36m<div[39m
              [33mclass[39m=[32m"relative"[39m
            [36m>[39m
              [36m<select[39m
                [33mclass[39m=[32m"w-full p-3 pr-10 bg-white/80 border border-gray-300 rounded-lg focus:ring-2 focus:ring-blue-500 focus:border-blue-500 transition shadow-sm appearance-none"[39m
              [36m>[39m
                [36m<option[39m
                  [33mvalue[39m=[32m""[39m
                [36m>[39m
                  [0mTodos os status[0m
                [36m</option>[39m
                [36m<option[39m
                  [33mvalue[39m=[32m"ativo"[39m
                [36m>[39m
                  [0mAtivo[0m
                [36m</option>[39m
                [36m<option[39m
                  [33mvalue[39m=[32m"inativo"[39m
                [36m>[39m
                  [0mInativo[0m
                [36m</option>[39m
              [36m</select>[39m
              [36m<div[39m
                [33mclass[39m=[32m"pointer-events-none absolute inset-y-0 right-0 flex items-center px-3 text-gray-700"[39m
              [36m>[39m
                [36m<svg[39m
                  [33maria-hidden[39m=[32m"true"[39m
                  [33mclass[39m=[32m"lucide lucide-chevron-down"[39m
                  [33mfill[39m=[32m"none"[39m
                  [33mheight[39m=[32m"20"[39m
                  [33mstroke[39m=[32m"currentColor"[39m
                  [33mstroke-linecap[39m=[32m"round"[39m
                  [33mstroke-linejoin[39m=[32m"round"[39m
                  [33mstroke-width[39m=[32m"2"[39m
                  [33mviewBox[39m=[32m"0 0 24 24"[39m
                  [33mwidth[39m=[32m"20"[39m
                  [33mxmlns[39m=[32m"http://www.w3.org/2000/svg"[39m
                [36m>[39m
                  [36m<path[39m
                    [33md[39m=[32m"m6 9 6 6 6-6"[39m
                  [36m/>[39m
                [36m</svg>[39m
              [36m</div>[39m
            [36m</div>[39m
          [36m</div>[39m
        [36m</div>[39m
        [36m<div[39m
          [33mclass[39m=[32m"bg-white rounded-lg shadow overflow-hidden"[39m
        [36m>[39m
          [36m<div[39m
            [33mclass[39m=[32m"h-96 flex flex-col items-center justify-center text-center text-gray-500 p-4"[39m
          [36m>[39m
            [36m<svg[39m
              [33maria-hidden[39m=[32m"true"[39m
              [33mclass[39m=[32m"lucide lucide-package mb-4"[39m
              [33mfill[39m=[32m"none"[39m
              [33mheight[39m=[32m"48"[39m
              [33mstroke[39m=[32m"currentColor"[39m
              [33mstroke-linecap[39m=[32m"round"[39m
              [33mstroke-linejoin[39m=[32m"round"[39m
              [33mstroke-width[39m=[32m"2"[39m
              [33mviewBox[39m=[32m"0 0 24 24"[39m
              [33mwidth[39m=[32m"48"[39m
              [33mxmlns[39m=[32m"http://www.w3.org/2000/svg"[39m
            [36m>[39m
              [36m<path[39m
                [33md[39m=[32m"M11 21.73a2 2 0 0 0 2 0l7-4A2 2 0 0 0 21 16V8a2 2 0 0 0-1-1.73l-7-4a2 2 0 0 0-2 0l-7 4A2 2 0 0 0 3 8v8a2 2 0 0 0 1 1.73z"[39m
              [36m/>[39m
              [36m<path[39m
                [33md[39m=[32m"M12 22V12"[39m
              [36m/>[39m
              [36m<polyline[39m
                [33mpoints[39m=[32m"3.29 7 12 12 20.71 7"[39m
              [36m/>[39m
              [36m<path[39m
                [33md[39m=[32m"m7.5 4.27 9 5.15"[39m
              [36m/>[39m
            [36m</svg>[39m
            [36m<p[39m
              [33mclass[39m=[32m"font-semibold text-lg"[39m
            [36m>[39m
              [0mNenhum produto encontrado.[0m
            [36m</p>[39m
            [36m<p[39m
              [33mclass[39m=[32m"text-sm mb-4"[39m
            [36m>[39m
              [0mComece cadastrando um novo produto ou popule com dados de exemplo.[0m
            [36m</p>[39m
            [36m<button[39m
              [33mclass[39m=[32m"mt-4 flex items-center gap-2 bg-blue-100 text-blue-700 font-bold py-2 px-4 rounded-lg hover:bg-blue-200 transition-colors disabled:opacity-50"[39m
            [36m>[39m
              [36m<svg[39m
                [33maria-hidden[39m=[32m"true"[39m
                [33mclass[39m=[32m"lucide lucide-database-backup"[39m
                [33mfill[39m=[32m"none"[39m
                [33mheight[39m=[32m"20"[39m
                [33mstroke[39m=[32m"currentColor"[39m
                [33mstroke-linecap[39m=[32m"round"[39m
                [33mstroke-linejoin[39m=[32m"round"[39m
                [33mstroke-width[39m=[32m"2"[39m
                [33mviewBox[39m=[32m"0 0 24 24"[39m
                [33mwidth[39m=[32m"20"[39m
                [33mxmlns[39m=[32m"http://www.w3.org/2000/svg"[39m
              [36m>[39m
                [36m<ellipse[39m
                  [33mcx[39m=[32m"12"[39m
                  [33mcy[39m=[32m"5"[39m
                  [33mrx[39m=[32m"9"[39m
                  [33mry[39m=[32m"3"[39m
                [36m/>[39m
                [36m<path[39m
                  [33md[39m=[32m"M3 12a9 3 0 0 0 5 2.69"[39m
                [36m/>[39m
                [36m<path[39m
                  [33md[39m=[32m"M21 9.3V5"[39m
                [36m/>[39m
                [36m<path[39m
                  [33md[39m=[32m"M3 5v14a9 3 0 0 0 6.47 2.88"[39m
                [36m/>[39m
                [36m<path[39m
                  [33md[39m=[32m"M12 12v4h4"[39m
                [36m/>[39m
                [36m<path[39m
                  [33md[39m=[32m"M13 20a5 5 0 0 0 9-3 4.5 4.5 0 0 0-4.5-4.5c-1.33 0-2.54.54-3.41 1.41L12 16"[39m
                [36m/>[39m
              [36m</svg>[39m
              [0mPopular com 10 produtos padrão[0m
            [36m</button>[39m
          [36m</div>[39m
        [36m</div>[39m
      [36m</div>[39m
      [36m<div[39m
        [33mclass[39m=[32m"fixed top-5 right-5 z-50 space-y-3"[39m
      [36m/>[39m
    [36m</div>[39m
  [36m</body>[39m
[36m</html>[39m
 ❯ Proxy.waitForWrapper node_modules/@testing-library/dom/dist/wait-for.js:163:27
 ❯ src/pages/products/ProductsPage.test.tsx:14:15
     12| 
     13|         // Wait for products to appear
     14|         await waitFor(() => {
       |               ^
     15|             expect(screen.getByText('Produto Teste 1')).toBeInTheDocum…
     16|             expect(screen.getByText('SKU-001')).toBeInTheDocument();

⎯⎯⎯⎯⎯⎯⎯⎯⎯⎯⎯⎯⎯⎯⎯⎯⎯⎯⎯⎯⎯⎯⎯⎯[1/2]⎯

 FAIL  src/pages/products/ProductsPage.test.tsx > ProductsPage Integration > filters products by search term
TestingLibraryElementError: Unable to find an element with the text: Produto Teste 1. This could be because the text is broken up by multiple elements. In this case, you can provide a function for your text matcher to make your matcher more flexible.

Ignored nodes: comments, script, style
[36m<body>[39m
  [36m<div>[39m
    [36m<div[39m
      [33mclass[39m=[32m"p-1"[39m
    [36m>[39m
      [36m<div[39m
        [33mclass[39m=[32m"flex justify-between items-center mb-6"[39m
      [36m>[39m
        [36m<h1[39m
          [33mclass[39m=[32m"text-3xl font-bold text-gray-800"[39m
        [36m>[39m
          [0mProdutos[0m
        [36m</h1>[39m
        [36m<div[39m
          [33mclass[39m=[32m"flex items-center gap-2"[39m
        [36m>[39m
          [36m<button[39m
            [33mclass[39m=[32m"flex items-center gap-2 bg-gray-100 text-gray-700 font-semibold py-2 px-4 rounded-lg hover:bg-gray-200 transition-colors disabled:opacity-50"[39m
          [36m>[39m
            [36m<svg[39m
              [33maria-hidden[39m=[32m"true"[39m
              [33mclass[39m=[32m"lucide lucide-database-backup"[39m
              [33mfill[39m=[32m"none"[39m
              [33mheight[39m=[32m"20"[39m
              [33mstroke[39m=[32m"currentColor"[39m
              [33mstroke-linecap[39m=[32m"round"[39m
              [33mstroke-linejoin[39m=[32m"round"[39m
              [33mstroke-width[39m=[32m"2"[39m
              [33mviewBox[39m=[32m"0 0 24 24"[39m
              [33mwidth[39m=[32m"20"[39m
              [33mxmlns[39m=[32m"http://www.w3.org/2000/svg"[39m
            [36m>[39m
              [36m<ellipse[39m
                [33mcx[39m=[32m"12"[39m
                [33mcy[39m=[32m"5"[39m
                [33mrx[39m=[32m"9"[39m
                [33mry[39m=[32m"3"[39m
              [36m/>[39m
              [36m<path[39m
                [33md[39m=[32m"M3 12a9 3 0 0 0 5 2.69"[39m
              [36m/>[39m
              [36m<path[39m
                [33md[39m=[32m"M21 9.3V5"[39m
              [36m/>[39m
              [36m<path[39m
                [33md[39m=[32m"M3 5v14a9 3 0 0 0 6.47 2.88"[39m
              [36m/>[39m
              [36m<path[39m
                [33md[39m=[32m"M12 12v4h4"[39m
              [36m/>[39m
              [36m<path[39m
                [33md[39m=[32m"M13 20a5 5 0 0 0 9-3 4.5 4.5 0 0 0-4.5-4.5c-1.33 0-2.54.54-3.41 1.41L12 16"[39m
              [36m/>[39m
            [36m</svg>[39m
            [0mPopular Dados[0m
          [36m</button>[39m
          [36m<button[39m
            [33mclass[39m=[32m"flex items-center gap-2 bg-blue-600 text-white font-bold py-2 px-4 rounded-lg hover:bg-blue-700 transition-colors"[39m
          [36m>[39m
            [36m<svg[39m
              [33maria-hidden[39m=[32m"true"[39m
              [33mclass[39m=[32m"lucide lucide-circle-plus"[39m
              [33mfill[39m=[32m"none"[39m
              [33mheight[39m=[32m"20"[39m
              [33mstroke[39m=[32m"currentColor"[39m
              [33mstroke-linecap[39m=[32m"round"[39m
              [33mstroke-linejoin[39m=[32m"round"[39m
              [33mstroke-width[39m=[32m"2"[39m
              [33mviewBox[39m=[32m"0 0 24 24"[39m
              [33mwidth[39m=[32m"20"[39m
              [33mxmlns[39m=[32m"http://www.w3.org/2000/svg"[39m
            [36m>[39m
              [36m<circle[39m
                [33mcx[39m=[32m"12"[39m
                [33mcy[39m=[32m"12"[39m
                [33mr[39m=[32m"10"[39m
              [36m/>[39m
              [36m<path[39m
                [33md[39m=[32m"M8 12h8"[39m
              [36m/>[39m
              [36m<path[39m
                [33md[39m=[32m"M12 8v8"[39m
              [36m/>[39m
            [36m</svg>[39m
            [0mNovo Produto[0m
          [36m</button>[39m
        [36m</div>[39m
      [36m</div>[39m
      [36m<div[39m
        [33mclass[39m=[32m"mb-4 flex gap-4"[39m
      [36m>[39m
        [36m<div[39m
          [33mclass[39m=[32m"relative"[39m
        [36m>[39m
          [36m<svg[39m
            [33maria-hidden[39m=[32m"true"[39m
            [33mclass[39m=[32m"lucide lucide-search absolute left-3 top-1/2 -translate-y-1/2 text-gray-400"[39m
            [33mfill[39m=[32m"none"[39m
            [33mheight[39m=[32m"20"[39m
            [33mstroke[39m=[32m"currentColor"[39m
            [33mstroke-linecap[39m=[32m"round"[39m
            [33mstroke-linejoin[39m=[32m"round"[39m
            [33mstroke-width[39m=[32m"2"[39m
            [33mviewBox[39m=[32m"0 0 24 24"[39m
            [33mwidth[39m=[32m"20"[39m
            [33mxmlns[39m=[32m"http://www.w3.org/2000/svg"[39m
          [36m>[39m
            [36m<path[39m
              [33md[39m=[32m"m21 21-4.34-4.34"[39m
            [36m/>[39m
            [36m<circle[39m
              [33mcx[39m=[32m"11"[39m
              [33mcy[39m=[32m"11"[39m
              [33mr[39m=[32m"8"[39m
            [36m/>[39m
          [36m</svg>[39m
          [36m<input[39m
            [33mclass[39m=[32m"w-full max-w-sm p-3 pl-10 border border-gray-300 rounded-lg"[39m
            [33mplaceholder[39m=[32m"Buscar por nome ou SKU..."[39m
            [33mtype[39m=[32m"text"[39m
            [33mvalue[39m=[32m""[39m
          [36m/>[39m
        [36m</div>[39m
        [36m<div[39m
          [33mclass[39m=[32m"min-w-[200px]"[39m
        [36m>[39m
          [36m<div[39m
            [33mclass[39m=[32m"relative"[39m
          [36m>[39m
            [36m<select[39m
              [33mclass[39m=[32m"w-full p-3 pr-10 bg-white/80 border border-gray-300 rounded-lg focus:ring-2 focus:ring-blue-500 focus:border-blue-500 transition shadow-sm appearance-none"[39m
            [36m>[39m
              [36m<option[39m
                [33mvalue[39m=[32m""[39m
              [36m>[39m
                [0mTodos os status[0m
              [36m</option>[39m
              [36m<option[39m
                [33mvalue[39m=[32m"ativo"[39m
              [36m>[39m
                [0mAtivo[0m
              [36m</option>[39m
              [36m<option[39m
                [33mvalue[39m=[32m"inativo"[39m
              [36m>[39m
                [0mInativo[0m
              [36m</option>[39m
            [36m</select>[39m
            [36m<div[39m
              [33mclass[39m=[32m"pointer-events-none absolute inset-y-0 right-0 flex items-center px-3 text-gray-700"[39m
            [36m>[39m
              [36m<svg[39m
                [33maria-hidden[39m=[32m"true"[39m
                [33mclass[39m=[32m"lucide lucide-chevron-down"[39m
                [33mfill[39m=[32m"none"[39m
                [33mheight[39m=[32m"20"[39m
                [33mstroke[39m=[32m"currentColor"[39m
                [33mstroke-linecap[39m=[32m"round"[39m
                [33mstroke-linejoin[39m=[32m"round"[39m
                [33mstroke-width[39m=[32m"2"[39m
                [33mviewBox[39m=[32m"0 0 24 24"[39m
                [33mwidth[39m=[32m"20"[39m
                [33mxmlns[39m=[32m"http://www.w3.org/2000/svg"[39m
              [36m>[39m
                [36m<path[39m
                  [33md[39m=[32m"m6 9 6 6 6-6"[39m
                [36m/>[39m
              [36m</svg>[39m
            [36m</div>[39m
          [36m</div>[39m
        [36m</div>[39m
      [36m</div>[39m
      [36m<div[39m
        [33mclass[39m=[32m"bg-white rounded-lg shadow overflow-hidden"[39m
      [36m>[39m
        [36m<div[39m
          [33mclass[39m=[32m"h-96 flex flex-col items-center justify-center text-center text-gray-500 p-4"[39m
        [36m>[39m
          [36m<svg[39m
            [33maria-hidden[39m=[32m"true"[39m
            [33mclass[39m=[32m"lucide lucide-package mb-4"[39m
            [33mfill[39m=[32m"none"[39m
            [33mheight[39m=[32m"48"[39m
            [33mstroke[39m=[32m"currentColor"[39m
            [33mstroke-linecap[39m=[32m"round"[39m
            [33mstroke-linejoin[39m=[32m"round"[39m
            [33mstroke-width[39m=[32m"2"[39m
            [33mviewBox[39m=[32m"0 0 24 24"[39m
            [33mwidth[39m=[32m"48"[39m
            [33mxmlns[39m=[32m"http://www.w3.org/2000/svg"[39m
          [36m>[39m
            [36m<path[39m
              [33md[39m=[32m"M11 21.73a2 2 0 0 0 2 0l7-4A2 2 0 0 0 21 16V8a2 2 0 0 0-1-1.73l-7-4a2 2 0 0 0-2 0l-7 4A2 2 0 0 0 3 8v8a2 2 0 0 0 1 1.73z"[39m
            [36m/>[39m
            [36m<path[39m
              [33md[39m=[32m"M12 22V12"[39m
            [36m/>[39m
            [36m<polyline[39m
              [33mpoints[39m=[32m"3.29 7 12 12 20.71 7"[39m
            [36m/>[39m
            [36m<path[39m
              [33md[39m=[32m"m7.5 4.27 9 5.15"[39m
            [36m/>[39m
          [36m</svg>[39m
          [36m<p[39m
            [33mclass[39m=[32m"font-semibold text-lg"[39m
          [36m>[39m
            [0mNenhum produto encontrado.[0m
          [36m</p>[39m
          [36m<p[39m
            [33mclass[39m=[32m"text-sm mb-4"[39m
          [36m>[39m
            [0mComece cadastrando um novo produto ou popule com dados de exemplo.[0m
          [36m</p>[39m
          [36m<button[39m
            [33mclass[39m=[32m"mt-4 flex items-center gap-2 bg-blue-100 text-blue-700 font-bold py-2 px-4 rounded-lg hover:bg-blue-200 transition-colors disabled:opacity-50"[39m
          [36m>[39m
            [36m<svg[39m
              [33maria-hidden[39m=[32m"true"[39m
              [33mclass[39m=[32m"lucide lucide-database-backup"[39m
              [33mfill[39m=[32m"none"[39m
              [33mheight[39m=[32m"20"[39m
              [33mstroke[39m=[32m"currentColor"[39m
              [33mstroke-linecap[39m=[32m"round"[39m
              [33mstroke-linejoin[39m=[32m"round"[39m
              [33mstroke-width[39m=[32m"2"[39m
              [33mviewBox[39m=[32m"0 0 24 24"[39m
              [33mwidth[39m=[32m"20"[39m
              [33mxmlns[39m=[32m"http://www.w3.org/2000/svg"[39m
            [36m>[39m
              [36m<ellipse[39m
                [33mcx[39m=[32m"12"[39m
                [33mcy[39m=[32m"5"[39m
                [33mrx[39m=[32m"9"[39m
                [33mry[39m=[32m"3"[39m
              [36m/>[39m
              [36m<path[39m
                [33md[39m=[32m"M3 12a9 3 0 0 0 5 2.69"[39m
              [36m/>[39m
              [36m<path[39m
                [33md[39m=[32m"M21 9.3V5"[39m
              [36m/>[39m
              [36m<path[39m
                [33md[39m=[32m"M3 5v14a9 3 0 0 0 6.47 2.88"[39m
              [36m/>[39m
              [36m<path[39m
                [33md[39m=[32m"M12 12v4h4"[39m
              [36m/>[39m
              [36m<path[39m
                [33md[39m=[32m"M13 20a5 5 0 0 0 9-3 4.5 4.5 0 0 0-4.5-4.5c-1.33 0-2.54.54-3.41 1.41L12 16"[39m
              [36m/>[39m
            [36m</svg>[39m
            [0mPopular com 10 produtos padrão[0m
          [36m</button>[39m
        [36m</div>[39m
      [36m</div>[39m
    [36m</div>[39m
    [36m<div[39m
      [33mclass[39m=[32m"fixed top-5 right-5 z-50 space-y-3"[39m
    [36m/>[39m
  [36m</div>[39m
[36m</body>[39m

Ignored nodes: comments, script, style
[36m<html>[39m
  [36m<head />[39m
  [36m<body>[39m
    [36m<div>[39m
      [36m<div[39m
        [33mclass[39m=[32m"p-1"[39m
      [36m>[39m
        [36m<div[39m
          [33mclass[39m=[32m"flex justify-between items-center mb-6"[39m
        [36m>[39m
          [36m<h1[39m
            [33mclass[39m=[32m"text-3xl font-bold text-gray-800"[39m
          [36m>[39m
            [0mProdutos[0m
          [36m</h1>[39m
          [36m<div[39m
            [33mclass[39m=[32m"flex items-center gap-2"[39m
          [36m>[39m
            [36m<button[39m
              [33mclass[39m=[32m"flex items-center gap-2 bg-gray-100 text-gray-700 font-semibold py-2 px-4 rounded-lg hover:bg-gray-200 transition-colors disabled:opacity-50"[39m
            [36m>[39m
              [36m<svg[39m
                [33maria-hidden[39m=[32m"true"[39m
                [33mclass[39m=[32m"lucide lucide-database-backup"[39m
                [33mfill[39m=[32m"none"[39m
                [33mheight[39m=[32m"20"[39m
                [33mstroke[39m=[32m"currentColor"[39m
                [33mstroke-linecap[39m=[32m"round"[39m
                [33mstroke-linejoin[39m=[32m"round"[39m
                [33mstroke-width[39m=[32m"2"[39m
                [33mviewBox[39m=[32m"0 0 24 24"[39m
                [33mwidth[39m=[32m"20"[39m
                [33mxmlns[39m=[32m"http://www.w3.org/2000/svg"[39m
              [36m>[39m
                [36m<ellipse[39m
                  [33mcx[39m=[32m"12"[39m
                  [33mcy[39m=[32m"5"[39m
                  [33mrx[39m=[32m"9"[39m
                  [33mry[39m=[32m"3"[39m
                [36m/>[39m
                [36m<path[39m
                  [33md[39m=[32m"M3 12a9 3 0 0 0 5 2.69"[39m
                [36m/>[39m
                [36m<path[39m
                  [33md[39m=[32m"M21 9.3V5"[39m
                [36m/>[39m
                [36m<path[39m
                  [33md[39m=[32m"M3 5v14a9 3 0 0 0 6.47 2.88"[39m
                [36m/>[39m
                [36m<path[39m
                  [33md[39m=[32m"M12 12v4h4"[39m
                [36m/>[39m
                [36m<path[39m
                  [33md[39m=[32m"M13 20a5 5 0 0 0 9-3 4.5 4.5 0 0 0-4.5-4.5c-1.33 0-2.54.54-3.41 1.41L12 16"[39m
                [36m/>[39m
              [36m</svg>[39m
              [0mPopular Dados[0m
            [36m</button>[39m
            [36m<button[39m
              [33mclass[39m=[32m"flex items-center gap-2 bg-blue-600 text-white font-bold py-2 px-4 rounded-lg hover:bg-blue-700 transition-colors"[39m
            [36m>[39m
              [36m<svg[39m
                [33maria-hidden[39m=[32m"true"[39m
                [33mclass[39m=[32m"lucide lucide-circle-plus"[39m
                [33mfill[39m=[32m"none"[39m
                [33mheight[39m=[32m"20"[39m
                [33mstroke[39m=[32m"currentColor"[39m
                [33mstroke-linecap[39m=[32m"round"[39m
                [33mstroke-linejoin[39m=[32m"round"[39m
                [33mstroke-width[39m=[32m"2"[39m
                [33mviewBox[39m=[32m"0 0 24 24"[39m
                [33mwidth[39m=[32m"20"[39m
                [33mxmlns[39m=[32m"http://www.w3.org/2000/svg"[39m
              [36m>[39m
                [36m<circle[39m
                  [33mcx[39m=[32m"12"[39m
                  [33mcy[39m=[32m"12"[39m
                  [33mr[39m=[32m"10"[39m
                [36m/>[39m
                [36m<path[39m
                  [33md[39m=[32m"M8 12h8"[39m
                [36m/>[39m
                [36m<path[39m
                  [33md[39m=[32m"M12 8v8"[39m
                [36m/>[39m
              [36m</svg>[39m
              [0mNovo Produto[0m
            [36m</button>[39m
          [36m</div>[39m
        [36m</div>[39m
        [36m<div[39m
          [33mclass[39m=[32m"mb-4 flex gap-4"[39m
        [36m>[39m
          [36m<div[39m
            [33mclass[39m=[32m"relative"[39m
          [36m>[39m
            [36m<svg[39m
              [33maria-hidden[39m=[32m"true"[39m
              [33mclass[39m=[32m"lucide lucide-search absolute left-3 top-1/2 -translate-y-1/2 text-gray-400"[39m
              [33mfill[39m=[32m"none"[39m
              [33mheight[39m=[32m"20"[39m
              [33mstroke[39m=[32m"currentColor"[39m
              [33mstroke-linecap[39m=[32m"round"[39m
              [33mstroke-linejoin[39m=[32m"round"[39m
              [33mstroke-width[39m=[32m"2"[39m
              [33mviewBox[39m=[32m"0 0 24 24"[39m
              [33mwidth[39m=[32m"20"[39m
              [33mxmlns[39m=[32m"http://www.w3.org/2000/svg"[39m
            [36m>[39m
              [36m<path[39m
                [33md[39m=[32m"m21 21-4.34-4.34"[39m
              [36m/>[39m
              [36m<circle[39m
                [33mcx[39m=[32m"11"[39m
                [33mcy[39m=[32m"11"[39m
                [33mr[39m=[32m"8"[39m
              [36m/>[39m
            [36m</svg>[39m
            [36m<input[39m
              [33mclass[39m=[32m"w-full max-w-sm p-3 pl-10 border border-gray-300 rounded-lg"[39m
              [33mplaceholder[39m=[32m"Buscar por nome ou SKU..."[39m
              [33mtype[39m=[32m"text"[39m
              [33mvalue[39m=[32m""[39m
            [36m/>[39m
          [36m</div>[39m
          [36m<div[39m
            [33mclass[39m=[32m"min-w-[200px]"[39m
          [36m>[39m
            [36m<div[39m
              [33mclass[39m=[32m"relative"[39m
            [36m>[39m
              [36m<select[39m
                [33mclass[39m=[32m"w-full p-3 pr-10 bg-white/80 border border-gray-300 rounded-lg focus:ring-2 focus:ring-blue-500 focus:border-blue-500 transition shadow-sm appearance-none"[39m
              [36m>[39m
                [36m<option[39m
                  [33mvalue[39m=[32m""[39m
                [36m>[39m
                  [0mTodos os status[0m
                [36m</option>[39m
                [36m<option[39m
                  [33mvalue[39m=[32m"ativo"[39m
                [36m>[39m
                  [0mAtivo[0m
                [36m</option>[39m
                [36m<option[39m
                  [33mvalue[39m=[32m"inativo"[39m
                [36m>[39m
                  [0mInativo[0m
                [36m</option>[39m
              [36m</select>[39m
              [36m<div[39m
                [33mclass[39m=[32m"pointer-events-none absolute inset-y-0 right-0 flex items-center px-3 text-gray-700"[39m
              [36m>[39m
                [36m<svg[39m
                  [33maria-hidden[39m=[32m"true"[39m
                  [33mclass[39m=[32m"lucide lucide-chevron-down"[39m
                  [33mfill[39m=[32m"none"[39m
                  [33mheight[39m=[32m"20"[39m
                  [33mstroke[39m=[32m"currentColor"[39m
                  [33mstroke-linecap[39m=[32m"round"[39m
                  [33mstroke-linejoin[39m=[32m"round"[39m
                  [33mstroke-width[39m=[32m"2"[39m
                  [33mviewBox[39m=[32m"0 0 24 24"[39m
                  [33mwidth[39m=[32m"20"[39m
                  [33mxmlns[39m=[32m"http://www.w3.org/2000/svg"[39m
                [36m>[39m
                  [36m<path[39m
                    [33md[39m=[32m"m6 9 6 6 6-6"[39m
                  [36m/>[39m
                [36m</svg>[39m
              [36m</div>[39m
            [36m</div>[39m
          [36m</div>[39m
        [36m</div>[39m
        [36m<div[39m
          [33mclass[39m=[32m"bg-white rounded-lg shadow overflow-hidden"[39m
        [36m>[39m
          [36m<div[39m
            [33mclass[39m=[32m"h-96 flex flex-col items-center justify-center text-center text-gray-500 p-4"[39m
          [36m>[39m
            [36m<svg[39m
              [33maria-hidden[39m=[32m"true"[39m
              [33mclass[39m=[32m"lucide lucide-package mb-4"[39m
              [33mfill[39m=[32m"none"[39m
              [33mheight[39m=[32m"48"[39m
              [33mstroke[39m=[32m"currentColor"[39m
              [33mstroke-linecap[39m=[32m"round"[39m
              [33mstroke-linejoin[39m=[32m"round"[39m
              [33mstroke-width[39m=[32m"2"[39m
              [33mviewBox[39m=[32m"0 0 24 24"[39m
              [33mwidth[39m=[32m"48"[39m
              [33mxmlns[39m=[32m"http://www.w3.org/2000/svg"[39m
            [36m>[39m
              [36m<path[39m
                [33md[39m=[32m"M11 21.73a2 2 0 0 0 2 0l7-4A2 2 0 0 0 21 16V8a2 2 0 0 0-1-1.73l-7-4a2 2 0 0 0-2 0l-7 4A2 2 0 0 0 3 8v8a2 2 0 0 0 1 1.73z"[39m
              [36m/>[39m
              [36m<path[39m
                [33md[39m=[32m"M12 22V12"[39m
              [36m/>[39m
              [36m<polyline[39m
                [33mpoints[39m=[32m"3.29 7 12 12 20.71 7"[39m
              [36m/>[39m
              [36m<path[39m
                [33md[39m=[32m"m7.5 4.27 9 5.15"[39m
              [36m/>[39m
            [36m</svg>[39m
            [36m<p[39m
              [33mclass[39m=[32m"font-semibold text-lg"[39m
            [36m>[39m
              [0mNenhum produto encontrado.[0m
            [36m</p>[39m
            [36m<p[39m
              [33mclass[39m=[32m"text-sm mb-4"[39m
            [36m>[39m
              [0mComece cadastrando um novo produto ou popule com dados de exemplo.[0m
            [36m</p>[39m
            [36m<button[39m
              [33mclass[39m=[32m"mt-4 flex items-center gap-2 bg-blue-100 text-blue-700 font-bold py-2 px-4 rounded-lg hover:bg-blue-200 transition-colors disabled:opacity-50"[39m
            [36m>[39m
              [36m<svg[39m
                [33maria-hidden[39m=[32m"true"[39m
                [33mclass[39m=[32m"lucide lucide-database-backup"[39m
                [33mfill[39m=[32m"none"[39m
                [33mheight[39m=[32m"20"[39m
                [33mstroke[39m=[32m"currentColor"[39m
                [33mstroke-linecap[39m=[32m"round"[39m
                [33mstroke-linejoin[39m=[32m"round"[39m
                [33mstroke-width[39m=[32m"2"[39m
                [33mviewBox[39m=[32m"0 0 24 24"[39m
                [33mwidth[39m=[32m"20"[39m
                [33mxmlns[39m=[32m"http://www.w3.org/2000/svg"[39m
              [36m>[39m
                [36m<ellipse[39m
                  [33mcx[39m=[32m"12"[39m
                  [33mcy[39m=[32m"5"[39m
                  [33mrx[39m=[32m"9"[39m
                  [33mry[39m=[32m"3"[39m
                [36m/>[39m
                [36m<path[39m
                  [33md[39m=[32m"M3 12a9 3 0 0 0 5 2.69"[39m
                [36m/>[39m
                [36m<path[39m
                  [33md[39m=[32m"M21 9.3V5"[39m
                [36m/>[39m
                [36m<path[39m
                  [33md[39m=[32m"M3 5v14a9 3 0 0 0 6.47 2.88"[39m
                [36m/>[39m
                [36m<path[39m
                  [33md[39m=[32m"M12 12v4h4"[39m
                [36m/>[39m
                [36m<path[39m
                  [33md[39m=[32m"M13 20a5 5 0 0 0 9-3 4.5 4.5 0 0 0-4.5-4.5c-1.33 0-2.54.54-3.41 1.41L12 16"[39m
                [36m/>[39m
              [36m</svg>[39m
              [0mPopular com 10 produtos padrão[0m
            [36m</button>[39m
          [36m</div>[39m
        [36m</div>[39m
      [36m</div>[39m
      [36m<div[39m
        [33mclass[39m=[32m"fixed top-5 right-5 z-50 space-y-3"[39m
      [36m/>[39m
    [36m</div>[39m
  [36m</body>[39m
[36m</html>[39m
 ❯ Proxy.waitForWrapper node_modules/@testing-library/dom/dist/wait-for.js:163:27
 ❯ src/pages/products/ProductsPage.test.tsx:29:15
     27|         renderWithProviders(<ProductsPage />);
     28| 
     29|         await waitFor(() => {
       |               ^
     30|             expect(screen.getByText('Produto Teste 1')).toBeInTheDocum…
     31|         });

⎯⎯⎯⎯⎯⎯⎯⎯⎯⎯⎯⎯⎯⎯⎯⎯⎯⎯⎯⎯⎯⎯⎯⎯[2/2]⎯

 Test Files  1 failed (1)
      Tests  2 failed (2)
   Start at  17:50:35
   Duration  2.76s


 FAIL  Tests failed. Watching for file changes...
       press h to show help, press q to quit
       rerun x5
[2K[1A[2K[G[3Jc
 RERUN  src/pages/products/ProductsPage.test.tsx x6

stdout | src/test/setup.ts:8:9
[SETUP] Initializing MSW server...

stdout | Logger.info (/Users/leandrofmarques/Downloads/revo_erp_prod_8yumh0_dualiteproject/src/lib/logger.ts:24:21)
[INFO] [SUPABASE][CLIENT_INIT] {
  supabaseUrl: 'https://lrfwiaekipwkjkzvcnfd.supabase.co',
  anonKeyPrefix: 'eyJhbGci'
}

stdout | src/pages/products/ProductsPage.test.tsx
[SETUP] Starting MSW server...

stdout | src/pages/products/ProductsPage.test.tsx > ProductsPage Integration > renders the product list with data from MSW
[DEBUG] [QUERY][empresas] fetching list 
[DEBUG] [QUERY][active_empresa] fetching 
[INFO] [AUTH][LOGIN] start { email: 'exists' }

stderr | src/pages/products/ProductsPage.test.tsx > ProductsPage Integration > renders the product list with data from MSW
⚠️ React Router Future Flag Warning: React Router will begin wrapping state updates in `React.startTransition` in v7. You can use the `v7_startTransition` future flag to opt-in early. For more information, see https://reactrouter.com/v6/upgrading/future#v7_starttransition.
⚠️ React Router Future Flag Warning: Relative route resolution within Splat routes is changing in v7. You can use the `v7_relativeSplatPath` future flag to opt-in early. For more information, see https://reactrouter.com/v6/upgrading/future#v7_relativesplatpath.

stdout | src/pages/products/ProductsPage.test.tsx > ProductsPage Integration > renders the product list with data from MSW
<empty line>
stderr | src/pages/products/ProductsPage.test.tsx > ProductsPage Integration > renders the product list with data from MSW
[ERROR] [QUERY][empresas] list error {
  code: 'PGRST301',
  details: null,
  hint: null,
  message: 'Expected 3 parts in JWT; got 1'
} 

stderr | src/pages/products/ProductsPage.test.tsx > ProductsPage Integration > renders the product list with data from MSW
[WARN] [QUERY][active_empresa] error {
  code: 'PGRST301',
  details: null,
  hint: null,
  message: 'Expected 3 parts in JWT; got 1'
}

stdout | src/pages/products/ProductsPage.test.tsx > ProductsPage Integration > renders the product list with data from MSW
[INFO] [MUTATION][bootstrap] start 

stdout | src/pages/products/ProductsPage.test.tsx > ProductsPage Integration > renders the product list with data from MSW
<empty line>
stderr | src/pages/products/ProductsPage.test.tsx > ProductsPage Integration > renders the product list with data from MSW
[ERROR] [MUTATION][bootstrap] error {
  code: 'PGRST301',
  details: null,
  hint: null,
  message: 'Expected 3 parts in JWT; got 1'
} 

stdout | src/pages/products/ProductsPage.test.tsx > ProductsPage Integration > filters products by search term
[DEBUG] [QUERY][empresas] fetching list 
[DEBUG] [QUERY][active_empresa] fetching 
[INFO] [AUTH][LOGIN] start { email: 'exists' }

stdout | src/pages/products/ProductsPage.test.tsx > ProductsPage Integration > filters products by search term
<empty line>
stderr | src/pages/products/ProductsPage.test.tsx > ProductsPage Integration > filters products by search term
[ERROR] [QUERY][empresas] list error {
  code: 'PGRST301',
  details: null,
  hint: null,
  message: 'Expected 3 parts in JWT; got 1'
} 

stderr | src/pages/products/ProductsPage.test.tsx > ProductsPage Integration > filters products by search term
[WARN] [QUERY][active_empresa] error {
  code: 'PGRST301',
  details: null,
  hint: null,
  message: 'Expected 3 parts in JWT; got 1'
}

stdout | src/pages/products/ProductsPage.test.tsx > ProductsPage Integration > filters products by search term
[INFO] [MUTATION][bootstrap] start 

stdout | src/pages/products/ProductsPage.test.tsx > ProductsPage Integration > filters products by search term
<empty line>
stderr | src/pages/products/ProductsPage.test.tsx > ProductsPage Integration > filters products by search term
[ERROR] [MUTATION][bootstrap] error {
  code: 'PGRST301',
  details: null,
  hint: null,
  message: 'Expected 3 parts in JWT; got 1'
} 

 ❯ src/pages/products/ProductsPage.test.tsx  (2 tests | 2 failed) 2050ms
   ❯ src/pages/products/ProductsPage.test.tsx > ProductsPage Integration > renders the product list with data from MSW
     → Unable to find an element with the text: Produto Teste 1. This could be because the text is broken up by multiple elements. In this case, you can provide a function for your text matcher to make your matcher more flexible.

Ignored nodes: comments, script, style
[36m<body>[39m
  [36m<div>[39m
    [36m<div[39m
      [33mclass[39m=[32m"p-1"[39m
    [36m>[39m
      [36m<div[39m
        [33mclass[39m=[32m"flex justify-between items-center mb-6"[39m
      [36m>[39m
        [36m<h1[39m
          [33mclass[39m=[32m"text-3xl font-bold text-gray-800"[39m
        [36m>[39m
          [0mProdutos[0m
        [36m</h1>[39m
        [36m<div[39m
          [33mclass[39m=[32m"flex items-center gap-2"[39m
        [36m>[39m
          [36m<button[39m
            [33mclass[39m=[32m"flex items-center gap-2 bg-gray-100 text-gray-700 font-semibold py-2 px-4 rounded-lg hover:bg-gray-200 transition-colors disabled:opacity-50"[39m
          [36m>[39m
            [36m<svg[39m
              [33maria-hidden[39m=[32m"true"[39m
              [33mclass[39m=[32m"lucide lucide-database-backup"[39m
              [33mfill[39m=[32m"none"[39m
              [33mheight[39m=[32m"20"[39m
              [33mstroke[39m=[32m"currentColor"[39m
              [33mstroke-linecap[39m=[32m"round"[39m
              [33mstroke-linejoin[39m=[32m"round"[39m
              [33mstroke-width[39m=[32m"2"[39m
              [33mviewBox[39m=[32m"0 0 24 24"[39m
              [33mwidth[39m=[32m"20"[39m
              [33mxmlns[39m=[32m"http://www.w3.org/2000/svg"[39m
            [36m>[39m
              [36m<ellipse[39m
                [33mcx[39m=[32m"12"[39m
                [33mcy[39m=[32m"5"[39m
                [33mrx[39m=[32m"9"[39m
                [33mry[39m=[32m"3"[39m
              [36m/>[39m
              [36m<path[39m
                [33md[39m=[32m"M3 12a9 3 0 0 0 5 2.69"[39m
              [36m/>[39m
              [36m<path[39m
                [33md[39m=[32m"M21 9.3V5"[39m
              [36m/>[39m
              [36m<path[39m
                [33md[39m=[32m"M3 5v14a9 3 0 0 0 6.47 2.88"[39m
              [36m/>[39m
              [36m<path[39m
                [33md[39m=[32m"M12 12v4h4"[39m
              [36m/>[39m
              [36m<path[39m
                [33md[39m=[32m"M13 20a5 5 0 0 0 9-3 4.5 4.5 0 0 0-4.5-4.5c-1.33 0-2.54.54-3.41 1.41L12 16"[39m
              [36m/>[39m
            [36m</svg>[39m
            [0mPopular Dados[0m
          [36m</button>[39m
          [36m<button[39m
            [33mclass[39m=[32m"flex items-center gap-2 bg-blue-600 text-white font-bold py-2 px-4 rounded-lg hover:bg-blue-700 transition-colors"[39m
          [36m>[39m
            [36m<svg[39m
              [33maria-hidden[39m=[32m"true"[39m
              [33mclass[39m=[32m"lucide lucide-circle-plus"[39m
              [33mfill[39m=[32m"none"[39m
              [33mheight[39m=[32m"20"[39m
              [33mstroke[39m=[32m"currentColor"[39m
              [33mstroke-linecap[39m=[32m"round"[39m
              [33mstroke-linejoin[39m=[32m"round"[39m
              [33mstroke-width[39m=[32m"2"[39m
              [33mviewBox[39m=[32m"0 0 24 24"[39m
              [33mwidth[39m=[32m"20"[39m
              [33mxmlns[39m=[32m"http://www.w3.org/2000/svg"[39m
            [36m>[39m
              [36m<circle[39m
                [33mcx[39m=[32m"12"[39m
                [33mcy[39m=[32m"12"[39m
                [33mr[39m=[32m"10"[39m
              [36m/>[39m
              [36m<path[39m
                [33md[39m=[32m"M8 12h8"[39m
              [36m/>[39m
              [36m<path[39m
                [33md[39m=[32m"M12 8v8"[39m
              [36m/>[39m
            [36m</svg>[39m
            [0mNovo Produto[0m
          [36m</button>[39m
        [36m</div>[39m
      [36m</div>[39m
      [36m<div[39m
        [33mclass[39m=[32m"mb-4 flex gap-4"[39m
      [36m>[39m
        [36m<div[39m
          [33mclass[39m=[32m"relative"[39m
        [36m>[39m
          [36m<svg[39m
            [33maria-hidden[39m=[32m"true"[39m
            [33mclass[39m=[32m"lucide lucide-search absolute left-3 top-1/2 -translate-y-1/2 text-gray-400"[39m
            [33mfill[39m=[32m"none"[39m
            [33mheight[39m=[32m"20"[39m
            [33mstroke[39m=[32m"currentColor"[39m
            [33mstroke-linecap[39m=[32m"round"[39m
            [33mstroke-linejoin[39m=[32m"round"[39m
            [33mstroke-width[39m=[32m"2"[39m
            [33mviewBox[39m=[32m"0 0 24 24"[39m
            [33mwidth[39m=[32m"20"[39m
            [33mxmlns[39m=[32m"http://www.w3.org/2000/svg"[39m
          [36m>[39m
            [36m<path[39m
              [33md[39m=[32m"m21 21-4.34-4.34"[39m
            [36m/>[39m
            [36m<circle[39m
              [33mcx[39m=[32m"11"[39m
              [33mcy[39m=[32m"11"[39m
              [33mr[39m=[32m"8"[39m
            [36m/>[39m
          [36m</svg>[39m
          [36m<input[39m
            [33mclass[39m=[32m"w-full max-w-sm p-3 pl-10 border border-gray-300 rounded-lg"[39m
            [33mplaceholder[39m=[32m"Buscar por nome ou SKU..."[39m
            [33mtype[39m=[32m"text"[39m
            [33mvalue[39m=[32m""[39m
          [36m/>[39m
        [36m</div>[39m
        [36m<div[39m
          [33mclass[39m=[32m"min-w-[200px]"[39m
        [36m>[39m
          [36m<div[39m
            [33mclass[39m=[32m"relative"[39m
          [36m>[39m
            [36m<select[39m
              [33mclass[39m=[32m"w-full p-3 pr-10 bg-white/80 border border-gray-300 rounded-lg focus:ring-2 focus:ring-blue-500 focus:border-blue-500 transition shadow-sm appearance-none"[39m
            [36m>[39m
              [36m<option[39m
                [33mvalue[39m=[32m""[39m
              [36m>[39m
                [0mTodos os status[0m
              [36m</option>[39m
              [36m<option[39m
                [33mvalue[39m=[32m"ativo"[39m
              [36m>[39m
                [0mAtivo[0m
              [36m</option>[39m
              [36m<option[39m
                [33mvalue[39m=[32m"inativo"[39m
              [36m>[39m
                [0mInativo[0m
              [36m</option>[39m
            [36m</select>[39m
            [36m<div[39m
              [33mclass[39m=[32m"pointer-events-none absolute inset-y-0 right-0 flex items-center px-3 text-gray-700"[39m
            [36m>[39m
              [36m<svg[39m
                [33maria-hidden[39m=[32m"true"[39m
                [33mclass[39m=[32m"lucide lucide-chevron-down"[39m
                [33mfill[39m=[32m"none"[39m
                [33mheight[39m=[32m"20"[39m
                [33mstroke[39m=[32m"currentColor"[39m
                [33mstroke-linecap[39m=[32m"round"[39m
                [33mstroke-linejoin[39m=[32m"round"[39m
                [33mstroke-width[39m=[32m"2"[39m
                [33mviewBox[39m=[32m"0 0 24 24"[39m
                [33mwidth[39m=[32m"20"[39m
                [33mxmlns[39m=[32m"http://www.w3.org/2000/svg"[39m
              [36m>[39m
                [36m<path[39m
                  [33md[39m=[32m"m6 9 6 6 6-6"[39m
                [36m/>[39m
              [36m</svg>[39m
            [36m</div>[39m
          [36m</div>[39m
        [36m</div>[39m
      [36m</div>[39m
      [36m<div[39m
        [33mclass[39m=[32m"bg-white rounded-lg shadow overflow-hidden"[39m
      [36m>[39m
        [36m<div[39m
          [33mclass[39m=[32m"h-96 flex flex-col items-center justify-center text-center text-gray-500 p-4"[39m
        [36m>[39m
          [36m<svg[39m
            [33maria-hidden[39m=[32m"true"[39m
            [33mclass[39m=[32m"lucide lucide-package mb-4"[39m
            [33mfill[39m=[32m"none"[39m
            [33mheight[39m=[32m"48"[39m
            [33mstroke[39m=[32m"currentColor"[39m
            [33mstroke-linecap[39m=[32m"round"[39m
            [33mstroke-linejoin[39m=[32m"round"[39m
            [33mstroke-width[39m=[32m"2"[39m
            [33mviewBox[39m=[32m"0 0 24 24"[39m
            [33mwidth[39m=[32m"48"[39m
            [33mxmlns[39m=[32m"http://www.w3.org/2000/svg"[39m
          [36m>[39m
            [36m<path[39m
              [33md[39m=[32m"M11 21.73a2 2 0 0 0 2 0l7-4A2 2 0 0 0 21 16V8a2 2 0 0 0-1-1.73l-7-4a2 2 0 0 0-2 0l-7 4A2 2 0 0 0 3 8v8a2 2 0 0 0 1 1.73z"[39m
            [36m/>[39m
            [36m<path[39m
              [33md[39m=[32m"M12 22V12"[39m
            [36m/>[39m
            [36m<polyline[39m
              [33mpoints[39m=[32m"3.29 7 12 12 20.71 7"[39m
            [36m/>[39m
            [36m<path[39m
              [33md[39m=[32m"m7.5 4.27 9 5.15"[39m
            [36m/>[39m
          [36m</svg>[39m
          [36m<p[39m
            [33mclass[39m=[32m"font-semibold text-lg"[39m
          [36m>[39m
            [0mNenhum produto encontrado.[0m
          [36m</p>[39m
          [36m<p[39m
            [33mclass[39m=[32m"text-sm mb-4"[39m
          [36m>[39m
            [0mComece cadastrando um novo produto ou popule com dados de exemplo.[0m
          [36m</p>[39m
          [36m<button[39m
            [33mclass[39m=[32m"mt-4 flex items-center gap-2 bg-blue-100 text-blue-700 font-bold py-2 px-4 rounded-lg hover:bg-blue-200 transition-colors disabled:opacity-50"[39m
          [36m>[39m
            [36m<svg[39m
              [33maria-hidden[39m=[32m"true"[39m
              [33mclass[39m=[32m"lucide lucide-database-backup"[39m
              [33mfill[39m=[32m"none"[39m
              [33mheight[39m=[32m"20"[39m
              [33mstroke[39m=[32m"currentColor"[39m
              [33mstroke-linecap[39m=[32m"round"[39m
              [33mstroke-linejoin[39m=[32m"round"[39m
              [33mstroke-width[39m=[32m"2"[39m
              [33mviewBox[39m=[32m"0 0 24 24"[39m
              [33mwidth[39m=[32m"20"[39m
              [33mxmlns[39m=[32m"http://www.w3.org/2000/svg"[39m
            [36m>[39m
              [36m<ellipse[39m
                [33mcx[39m=[32m"12"[39m
                [33mcy[39m=[32m"5"[39m
                [33mrx[39m=[32m"9"[39m
                [33mry[39m=[32m"3"[39m
              [36m/>[39m
              [36m<path[39m
                [33md[39m=[32m"M3 12a9 3 0 0 0 5 2.69"[39m
              [36m/>[39m
              [36m<path[39m
                [33md[39m=[32m"M21 9.3V5"[39m
              [36m/>[39m
              [36m<path[39m
                [33md[39m=[32m"M3 5v14a9 3 0 0 0 6.47 2.88"[39m
              [36m/>[39m
              [36m<path[39m
                [33md[39m=[32m"M12 12v4h4"[39m
              [36m/>[39m
              [36m<path[39m
                [33md[39m=[32m"M13 20a5 5 0 0 0 9-3 4.5 4.5 0 0 0-4.5-4.5c-1.33 0-2.54.54-3.41 1.41L12 16"[39m
              [36m/>[39m
            [36m</svg>[39m
            [0mPopular com 10 produtos padrão[0m
          [36m</button>[39m
        [36m</div>[39m
      [36m</div>[39m
    [36m</div>[39m
    [36m<div[39m
      [33mclass[39m=[32m"fixed top-5 right-5 z-50 space-y-3"[39m
    [36m/>[39m
  [36m</div>[39m
[36m</body>[39m

Ignored nodes: comments, script, style
[36m<html>[39m
  [36m<head />[39m
  [36m<body>[39m
    [36m<div>[39m
      [36m<div[39m
        [33mclass[39m=[32m"p-1"[39m
      [36m>[39m
        [36m<div[39m
          [33mclass[39m=[32m"flex justify-between items-center mb-6"[39m
        [36m>[39m
          [36m<h1[39m
            [33mclass[39m=[32m"text-3xl font-bold text-gray-800"[39m
          [36m>[39m
            [0mProdutos[0m
          [36m</h1>[39m
          [36m<div[39m
            [33mclass[39m=[32m"flex items-center gap-2"[39m
          [36m>[39m
            [36m<button[39m
              [33mclass[39m=[32m"flex items-center gap-2 bg-gray-100 text-gray-700 font-semibold py-2 px-4 rounded-lg hover:bg-gray-200 transition-colors disabled:opacity-50"[39m
            [36m>[39m
              [36m<svg[39m
                [33maria-hidden[39m=[32m"true"[39m
                [33mclass[39m=[32m"lucide lucide-database-backup"[39m
                [33mfill[39m=[32m"none"[39m
                [33mheight[39m=[32m"20"[39m
                [33mstroke[39m=[32m"currentColor"[39m
                [33mstroke-linecap[39m=[32m"round"[39m
                [33mstroke-linejoin[39m=[32m"round"[39m
                [33mstroke-width[39m=[32m"2"[39m
                [33mviewBox[39m=[32m"0 0 24 24"[39m
                [33mwidth[39m=[32m"20"[39m
                [33mxmlns[39m=[32m"http://www.w3.org/2000/svg"[39m
              [36m>[39m
                [36m<ellipse[39m
                  [33mcx[39m=[32m"12"[39m
                  [33mcy[39m=[32m"5"[39m
                  [33mrx[39m=[32m"9"[39m
                  [33mry[39m=[32m"3"[39m
                [36m/>[39m
                [36m<path[39m
                  [33md[39m=[32m"M3 12a9 3 0 0 0 5 2.69"[39m
                [36m/>[39m
                [36m<path[39m
                  [33md[39m=[32m"M21 9.3V5"[39m
                [36m/>[39m
                [36m<path[39m
                  [33md[39m=[32m"M3 5v14a9 3 0 0 0 6.47 2.88"[39m
                [36m/>[39m
                [36m<path[39m
                  [33md[39m=[32m"M12 12v4h4"[39m
                [36m/>[39m
                [36m<path[39m
                  [33md[39m=[32m"M13 20a5 5 0 0 0 9-3 4.5 4.5 0 0 0-4.5-4.5c-1.33 0-2.54.54-3.41 1.41L12 16"[39m
                [36m/>[39m
              [36m</svg>[39m
              [0mPopular Dados[0m
            [36m</button>[39m
            [36m<button[39m
              [33mclass[39m=[32m"flex items-center gap-2 bg-blue-600 text-white font-bold py-2 px-4 rounded-lg hover:bg-blue-700 transition-colors"[39m
            [36m>[39m
              [36m<svg[39m
                [33maria-hidden[39m=[32m"true"[39m
                [33mclass[39m=[32m"lucide lucide-circle-plus"[39m
                [33mfill[39m=[32m"none"[39m
                [33mheight[39m=[32m"20"[39m
                [33mstroke[39m=[32m"currentColor"[39m
                [33mstroke-linecap[39m=[32m"round"[39m
                [33mstroke-linejoin[39m=[32m"round"[39m
                [33mstroke-width[39m=[32m"2"[39m
                [33mviewBox[39m=[32m"0 0 24 24"[39m
                [33mwidth[39m=[32m"20"[39m
                [33mxmlns[39m=[32m"http://www.w3.org/2000/svg"[39m
              [36m>[39m
                [36m<circle[39m
                  [33mcx[39m=[32m"12"[39m
                  [33mcy[39m=[32m"12"[39m
                  [33mr[39m=[32m"10"[39m
                [36m/>[39m
                [36m<path[39m
                  [33md[39m=[32m"M8 12h8"[39m
                [36m/>[39m
                [36m<path[39m
                  [33md[39m=[32m"M12 8v8"[39m
                [36m/>[39m
              [36m</svg>[39m
              [0mNovo Produto[0m
            [36m</button>[39m
          [36m</div>[39m
        [36m</div>[39m
        [36m<div[39m
          [33mclass[39m=[32m"mb-4 flex gap-4"[39m
        [36m>[39m
          [36m<div[39m
            [33mclass[39m=[32m"relative"[39m
          [36m>[39m
            [36m<svg[39m
              [33maria-hidden[39m=[32m"true"[39m
              [33mclass[39m=[32m"lucide lucide-search absolute left-3 top-1/2 -translate-y-1/2 text-gray-400"[39m
              [33mfill[39m=[32m"none"[39m
              [33mheight[39m=[32m"20"[39m
              [33mstroke[39m=[32m"currentColor"[39m
              [33mstroke-linecap[39m=[32m"round"[39m
              [33mstroke-linejoin[39m=[32m"round"[39m
              [33mstroke-width[39m=[32m"2"[39m
              [33mviewBox[39m=[32m"0 0 24 24"[39m
              [33mwidth[39m=[32m"20"[39m
              [33mxmlns[39m=[32m"http://www.w3.org/2000/svg"[39m
            [36m>[39m
              [36m<path[39m
                [33md[39m=[32m"m21 21-4.34-4.34"[39m
              [36m/>[39m
              [36m<circle[39m
                [33mcx[39m=[32m"11"[39m
                [33mcy[39m=[32m"11"[39m
                [33mr[39m=[32m"8"[39m
              [36m/>[39m
            [36m</svg>[39m
            [36m<input[39m
              [33mclass[39m=[32m"w-full max-w-sm p-3 pl-10 border border-gray-300 rounded-lg"[39m
              [33mplaceholder[39m=[32m"Buscar por nome ou SKU..."[39m
              [33mtype[39m=[32m"text"[39m
              [33mvalue[39m=[32m""[39m
            [36m/>[39m
          [36m</div>[39m
          [36m<div[39m
            [33mclass[39m=[32m"min-w-[200px]"[39m
          [36m>[39m
            [36m<div[39m
              [33mclass[39m=[32m"relative"[39m
            [36m>[39m
              [36m<select[39m
                [33mclass[39m=[32m"w-full p-3 pr-10 bg-white/80 border border-gray-300 rounded-lg focus:ring-2 focus:ring-blue-500 focus:border-blue-500 transition shadow-sm appearance-none"[39m
              [36m>[39m
                [36m<option[39m
                  [33mvalue[39m=[32m""[39m
                [36m>[39m
                  [0mTodos os status[0m
                [36m</option>[39m
                [36m<option[39m
                  [33mvalue[39m=[32m"ativo"[39m
                [36m>[39m
                  [0mAtivo[0m
                [36m</option>[39m
                [36m<option[39m
                  [33mvalue[39m=[32m"inativo"[39m
                [36m>[39m
                  [0mInativo[0m
                [36m</option>[39m
              [36m</select>[39m
              [36m<div[39m
                [33mclass[39m=[32m"pointer-events-none absolute inset-y-0 right-0 flex items-center px-3 text-gray-700"[39m
              [36m>[39m
                [36m<svg[39m
                  [33maria-hidden[39m=[32m"true"[39m
                  [33mclass[39m=[32m"lucide lucide-chevron-down"[39m
                  [33mfill[39m=[32m"none"[39m
                  [33mheight[39m=[32m"20"[39m
                  [33mstroke[39m=[32m"currentColor"[39m
                  [33mstroke-linecap[39m=[32m"round"[39m
                  [33mstroke-linejoin[39m=[32m"round"[39m
                  [33mstroke-width[39m=[32m"2"[39m
                  [33mviewBox[39m=[32m"0 0 24 24"[39m
                  [33mwidth[39m=[32m"20"[39m
                  [33mxmlns[39m=[32m"http://www.w3.org/2000/svg"[39m
                [36m>[39m
                  [36m<path[39m
                    [33md[39m=[32m"m6 9 6 6 6-6"[39m
                  [36m/>[39m
                [36m</svg>[39m
              [36m</div>[39m
            [36m</div>[39m
          [36m</div>[39m
        [36m</div>[39m
        [36m<div[39m
          [33mclass[39m=[32m"bg-white rounded-lg shadow overflow-hidden"[39m
        [36m>[39m
          [36m<div[39m
            [33mclass[39m=[32m"h-96 flex flex-col items-center justify-center text-center text-gray-500 p-4"[39m
          [36m>[39m
            [36m<svg[39m
              [33maria-hidden[39m=[32m"true"[39m
              [33mclass[39m=[32m"lucide lucide-package mb-4"[39m
              [33mfill[39m=[32m"none"[39m
              [33mheight[39m=[32m"48"[39m
              [33mstroke[39m=[32m"currentColor"[39m
              [33mstroke-linecap[39m=[32m"round"[39m
              [33mstroke-linejoin[39m=[32m"round"[39m
              [33mstroke-width[39m=[32m"2"[39m
              [33mviewBox[39m=[32m"0 0 24 24"[39m
              [33mwidth[39m=[32m"48"[39m
              [33mxmlns[39m=[32m"http://www.w3.org/2000/svg"[39m
            [36m>[39m
              [36m<path[39m
                [33md[39m=[32m"M11 21.73a2 2 0 0 0 2 0l7-4A2 2 0 0 0 21 16V8a2 2 0 0 0-1-1.73l-7-4a2 2 0 0 0-2 0l-7 4A2 2 0 0 0 3 8v8a2 2 0 0 0 1 1.73z"[39m
              [36m/>[39m
              [36m<path[39m
                [33md[39m=[32m"M12 22V12"[39m
              [36m/>[39m
              [36m<polyline[39m
                [33mpoints[39m=[32m"3.29 7 12 12 20.71 7"[39m
              [36m/>[39m
              [36m<path[39m
                [33md[39m=[32m"m7.5 4.27 9 5.15"[39m
              [36m/>[39m
            [36m</svg>[39m
            [36m<p[39m
              [33mclass[39m=[32m"font-semibold text-lg"[39m
            [36m>[39m
              [0mNenhum produto encontrado.[0m
            [36m</p>[39m
            [36m<p[39m
              [33mclass[39m=[32m"text-sm mb-4"[39m
            [36m>[39m
              [0mComece cadastrando um novo produto ou popule com dados de exemplo.[0m
            [36m</p>[39m
            [36m<button[39m
              [33mclass[39m=[32m"mt-4 flex items-center gap-2 bg-blue-100 text-blue-700 font-bold py-2 px-4 rounded-lg hover:bg-blue-200 transition-colors disabled:opacity-50"[39m
            [36m>[39m
              [36m<svg[39m
                [33maria-hidden[39m=[32m"true"[39m
                [33mclass[39m=[32m"lucide lucide-database-backup"[39m
                [33mfill[39m=[32m"none"[39m
                [33mheight[39m=[32m"20"[39m
                [33mstroke[39m=[32m"currentColor"[39m
                [33mstroke-linecap[39m=[32m"round"[39m
                [33mstroke-linejoin[39m=[32m"round"[39m
                [33mstroke-width[39m=[32m"2"[39m
                [33mviewBox[39m=[32m"0 0 24 24"[39m
                [33mwidth[39m=[32m"20"[39m
                [33mxmlns[39m=[32m"http://www.w3.org/2000/svg"[39m
              [36m>[39m
                [36m<ellipse[39m
                  [33mcx[39m=[32m"12"[39m
                  [33mcy[39m=[32m"5"[39m
                  [33mrx[39m=[32m"9"[39m
                  [33mry[39m=[32m"3"[39m
                [36m/>[39m
                [36m<path[39m
                  [33md[39m=[32m"M3 12a9 3 0 0 0 5 2.69"[39m
                [36m/>[39m
                [36m<path[39m
                  [33md[39m=[32m"M21 9.3V5"[39m
                [36m/>[39m
                [36m<path[39m
                  [33md[39m=[32m"M3 5v14a9 3 0 0 0 6.47 2.88"[39m
                [36m/>[39m
                [36m<path[39m
                  [33md[39m=[32m"M12 12v4h4"[39m
                [36m/>[39m
                [36m<path[39m
                  [33md[39m=[32m"M13 20a5 5 0 0 0 9-3 4.5 4.5 0 0 0-4.5-4.5c-1.33 0-2.54.54-3.41 1.41L12 16"[39m
                [36m/>[39m
              [36m</svg>[39m
              [0mPopular com 10 produtos padrão[0m
            [36m</button>[39m
          [36m</div>[39m
        [36m</div>[39m
      [36m</div>[39m
      [36m<div[39m
        [33mclass[39m=[32m"fixed top-5 right-5 z-50 space-y-3"[39m
      [36m/>[39m
    [36m</div>[39m
  [36m</body>[39m
[36m</html>[39m
   ❯ src/pages/products/ProductsPage.test.tsx > ProductsPage Integration > filters products by search term
     → Unable to find an element with the text: Produto Teste 1. This could be because the text is broken up by multiple elements. In this case, you can provide a function for your text matcher to make your matcher more flexible.

Ignored nodes: comments, script, style
[36m<body>[39m
  [36m<div>[39m
    [36m<div[39m
      [33mclass[39m=[32m"p-1"[39m
    [36m>[39m
      [36m<div[39m
        [33mclass[39m=[32m"flex justify-between items-center mb-6"[39m
      [36m>[39m
        [36m<h1[39m
          [33mclass[39m=[32m"text-3xl font-bold text-gray-800"[39m
        [36m>[39m
          [0mProdutos[0m
        [36m</h1>[39m
        [36m<div[39m
          [33mclass[39m=[32m"flex items-center gap-2"[39m
        [36m>[39m
          [36m<button[39m
            [33mclass[39m=[32m"flex items-center gap-2 bg-gray-100 text-gray-700 font-semibold py-2 px-4 rounded-lg hover:bg-gray-200 transition-colors disabled:opacity-50"[39m
          [36m>[39m
            [36m<svg[39m
              [33maria-hidden[39m=[32m"true"[39m
              [33mclass[39m=[32m"lucide lucide-database-backup"[39m
              [33mfill[39m=[32m"none"[39m
              [33mheight[39m=[32m"20"[39m
              [33mstroke[39m=[32m"currentColor"[39m
              [33mstroke-linecap[39m=[32m"round"[39m
              [33mstroke-linejoin[39m=[32m"round"[39m
              [33mstroke-width[39m=[32m"2"[39m
              [33mviewBox[39m=[32m"0 0 24 24"[39m
              [33mwidth[39m=[32m"20"[39m
              [33mxmlns[39m=[32m"http://www.w3.org/2000/svg"[39m
            [36m>[39m
              [36m<ellipse[39m
                [33mcx[39m=[32m"12"[39m
                [33mcy[39m=[32m"5"[39m
                [33mrx[39m=[32m"9"[39m
                [33mry[39m=[32m"3"[39m
              [36m/>[39m
              [36m<path[39m
                [33md[39m=[32m"M3 12a9 3 0 0 0 5 2.69"[39m
              [36m/>[39m
              [36m<path[39m
                [33md[39m=[32m"M21 9.3V5"[39m
              [36m/>[39m
              [36m<path[39m
                [33md[39m=[32m"M3 5v14a9 3 0 0 0 6.47 2.88"[39m
              [36m/>[39m
              [36m<path[39m
                [33md[39m=[32m"M12 12v4h4"[39m
              [36m/>[39m
              [36m<path[39m
                [33md[39m=[32m"M13 20a5 5 0 0 0 9-3 4.5 4.5 0 0 0-4.5-4.5c-1.33 0-2.54.54-3.41 1.41L12 16"[39m
              [36m/>[39m
            [36m</svg>[39m
            [0mPopular Dados[0m
          [36m</button>[39m
          [36m<button[39m
            [33mclass[39m=[32m"flex items-center gap-2 bg-blue-600 text-white font-bold py-2 px-4 rounded-lg hover:bg-blue-700 transition-colors"[39m
          [36m>[39m
            [36m<svg[39m
              [33maria-hidden[39m=[32m"true"[39m
              [33mclass[39m=[32m"lucide lucide-circle-plus"[39m
              [33mfill[39m=[32m"none"[39m
              [33mheight[39m=[32m"20"[39m
              [33mstroke[39m=[32m"currentColor"[39m
              [33mstroke-linecap[39m=[32m"round"[39m
              [33mstroke-linejoin[39m=[32m"round"[39m
              [33mstroke-width[39m=[32m"2"[39m
              [33mviewBox[39m=[32m"0 0 24 24"[39m
              [33mwidth[39m=[32m"20"[39m
              [33mxmlns[39m=[32m"http://www.w3.org/2000/svg"[39m
            [36m>[39m
              [36m<circle[39m
                [33mcx[39m=[32m"12"[39m
                [33mcy[39m=[32m"12"[39m
                [33mr[39m=[32m"10"[39m
              [36m/>[39m
              [36m<path[39m
                [33md[39m=[32m"M8 12h8"[39m
              [36m/>[39m
              [36m<path[39m
                [33md[39m=[32m"M12 8v8"[39m
              [36m/>[39m
            [36m</svg>[39m
            [0mNovo Produto[0m
          [36m</button>[39m
        [36m</div>[39m
      [36m</div>[39m
      [36m<div[39m
        [33mclass[39m=[32m"mb-4 flex gap-4"[39m
      [36m>[39m
        [36m<div[39m
          [33mclass[39m=[32m"relative"[39m
        [36m>[39m
          [36m<svg[39m
            [33maria-hidden[39m=[32m"true"[39m
            [33mclass[39m=[32m"lucide lucide-search absolute left-3 top-1/2 -translate-y-1/2 text-gray-400"[39m
            [33mfill[39m=[32m"none"[39m
            [33mheight[39m=[32m"20"[39m
            [33mstroke[39m=[32m"currentColor"[39m
            [33mstroke-linecap[39m=[32m"round"[39m
            [33mstroke-linejoin[39m=[32m"round"[39m
            [33mstroke-width[39m=[32m"2"[39m
            [33mviewBox[39m=[32m"0 0 24 24"[39m
            [33mwidth[39m=[32m"20"[39m
            [33mxmlns[39m=[32m"http://www.w3.org/2000/svg"[39m
          [36m>[39m
            [36m<path[39m
              [33md[39m=[32m"m21 21-4.34-4.34"[39m
            [36m/>[39m
            [36m<circle[39m
              [33mcx[39m=[32m"11"[39m
              [33mcy[39m=[32m"11"[39m
              [33mr[39m=[32m"8"[39m
            [36m/>[39m
          [36m</svg>[39m
          [36m<input[39m
            [33mclass[39m=[32m"w-full max-w-sm p-3 pl-10 border border-gray-300 rounded-lg"[39m
            [33mplaceholder[39m=[32m"Buscar por nome ou SKU..."[39m
            [33mtype[39m=[32m"text"[39m
            [33mvalue[39m=[32m""[39m
          [36m/>[39m
        [36m</div>[39m
        [36m<div[39m
          [33mclass[39m=[32m"min-w-[200px]"[39m
        [36m>[39m
          [36m<div[39m
            [33mclass[39m=[32m"relative"[39m
          [36m>[39m
            [36m<select[39m
              [33mclass[39m=[32m"w-full p-3 pr-10 bg-white/80 border border-gray-300 rounded-lg focus:ring-2 focus:ring-blue-500 focus:border-blue-500 transition shadow-sm appearance-none"[39m
            [36m>[39m
              [36m<option[39m
                [33mvalue[39m=[32m""[39m
              [36m>[39m
                [0mTodos os status[0m
              [36m</option>[39m
              [36m<option[39m
                [33mvalue[39m=[32m"ativo"[39m
              [36m>[39m
                [0mAtivo[0m
              [36m</option>[39m
              [36m<option[39m
                [33mvalue[39m=[32m"inativo"[39m
              [36m>[39m
                [0mInativo[0m
              [36m</option>[39m
            [36m</select>[39m
            [36m<div[39m
              [33mclass[39m=[32m"pointer-events-none absolute inset-y-0 right-0 flex items-center px-3 text-gray-700"[39m
            [36m>[39m
              [36m<svg[39m
                [33maria-hidden[39m=[32m"true"[39m
                [33mclass[39m=[32m"lucide lucide-chevron-down"[39m
                [33mfill[39m=[32m"none"[39m
                [33mheight[39m=[32m"20"[39m
                [33mstroke[39m=[32m"currentColor"[39m
                [33mstroke-linecap[39m=[32m"round"[39m
                [33mstroke-linejoin[39m=[32m"round"[39m
                [33mstroke-width[39m=[32m"2"[39m
                [33mviewBox[39m=[32m"0 0 24 24"[39m
                [33mwidth[39m=[32m"20"[39m
                [33mxmlns[39m=[32m"http://www.w3.org/2000/svg"[39m
              [36m>[39m
                [36m<path[39m
                  [33md[39m=[32m"m6 9 6 6 6-6"[39m
                [36m/>[39m
              [36m</svg>[39m
            [36m</div>[39m
          [36m</div>[39m
        [36m</div>[39m
      [36m</div>[39m
      [36m<div[39m
        [33mclass[39m=[32m"bg-white rounded-lg shadow overflow-hidden"[39m
      [36m>[39m
        [36m<div[39m
          [33mclass[39m=[32m"h-96 flex flex-col items-center justify-center text-center text-gray-500 p-4"[39m
        [36m>[39m
          [36m<svg[39m
            [33maria-hidden[39m=[32m"true"[39m
            [33mclass[39m=[32m"lucide lucide-package mb-4"[39m
            [33mfill[39m=[32m"none"[39m
            [33mheight[39m=[32m"48"[39m
            [33mstroke[39m=[32m"currentColor"[39m
            [33mstroke-linecap[39m=[32m"round"[39m
            [33mstroke-linejoin[39m=[32m"round"[39m
            [33mstroke-width[39m=[32m"2"[39m
            [33mviewBox[39m=[32m"0 0 24 24"[39m
            [33mwidth[39m=[32m"48"[39m
            [33mxmlns[39m=[32m"http://www.w3.org/2000/svg"[39m
          [36m>[39m
            [36m<path[39m
              [33md[39m=[32m"M11 21.73a2 2 0 0 0 2 0l7-4A2 2 0 0 0 21 16V8a2 2 0 0 0-1-1.73l-7-4a2 2 0 0 0-2 0l-7 4A2 2 0 0 0 3 8v8a2 2 0 0 0 1 1.73z"[39m
            [36m/>[39m
            [36m<path[39m
              [33md[39m=[32m"M12 22V12"[39m
            [36m/>[39m
            [36m<polyline[39m
              [33mpoints[39m=[32m"3.29 7 12 12 20.71 7"[39m
            [36m/>[39m
            [36m<path[39m
              [33md[39m=[32m"m7.5 4.27 9 5.15"[39m
            [36m/>[39m
          [36m</svg>[39m
          [36m<p[39m
            [33mclass[39m=[32m"font-semibold text-lg"[39m
          [36m>[39m
            [0mNenhum produto encontrado.[0m
          [36m</p>[39m
          [36m<p[39m
            [33mclass[39m=[32m"text-sm mb-4"[39m
          [36m>[39m
            [0mComece cadastrando um novo produto ou popule com dados de exemplo.[0m
          [36m</p>[39m
          [36m<button[39m
            [33mclass[39m=[32m"mt-4 flex items-center gap-2 bg-blue-100 text-blue-700 font-bold py-2 px-4 rounded-lg hover:bg-blue-200 transition-colors disabled:opacity-50"[39m
          [36m>[39m
            [36m<svg[39m
              [33maria-hidden[39m=[32m"true"[39m
              [33mclass[39m=[32m"lucide lucide-database-backup"[39m
              [33mfill[39m=[32m"none"[39m
              [33mheight[39m=[32m"20"[39m
              [33mstroke[39m=[32m"currentColor"[39m
              [33mstroke-linecap[39m=[32m"round"[39m
              [33mstroke-linejoin[39m=[32m"round"[39m
              [33mstroke-width[39m=[32m"2"[39m
              [33mviewBox[39m=[32m"0 0 24 24"[39m
              [33mwidth[39m=[32m"20"[39m
              [33mxmlns[39m=[32m"http://www.w3.org/2000/svg"[39m
            [36m>[39m
              [36m<ellipse[39m
                [33mcx[39m=[32m"12"[39m
                [33mcy[39m=[32m"5"[39m
                [33mrx[39m=[32m"9"[39m
                [33mry[39m=[32m"3"[39m
              [36m/>[39m
              [36m<path[39m
                [33md[39m=[32m"M3 12a9 3 0 0 0 5 2.69"[39m
              [36m/>[39m
              [36m<path[39m
                [33md[39m=[32m"M21 9.3V5"[39m
              [36m/>[39m
              [36m<path[39m
                [33md[39m=[32m"M3 5v14a9 3 0 0 0 6.47 2.88"[39m
              [36m/>[39m
              [36m<path[39m
                [33md[39m=[32m"M12 12v4h4"[39m
              [36m/>[39m
              [36m<path[39m
                [33md[39m=[32m"M13 20a5 5 0 0 0 9-3 4.5 4.5 0 0 0-4.5-4.5c-1.33 0-2.54.54-3.41 1.41L12 16"[39m
              [36m/>[39m
            [36m</svg>[39m
            [0mPopular com 10 produtos padrão[0m
          [36m</button>[39m
        [36m</div>[39m
      [36m</div>[39m
    [36m</div>[39m
    [36m<div[39m
      [33mclass[39m=[32m"fixed top-5 right-5 z-50 space-y-3"[39m
    [36m/>[39m
  [36m</div>[39m
[36m</body>[39m

Ignored nodes: comments, script, style
[36m<html>[39m
  [36m<head />[39m
  [36m<body>[39m
    [36m<div>[39m
      [36m<div[39m
        [33mclass[39m=[32m"p-1"[39m
      [36m>[39m
        [36m<div[39m
          [33mclass[39m=[32m"flex justify-between items-center mb-6"[39m
        [36m>[39m
          [36m<h1[39m
            [33mclass[39m=[32m"text-3xl font-bold text-gray-800"[39m
          [36m>[39m
            [0mProdutos[0m
          [36m</h1>[39m
          [36m<div[39m
            [33mclass[39m=[32m"flex items-center gap-2"[39m
          [36m>[39m
            [36m<button[39m
              [33mclass[39m=[32m"flex items-center gap-2 bg-gray-100 text-gray-700 font-semibold py-2 px-4 rounded-lg hover:bg-gray-200 transition-colors disabled:opacity-50"[39m
            [36m>[39m
              [36m<svg[39m
                [33maria-hidden[39m=[32m"true"[39m
                [33mclass[39m=[32m"lucide lucide-database-backup"[39m
                [33mfill[39m=[32m"none"[39m
                [33mheight[39m=[32m"20"[39m
                [33mstroke[39m=[32m"currentColor"[39m
                [33mstroke-linecap[39m=[32m"round"[39m
                [33mstroke-linejoin[39m=[32m"round"[39m
                [33mstroke-width[39m=[32m"2"[39m
                [33mviewBox[39m=[32m"0 0 24 24"[39m
                [33mwidth[39m=[32m"20"[39m
                [33mxmlns[39m=[32m"http://www.w3.org/2000/svg"[39m
              [36m>[39m
                [36m<ellipse[39m
                  [33mcx[39m=[32m"12"[39m
                  [33mcy[39m=[32m"5"[39m
                  [33mrx[39m=[32m"9"[39m
                  [33mry[39m=[32m"3"[39m
                [36m/>[39m
                [36m<path[39m
                  [33md[39m=[32m"M3 12a9 3 0 0 0 5 2.69"[39m
                [36m/>[39m
                [36m<path[39m
                  [33md[39m=[32m"M21 9.3V5"[39m
                [36m/>[39m
                [36m<path[39m
                  [33md[39m=[32m"M3 5v14a9 3 0 0 0 6.47 2.88"[39m
                [36m/>[39m
                [36m<path[39m
                  [33md[39m=[32m"M12 12v4h4"[39m
                [36m/>[39m
                [36m<path[39m
                  [33md[39m=[32m"M13 20a5 5 0 0 0 9-3 4.5 4.5 0 0 0-4.5-4.5c-1.33 0-2.54.54-3.41 1.41L12 16"[39m
                [36m/>[39m
              [36m</svg>[39m
              [0mPopular Dados[0m
            [36m</button>[39m
            [36m<button[39m
              [33mclass[39m=[32m"flex items-center gap-2 bg-blue-600 text-white font-bold py-2 px-4 rounded-lg hover:bg-blue-700 transition-colors"[39m
            [36m>[39m
              [36m<svg[39m
                [33maria-hidden[39m=[32m"true"[39m
                [33mclass[39m=[32m"lucide lucide-circle-plus"[39m
                [33mfill[39m=[32m"none"[39m
                [33mheight[39m=[32m"20"[39m
                [33mstroke[39m=[32m"currentColor"[39m
                [33mstroke-linecap[39m=[32m"round"[39m
                [33mstroke-linejoin[39m=[32m"round"[39m
                [33mstroke-width[39m=[32m"2"[39m
                [33mviewBox[39m=[32m"0 0 24 24"[39m
                [33mwidth[39m=[32m"20"[39m
                [33mxmlns[39m=[32m"http://www.w3.org/2000/svg"[39m
              [36m>[39m
                [36m<circle[39m
                  [33mcx[39m=[32m"12"[39m
                  [33mcy[39m=[32m"12"[39m
                  [33mr[39m=[32m"10"[39m
                [36m/>[39m
                [36m<path[39m
                  [33md[39m=[32m"M8 12h8"[39m
                [36m/>[39m
                [36m<path[39m
                  [33md[39m=[32m"M12 8v8"[39m
                [36m/>[39m
              [36m</svg>[39m
              [0mNovo Produto[0m
            [36m</button>[39m
          [36m</div>[39m
        [36m</div>[39m
        [36m<div[39m
          [33mclass[39m=[32m"mb-4 flex gap-4"[39m
        [36m>[39m
          [36m<div[39m
            [33mclass[39m=[32m"relative"[39m
          [36m>[39m
            [36m<svg[39m
              [33maria-hidden[39m=[32m"true"[39m
              [33mclass[39m=[32m"lucide lucide-search absolute left-3 top-1/2 -translate-y-1/2 text-gray-400"[39m
              [33mfill[39m=[32m"none"[39m
              [33mheight[39m=[32m"20"[39m
              [33mstroke[39m=[32m"currentColor"[39m
              [33mstroke-linecap[39m=[32m"round"[39m
              [33mstroke-linejoin[39m=[32m"round"[39m
              [33mstroke-width[39m=[32m"2"[39m
              [33mviewBox[39m=[32m"0 0 24 24"[39m
              [33mwidth[39m=[32m"20"[39m
              [33mxmlns[39m=[32m"http://www.w3.org/2000/svg"[39m
            [36m>[39m
              [36m<path[39m
                [33md[39m=[32m"m21 21-4.34-4.34"[39m
              [36m/>[39m
              [36m<circle[39m
                [33mcx[39m=[32m"11"[39m
                [33mcy[39m=[32m"11"[39m
                [33mr[39m=[32m"8"[39m
              [36m/>[39m
            [36m</svg>[39m
            [36m<input[39m
              [33mclass[39m=[32m"w-full max-w-sm p-3 pl-10 border border-gray-300 rounded-lg"[39m
              [33mplaceholder[39m=[32m"Buscar por nome ou SKU..."[39m
              [33mtype[39m=[32m"text"[39m
              [33mvalue[39m=[32m""[39m
            [36m/>[39m
          [36m</div>[39m
          [36m<div[39m
            [33mclass[39m=[32m"min-w-[200px]"[39m
          [36m>[39m
            [36m<div[39m
              [33mclass[39m=[32m"relative"[39m
            [36m>[39m
              [36m<select[39m
                [33mclass[39m=[32m"w-full p-3 pr-10 bg-white/80 border border-gray-300 rounded-lg focus:ring-2 focus:ring-blue-500 focus:border-blue-500 transition shadow-sm appearance-none"[39m
              [36m>[39m
                [36m<option[39m
                  [33mvalue[39m=[32m""[39m
                [36m>[39m
                  [0mTodos os status[0m
                [36m</option>[39m
                [36m<option[39m
                  [33mvalue[39m=[32m"ativo"[39m
                [36m>[39m
                  [0mAtivo[0m
                [36m</option>[39m
                [36m<option[39m
                  [33mvalue[39m=[32m"inativo"[39m
                [36m>[39m
                  [0mInativo[0m
                [36m</option>[39m
              [36m</select>[39m
              [36m<div[39m
                [33mclass[39m=[32m"pointer-events-none absolute inset-y-0 right-0 flex items-center px-3 text-gray-700"[39m
              [36m>[39m
                [36m<svg[39m
                  [33maria-hidden[39m=[32m"true"[39m
                  [33mclass[39m=[32m"lucide lucide-chevron-down"[39m
                  [33mfill[39m=[32m"none"[39m
                  [33mheight[39m=[32m"20"[39m
                  [33mstroke[39m=[32m"currentColor"[39m
                  [33mstroke-linecap[39m=[32m"round"[39m
                  [33mstroke-linejoin[39m=[32m"round"[39m
                  [33mstroke-width[39m=[32m"2"[39m
                  [33mviewBox[39m=[32m"0 0 24 24"[39m
                  [33mwidth[39m=[32m"20"[39m
                  [33mxmlns[39m=[32m"http://www.w3.org/2000/svg"[39m
                [36m>[39m
                  [36m<path[39m
                    [33md[39m=[32m"m6 9 6 6 6-6"[39m
                  [36m/>[39m
                [36m</svg>[39m
              [36m</div>[39m
            [36m</div>[39m
          [36m</div>[39m
        [36m</div>[39m
        [36m<div[39m
          [33mclass[39m=[32m"bg-white rounded-lg shadow overflow-hidden"[39m
        [36m>[39m
          [36m<div[39m
            [33mclass[39m=[32m"h-96 flex flex-col items-center justify-center text-center text-gray-500 p-4"[39m
          [36m>[39m
            [36m<svg[39m
              [33maria-hidden[39m=[32m"true"[39m
              [33mclass[39m=[32m"lucide lucide-package mb-4"[39m
              [33mfill[39m=[32m"none"[39m
              [33mheight[39m=[32m"48"[39m
              [33mstroke[39m=[32m"currentColor"[39m
              [33mstroke-linecap[39m=[32m"round"[39m
              [33mstroke-linejoin[39m=[32m"round"[39m
              [33mstroke-width[39m=[32m"2"[39m
              [33mviewBox[39m=[32m"0 0 24 24"[39m
              [33mwidth[39m=[32m"48"[39m
              [33mxmlns[39m=[32m"http://www.w3.org/2000/svg"[39m
            [36m>[39m
              [36m<path[39m
                [33md[39m=[32m"M11 21.73a2 2 0 0 0 2 0l7-4A2 2 0 0 0 21 16V8a2 2 0 0 0-1-1.73l-7-4a2 2 0 0 0-2 0l-7 4A2 2 0 0 0 3 8v8a2 2 0 0 0 1 1.73z"[39m
              [36m/>[39m
              [36m<path[39m
                [33md[39m=[32m"M12 22V12"[39m
              [36m/>[39m
              [36m<polyline[39m
                [33mpoints[39m=[32m"3.29 7 12 12 20.71 7"[39m
              [36m/>[39m
              [36m<path[39m
                [33md[39m=[32m"m7.5 4.27 9 5.15"[39m
              [36m/>[39m
            [36m</svg>[39m
            [36m<p[39m
              [33mclass[39m=[32m"font-semibold text-lg"[39m
            [36m>[39m
              [0mNenhum produto encontrado.[0m
            [36m</p>[39m
            [36m<p[39m
              [33mclass[39m=[32m"text-sm mb-4"[39m
            [36m>[39m
              [0mComece cadastrando um novo produto ou popule com dados de exemplo.[0m
            [36m</p>[39m
            [36m<button[39m
              [33mclass[39m=[32m"mt-4 flex items-center gap-2 bg-blue-100 text-blue-700 font-bold py-2 px-4 rounded-lg hover:bg-blue-200 transition-colors disabled:opacity-50"[39m
            [36m>[39m
              [36m<svg[39m
                [33maria-hidden[39m=[32m"true"[39m
                [33mclass[39m=[32m"lucide lucide-database-backup"[39m
                [33mfill[39m=[32m"none"[39m
                [33mheight[39m=[32m"20"[39m
                [33mstroke[39m=[32m"currentColor"[39m
                [33mstroke-linecap[39m=[32m"round"[39m
                [33mstroke-linejoin[39m=[32m"round"[39m
                [33mstroke-width[39m=[32m"2"[39m
                [33mviewBox[39m=[32m"0 0 24 24"[39m
                [33mwidth[39m=[32m"20"[39m
                [33mxmlns[39m=[32m"http://www.w3.org/2000/svg"[39m
              [36m>[39m
                [36m<ellipse[39m
                  [33mcx[39m=[32m"12"[39m
                  [33mcy[39m=[32m"5"[39m
                  [33mrx[39m=[32m"9"[39m
                  [33mry[39m=[32m"3"[39m
                [36m/>[39m
                [36m<path[39m
                  [33md[39m=[32m"M3 12a9 3 0 0 0 5 2.69"[39m
                [36m/>[39m
                [36m<path[39m
                  [33md[39m=[32m"M21 9.3V5"[39m
                [36m/>[39m
                [36m<path[39m
                  [33md[39m=[32m"M3 5v14a9 3 0 0 0 6.47 2.88"[39m
                [36m/>[39m
                [36m<path[39m
                  [33md[39m=[32m"M12 12v4h4"[39m
                [36m/>[39m
                [36m<path[39m
                  [33md[39m=[32m"M13 20a5 5 0 0 0 9-3 4.5 4.5 0 0 0-4.5-4.5c-1.33 0-2.54.54-3.41 1.41L12 16"[39m
                [36m/>[39m
              [36m</svg>[39m
              [0mPopular com 10 produtos padrão[0m
            [36m</button>[39m
          [36m</div>[39m
        [36m</div>[39m
      [36m</div>[39m
      [36m<div[39m
        [33mclass[39m=[32m"fixed top-5 right-5 z-50 space-y-3"[39m
      [36m/>[39m
    [36m</div>[39m
  [36m</body>[39m
[36m</html>[39m

⎯⎯⎯⎯⎯⎯⎯ Failed Tests 2 ⎯⎯⎯⎯⎯⎯⎯

 FAIL  src/pages/products/ProductsPage.test.tsx > ProductsPage Integration > renders the product list with data from MSW
TestingLibraryElementError: Unable to find an element with the text: Produto Teste 1. This could be because the text is broken up by multiple elements. In this case, you can provide a function for your text matcher to make your matcher more flexible.

Ignored nodes: comments, script, style
[36m<body>[39m
  [36m<div>[39m
    [36m<div[39m
      [33mclass[39m=[32m"p-1"[39m
    [36m>[39m
      [36m<div[39m
        [33mclass[39m=[32m"flex justify-between items-center mb-6"[39m
      [36m>[39m
        [36m<h1[39m
          [33mclass[39m=[32m"text-3xl font-bold text-gray-800"[39m
        [36m>[39m
          [0mProdutos[0m
        [36m</h1>[39m
        [36m<div[39m
          [33mclass[39m=[32m"flex items-center gap-2"[39m
        [36m>[39m
          [36m<button[39m
            [33mclass[39m=[32m"flex items-center gap-2 bg-gray-100 text-gray-700 font-semibold py-2 px-4 rounded-lg hover:bg-gray-200 transition-colors disabled:opacity-50"[39m
          [36m>[39m
            [36m<svg[39m
              [33maria-hidden[39m=[32m"true"[39m
              [33mclass[39m=[32m"lucide lucide-database-backup"[39m
              [33mfill[39m=[32m"none"[39m
              [33mheight[39m=[32m"20"[39m
              [33mstroke[39m=[32m"currentColor"[39m
              [33mstroke-linecap[39m=[32m"round"[39m
              [33mstroke-linejoin[39m=[32m"round"[39m
              [33mstroke-width[39m=[32m"2"[39m
              [33mviewBox[39m=[32m"0 0 24 24"[39m
              [33mwidth[39m=[32m"20"[39m
              [33mxmlns[39m=[32m"http://www.w3.org/2000/svg"[39m
            [36m>[39m
              [36m<ellipse[39m
                [33mcx[39m=[32m"12"[39m
                [33mcy[39m=[32m"5"[39m
                [33mrx[39m=[32m"9"[39m
                [33mry[39m=[32m"3"[39m
              [36m/>[39m
              [36m<path[39m
                [33md[39m=[32m"M3 12a9 3 0 0 0 5 2.69"[39m
              [36m/>[39m
              [36m<path[39m
                [33md[39m=[32m"M21 9.3V5"[39m
              [36m/>[39m
              [36m<path[39m
                [33md[39m=[32m"M3 5v14a9 3 0 0 0 6.47 2.88"[39m
              [36m/>[39m
              [36m<path[39m
                [33md[39m=[32m"M12 12v4h4"[39m
              [36m/>[39m
              [36m<path[39m
                [33md[39m=[32m"M13 20a5 5 0 0 0 9-3 4.5 4.5 0 0 0-4.5-4.5c-1.33 0-2.54.54-3.41 1.41L12 16"[39m
              [36m/>[39m
            [36m</svg>[39m
            [0mPopular Dados[0m
          [36m</button>[39m
          [36m<button[39m
            [33mclass[39m=[32m"flex items-center gap-2 bg-blue-600 text-white font-bold py-2 px-4 rounded-lg hover:bg-blue-700 transition-colors"[39m
          [36m>[39m
            [36m<svg[39m
              [33maria-hidden[39m=[32m"true"[39m
              [33mclass[39m=[32m"lucide lucide-circle-plus"[39m
              [33mfill[39m=[32m"none"[39m
              [33mheight[39m=[32m"20"[39m
              [33mstroke[39m=[32m"currentColor"[39m
              [33mstroke-linecap[39m=[32m"round"[39m
              [33mstroke-linejoin[39m=[32m"round"[39m
              [33mstroke-width[39m=[32m"2"[39m
              [33mviewBox[39m=[32m"0 0 24 24"[39m
              [33mwidth[39m=[32m"20"[39m
              [33mxmlns[39m=[32m"http://www.w3.org/2000/svg"[39m
            [36m>[39m
              [36m<circle[39m
                [33mcx[39m=[32m"12"[39m
                [33mcy[39m=[32m"12"[39m
                [33mr[39m=[32m"10"[39m
              [36m/>[39m
              [36m<path[39m
                [33md[39m=[32m"M8 12h8"[39m
              [36m/>[39m
              [36m<path[39m
                [33md[39m=[32m"M12 8v8"[39m
              [36m/>[39m
            [36m</svg>[39m
            [0mNovo Produto[0m
          [36m</button>[39m
        [36m</div>[39m
      [36m</div>[39m
      [36m<div[39m
        [33mclass[39m=[32m"mb-4 flex gap-4"[39m
      [36m>[39m
        [36m<div[39m
          [33mclass[39m=[32m"relative"[39m
        [36m>[39m
          [36m<svg[39m
            [33maria-hidden[39m=[32m"true"[39m
            [33mclass[39m=[32m"lucide lucide-search absolute left-3 top-1/2 -translate-y-1/2 text-gray-400"[39m
            [33mfill[39m=[32m"none"[39m
            [33mheight[39m=[32m"20"[39m
            [33mstroke[39m=[32m"currentColor"[39m
            [33mstroke-linecap[39m=[32m"round"[39m
            [33mstroke-linejoin[39m=[32m"round"[39m
            [33mstroke-width[39m=[32m"2"[39m
            [33mviewBox[39m=[32m"0 0 24 24"[39m
            [33mwidth[39m=[32m"20"[39m
            [33mxmlns[39m=[32m"http://www.w3.org/2000/svg"[39m
          [36m>[39m
            [36m<path[39m
              [33md[39m=[32m"m21 21-4.34-4.34"[39m
            [36m/>[39m
            [36m<circle[39m
              [33mcx[39m=[32m"11"[39m
              [33mcy[39m=[32m"11"[39m
              [33mr[39m=[32m"8"[39m
            [36m/>[39m
          [36m</svg>[39m
          [36m<input[39m
            [33mclass[39m=[32m"w-full max-w-sm p-3 pl-10 border border-gray-300 rounded-lg"[39m
            [33mplaceholder[39m=[32m"Buscar por nome ou SKU..."[39m
            [33mtype[39m=[32m"text"[39m
            [33mvalue[39m=[32m""[39m
          [36m/>[39m
        [36m</div>[39m
        [36m<div[39m
          [33mclass[39m=[32m"min-w-[200px]"[39m
        [36m>[39m
          [36m<div[39m
            [33mclass[39m=[32m"relative"[39m
          [36m>[39m
            [36m<select[39m
              [33mclass[39m=[32m"w-full p-3 pr-10 bg-white/80 border border-gray-300 rounded-lg focus:ring-2 focus:ring-blue-500 focus:border-blue-500 transition shadow-sm appearance-none"[39m
            [36m>[39m
              [36m<option[39m
                [33mvalue[39m=[32m""[39m
              [36m>[39m
                [0mTodos os status[0m
              [36m</option>[39m
              [36m<option[39m
                [33mvalue[39m=[32m"ativo"[39m
              [36m>[39m
                [0mAtivo[0m
              [36m</option>[39m
              [36m<option[39m
                [33mvalue[39m=[32m"inativo"[39m
              [36m>[39m
                [0mInativo[0m
              [36m</option>[39m
            [36m</select>[39m
            [36m<div[39m
              [33mclass[39m=[32m"pointer-events-none absolute inset-y-0 right-0 flex items-center px-3 text-gray-700"[39m
            [36m>[39m
              [36m<svg[39m
                [33maria-hidden[39m=[32m"true"[39m
                [33mclass[39m=[32m"lucide lucide-chevron-down"[39m
                [33mfill[39m=[32m"none"[39m
                [33mheight[39m=[32m"20"[39m
                [33mstroke[39m=[32m"currentColor"[39m
                [33mstroke-linecap[39m=[32m"round"[39m
                [33mstroke-linejoin[39m=[32m"round"[39m
                [33mstroke-width[39m=[32m"2"[39m
                [33mviewBox[39m=[32m"0 0 24 24"[39m
                [33mwidth[39m=[32m"20"[39m
                [33mxmlns[39m=[32m"http://www.w3.org/2000/svg"[39m
              [36m>[39m
                [36m<path[39m
                  [33md[39m=[32m"m6 9 6 6 6-6"[39m
                [36m/>[39m
              [36m</svg>[39m
            [36m</div>[39m
          [36m</div>[39m
        [36m</div>[39m
      [36m</div>[39m
      [36m<div[39m
        [33mclass[39m=[32m"bg-white rounded-lg shadow overflow-hidden"[39m
      [36m>[39m
        [36m<div[39m
          [33mclass[39m=[32m"h-96 flex flex-col items-center justify-center text-center text-gray-500 p-4"[39m
        [36m>[39m
          [36m<svg[39m
            [33maria-hidden[39m=[32m"true"[39m
            [33mclass[39m=[32m"lucide lucide-package mb-4"[39m
            [33mfill[39m=[32m"none"[39m
            [33mheight[39m=[32m"48"[39m
            [33mstroke[39m=[32m"currentColor"[39m
            [33mstroke-linecap[39m=[32m"round"[39m
            [33mstroke-linejoin[39m=[32m"round"[39m
            [33mstroke-width[39m=[32m"2"[39m
            [33mviewBox[39m=[32m"0 0 24 24"[39m
            [33mwidth[39m=[32m"48"[39m
            [33mxmlns[39m=[32m"http://www.w3.org/2000/svg"[39m
          [36m>[39m
            [36m<path[39m
              [33md[39m=[32m"M11 21.73a2 2 0 0 0 2 0l7-4A2 2 0 0 0 21 16V8a2 2 0 0 0-1-1.73l-7-4a2 2 0 0 0-2 0l-7 4A2 2 0 0 0 3 8v8a2 2 0 0 0 1 1.73z"[39m
            [36m/>[39m
            [36m<path[39m
              [33md[39m=[32m"M12 22V12"[39m
            [36m/>[39m
            [36m<polyline[39m
              [33mpoints[39m=[32m"3.29 7 12 12 20.71 7"[39m
            [36m/>[39m
            [36m<path[39m
              [33md[39m=[32m"m7.5 4.27 9 5.15"[39m
            [36m/>[39m
          [36m</svg>[39m
          [36m<p[39m
            [33mclass[39m=[32m"font-semibold text-lg"[39m
          [36m>[39m
            [0mNenhum produto encontrado.[0m
          [36m</p>[39m
          [36m<p[39m
            [33mclass[39m=[32m"text-sm mb-4"[39m
          [36m>[39m
            [0mComece cadastrando um novo produto ou popule com dados de exemplo.[0m
          [36m</p>[39m
          [36m<button[39m
            [33mclass[39m=[32m"mt-4 flex items-center gap-2 bg-blue-100 text-blue-700 font-bold py-2 px-4 rounded-lg hover:bg-blue-200 transition-colors disabled:opacity-50"[39m
          [36m>[39m
            [36m<svg[39m
              [33maria-hidden[39m=[32m"true"[39m
              [33mclass[39m=[32m"lucide lucide-database-backup"[39m
              [33mfill[39m=[32m"none"[39m
              [33mheight[39m=[32m"20"[39m
              [33mstroke[39m=[32m"currentColor"[39m
              [33mstroke-linecap[39m=[32m"round"[39m
              [33mstroke-linejoin[39m=[32m"round"[39m
              [33mstroke-width[39m=[32m"2"[39m
              [33mviewBox[39m=[32m"0 0 24 24"[39m
              [33mwidth[39m=[32m"20"[39m
              [33mxmlns[39m=[32m"http://www.w3.org/2000/svg"[39m
            [36m>[39m
              [36m<ellipse[39m
                [33mcx[39m=[32m"12"[39m
                [33mcy[39m=[32m"5"[39m
                [33mrx[39m=[32m"9"[39m
                [33mry[39m=[32m"3"[39m
              [36m/>[39m
              [36m<path[39m
                [33md[39m=[32m"M3 12a9 3 0 0 0 5 2.69"[39m
              [36m/>[39m
              [36m<path[39m
                [33md[39m=[32m"M21 9.3V5"[39m
              [36m/>[39m
              [36m<path[39m
                [33md[39m=[32m"M3 5v14a9 3 0 0 0 6.47 2.88"[39m
              [36m/>[39m
              [36m<path[39m
                [33md[39m=[32m"M12 12v4h4"[39m
              [36m/>[39m
              [36m<path[39m
                [33md[39m=[32m"M13 20a5 5 0 0 0 9-3 4.5 4.5 0 0 0-4.5-4.5c-1.33 0-2.54.54-3.41 1.41L12 16"[39m
              [36m/>[39m
            [36m</svg>[39m
            [0mPopular com 10 produtos padrão[0m
          [36m</button>[39m
        [36m</div>[39m
      [36m</div>[39m
    [36m</div>[39m
    [36m<div[39m
      [33mclass[39m=[32m"fixed top-5 right-5 z-50 space-y-3"[39m
    [36m/>[39m
  [36m</div>[39m
[36m</body>[39m

Ignored nodes: comments, script, style
[36m<html>[39m
  [36m<head />[39m
  [36m<body>[39m
    [36m<div>[39m
      [36m<div[39m
        [33mclass[39m=[32m"p-1"[39m
      [36m>[39m
        [36m<div[39m
          [33mclass[39m=[32m"flex justify-between items-center mb-6"[39m
        [36m>[39m
          [36m<h1[39m
            [33mclass[39m=[32m"text-3xl font-bold text-gray-800"[39m
          [36m>[39m
            [0mProdutos[0m
          [36m</h1>[39m
          [36m<div[39m
            [33mclass[39m=[32m"flex items-center gap-2"[39m
          [36m>[39m
            [36m<button[39m
              [33mclass[39m=[32m"flex items-center gap-2 bg-gray-100 text-gray-700 font-semibold py-2 px-4 rounded-lg hover:bg-gray-200 transition-colors disabled:opacity-50"[39m
            [36m>[39m
              [36m<svg[39m
                [33maria-hidden[39m=[32m"true"[39m
                [33mclass[39m=[32m"lucide lucide-database-backup"[39m
                [33mfill[39m=[32m"none"[39m
                [33mheight[39m=[32m"20"[39m
                [33mstroke[39m=[32m"currentColor"[39m
                [33mstroke-linecap[39m=[32m"round"[39m
                [33mstroke-linejoin[39m=[32m"round"[39m
                [33mstroke-width[39m=[32m"2"[39m
                [33mviewBox[39m=[32m"0 0 24 24"[39m
                [33mwidth[39m=[32m"20"[39m
                [33mxmlns[39m=[32m"http://www.w3.org/2000/svg"[39m
              [36m>[39m
                [36m<ellipse[39m
                  [33mcx[39m=[32m"12"[39m
                  [33mcy[39m=[32m"5"[39m
                  [33mrx[39m=[32m"9"[39m
                  [33mry[39m=[32m"3"[39m
                [36m/>[39m
                [36m<path[39m
                  [33md[39m=[32m"M3 12a9 3 0 0 0 5 2.69"[39m
                [36m/>[39m
                [36m<path[39m
                  [33md[39m=[32m"M21 9.3V5"[39m
                [36m/>[39m
                [36m<path[39m
                  [33md[39m=[32m"M3 5v14a9 3 0 0 0 6.47 2.88"[39m
                [36m/>[39m
                [36m<path[39m
                  [33md[39m=[32m"M12 12v4h4"[39m
                [36m/>[39m
                [36m<path[39m
                  [33md[39m=[32m"M13 20a5 5 0 0 0 9-3 4.5 4.5 0 0 0-4.5-4.5c-1.33 0-2.54.54-3.41 1.41L12 16"[39m
                [36m/>[39m
              [36m</svg>[39m
              [0mPopular Dados[0m
            [36m</button>[39m
            [36m<button[39m
              [33mclass[39m=[32m"flex items-center gap-2 bg-blue-600 text-white font-bold py-2 px-4 rounded-lg hover:bg-blue-700 transition-colors"[39m
            [36m>[39m
              [36m<svg[39m
                [33maria-hidden[39m=[32m"true"[39m
                [33mclass[39m=[32m"lucide lucide-circle-plus"[39m
                [33mfill[39m=[32m"none"[39m
                [33mheight[39m=[32m"20"[39m
                [33mstroke[39m=[32m"currentColor"[39m
                [33mstroke-linecap[39m=[32m"round"[39m
                [33mstroke-linejoin[39m=[32m"round"[39m
                [33mstroke-width[39m=[32m"2"[39m
                [33mviewBox[39m=[32m"0 0 24 24"[39m
                [33mwidth[39m=[32m"20"[39m
                [33mxmlns[39m=[32m"http://www.w3.org/2000/svg"[39m
              [36m>[39m
                [36m<circle[39m
                  [33mcx[39m=[32m"12"[39m
                  [33mcy[39m=[32m"12"[39m
                  [33mr[39m=[32m"10"[39m
                [36m/>[39m
                [36m<path[39m
                  [33md[39m=[32m"M8 12h8"[39m
                [36m/>[39m
                [36m<path[39m
                  [33md[39m=[32m"M12 8v8"[39m
                [36m/>[39m
              [36m</svg>[39m
              [0mNovo Produto[0m
            [36m</button>[39m
          [36m</div>[39m
        [36m</div>[39m
        [36m<div[39m
          [33mclass[39m=[32m"mb-4 flex gap-4"[39m
        [36m>[39m
          [36m<div[39m
            [33mclass[39m=[32m"relative"[39m
          [36m>[39m
            [36m<svg[39m
              [33maria-hidden[39m=[32m"true"[39m
              [33mclass[39m=[32m"lucide lucide-search absolute left-3 top-1/2 -translate-y-1/2 text-gray-400"[39m
              [33mfill[39m=[32m"none"[39m
              [33mheight[39m=[32m"20"[39m
              [33mstroke[39m=[32m"currentColor"[39m
              [33mstroke-linecap[39m=[32m"round"[39m
              [33mstroke-linejoin[39m=[32m"round"[39m
              [33mstroke-width[39m=[32m"2"[39m
              [33mviewBox[39m=[32m"0 0 24 24"[39m
              [33mwidth[39m=[32m"20"[39m
              [33mxmlns[39m=[32m"http://www.w3.org/2000/svg"[39m
            [36m>[39m
              [36m<path[39m
                [33md[39m=[32m"m21 21-4.34-4.34"[39m
              [36m/>[39m
              [36m<circle[39m
                [33mcx[39m=[32m"11"[39m
                [33mcy[39m=[32m"11"[39m
                [33mr[39m=[32m"8"[39m
              [36m/>[39m
            [36m</svg>[39m
            [36m<input[39m
              [33mclass[39m=[32m"w-full max-w-sm p-3 pl-10 border border-gray-300 rounded-lg"[39m
              [33mplaceholder[39m=[32m"Buscar por nome ou SKU..."[39m
              [33mtype[39m=[32m"text"[39m
              [33mvalue[39m=[32m""[39m
            [36m/>[39m
          [36m</div>[39m
          [36m<div[39m
            [33mclass[39m=[32m"min-w-[200px]"[39m
          [36m>[39m
            [36m<div[39m
              [33mclass[39m=[32m"relative"[39m
            [36m>[39m
              [36m<select[39m
                [33mclass[39m=[32m"w-full p-3 pr-10 bg-white/80 border border-gray-300 rounded-lg focus:ring-2 focus:ring-blue-500 focus:border-blue-500 transition shadow-sm appearance-none"[39m
              [36m>[39m
                [36m<option[39m
                  [33mvalue[39m=[32m""[39m
                [36m>[39m
                  [0mTodos os status[0m
                [36m</option>[39m
                [36m<option[39m
                  [33mvalue[39m=[32m"ativo"[39m
                [36m>[39m
                  [0mAtivo[0m
                [36m</option>[39m
                [36m<option[39m
                  [33mvalue[39m=[32m"inativo"[39m
                [36m>[39m
                  [0mInativo[0m
                [36m</option>[39m
              [36m</select>[39m
              [36m<div[39m
                [33mclass[39m=[32m"pointer-events-none absolute inset-y-0 right-0 flex items-center px-3 text-gray-700"[39m
              [36m>[39m
                [36m<svg[39m
                  [33maria-hidden[39m=[32m"true"[39m
                  [33mclass[39m=[32m"lucide lucide-chevron-down"[39m
                  [33mfill[39m=[32m"none"[39m
                  [33mheight[39m=[32m"20"[39m
                  [33mstroke[39m=[32m"currentColor"[39m
                  [33mstroke-linecap[39m=[32m"round"[39m
                  [33mstroke-linejoin[39m=[32m"round"[39m
                  [33mstroke-width[39m=[32m"2"[39m
                  [33mviewBox[39m=[32m"0 0 24 24"[39m
                  [33mwidth[39m=[32m"20"[39m
                  [33mxmlns[39m=[32m"http://www.w3.org/2000/svg"[39m
                [36m>[39m
                  [36m<path[39m
                    [33md[39m=[32m"m6 9 6 6 6-6"[39m
                  [36m/>[39m
                [36m</svg>[39m
              [36m</div>[39m
            [36m</div>[39m
          [36m</div>[39m
        [36m</div>[39m
        [36m<div[39m
          [33mclass[39m=[32m"bg-white rounded-lg shadow overflow-hidden"[39m
        [36m>[39m
          [36m<div[39m
            [33mclass[39m=[32m"h-96 flex flex-col items-center justify-center text-center text-gray-500 p-4"[39m
          [36m>[39m
            [36m<svg[39m
              [33maria-hidden[39m=[32m"true"[39m
              [33mclass[39m=[32m"lucide lucide-package mb-4"[39m
              [33mfill[39m=[32m"none"[39m
              [33mheight[39m=[32m"48"[39m
              [33mstroke[39m=[32m"currentColor"[39m
              [33mstroke-linecap[39m=[32m"round"[39m
              [33mstroke-linejoin[39m=[32m"round"[39m
              [33mstroke-width[39m=[32m"2"[39m
              [33mviewBox[39m=[32m"0 0 24 24"[39m
              [33mwidth[39m=[32m"48"[39m
              [33mxmlns[39m=[32m"http://www.w3.org/2000/svg"[39m
            [36m>[39m
              [36m<path[39m
                [33md[39m=[32m"M11 21.73a2 2 0 0 0 2 0l7-4A2 2 0 0 0 21 16V8a2 2 0 0 0-1-1.73l-7-4a2 2 0 0 0-2 0l-7 4A2 2 0 0 0 3 8v8a2 2 0 0 0 1 1.73z"[39m
              [36m/>[39m
              [36m<path[39m
                [33md[39m=[32m"M12 22V12"[39m
              [36m/>[39m
              [36m<polyline[39m
                [33mpoints[39m=[32m"3.29 7 12 12 20.71 7"[39m
              [36m/>[39m
              [36m<path[39m
                [33md[39m=[32m"m7.5 4.27 9 5.15"[39m
              [36m/>[39m
            [36m</svg>[39m
            [36m<p[39m
              [33mclass[39m=[32m"font-semibold text-lg"[39m
            [36m>[39m
              [0mNenhum produto encontrado.[0m
            [36m</p>[39m
            [36m<p[39m
              [33mclass[39m=[32m"text-sm mb-4"[39m
            [36m>[39m
              [0mComece cadastrando um novo produto ou popule com dados de exemplo.[0m
            [36m</p>[39m
            [36m<button[39m
              [33mclass[39m=[32m"mt-4 flex items-center gap-2 bg-blue-100 text-blue-700 font-bold py-2 px-4 rounded-lg hover:bg-blue-200 transition-colors disabled:opacity-50"[39m
            [36m>[39m
              [36m<svg[39m
                [33maria-hidden[39m=[32m"true"[39m
                [33mclass[39m=[32m"lucide lucide-database-backup"[39m
                [33mfill[39m=[32m"none"[39m
                [33mheight[39m=[32m"20"[39m
                [33mstroke[39m=[32m"currentColor"[39m
                [33mstroke-linecap[39m=[32m"round"[39m
                [33mstroke-linejoin[39m=[32m"round"[39m
                [33mstroke-width[39m=[32m"2"[39m
                [33mviewBox[39m=[32m"0 0 24 24"[39m
                [33mwidth[39m=[32m"20"[39m
                [33mxmlns[39m=[32m"http://www.w3.org/2000/svg"[39m
              [36m>[39m
                [36m<ellipse[39m
                  [33mcx[39m=[32m"12"[39m
                  [33mcy[39m=[32m"5"[39m
                  [33mrx[39m=[32m"9"[39m
                  [33mry[39m=[32m"3"[39m
                [36m/>[39m
                [36m<path[39m
                  [33md[39m=[32m"M3 12a9 3 0 0 0 5 2.69"[39m
                [36m/>[39m
                [36m<path[39m
                  [33md[39m=[32m"M21 9.3V5"[39m
                [36m/>[39m
                [36m<path[39m
                  [33md[39m=[32m"M3 5v14a9 3 0 0 0 6.47 2.88"[39m
                [36m/>[39m
                [36m<path[39m
                  [33md[39m=[32m"M12 12v4h4"[39m
                [36m/>[39m
                [36m<path[39m
                  [33md[39m=[32m"M13 20a5 5 0 0 0 9-3 4.5 4.5 0 0 0-4.5-4.5c-1.33 0-2.54.54-3.41 1.41L12 16"[39m
                [36m/>[39m
              [36m</svg>[39m
              [0mPopular com 10 produtos padrão[0m
            [36m</button>[39m
          [36m</div>[39m
        [36m</div>[39m
      [36m</div>[39m
      [36m<div[39m
        [33mclass[39m=[32m"fixed top-5 right-5 z-50 space-y-3"[39m
      [36m/>[39m
    [36m</div>[39m
  [36m</body>[39m
[36m</html>[39m
 ❯ Proxy.waitForWrapper node_modules/@testing-library/dom/dist/wait-for.js:163:27
 ❯ src/pages/products/ProductsPage.test.tsx:14:15
     12| 
     13|         // Wait for products to appear
     14|         await waitFor(() => {
       |               ^
     15|             expect(screen.getByText('Produto Teste 1')).toBeInTheDocum…
     16|             expect(screen.getByText('SKU-001')).toBeInTheDocument();

⎯⎯⎯⎯⎯⎯⎯⎯⎯⎯⎯⎯⎯⎯⎯⎯⎯⎯⎯⎯⎯⎯⎯⎯[1/2]⎯

 FAIL  src/pages/products/ProductsPage.test.tsx > ProductsPage Integration > filters products by search term
TestingLibraryElementError: Unable to find an element with the text: Produto Teste 1. This could be because the text is broken up by multiple elements. In this case, you can provide a function for your text matcher to make your matcher more flexible.

Ignored nodes: comments, script, style
[36m<body>[39m
  [36m<div>[39m
    [36m<div[39m
      [33mclass[39m=[32m"p-1"[39m
    [36m>[39m
      [36m<div[39m
        [33mclass[39m=[32m"flex justify-between items-center mb-6"[39m
      [36m>[39m
        [36m<h1[39m
          [33mclass[39m=[32m"text-3xl font-bold text-gray-800"[39m
        [36m>[39m
          [0mProdutos[0m
        [36m</h1>[39m
        [36m<div[39m
          [33mclass[39m=[32m"flex items-center gap-2"[39m
        [36m>[39m
          [36m<button[39m
            [33mclass[39m=[32m"flex items-center gap-2 bg-gray-100 text-gray-700 font-semibold py-2 px-4 rounded-lg hover:bg-gray-200 transition-colors disabled:opacity-50"[39m
          [36m>[39m
            [36m<svg[39m
              [33maria-hidden[39m=[32m"true"[39m
              [33mclass[39m=[32m"lucide lucide-database-backup"[39m
              [33mfill[39m=[32m"none"[39m
              [33mheight[39m=[32m"20"[39m
              [33mstroke[39m=[32m"currentColor"[39m
              [33mstroke-linecap[39m=[32m"round"[39m
              [33mstroke-linejoin[39m=[32m"round"[39m
              [33mstroke-width[39m=[32m"2"[39m
              [33mviewBox[39m=[32m"0 0 24 24"[39m
              [33mwidth[39m=[32m"20"[39m
              [33mxmlns[39m=[32m"http://www.w3.org/2000/svg"[39m
            [36m>[39m
              [36m<ellipse[39m
                [33mcx[39m=[32m"12"[39m
                [33mcy[39m=[32m"5"[39m
                [33mrx[39m=[32m"9"[39m
                [33mry[39m=[32m"3"[39m
              [36m/>[39m
              [36m<path[39m
                [33md[39m=[32m"M3 12a9 3 0 0 0 5 2.69"[39m
              [36m/>[39m
              [36m<path[39m
                [33md[39m=[32m"M21 9.3V5"[39m
              [36m/>[39m
              [36m<path[39m
                [33md[39m=[32m"M3 5v14a9 3 0 0 0 6.47 2.88"[39m
              [36m/>[39m
              [36m<path[39m
                [33md[39m=[32m"M12 12v4h4"[39m
              [36m/>[39m
              [36m<path[39m
                [33md[39m=[32m"M13 20a5 5 0 0 0 9-3 4.5 4.5 0 0 0-4.5-4.5c-1.33 0-2.54.54-3.41 1.41L12 16"[39m
              [36m/>[39m
            [36m</svg>[39m
            [0mPopular Dados[0m
          [36m</button>[39m
          [36m<button[39m
            [33mclass[39m=[32m"flex items-center gap-2 bg-blue-600 text-white font-bold py-2 px-4 rounded-lg hover:bg-blue-700 transition-colors"[39m
          [36m>[39m
            [36m<svg[39m
              [33maria-hidden[39m=[32m"true"[39m
              [33mclass[39m=[32m"lucide lucide-circle-plus"[39m
              [33mfill[39m=[32m"none"[39m
              [33mheight[39m=[32m"20"[39m
              [33mstroke[39m=[32m"currentColor"[39m
              [33mstroke-linecap[39m=[32m"round"[39m
              [33mstroke-linejoin[39m=[32m"round"[39m
              [33mstroke-width[39m=[32m"2"[39m
              [33mviewBox[39m=[32m"0 0 24 24"[39m
              [33mwidth[39m=[32m"20"[39m
              [33mxmlns[39m=[32m"http://www.w3.org/2000/svg"[39m
            [36m>[39m
              [36m<circle[39m
                [33mcx[39m=[32m"12"[39m
                [33mcy[39m=[32m"12"[39m
                [33mr[39m=[32m"10"[39m
              [36m/>[39m
              [36m<path[39m
                [33md[39m=[32m"M8 12h8"[39m
              [36m/>[39m
              [36m<path[39m
                [33md[39m=[32m"M12 8v8"[39m
              [36m/>[39m
            [36m</svg>[39m
            [0mNovo Produto[0m
          [36m</button>[39m
        [36m</div>[39m
      [36m</div>[39m
      [36m<div[39m
        [33mclass[39m=[32m"mb-4 flex gap-4"[39m
      [36m>[39m
        [36m<div[39m
          [33mclass[39m=[32m"relative"[39m
        [36m>[39m
          [36m<svg[39m
            [33maria-hidden[39m=[32m"true"[39m
            [33mclass[39m=[32m"lucide lucide-search absolute left-3 top-1/2 -translate-y-1/2 text-gray-400"[39m
            [33mfill[39m=[32m"none"[39m
            [33mheight[39m=[32m"20"[39m
            [33mstroke[39m=[32m"currentColor"[39m
            [33mstroke-linecap[39m=[32m"round"[39m
            [33mstroke-linejoin[39m=[32m"round"[39m
            [33mstroke-width[39m=[32m"2"[39m
            [33mviewBox[39m=[32m"0 0 24 24"[39m
            [33mwidth[39m=[32m"20"[39m
            [33mxmlns[39m=[32m"http://www.w3.org/2000/svg"[39m
          [36m>[39m
            [36m<path[39m
              [33md[39m=[32m"m21 21-4.34-4.34"[39m
            [36m/>[39m
            [36m<circle[39m
              [33mcx[39m=[32m"11"[39m
              [33mcy[39m=[32m"11"[39m
              [33mr[39m=[32m"8"[39m
            [36m/>[39m
          [36m</svg>[39m
          [36m<input[39m
            [33mclass[39m=[32m"w-full max-w-sm p-3 pl-10 border border-gray-300 rounded-lg"[39m
            [33mplaceholder[39m=[32m"Buscar por nome ou SKU..."[39m
            [33mtype[39m=[32m"text"[39m
            [33mvalue[39m=[32m""[39m
          [36m/>[39m
        [36m</div>[39m
        [36m<div[39m
          [33mclass[39m=[32m"min-w-[200px]"[39m
        [36m>[39m
          [36m<div[39m
            [33mclass[39m=[32m"relative"[39m
          [36m>[39m
            [36m<select[39m
              [33mclass[39m=[32m"w-full p-3 pr-10 bg-white/80 border border-gray-300 rounded-lg focus:ring-2 focus:ring-blue-500 focus:border-blue-500 transition shadow-sm appearance-none"[39m
            [36m>[39m
              [36m<option[39m
                [33mvalue[39m=[32m""[39m
              [36m>[39m
                [0mTodos os status[0m
              [36m</option>[39m
              [36m<option[39m
                [33mvalue[39m=[32m"ativo"[39m
              [36m>[39m
                [0mAtivo[0m
              [36m</option>[39m
              [36m<option[39m
                [33mvalue[39m=[32m"inativo"[39m
              [36m>[39m
                [0mInativo[0m
              [36m</option>[39m
            [36m</select>[39m
            [36m<div[39m
              [33mclass[39m=[32m"pointer-events-none absolute inset-y-0 right-0 flex items-center px-3 text-gray-700"[39m
            [36m>[39m
              [36m<svg[39m
                [33maria-hidden[39m=[32m"true"[39m
                [33mclass[39m=[32m"lucide lucide-chevron-down"[39m
                [33mfill[39m=[32m"none"[39m
                [33mheight[39m=[32m"20"[39m
                [33mstroke[39m=[32m"currentColor"[39m
                [33mstroke-linecap[39m=[32m"round"[39m
                [33mstroke-linejoin[39m=[32m"round"[39m
                [33mstroke-width[39m=[32m"2"[39m
                [33mviewBox[39m=[32m"0 0 24 24"[39m
                [33mwidth[39m=[32m"20"[39m
                [33mxmlns[39m=[32m"http://www.w3.org/2000/svg"[39m
              [36m>[39m
                [36m<path[39m
                  [33md[39m=[32m"m6 9 6 6 6-6"[39m
                [36m/>[39m
              [36m</svg>[39m
            [36m</div>[39m
          [36m</div>[39m
        [36m</div>[39m
      [36m</div>[39m
      [36m<div[39m
        [33mclass[39m=[32m"bg-white rounded-lg shadow overflow-hidden"[39m
      [36m>[39m
        [36m<div[39m
          [33mclass[39m=[32m"h-96 flex flex-col items-center justify-center text-center text-gray-500 p-4"[39m
        [36m>[39m
          [36m<svg[39m
            [33maria-hidden[39m=[32m"true"[39m
            [33mclass[39m=[32m"lucide lucide-package mb-4"[39m
            [33mfill[39m=[32m"none"[39m
            [33mheight[39m=[32m"48"[39m
            [33mstroke[39m=[32m"currentColor"[39m
            [33mstroke-linecap[39m=[32m"round"[39m
            [33mstroke-linejoin[39m=[32m"round"[39m
            [33mstroke-width[39m=[32m"2"[39m
            [33mviewBox[39m=[32m"0 0 24 24"[39m
            [33mwidth[39m=[32m"48"[39m
            [33mxmlns[39m=[32m"http://www.w3.org/2000/svg"[39m
          [36m>[39m
            [36m<path[39m
              [33md[39m=[32m"M11 21.73a2 2 0 0 0 2 0l7-4A2 2 0 0 0 21 16V8a2 2 0 0 0-1-1.73l-7-4a2 2 0 0 0-2 0l-7 4A2 2 0 0 0 3 8v8a2 2 0 0 0 1 1.73z"[39m
            [36m/>[39m
            [36m<path[39m
              [33md[39m=[32m"M12 22V12"[39m
            [36m/>[39m
            [36m<polyline[39m
              [33mpoints[39m=[32m"3.29 7 12 12 20.71 7"[39m
            [36m/>[39m
            [36m<path[39m
              [33md[39m=[32m"m7.5 4.27 9 5.15"[39m
            [36m/>[39m
          [36m</svg>[39m
          [36m<p[39m
            [33mclass[39m=[32m"font-semibold text-lg"[39m
          [36m>[39m
            [0mNenhum produto encontrado.[0m
          [36m</p>[39m
          [36m<p[39m
            [33mclass[39m=[32m"text-sm mb-4"[39m
          [36m>[39m
            [0mComece cadastrando um novo produto ou popule com dados de exemplo.[0m
          [36m</p>[39m
          [36m<button[39m
            [33mclass[39m=[32m"mt-4 flex items-center gap-2 bg-blue-100 text-blue-700 font-bold py-2 px-4 rounded-lg hover:bg-blue-200 transition-colors disabled:opacity-50"[39m
          [36m>[39m
            [36m<svg[39m
              [33maria-hidden[39m=[32m"true"[39m
              [33mclass[39m=[32m"lucide lucide-database-backup"[39m
              [33mfill[39m=[32m"none"[39m
              [33mheight[39m=[32m"20"[39m
              [33mstroke[39m=[32m"currentColor"[39m
              [33mstroke-linecap[39m=[32m"round"[39m
              [33mstroke-linejoin[39m=[32m"round"[39m
              [33mstroke-width[39m=[32m"2"[39m
              [33mviewBox[39m=[32m"0 0 24 24"[39m
              [33mwidth[39m=[32m"20"[39m
              [33mxmlns[39m=[32m"http://www.w3.org/2000/svg"[39m
            [36m>[39m
              [36m<ellipse[39m
                [33mcx[39m=[32m"12"[39m
                [33mcy[39m=[32m"5"[39m
                [33mrx[39m=[32m"9"[39m
                [33mry[39m=[32m"3"[39m
              [36m/>[39m
              [36m<path[39m
                [33md[39m=[32m"M3 12a9 3 0 0 0 5 2.69"[39m
              [36m/>[39m
              [36m<path[39m
                [33md[39m=[32m"M21 9.3V5"[39m
              [36m/>[39m
              [36m<path[39m
                [33md[39m=[32m"M3 5v14a9 3 0 0 0 6.47 2.88"[39m
              [36m/>[39m
              [36m<path[39m
                [33md[39m=[32m"M12 12v4h4"[39m
              [36m/>[39m
              [36m<path[39m
                [33md[39m=[32m"M13 20a5 5 0 0 0 9-3 4.5 4.5 0 0 0-4.5-4.5c-1.33 0-2.54.54-3.41 1.41L12 16"[39m
              [36m/>[39m
            [36m</svg>[39m
            [0mPopular com 10 produtos padrão[0m
          [36m</button>[39m
        [36m</div>[39m
      [36m</div>[39m
    [36m</div>[39m
    [36m<div[39m
      [33mclass[39m=[32m"fixed top-5 right-5 z-50 space-y-3"[39m
    [36m/>[39m
  [36m</div>[39m
[36m</body>[39m

Ignored nodes: comments, script, style
[36m<html>[39m
  [36m<head />[39m
  [36m<body>[39m
    [36m<div>[39m
      [36m<div[39m
        [33mclass[39m=[32m"p-1"[39m
      [36m>[39m
        [36m<div[39m
          [33mclass[39m=[32m"flex justify-between items-center mb-6"[39m
        [36m>[39m
          [36m<h1[39m
            [33mclass[39m=[32m"text-3xl font-bold text-gray-800"[39m
          [36m>[39m
            [0mProdutos[0m
          [36m</h1>[39m
          [36m<div[39m
            [33mclass[39m=[32m"flex items-center gap-2"[39m
          [36m>[39m
            [36m<button[39m
              [33mclass[39m=[32m"flex items-center gap-2 bg-gray-100 text-gray-700 font-semibold py-2 px-4 rounded-lg hover:bg-gray-200 transition-colors disabled:opacity-50"[39m
            [36m>[39m
              [36m<svg[39m
                [33maria-hidden[39m=[32m"true"[39m
                [33mclass[39m=[32m"lucide lucide-database-backup"[39m
                [33mfill[39m=[32m"none"[39m
                [33mheight[39m=[32m"20"[39m
                [33mstroke[39m=[32m"currentColor"[39m
                [33mstroke-linecap[39m=[32m"round"[39m
                [33mstroke-linejoin[39m=[32m"round"[39m
                [33mstroke-width[39m=[32m"2"[39m
                [33mviewBox[39m=[32m"0 0 24 24"[39m
                [33mwidth[39m=[32m"20"[39m
                [33mxmlns[39m=[32m"http://www.w3.org/2000/svg"[39m
              [36m>[39m
                [36m<ellipse[39m
                  [33mcx[39m=[32m"12"[39m
                  [33mcy[39m=[32m"5"[39m
                  [33mrx[39m=[32m"9"[39m
                  [33mry[39m=[32m"3"[39m
                [36m/>[39m
                [36m<path[39m
                  [33md[39m=[32m"M3 12a9 3 0 0 0 5 2.69"[39m
                [36m/>[39m
                [36m<path[39m
                  [33md[39m=[32m"M21 9.3V5"[39m
                [36m/>[39m
                [36m<path[39m
                  [33md[39m=[32m"M3 5v14a9 3 0 0 0 6.47 2.88"[39m
                [36m/>[39m
                [36m<path[39m
                  [33md[39m=[32m"M12 12v4h4"[39m
                [36m/>[39m
                [36m<path[39m
                  [33md[39m=[32m"M13 20a5 5 0 0 0 9-3 4.5 4.5 0 0 0-4.5-4.5c-1.33 0-2.54.54-3.41 1.41L12 16"[39m
                [36m/>[39m
              [36m</svg>[39m
              [0mPopular Dados[0m
            [36m</button>[39m
            [36m<button[39m
              [33mclass[39m=[32m"flex items-center gap-2 bg-blue-600 text-white font-bold py-2 px-4 rounded-lg hover:bg-blue-700 transition-colors"[39m
            [36m>[39m
              [36m<svg[39m
                [33maria-hidden[39m=[32m"true"[39m
                [33mclass[39m=[32m"lucide lucide-circle-plus"[39m
                [33mfill[39m=[32m"none"[39m
                [33mheight[39m=[32m"20"[39m
                [33mstroke[39m=[32m"currentColor"[39m
                [33mstroke-linecap[39m=[32m"round"[39m
                [33mstroke-linejoin[39m=[32m"round"[39m
                [33mstroke-width[39m=[32m"2"[39m
                [33mviewBox[39m=[32m"0 0 24 24"[39m
                [33mwidth[39m=[32m"20"[39m
                [33mxmlns[39m=[32m"http://www.w3.org/2000/svg"[39m
              [36m>[39m
                [36m<circle[39m
                  [33mcx[39m=[32m"12"[39m
                  [33mcy[39m=[32m"12"[39m
                  [33mr[39m=[32m"10"[39m
                [36m/>[39m
                [36m<path[39m
                  [33md[39m=[32m"M8 12h8"[39m
                [36m/>[39m
                [36m<path[39m
                  [33md[39m=[32m"M12 8v8"[39m
                [36m/>[39m
              [36m</svg>[39m
              [0mNovo Produto[0m
            [36m</button>[39m
          [36m</div>[39m
        [36m</div>[39m
        [36m<div[39m
          [33mclass[39m=[32m"mb-4 flex gap-4"[39m
        [36m>[39m
          [36m<div[39m
            [33mclass[39m=[32m"relative"[39m
          [36m>[39m
            [36m<svg[39m
              [33maria-hidden[39m=[32m"true"[39m
              [33mclass[39m=[32m"lucide lucide-search absolute left-3 top-1/2 -translate-y-1/2 text-gray-400"[39m
              [33mfill[39m=[32m"none"[39m
              [33mheight[39m=[32m"20"[39m
              [33mstroke[39m=[32m"currentColor"[39m
              [33mstroke-linecap[39m=[32m"round"[39m
              [33mstroke-linejoin[39m=[32m"round"[39m
              [33mstroke-width[39m=[32m"2"[39m
              [33mviewBox[39m=[32m"0 0 24 24"[39m
              [33mwidth[39m=[32m"20"[39m
              [33mxmlns[39m=[32m"http://www.w3.org/2000/svg"[39m
            [36m>[39m
              [36m<path[39m
                [33md[39m=[32m"m21 21-4.34-4.34"[39m
              [36m/>[39m
              [36m<circle[39m
                [33mcx[39m=[32m"11"[39m
                [33mcy[39m=[32m"11"[39m
                [33mr[39m=[32m"8"[39m
              [36m/>[39m
            [36m</svg>[39m
            [36m<input[39m
              [33mclass[39m=[32m"w-full max-w-sm p-3 pl-10 border border-gray-300 rounded-lg"[39m
              [33mplaceholder[39m=[32m"Buscar por nome ou SKU..."[39m
              [33mtype[39m=[32m"text"[39m
              [33mvalue[39m=[32m""[39m
            [36m/>[39m
          [36m</div>[39m
          [36m<div[39m
            [33mclass[39m=[32m"min-w-[200px]"[39m
          [36m>[39m
            [36m<div[39m
              [33mclass[39m=[32m"relative"[39m
            [36m>[39m
              [36m<select[39m
                [33mclass[39m=[32m"w-full p-3 pr-10 bg-white/80 border border-gray-300 rounded-lg focus:ring-2 focus:ring-blue-500 focus:border-blue-500 transition shadow-sm appearance-none"[39m
              [36m>[39m
                [36m<option[39m
                  [33mvalue[39m=[32m""[39m
                [36m>[39m
                  [0mTodos os status[0m
                [36m</option>[39m
                [36m<option[39m
                  [33mvalue[39m=[32m"ativo"[39m
                [36m>[39m
                  [0mAtivo[0m
                [36m</option>[39m
                [36m<option[39m
                  [33mvalue[39m=[32m"inativo"[39m
                [36m>[39m
                  [0mInativo[0m
                [36m</option>[39m
              [36m</select>[39m
              [36m<div[39m
                [33mclass[39m=[32m"pointer-events-none absolute inset-y-0 right-0 flex items-center px-3 text-gray-700"[39m
              [36m>[39m
                [36m<svg[39m
                  [33maria-hidden[39m=[32m"true"[39m
                  [33mclass[39m=[32m"lucide lucide-chevron-down"[39m
                  [33mfill[39m=[32m"none"[39m
                  [33mheight[39m=[32m"20"[39m
                  [33mstroke[39m=[32m"currentColor"[39m
                  [33mstroke-linecap[39m=[32m"round"[39m
                  [33mstroke-linejoin[39m=[32m"round"[39m
                  [33mstroke-width[39m=[32m"2"[39m
                  [33mviewBox[39m=[32m"0 0 24 24"[39m
                  [33mwidth[39m=[32m"20"[39m
                  [33mxmlns[39m=[32m"http://www.w3.org/2000/svg"[39m
                [36m>[39m
                  [36m<path[39m
                    [33md[39m=[32m"m6 9 6 6 6-6"[39m
                  [36m/>[39m
                [36m</svg>[39m
              [36m</div>[39m
            [36m</div>[39m
          [36m</div>[39m
        [36m</div>[39m
        [36m<div[39m
          [33mclass[39m=[32m"bg-white rounded-lg shadow overflow-hidden"[39m
        [36m>[39m
          [36m<div[39m
            [33mclass[39m=[32m"h-96 flex flex-col items-center justify-center text-center text-gray-500 p-4"[39m
          [36m>[39m
            [36m<svg[39m
              [33maria-hidden[39m=[32m"true"[39m
              [33mclass[39m=[32m"lucide lucide-package mb-4"[39m
              [33mfill[39m=[32m"none"[39m
              [33mheight[39m=[32m"48"[39m
              [33mstroke[39m=[32m"currentColor"[39m
              [33mstroke-linecap[39m=[32m"round"[39m
              [33mstroke-linejoin[39m=[32m"round"[39m
              [33mstroke-width[39m=[32m"2"[39m
              [33mviewBox[39m=[32m"0 0 24 24"[39m
              [33mwidth[39m=[32m"48"[39m
              [33mxmlns[39m=[32m"http://www.w3.org/2000/svg"[39m
            [36m>[39m
              [36m<path[39m
                [33md[39m=[32m"M11 21.73a2 2 0 0 0 2 0l7-4A2 2 0 0 0 21 16V8a2 2 0 0 0-1-1.73l-7-4a2 2 0 0 0-2 0l-7 4A2 2 0 0 0 3 8v8a2 2 0 0 0 1 1.73z"[39m
              [36m/>[39m
              [36m<path[39m
                [33md[39m=[32m"M12 22V12"[39m
              [36m/>[39m
              [36m<polyline[39m
                [33mpoints[39m=[32m"3.29 7 12 12 20.71 7"[39m
              [36m/>[39m
              [36m<path[39m
                [33md[39m=[32m"m7.5 4.27 9 5.15"[39m
              [36m/>[39m
            [36m</svg>[39m
            [36m<p[39m
              [33mclass[39m=[32m"font-semibold text-lg"[39m
            [36m>[39m
              [0mNenhum produto encontrado.[0m
            [36m</p>[39m
            [36m<p[39m
              [33mclass[39m=[32m"text-sm mb-4"[39m
            [36m>[39m
              [0mComece cadastrando um novo produto ou popule com dados de exemplo.[0m
            [36m</p>[39m
            [36m<button[39m
              [33mclass[39m=[32m"mt-4 flex items-center gap-2 bg-blue-100 text-blue-700 font-bold py-2 px-4 rounded-lg hover:bg-blue-200 transition-colors disabled:opacity-50"[39m
            [36m>[39m
              [36m<svg[39m
                [33maria-hidden[39m=[32m"true"[39m
                [33mclass[39m=[32m"lucide lucide-database-backup"[39m
                [33mfill[39m=[32m"none"[39m
                [33mheight[39m=[32m"20"[39m
                [33mstroke[39m=[32m"currentColor"[39m
                [33mstroke-linecap[39m=[32m"round"[39m
                [33mstroke-linejoin[39m=[32m"round"[39m
                [33mstroke-width[39m=[32m"2"[39m
                [33mviewBox[39m=[32m"0 0 24 24"[39m
                [33mwidth[39m=[32m"20"[39m
                [33mxmlns[39m=[32m"http://www.w3.org/2000/svg"[39m
              [36m>[39m
                [36m<ellipse[39m
                  [33mcx[39m=[32m"12"[39m
                  [33mcy[39m=[32m"5"[39m
                  [33mrx[39m=[32m"9"[39m
                  [33mry[39m=[32m"3"[39m
                [36m/>[39m
                [36m<path[39m
                  [33md[39m=[32m"M3 12a9 3 0 0 0 5 2.69"[39m
                [36m/>[39m
                [36m<path[39m
                  [33md[39m=[32m"M21 9.3V5"[39m
                [36m/>[39m
                [36m<path[39m
                  [33md[39m=[32m"M3 5v14a9 3 0 0 0 6.47 2.88"[39m
                [36m/>[39m
                [36m<path[39m
                  [33md[39m=[32m"M12 12v4h4"[39m
                [36m/>[39m
                [36m<path[39m
                  [33md[39m=[32m"M13 20a5 5 0 0 0 9-3 4.5 4.5 0 0 0-4.5-4.5c-1.33 0-2.54.54-3.41 1.41L12 16"[39m
                [36m/>[39m
              [36m</svg>[39m
              [0mPopular com 10 produtos padrão[0m
            [36m</button>[39m
          [36m</div>[39m
        [36m</div>[39m
      [36m</div>[39m
      [36m<div[39m
        [33mclass[39m=[32m"fixed top-5 right-5 z-50 space-y-3"[39m
      [36m/>[39m
    [36m</div>[39m
  [36m</body>[39m
[36m</html>[39m
 ❯ Proxy.waitForWrapper node_modules/@testing-library/dom/dist/wait-for.js:163:27
 ❯ src/pages/products/ProductsPage.test.tsx:29:15
     27|         renderWithProviders(<ProductsPage />);
     28| 
     29|         await waitFor(() => {
       |               ^
     30|             expect(screen.getByText('Produto Teste 1')).toBeInTheDocum…
     31|         });

⎯⎯⎯⎯⎯⎯⎯⎯⎯⎯⎯⎯⎯⎯⎯⎯⎯⎯⎯⎯⎯⎯⎯⎯[2/2]⎯

 Test Files  1 failed (1)
      Tests  2 failed (2)
   Start at  17:50:38
   Duration  2.53s


 FAIL  Tests failed. Watching for file changes...
       press h to show help, press q to quit
       rerun x6
[2K[1A[2K[G[3Jc
 RERUN  src/test/utils.tsx x7

stdout | src/test/setup.ts:8:9
[SETUP] Initializing MSW server...

stdout | Logger.info (/Users/leandrofmarques/Downloads/revo_erp_prod_8yumh0_dualiteproject/src/lib/logger.ts:24:21)
[INFO] [SUPABASE][CLIENT_INIT] {
  supabaseUrl: 'https://lrfwiaekipwkjkzvcnfd.supabase.co',
  anonKeyPrefix: 'eyJhbGci'
}

stdout | src/pages/products/ProductsPage.test.tsx
[SETUP] Starting MSW server...

stdout | src/pages/products/ProductsPage.test.tsx > ProductsPage Integration > renders the product list with data from MSW
[DEBUG] [QUERY][empresas] fetching list 
[DEBUG] [QUERY][active_empresa] fetching 
[INFO] [AUTH][LOGIN] start { email: 'exists' }

stderr | src/pages/products/ProductsPage.test.tsx > ProductsPage Integration > renders the product list with data from MSW
⚠️ React Router Future Flag Warning: React Router will begin wrapping state updates in `React.startTransition` in v7. You can use the `v7_startTransition` future flag to opt-in early. For more information, see https://reactrouter.com/v6/upgrading/future#v7_starttransition.
⚠️ React Router Future Flag Warning: Relative route resolution within Splat routes is changing in v7. You can use the `v7_relativeSplatPath` future flag to opt-in early. For more information, see https://reactrouter.com/v6/upgrading/future#v7_relativesplatpath.

stdout | src/pages/products/ProductsPage.test.tsx > ProductsPage Integration > renders the product list with data from MSW
<empty line>
stderr | src/pages/products/ProductsPage.test.tsx > ProductsPage Integration > renders the product list with data from MSW
[ERROR] [QUERY][empresas] list error {
  code: 'PGRST301',
  details: null,
  hint: null,
  message: 'Expected 3 parts in JWT; got 1'
} 

stderr | src/pages/products/ProductsPage.test.tsx > ProductsPage Integration > renders the product list with data from MSW
[WARN] [QUERY][active_empresa] error {
  code: 'PGRST301',
  details: null,
  hint: null,
  message: 'Expected 3 parts in JWT; got 1'
}

stdout | src/pages/products/ProductsPage.test.tsx > ProductsPage Integration > renders the product list with data from MSW
[INFO] [MUTATION][bootstrap] start 

stdout | src/pages/products/ProductsPage.test.tsx > ProductsPage Integration > renders the product list with data from MSW
<empty line>
stderr | src/pages/products/ProductsPage.test.tsx > ProductsPage Integration > renders the product list with data from MSW
[ERROR] [MUTATION][bootstrap] error {
  code: 'PGRST301',
  details: null,
  hint: null,
  message: 'Expected 3 parts in JWT; got 1'
} 

stdout | src/pages/products/ProductsPage.test.tsx > ProductsPage Integration > filters products by search term
[DEBUG] [QUERY][empresas] fetching list 
[DEBUG] [QUERY][active_empresa] fetching 
[INFO] [AUTH][LOGIN] start { email: 'exists' }

stdout | src/pages/products/ProductsPage.test.tsx > ProductsPage Integration > filters products by search term
<empty line>
stderr | src/pages/products/ProductsPage.test.tsx > ProductsPage Integration > filters products by search term
[ERROR] [QUERY][empresas] list error {
  code: 'PGRST301',
  details: null,
  hint: null,
  message: 'Expected 3 parts in JWT; got 1'
} 

stdout | src/pages/products/ProductsPage.test.tsx > ProductsPage Integration > filters products by search term
[INFO] [MUTATION][bootstrap] start 

stderr | src/pages/products/ProductsPage.test.tsx > ProductsPage Integration > filters products by search term
[WARN] [QUERY][active_empresa] error {
  code: 'PGRST301',
  details: null,
  hint: null,
  message: 'Expected 3 parts in JWT; got 1'
}

stdout | src/pages/products/ProductsPage.test.tsx > ProductsPage Integration > filters products by search term
<empty line>
stderr | src/pages/products/ProductsPage.test.tsx > ProductsPage Integration > filters products by search term
[ERROR] [MUTATION][bootstrap] error {
  code: 'PGRST301',
  details: null,
  hint: null,
  message: 'Expected 3 parts in JWT; got 1'
} 

 ❯ src/pages/products/ProductsPage.test.tsx  (2 tests | 2 failed) 2186ms
   ❯ src/pages/products/ProductsPage.test.tsx > ProductsPage Integration > renders the product list with data from MSW
     → Unable to find an element with the text: Produto Teste 1. This could be because the text is broken up by multiple elements. In this case, you can provide a function for your text matcher to make your matcher more flexible.

Ignored nodes: comments, script, style
[36m<body>[39m
  [36m<div>[39m
    [36m<div[39m
      [33mclass[39m=[32m"p-1"[39m
    [36m>[39m
      [36m<div[39m
        [33mclass[39m=[32m"flex justify-between items-center mb-6"[39m
      [36m>[39m
        [36m<h1[39m
          [33mclass[39m=[32m"text-3xl font-bold text-gray-800"[39m
        [36m>[39m
          [0mProdutos[0m
        [36m</h1>[39m
        [36m<div[39m
          [33mclass[39m=[32m"flex items-center gap-2"[39m
        [36m>[39m
          [36m<button[39m
            [33mclass[39m=[32m"flex items-center gap-2 bg-gray-100 text-gray-700 font-semibold py-2 px-4 rounded-lg hover:bg-gray-200 transition-colors disabled:opacity-50"[39m
          [36m>[39m
            [36m<svg[39m
              [33maria-hidden[39m=[32m"true"[39m
              [33mclass[39m=[32m"lucide lucide-database-backup"[39m
              [33mfill[39m=[32m"none"[39m
              [33mheight[39m=[32m"20"[39m
              [33mstroke[39m=[32m"currentColor"[39m
              [33mstroke-linecap[39m=[32m"round"[39m
              [33mstroke-linejoin[39m=[32m"round"[39m
              [33mstroke-width[39m=[32m"2"[39m
              [33mviewBox[39m=[32m"0 0 24 24"[39m
              [33mwidth[39m=[32m"20"[39m
              [33mxmlns[39m=[32m"http://www.w3.org/2000/svg"[39m
            [36m>[39m
              [36m<ellipse[39m
                [33mcx[39m=[32m"12"[39m
                [33mcy[39m=[32m"5"[39m
                [33mrx[39m=[32m"9"[39m
                [33mry[39m=[32m"3"[39m
              [36m/>[39m
              [36m<path[39m
                [33md[39m=[32m"M3 12a9 3 0 0 0 5 2.69"[39m
              [36m/>[39m
              [36m<path[39m
                [33md[39m=[32m"M21 9.3V5"[39m
              [36m/>[39m
              [36m<path[39m
                [33md[39m=[32m"M3 5v14a9 3 0 0 0 6.47 2.88"[39m
              [36m/>[39m
              [36m<path[39m
                [33md[39m=[32m"M12 12v4h4"[39m
              [36m/>[39m
              [36m<path[39m
                [33md[39m=[32m"M13 20a5 5 0 0 0 9-3 4.5 4.5 0 0 0-4.5-4.5c-1.33 0-2.54.54-3.41 1.41L12 16"[39m
              [36m/>[39m
            [36m</svg>[39m
            [0mPopular Dados[0m
          [36m</button>[39m
          [36m<button[39m
            [33mclass[39m=[32m"flex items-center gap-2 bg-blue-600 text-white font-bold py-2 px-4 rounded-lg hover:bg-blue-700 transition-colors"[39m
          [36m>[39m
            [36m<svg[39m
              [33maria-hidden[39m=[32m"true"[39m
              [33mclass[39m=[32m"lucide lucide-circle-plus"[39m
              [33mfill[39m=[32m"none"[39m
              [33mheight[39m=[32m"20"[39m
              [33mstroke[39m=[32m"currentColor"[39m
              [33mstroke-linecap[39m=[32m"round"[39m
              [33mstroke-linejoin[39m=[32m"round"[39m
              [33mstroke-width[39m=[32m"2"[39m
              [33mviewBox[39m=[32m"0 0 24 24"[39m
              [33mwidth[39m=[32m"20"[39m
              [33mxmlns[39m=[32m"http://www.w3.org/2000/svg"[39m
            [36m>[39m
              [36m<circle[39m
                [33mcx[39m=[32m"12"[39m
                [33mcy[39m=[32m"12"[39m
                [33mr[39m=[32m"10"[39m
              [36m/>[39m
              [36m<path[39m
                [33md[39m=[32m"M8 12h8"[39m
              [36m/>[39m
              [36m<path[39m
                [33md[39m=[32m"M12 8v8"[39m
              [36m/>[39m
            [36m</svg>[39m
            [0mNovo Produto[0m
          [36m</button>[39m
        [36m</div>[39m
      [36m</div>[39m
      [36m<div[39m
        [33mclass[39m=[32m"mb-4 flex gap-4"[39m
      [36m>[39m
        [36m<div[39m
          [33mclass[39m=[32m"relative"[39m
        [36m>[39m
          [36m<svg[39m
            [33maria-hidden[39m=[32m"true"[39m
            [33mclass[39m=[32m"lucide lucide-search absolute left-3 top-1/2 -translate-y-1/2 text-gray-400"[39m
            [33mfill[39m=[32m"none"[39m
            [33mheight[39m=[32m"20"[39m
            [33mstroke[39m=[32m"currentColor"[39m
            [33mstroke-linecap[39m=[32m"round"[39m
            [33mstroke-linejoin[39m=[32m"round"[39m
            [33mstroke-width[39m=[32m"2"[39m
            [33mviewBox[39m=[32m"0 0 24 24"[39m
            [33mwidth[39m=[32m"20"[39m
            [33mxmlns[39m=[32m"http://www.w3.org/2000/svg"[39m
          [36m>[39m
            [36m<path[39m
              [33md[39m=[32m"m21 21-4.34-4.34"[39m
            [36m/>[39m
            [36m<circle[39m
              [33mcx[39m=[32m"11"[39m
              [33mcy[39m=[32m"11"[39m
              [33mr[39m=[32m"8"[39m
            [36m/>[39m
          [36m</svg>[39m
          [36m<input[39m
            [33mclass[39m=[32m"w-full max-w-sm p-3 pl-10 border border-gray-300 rounded-lg"[39m
            [33mplaceholder[39m=[32m"Buscar por nome ou SKU..."[39m
            [33mtype[39m=[32m"text"[39m
            [33mvalue[39m=[32m""[39m
          [36m/>[39m
        [36m</div>[39m
        [36m<div[39m
          [33mclass[39m=[32m"min-w-[200px]"[39m
        [36m>[39m
          [36m<div[39m
            [33mclass[39m=[32m"relative"[39m
          [36m>[39m
            [36m<select[39m
              [33mclass[39m=[32m"w-full p-3 pr-10 bg-white/80 border border-gray-300 rounded-lg focus:ring-2 focus:ring-blue-500 focus:border-blue-500 transition shadow-sm appearance-none"[39m
            [36m>[39m
              [36m<option[39m
                [33mvalue[39m=[32m""[39m
              [36m>[39m
                [0mTodos os status[0m
              [36m</option>[39m
              [36m<option[39m
                [33mvalue[39m=[32m"ativo"[39m
              [36m>[39m
                [0mAtivo[0m
              [36m</option>[39m
              [36m<option[39m
                [33mvalue[39m=[32m"inativo"[39m
              [36m>[39m
                [0mInativo[0m
              [36m</option>[39m
            [36m</select>[39m
            [36m<div[39m
              [33mclass[39m=[32m"pointer-events-none absolute inset-y-0 right-0 flex items-center px-3 text-gray-700"[39m
            [36m>[39m
              [36m<svg[39m
                [33maria-hidden[39m=[32m"true"[39m
                [33mclass[39m=[32m"lucide lucide-chevron-down"[39m
                [33mfill[39m=[32m"none"[39m
                [33mheight[39m=[32m"20"[39m
                [33mstroke[39m=[32m"currentColor"[39m
                [33mstroke-linecap[39m=[32m"round"[39m
                [33mstroke-linejoin[39m=[32m"round"[39m
                [33mstroke-width[39m=[32m"2"[39m
                [33mviewBox[39m=[32m"0 0 24 24"[39m
                [33mwidth[39m=[32m"20"[39m
                [33mxmlns[39m=[32m"http://www.w3.org/2000/svg"[39m
              [36m>[39m
                [36m<path[39m
                  [33md[39m=[32m"m6 9 6 6 6-6"[39m
                [36m/>[39m
              [36m</svg>[39m
            [36m</div>[39m
          [36m</div>[39m
        [36m</div>[39m
      [36m</div>[39m
      [36m<div[39m
        [33mclass[39m=[32m"bg-white rounded-lg shadow overflow-hidden"[39m
      [36m>[39m
        [36m<div[39m
          [33mclass[39m=[32m"h-96 flex flex-col items-center justify-center text-center text-gray-500 p-4"[39m
        [36m>[39m
          [36m<svg[39m
            [33maria-hidden[39m=[32m"true"[39m
            [33mclass[39m=[32m"lucide lucide-package mb-4"[39m
            [33mfill[39m=[32m"none"[39m
            [33mheight[39m=[32m"48"[39m
            [33mstroke[39m=[32m"currentColor"[39m
            [33mstroke-linecap[39m=[32m"round"[39m
            [33mstroke-linejoin[39m=[32m"round"[39m
            [33mstroke-width[39m=[32m"2"[39m
            [33mviewBox[39m=[32m"0 0 24 24"[39m
            [33mwidth[39m=[32m"48"[39m
            [33mxmlns[39m=[32m"http://www.w3.org/2000/svg"[39m
          [36m>[39m
            [36m<path[39m
              [33md[39m=[32m"M11 21.73a2 2 0 0 0 2 0l7-4A2 2 0 0 0 21 16V8a2 2 0 0 0-1-1.73l-7-4a2 2 0 0 0-2 0l-7 4A2 2 0 0 0 3 8v8a2 2 0 0 0 1 1.73z"[39m
            [36m/>[39m
            [36m<path[39m
              [33md[39m=[32m"M12 22V12"[39m
            [36m/>[39m
            [36m<polyline[39m
              [33mpoints[39m=[32m"3.29 7 12 12 20.71 7"[39m
            [36m/>[39m
            [36m<path[39m
              [33md[39m=[32m"m7.5 4.27 9 5.15"[39m
            [36m/>[39m
          [36m</svg>[39m
          [36m<p[39m
            [33mclass[39m=[32m"font-semibold text-lg"[39m
          [36m>[39m
            [0mNenhum produto encontrado.[0m
          [36m</p>[39m
          [36m<p[39m
            [33mclass[39m=[32m"text-sm mb-4"[39m
          [36m>[39m
            [0mComece cadastrando um novo produto ou popule com dados de exemplo.[0m
          [36m</p>[39m
          [36m<button[39m
            [33mclass[39m=[32m"mt-4 flex items-center gap-2 bg-blue-100 text-blue-700 font-bold py-2 px-4 rounded-lg hover:bg-blue-200 transition-colors disabled:opacity-50"[39m
          [36m>[39m
            [36m<svg[39m
              [33maria-hidden[39m=[32m"true"[39m
              [33mclass[39m=[32m"lucide lucide-database-backup"[39m
              [33mfill[39m=[32m"none"[39m
              [33mheight[39m=[32m"20"[39m
              [33mstroke[39m=[32m"currentColor"[39m
              [33mstroke-linecap[39m=[32m"round"[39m
              [33mstroke-linejoin[39m=[32m"round"[39m
              [33mstroke-width[39m=[32m"2"[39m
              [33mviewBox[39m=[32m"0 0 24 24"[39m
              [33mwidth[39m=[32m"20"[39m
              [33mxmlns[39m=[32m"http://www.w3.org/2000/svg"[39m
            [36m>[39m
              [36m<ellipse[39m
                [33mcx[39m=[32m"12"[39m
                [33mcy[39m=[32m"5"[39m
                [33mrx[39m=[32m"9"[39m
                [33mry[39m=[32m"3"[39m
              [36m/>[39m
              [36m<path[39m
                [33md[39m=[32m"M3 12a9 3 0 0 0 5 2.69"[39m
              [36m/>[39m
              [36m<path[39m
                [33md[39m=[32m"M21 9.3V5"[39m
              [36m/>[39m
              [36m<path[39m
                [33md[39m=[32m"M3 5v14a9 3 0 0 0 6.47 2.88"[39m
              [36m/>[39m
              [36m<path[39m
                [33md[39m=[32m"M12 12v4h4"[39m
              [36m/>[39m
              [36m<path[39m
                [33md[39m=[32m"M13 20a5 5 0 0 0 9-3 4.5 4.5 0 0 0-4.5-4.5c-1.33 0-2.54.54-3.41 1.41L12 16"[39m
              [36m/>[39m
            [36m</svg>[39m
            [0mPopular com 10 produtos padrão[0m
          [36m</button>[39m
        [36m</div>[39m
      [36m</div>[39m
    [36m</div>[39m
    [36m<div[39m
      [33mclass[39m=[32m"fixed top-5 right-5 z-50 space-y-3"[39m
    [36m/>[39m
  [36m</div>[39m
[36m</body>[39m

Ignored nodes: comments, script, style
[36m<html>[39m
  [36m<head />[39m
  [36m<body>[39m
    [36m<div>[39m
      [36m<div[39m
        [33mclass[39m=[32m"p-1"[39m
      [36m>[39m
        [36m<div[39m
          [33mclass[39m=[32m"flex justify-between items-center mb-6"[39m
        [36m>[39m
          [36m<h1[39m
            [33mclass[39m=[32m"text-3xl font-bold text-gray-800"[39m
          [36m>[39m
            [0mProdutos[0m
          [36m</h1>[39m
          [36m<div[39m
            [33mclass[39m=[32m"flex items-center gap-2"[39m
          [36m>[39m
            [36m<button[39m
              [33mclass[39m=[32m"flex items-center gap-2 bg-gray-100 text-gray-700 font-semibold py-2 px-4 rounded-lg hover:bg-gray-200 transition-colors disabled:opacity-50"[39m
            [36m>[39m
              [36m<svg[39m
                [33maria-hidden[39m=[32m"true"[39m
                [33mclass[39m=[32m"lucide lucide-database-backup"[39m
                [33mfill[39m=[32m"none"[39m
                [33mheight[39m=[32m"20"[39m
                [33mstroke[39m=[32m"currentColor"[39m
                [33mstroke-linecap[39m=[32m"round"[39m
                [33mstroke-linejoin[39m=[32m"round"[39m
                [33mstroke-width[39m=[32m"2"[39m
                [33mviewBox[39m=[32m"0 0 24 24"[39m
                [33mwidth[39m=[32m"20"[39m
                [33mxmlns[39m=[32m"http://www.w3.org/2000/svg"[39m
              [36m>[39m
                [36m<ellipse[39m
                  [33mcx[39m=[32m"12"[39m
                  [33mcy[39m=[32m"5"[39m
                  [33mrx[39m=[32m"9"[39m
                  [33mry[39m=[32m"3"[39m
                [36m/>[39m
                [36m<path[39m
                  [33md[39m=[32m"M3 12a9 3 0 0 0 5 2.69"[39m
                [36m/>[39m
                [36m<path[39m
                  [33md[39m=[32m"M21 9.3V5"[39m
                [36m/>[39m
                [36m<path[39m
                  [33md[39m=[32m"M3 5v14a9 3 0 0 0 6.47 2.88"[39m
                [36m/>[39m
                [36m<path[39m
                  [33md[39m=[32m"M12 12v4h4"[39m
                [36m/>[39m
                [36m<path[39m
                  [33md[39m=[32m"M13 20a5 5 0 0 0 9-3 4.5 4.5 0 0 0-4.5-4.5c-1.33 0-2.54.54-3.41 1.41L12 16"[39m
                [36m/>[39m
              [36m</svg>[39m
              [0mPopular Dados[0m
            [36m</button>[39m
            [36m<button[39m
              [33mclass[39m=[32m"flex items-center gap-2 bg-blue-600 text-white font-bold py-2 px-4 rounded-lg hover:bg-blue-700 transition-colors"[39m
            [36m>[39m
              [36m<svg[39m
                [33maria-hidden[39m=[32m"true"[39m
                [33mclass[39m=[32m"lucide lucide-circle-plus"[39m
                [33mfill[39m=[32m"none"[39m
                [33mheight[39m=[32m"20"[39m
                [33mstroke[39m=[32m"currentColor"[39m
                [33mstroke-linecap[39m=[32m"round"[39m
                [33mstroke-linejoin[39m=[32m"round"[39m
                [33mstroke-width[39m=[32m"2"[39m
                [33mviewBox[39m=[32m"0 0 24 24"[39m
                [33mwidth[39m=[32m"20"[39m
                [33mxmlns[39m=[32m"http://www.w3.org/2000/svg"[39m
              [36m>[39m
                [36m<circle[39m
                  [33mcx[39m=[32m"12"[39m
                  [33mcy[39m=[32m"12"[39m
                  [33mr[39m=[32m"10"[39m
                [36m/>[39m
                [36m<path[39m
                  [33md[39m=[32m"M8 12h8"[39m
                [36m/>[39m
                [36m<path[39m
                  [33md[39m=[32m"M12 8v8"[39m
                [36m/>[39m
              [36m</svg>[39m
              [0mNovo Produto[0m
            [36m</button>[39m
          [36m</div>[39m
        [36m</div>[39m
        [36m<div[39m
          [33mclass[39m=[32m"mb-4 flex gap-4"[39m
        [36m>[39m
          [36m<div[39m
            [33mclass[39m=[32m"relative"[39m
          [36m>[39m
            [36m<svg[39m
              [33maria-hidden[39m=[32m"true"[39m
              [33mclass[39m=[32m"lucide lucide-search absolute left-3 top-1/2 -translate-y-1/2 text-gray-400"[39m
              [33mfill[39m=[32m"none"[39m
              [33mheight[39m=[32m"20"[39m
              [33mstroke[39m=[32m"currentColor"[39m
              [33mstroke-linecap[39m=[32m"round"[39m
              [33mstroke-linejoin[39m=[32m"round"[39m
              [33mstroke-width[39m=[32m"2"[39m
              [33mviewBox[39m=[32m"0 0 24 24"[39m
              [33mwidth[39m=[32m"20"[39m
              [33mxmlns[39m=[32m"http://www.w3.org/2000/svg"[39m
            [36m>[39m
              [36m<path[39m
                [33md[39m=[32m"m21 21-4.34-4.34"[39m
              [36m/>[39m
              [36m<circle[39m
                [33mcx[39m=[32m"11"[39m
                [33mcy[39m=[32m"11"[39m
                [33mr[39m=[32m"8"[39m
              [36m/>[39m
            [36m</svg>[39m
            [36m<input[39m
              [33mclass[39m=[32m"w-full max-w-sm p-3 pl-10 border border-gray-300 rounded-lg"[39m
              [33mplaceholder[39m=[32m"Buscar por nome ou SKU..."[39m
              [33mtype[39m=[32m"text"[39m
              [33mvalue[39m=[32m""[39m
            [36m/>[39m
          [36m</div>[39m
          [36m<div[39m
            [33mclass[39m=[32m"min-w-[200px]"[39m
          [36m>[39m
            [36m<div[39m
              [33mclass[39m=[32m"relative"[39m
            [36m>[39m
              [36m<select[39m
                [33mclass[39m=[32m"w-full p-3 pr-10 bg-white/80 border border-gray-300 rounded-lg focus:ring-2 focus:ring-blue-500 focus:border-blue-500 transition shadow-sm appearance-none"[39m
              [36m>[39m
                [36m<option[39m
                  [33mvalue[39m=[32m""[39m
                [36m>[39m
                  [0mTodos os status[0m
                [36m</option>[39m
                [36m<option[39m
                  [33mvalue[39m=[32m"ativo"[39m
                [36m>[39m
                  [0mAtivo[0m
                [36m</option>[39m
                [36m<option[39m
                  [33mvalue[39m=[32m"inativo"[39m
                [36m>[39m
                  [0mInativo[0m
                [36m</option>[39m
              [36m</select>[39m
              [36m<div[39m
                [33mclass[39m=[32m"pointer-events-none absolute inset-y-0 right-0 flex items-center px-3 text-gray-700"[39m
              [36m>[39m
                [36m<svg[39m
                  [33maria-hidden[39m=[32m"true"[39m
                  [33mclass[39m=[32m"lucide lucide-chevron-down"[39m
                  [33mfill[39m=[32m"none"[39m
                  [33mheight[39m=[32m"20"[39m
                  [33mstroke[39m=[32m"currentColor"[39m
                  [33mstroke-linecap[39m=[32m"round"[39m
                  [33mstroke-linejoin[39m=[32m"round"[39m
                  [33mstroke-width[39m=[32m"2"[39m
                  [33mviewBox[39m=[32m"0 0 24 24"[39m
                  [33mwidth[39m=[32m"20"[39m
                  [33mxmlns[39m=[32m"http://www.w3.org/2000/svg"[39m
                [36m>[39m
                  [36m<path[39m
                    [33md[39m=[32m"m6 9 6 6 6-6"[39m
                  [36m/>[39m
                [36m</svg>[39m
              [36m</div>[39m
            [36m</div>[39m
          [36m</div>[39m
        [36m</div>[39m
        [36m<div[39m
          [33mclass[39m=[32m"bg-white rounded-lg shadow overflow-hidden"[39m
        [36m>[39m
          [36m<div[39m
            [33mclass[39m=[32m"h-96 flex flex-col items-center justify-center text-center text-gray-500 p-4"[39m
          [36m>[39m
            [36m<svg[39m
              [33maria-hidden[39m=[32m"true"[39m
              [33mclass[39m=[32m"lucide lucide-package mb-4"[39m
              [33mfill[39m=[32m"none"[39m
              [33mheight[39m=[32m"48"[39m
              [33mstroke[39m=[32m"currentColor"[39m
              [33mstroke-linecap[39m=[32m"round"[39m
              [33mstroke-linejoin[39m=[32m"round"[39m
              [33mstroke-width[39m=[32m"2"[39m
              [33mviewBox[39m=[32m"0 0 24 24"[39m
              [33mwidth[39m=[32m"48"[39m
              [33mxmlns[39m=[32m"http://www.w3.org/2000/svg"[39m
            [36m>[39m
              [36m<path[39m
                [33md[39m=[32m"M11 21.73a2 2 0 0 0 2 0l7-4A2 2 0 0 0 21 16V8a2 2 0 0 0-1-1.73l-7-4a2 2 0 0 0-2 0l-7 4A2 2 0 0 0 3 8v8a2 2 0 0 0 1 1.73z"[39m
              [36m/>[39m
              [36m<path[39m
                [33md[39m=[32m"M12 22V12"[39m
              [36m/>[39m
              [36m<polyline[39m
                [33mpoints[39m=[32m"3.29 7 12 12 20.71 7"[39m
              [36m/>[39m
              [36m<path[39m
                [33md[39m=[32m"m7.5 4.27 9 5.15"[39m
              [36m/>[39m
            [36m</svg>[39m
            [36m<p[39m
              [33mclass[39m=[32m"font-semibold text-lg"[39m
            [36m>[39m
              [0mNenhum produto encontrado.[0m
            [36m</p>[39m
            [36m<p[39m
              [33mclass[39m=[32m"text-sm mb-4"[39m
            [36m>[39m
              [0mComece cadastrando um novo produto ou popule com dados de exemplo.[0m
            [36m</p>[39m
            [36m<button[39m
              [33mclass[39m=[32m"mt-4 flex items-center gap-2 bg-blue-100 text-blue-700 font-bold py-2 px-4 rounded-lg hover:bg-blue-200 transition-colors disabled:opacity-50"[39m
            [36m>[39m
              [36m<svg[39m
                [33maria-hidden[39m=[32m"true"[39m
                [33mclass[39m=[32m"lucide lucide-database-backup"[39m
                [33mfill[39m=[32m"none"[39m
                [33mheight[39m=[32m"20"[39m
                [33mstroke[39m=[32m"currentColor"[39m
                [33mstroke-linecap[39m=[32m"round"[39m
                [33mstroke-linejoin[39m=[32m"round"[39m
                [33mstroke-width[39m=[32m"2"[39m
                [33mviewBox[39m=[32m"0 0 24 24"[39m
                [33mwidth[39m=[32m"20"[39m
                [33mxmlns[39m=[32m"http://www.w3.org/2000/svg"[39m
              [36m>[39m
                [36m<ellipse[39m
                  [33mcx[39m=[32m"12"[39m
                  [33mcy[39m=[32m"5"[39m
                  [33mrx[39m=[32m"9"[39m
                  [33mry[39m=[32m"3"[39m
                [36m/>[39m
                [36m<path[39m
                  [33md[39m=[32m"M3 12a9 3 0 0 0 5 2.69"[39m
                [36m/>[39m
                [36m<path[39m
                  [33md[39m=[32m"M21 9.3V5"[39m
                [36m/>[39m
                [36m<path[39m
                  [33md[39m=[32m"M3 5v14a9 3 0 0 0 6.47 2.88"[39m
                [36m/>[39m
                [36m<path[39m
                  [33md[39m=[32m"M12 12v4h4"[39m
                [36m/>[39m
                [36m<path[39m
                  [33md[39m=[32m"M13 20a5 5 0 0 0 9-3 4.5 4.5 0 0 0-4.5-4.5c-1.33 0-2.54.54-3.41 1.41L12 16"[39m
                [36m/>[39m
              [36m</svg>[39m
              [0mPopular com 10 produtos padrão[0m
            [36m</button>[39m
          [36m</div>[39m
        [36m</div>[39m
      [36m</div>[39m
      [36m<div[39m
        [33mclass[39m=[32m"fixed top-5 right-5 z-50 space-y-3"[39m
      [36m/>[39m
    [36m</div>[39m
  [36m</body>[39m
[36m</html>[39m
   ❯ src/pages/products/ProductsPage.test.tsx > ProductsPage Integration > filters products by search term
     → Unable to find an element with the text: Produto Teste 1. This could be because the text is broken up by multiple elements. In this case, you can provide a function for your text matcher to make your matcher more flexible.

Ignored nodes: comments, script, style
[36m<body>[39m
  [36m<div>[39m
    [36m<div[39m
      [33mclass[39m=[32m"p-1"[39m
    [36m>[39m
      [36m<div[39m
        [33mclass[39m=[32m"flex justify-between items-center mb-6"[39m
      [36m>[39m
        [36m<h1[39m
          [33mclass[39m=[32m"text-3xl font-bold text-gray-800"[39m
        [36m>[39m
          [0mProdutos[0m
        [36m</h1>[39m
        [36m<div[39m
          [33mclass[39m=[32m"flex items-center gap-2"[39m
        [36m>[39m
          [36m<button[39m
            [33mclass[39m=[32m"flex items-center gap-2 bg-gray-100 text-gray-700 font-semibold py-2 px-4 rounded-lg hover:bg-gray-200 transition-colors disabled:opacity-50"[39m
          [36m>[39m
            [36m<svg[39m
              [33maria-hidden[39m=[32m"true"[39m
              [33mclass[39m=[32m"lucide lucide-database-backup"[39m
              [33mfill[39m=[32m"none"[39m
              [33mheight[39m=[32m"20"[39m
              [33mstroke[39m=[32m"currentColor"[39m
              [33mstroke-linecap[39m=[32m"round"[39m
              [33mstroke-linejoin[39m=[32m"round"[39m
              [33mstroke-width[39m=[32m"2"[39m
              [33mviewBox[39m=[32m"0 0 24 24"[39m
              [33mwidth[39m=[32m"20"[39m
              [33mxmlns[39m=[32m"http://www.w3.org/2000/svg"[39m
            [36m>[39m
              [36m<ellipse[39m
                [33mcx[39m=[32m"12"[39m
                [33mcy[39m=[32m"5"[39m
                [33mrx[39m=[32m"9"[39m
                [33mry[39m=[32m"3"[39m
              [36m/>[39m
              [36m<path[39m
                [33md[39m=[32m"M3 12a9 3 0 0 0 5 2.69"[39m
              [36m/>[39m
              [36m<path[39m
                [33md[39m=[32m"M21 9.3V5"[39m
              [36m/>[39m
              [36m<path[39m
                [33md[39m=[32m"M3 5v14a9 3 0 0 0 6.47 2.88"[39m
              [36m/>[39m
              [36m<path[39m
                [33md[39m=[32m"M12 12v4h4"[39m
              [36m/>[39m
              [36m<path[39m
                [33md[39m=[32m"M13 20a5 5 0 0 0 9-3 4.5 4.5 0 0 0-4.5-4.5c-1.33 0-2.54.54-3.41 1.41L12 16"[39m
              [36m/>[39m
            [36m</svg>[39m
            [0mPopular Dados[0m
          [36m</button>[39m
          [36m<button[39m
            [33mclass[39m=[32m"flex items-center gap-2 bg-blue-600 text-white font-bold py-2 px-4 rounded-lg hover:bg-blue-700 transition-colors"[39m
          [36m>[39m
            [36m<svg[39m
              [33maria-hidden[39m=[32m"true"[39m
              [33mclass[39m=[32m"lucide lucide-circle-plus"[39m
              [33mfill[39m=[32m"none"[39m
              [33mheight[39m=[32m"20"[39m
              [33mstroke[39m=[32m"currentColor"[39m
              [33mstroke-linecap[39m=[32m"round"[39m
              [33mstroke-linejoin[39m=[32m"round"[39m
              [33mstroke-width[39m=[32m"2"[39m
              [33mviewBox[39m=[32m"0 0 24 24"[39m
              [33mwidth[39m=[32m"20"[39m
              [33mxmlns[39m=[32m"http://www.w3.org/2000/svg"[39m
            [36m>[39m
              [36m<circle[39m
                [33mcx[39m=[32m"12"[39m
                [33mcy[39m=[32m"12"[39m
                [33mr[39m=[32m"10"[39m
              [36m/>[39m
              [36m<path[39m
                [33md[39m=[32m"M8 12h8"[39m
              [36m/>[39m
              [36m<path[39m
                [33md[39m=[32m"M12 8v8"[39m
              [36m/>[39m
            [36m</svg>[39m
            [0mNovo Produto[0m
          [36m</button>[39m
        [36m</div>[39m
      [36m</div>[39m
      [36m<div[39m
        [33mclass[39m=[32m"mb-4 flex gap-4"[39m
      [36m>[39m
        [36m<div[39m
          [33mclass[39m=[32m"relative"[39m
        [36m>[39m
          [36m<svg[39m
            [33maria-hidden[39m=[32m"true"[39m
            [33mclass[39m=[32m"lucide lucide-search absolute left-3 top-1/2 -translate-y-1/2 text-gray-400"[39m
            [33mfill[39m=[32m"none"[39m
            [33mheight[39m=[32m"20"[39m
            [33mstroke[39m=[32m"currentColor"[39m
            [33mstroke-linecap[39m=[32m"round"[39m
            [33mstroke-linejoin[39m=[32m"round"[39m
            [33mstroke-width[39m=[32m"2"[39m
            [33mviewBox[39m=[32m"0 0 24 24"[39m
            [33mwidth[39m=[32m"20"[39m
            [33mxmlns[39m=[32m"http://www.w3.org/2000/svg"[39m
          [36m>[39m
            [36m<path[39m
              [33md[39m=[32m"m21 21-4.34-4.34"[39m
            [36m/>[39m
            [36m<circle[39m
              [33mcx[39m=[32m"11"[39m
              [33mcy[39m=[32m"11"[39m
              [33mr[39m=[32m"8"[39m
            [36m/>[39m
          [36m</svg>[39m
          [36m<input[39m
            [33mclass[39m=[32m"w-full max-w-sm p-3 pl-10 border border-gray-300 rounded-lg"[39m
            [33mplaceholder[39m=[32m"Buscar por nome ou SKU..."[39m
            [33mtype[39m=[32m"text"[39m
            [33mvalue[39m=[32m""[39m
          [36m/>[39m
        [36m</div>[39m
        [36m<div[39m
          [33mclass[39m=[32m"min-w-[200px]"[39m
        [36m>[39m
          [36m<div[39m
            [33mclass[39m=[32m"relative"[39m
          [36m>[39m
            [36m<select[39m
              [33mclass[39m=[32m"w-full p-3 pr-10 bg-white/80 border border-gray-300 rounded-lg focus:ring-2 focus:ring-blue-500 focus:border-blue-500 transition shadow-sm appearance-none"[39m
            [36m>[39m
              [36m<option[39m
                [33mvalue[39m=[32m""[39m
              [36m>[39m
                [0mTodos os status[0m
              [36m</option>[39m
              [36m<option[39m
                [33mvalue[39m=[32m"ativo"[39m
              [36m>[39m
                [0mAtivo[0m
              [36m</option>[39m
              [36m<option[39m
                [33mvalue[39m=[32m"inativo"[39m
              [36m>[39m
                [0mInativo[0m
              [36m</option>[39m
            [36m</select>[39m
            [36m<div[39m
              [33mclass[39m=[32m"pointer-events-none absolute inset-y-0 right-0 flex items-center px-3 text-gray-700"[39m
            [36m>[39m
              [36m<svg[39m
                [33maria-hidden[39m=[32m"true"[39m
                [33mclass[39m=[32m"lucide lucide-chevron-down"[39m
                [33mfill[39m=[32m"none"[39m
                [33mheight[39m=[32m"20"[39m
                [33mstroke[39m=[32m"currentColor"[39m
                [33mstroke-linecap[39m=[32m"round"[39m
                [33mstroke-linejoin[39m=[32m"round"[39m
                [33mstroke-width[39m=[32m"2"[39m
                [33mviewBox[39m=[32m"0 0 24 24"[39m
                [33mwidth[39m=[32m"20"[39m
                [33mxmlns[39m=[32m"http://www.w3.org/2000/svg"[39m
              [36m>[39m
                [36m<path[39m
                  [33md[39m=[32m"m6 9 6 6 6-6"[39m
                [36m/>[39m
              [36m</svg>[39m
            [36m</div>[39m
          [36m</div>[39m
        [36m</div>[39m
      [36m</div>[39m
      [36m<div[39m
        [33mclass[39m=[32m"bg-white rounded-lg shadow overflow-hidden"[39m
      [36m>[39m
        [36m<div[39m
          [33mclass[39m=[32m"h-96 flex flex-col items-center justify-center text-center text-gray-500 p-4"[39m
        [36m>[39m
          [36m<svg[39m
            [33maria-hidden[39m=[32m"true"[39m
            [33mclass[39m=[32m"lucide lucide-package mb-4"[39m
            [33mfill[39m=[32m"none"[39m
            [33mheight[39m=[32m"48"[39m
            [33mstroke[39m=[32m"currentColor"[39m
            [33mstroke-linecap[39m=[32m"round"[39m
            [33mstroke-linejoin[39m=[32m"round"[39m
            [33mstroke-width[39m=[32m"2"[39m
            [33mviewBox[39m=[32m"0 0 24 24"[39m
            [33mwidth[39m=[32m"48"[39m
            [33mxmlns[39m=[32m"http://www.w3.org/2000/svg"[39m
          [36m>[39m
            [36m<path[39m
              [33md[39m=[32m"M11 21.73a2 2 0 0 0 2 0l7-4A2 2 0 0 0 21 16V8a2 2 0 0 0-1-1.73l-7-4a2 2 0 0 0-2 0l-7 4A2 2 0 0 0 3 8v8a2 2 0 0 0 1 1.73z"[39m
            [36m/>[39m
            [36m<path[39m
              [33md[39m=[32m"M12 22V12"[39m
            [36m/>[39m
            [36m<polyline[39m
              [33mpoints[39m=[32m"3.29 7 12 12 20.71 7"[39m
            [36m/>[39m
            [36m<path[39m
              [33md[39m=[32m"m7.5 4.27 9 5.15"[39m
            [36m/>[39m
          [36m</svg>[39m
          [36m<p[39m
            [33mclass[39m=[32m"font-semibold text-lg"[39m
          [36m>[39m
            [0mNenhum produto encontrado.[0m
          [36m</p>[39m
          [36m<p[39m
            [33mclass[39m=[32m"text-sm mb-4"[39m
          [36m>[39m
            [0mComece cadastrando um novo produto ou popule com dados de exemplo.[0m
          [36m</p>[39m
          [36m<button[39m
            [33mclass[39m=[32m"mt-4 flex items-center gap-2 bg-blue-100 text-blue-700 font-bold py-2 px-4 rounded-lg hover:bg-blue-200 transition-colors disabled:opacity-50"[39m
          [36m>[39m
            [36m<svg[39m
              [33maria-hidden[39m=[32m"true"[39m
              [33mclass[39m=[32m"lucide lucide-database-backup"[39m
              [33mfill[39m=[32m"none"[39m
              [33mheight[39m=[32m"20"[39m
              [33mstroke[39m=[32m"currentColor"[39m
              [33mstroke-linecap[39m=[32m"round"[39m
              [33mstroke-linejoin[39m=[32m"round"[39m
              [33mstroke-width[39m=[32m"2"[39m
              [33mviewBox[39m=[32m"0 0 24 24"[39m
              [33mwidth[39m=[32m"20"[39m
              [33mxmlns[39m=[32m"http://www.w3.org/2000/svg"[39m
            [36m>[39m
              [36m<ellipse[39m
                [33mcx[39m=[32m"12"[39m
                [33mcy[39m=[32m"5"[39m
                [33mrx[39m=[32m"9"[39m
                [33mry[39m=[32m"3"[39m
              [36m/>[39m
              [36m<path[39m
                [33md[39m=[32m"M3 12a9 3 0 0 0 5 2.69"[39m
              [36m/>[39m
              [36m<path[39m
                [33md[39m=[32m"M21 9.3V5"[39m
              [36m/>[39m
              [36m<path[39m
                [33md[39m=[32m"M3 5v14a9 3 0 0 0 6.47 2.88"[39m
              [36m/>[39m
              [36m<path[39m
                [33md[39m=[32m"M12 12v4h4"[39m
              [36m/>[39m
              [36m<path[39m
                [33md[39m=[32m"M13 20a5 5 0 0 0 9-3 4.5 4.5 0 0 0-4.5-4.5c-1.33 0-2.54.54-3.41 1.41L12 16"[39m
              [36m/>[39m
            [36m</svg>[39m
            [0mPopular com 10 produtos padrão[0m
          [36m</button>[39m
        [36m</div>[39m
      [36m</div>[39m
    [36m</div>[39m
    [36m<div[39m
      [33mclass[39m=[32m"fixed top-5 right-5 z-50 space-y-3"[39m
    [36m/>[39m
  [36m</div>[39m
[36m</body>[39m

Ignored nodes: comments, script, style
[36m<html>[39m
  [36m<head />[39m
  [36m<body>[39m
    [36m<div>[39m
      [36m<div[39m
        [33mclass[39m=[32m"p-1"[39m
      [36m>[39m
        [36m<div[39m
          [33mclass[39m=[32m"flex justify-between items-center mb-6"[39m
        [36m>[39m
          [36m<h1[39m
            [33mclass[39m=[32m"text-3xl font-bold text-gray-800"[39m
          [36m>[39m
            [0mProdutos[0m
          [36m</h1>[39m
          [36m<div[39m
            [33mclass[39m=[32m"flex items-center gap-2"[39m
          [36m>[39m
            [36m<button[39m
              [33mclass[39m=[32m"flex items-center gap-2 bg-gray-100 text-gray-700 font-semibold py-2 px-4 rounded-lg hover:bg-gray-200 transition-colors disabled:opacity-50"[39m
            [36m>[39m
              [36m<svg[39m
                [33maria-hidden[39m=[32m"true"[39m
                [33mclass[39m=[32m"lucide lucide-database-backup"[39m
                [33mfill[39m=[32m"none"[39m
                [33mheight[39m=[32m"20"[39m
                [33mstroke[39m=[32m"currentColor"[39m
                [33mstroke-linecap[39m=[32m"round"[39m
                [33mstroke-linejoin[39m=[32m"round"[39m
                [33mstroke-width[39m=[32m"2"[39m
                [33mviewBox[39m=[32m"0 0 24 24"[39m
                [33mwidth[39m=[32m"20"[39m
                [33mxmlns[39m=[32m"http://www.w3.org/2000/svg"[39m
              [36m>[39m
                [36m<ellipse[39m
                  [33mcx[39m=[32m"12"[39m
                  [33mcy[39m=[32m"5"[39m
                  [33mrx[39m=[32m"9"[39m
                  [33mry[39m=[32m"3"[39m
                [36m/>[39m
                [36m<path[39m
                  [33md[39m=[32m"M3 12a9 3 0 0 0 5 2.69"[39m
                [36m/>[39m
                [36m<path[39m
                  [33md[39m=[32m"M21 9.3V5"[39m
                [36m/>[39m
                [36m<path[39m
                  [33md[39m=[32m"M3 5v14a9 3 0 0 0 6.47 2.88"[39m
                [36m/>[39m
                [36m<path[39m
                  [33md[39m=[32m"M12 12v4h4"[39m
                [36m/>[39m
                [36m<path[39m
                  [33md[39m=[32m"M13 20a5 5 0 0 0 9-3 4.5 4.5 0 0 0-4.5-4.5c-1.33 0-2.54.54-3.41 1.41L12 16"[39m
                [36m/>[39m
              [36m</svg>[39m
              [0mPopular Dados[0m
            [36m</button>[39m
            [36m<button[39m
              [33mclass[39m=[32m"flex items-center gap-2 bg-blue-600 text-white font-bold py-2 px-4 rounded-lg hover:bg-blue-700 transition-colors"[39m
            [36m>[39m
              [36m<svg[39m
                [33maria-hidden[39m=[32m"true"[39m
                [33mclass[39m=[32m"lucide lucide-circle-plus"[39m
                [33mfill[39m=[32m"none"[39m
                [33mheight[39m=[32m"20"[39m
                [33mstroke[39m=[32m"currentColor"[39m
                [33mstroke-linecap[39m=[32m"round"[39m
                [33mstroke-linejoin[39m=[32m"round"[39m
                [33mstroke-width[39m=[32m"2"[39m
                [33mviewBox[39m=[32m"0 0 24 24"[39m
                [33mwidth[39m=[32m"20"[39m
                [33mxmlns[39m=[32m"http://www.w3.org/2000/svg"[39m
              [36m>[39m
                [36m<circle[39m
                  [33mcx[39m=[32m"12"[39m
                  [33mcy[39m=[32m"12"[39m
                  [33mr[39m=[32m"10"[39m
                [36m/>[39m
                [36m<path[39m
                  [33md[39m=[32m"M8 12h8"[39m
                [36m/>[39m
                [36m<path[39m
                  [33md[39m=[32m"M12 8v8"[39m
                [36m/>[39m
              [36m</svg>[39m
              [0mNovo Produto[0m
            [36m</button>[39m
          [36m</div>[39m
        [36m</div>[39m
        [36m<div[39m
          [33mclass[39m=[32m"mb-4 flex gap-4"[39m
        [36m>[39m
          [36m<div[39m
            [33mclass[39m=[32m"relative"[39m
          [36m>[39m
            [36m<svg[39m
              [33maria-hidden[39m=[32m"true"[39m
              [33mclass[39m=[32m"lucide lucide-search absolute left-3 top-1/2 -translate-y-1/2 text-gray-400"[39m
              [33mfill[39m=[32m"none"[39m
              [33mheight[39m=[32m"20"[39m
              [33mstroke[39m=[32m"currentColor"[39m
              [33mstroke-linecap[39m=[32m"round"[39m
              [33mstroke-linejoin[39m=[32m"round"[39m
              [33mstroke-width[39m=[32m"2"[39m
              [33mviewBox[39m=[32m"0 0 24 24"[39m
              [33mwidth[39m=[32m"20"[39m
              [33mxmlns[39m=[32m"http://www.w3.org/2000/svg"[39m
            [36m>[39m
              [36m<path[39m
                [33md[39m=[32m"m21 21-4.34-4.34"[39m
              [36m/>[39m
              [36m<circle[39m
                [33mcx[39m=[32m"11"[39m
                [33mcy[39m=[32m"11"[39m
                [33mr[39m=[32m"8"[39m
              [36m/>[39m
            [36m</svg>[39m
            [36m<input[39m
              [33mclass[39m=[32m"w-full max-w-sm p-3 pl-10 border border-gray-300 rounded-lg"[39m
              [33mplaceholder[39m=[32m"Buscar por nome ou SKU..."[39m
              [33mtype[39m=[32m"text"[39m
              [33mvalue[39m=[32m""[39m
            [36m/>[39m
          [36m</div>[39m
          [36m<div[39m
            [33mclass[39m=[32m"min-w-[200px]"[39m
          [36m>[39m
            [36m<div[39m
              [33mclass[39m=[32m"relative"[39m
            [36m>[39m
              [36m<select[39m
                [33mclass[39m=[32m"w-full p-3 pr-10 bg-white/80 border border-gray-300 rounded-lg focus:ring-2 focus:ring-blue-500 focus:border-blue-500 transition shadow-sm appearance-none"[39m
              [36m>[39m
                [36m<option[39m
                  [33mvalue[39m=[32m""[39m
                [36m>[39m
                  [0mTodos os status[0m
                [36m</option>[39m
                [36m<option[39m
                  [33mvalue[39m=[32m"ativo"[39m
                [36m>[39m
                  [0mAtivo[0m
                [36m</option>[39m
                [36m<option[39m
                  [33mvalue[39m=[32m"inativo"[39m
                [36m>[39m
                  [0mInativo[0m
                [36m</option>[39m
              [36m</select>[39m
              [36m<div[39m
                [33mclass[39m=[32m"pointer-events-none absolute inset-y-0 right-0 flex items-center px-3 text-gray-700"[39m
              [36m>[39m
                [36m<svg[39m
                  [33maria-hidden[39m=[32m"true"[39m
                  [33mclass[39m=[32m"lucide lucide-chevron-down"[39m
                  [33mfill[39m=[32m"none"[39m
                  [33mheight[39m=[32m"20"[39m
                  [33mstroke[39m=[32m"currentColor"[39m
                  [33mstroke-linecap[39m=[32m"round"[39m
                  [33mstroke-linejoin[39m=[32m"round"[39m
                  [33mstroke-width[39m=[32m"2"[39m
                  [33mviewBox[39m=[32m"0 0 24 24"[39m
                  [33mwidth[39m=[32m"20"[39m
                  [33mxmlns[39m=[32m"http://www.w3.org/2000/svg"[39m
                [36m>[39m
                  [36m<path[39m
                    [33md[39m=[32m"m6 9 6 6 6-6"[39m
                  [36m/>[39m
                [36m</svg>[39m
              [36m</div>[39m
            [36m</div>[39m
          [36m</div>[39m
        [36m</div>[39m
        [36m<div[39m
          [33mclass[39m=[32m"bg-white rounded-lg shadow overflow-hidden"[39m
        [36m>[39m
          [36m<div[39m
            [33mclass[39m=[32m"h-96 flex flex-col items-center justify-center text-center text-gray-500 p-4"[39m
          [36m>[39m
            [36m<svg[39m
              [33maria-hidden[39m=[32m"true"[39m
              [33mclass[39m=[32m"lucide lucide-package mb-4"[39m
              [33mfill[39m=[32m"none"[39m
              [33mheight[39m=[32m"48"[39m
              [33mstroke[39m=[32m"currentColor"[39m
              [33mstroke-linecap[39m=[32m"round"[39m
              [33mstroke-linejoin[39m=[32m"round"[39m
              [33mstroke-width[39m=[32m"2"[39m
              [33mviewBox[39m=[32m"0 0 24 24"[39m
              [33mwidth[39m=[32m"48"[39m
              [33mxmlns[39m=[32m"http://www.w3.org/2000/svg"[39m
            [36m>[39m
              [36m<path[39m
                [33md[39m=[32m"M11 21.73a2 2 0 0 0 2 0l7-4A2 2 0 0 0 21 16V8a2 2 0 0 0-1-1.73l-7-4a2 2 0 0 0-2 0l-7 4A2 2 0 0 0 3 8v8a2 2 0 0 0 1 1.73z"[39m
              [36m/>[39m
              [36m<path[39m
                [33md[39m=[32m"M12 22V12"[39m
              [36m/>[39m
              [36m<polyline[39m
                [33mpoints[39m=[32m"3.29 7 12 12 20.71 7"[39m
              [36m/>[39m
              [36m<path[39m
                [33md[39m=[32m"m7.5 4.27 9 5.15"[39m
              [36m/>[39m
            [36m</svg>[39m
            [36m<p[39m
              [33mclass[39m=[32m"font-semibold text-lg"[39m
            [36m>[39m
              [0mNenhum produto encontrado.[0m
            [36m</p>[39m
            [36m<p[39m
              [33mclass[39m=[32m"text-sm mb-4"[39m
            [36m>[39m
              [0mComece cadastrando um novo produto ou popule com dados de exemplo.[0m
            [36m</p>[39m
            [36m<button[39m
              [33mclass[39m=[32m"mt-4 flex items-center gap-2 bg-blue-100 text-blue-700 font-bold py-2 px-4 rounded-lg hover:bg-blue-200 transition-colors disabled:opacity-50"[39m
            [36m>[39m
              [36m<svg[39m
                [33maria-hidden[39m=[32m"true"[39m
                [33mclass[39m=[32m"lucide lucide-database-backup"[39m
                [33mfill[39m=[32m"none"[39m
                [33mheight[39m=[32m"20"[39m
                [33mstroke[39m=[32m"currentColor"[39m
                [33mstroke-linecap[39m=[32m"round"[39m
                [33mstroke-linejoin[39m=[32m"round"[39m
                [33mstroke-width[39m=[32m"2"[39m
                [33mviewBox[39m=[32m"0 0 24 24"[39m
                [33mwidth[39m=[32m"20"[39m
                [33mxmlns[39m=[32m"http://www.w3.org/2000/svg"[39m
              [36m>[39m
                [36m<ellipse[39m
                  [33mcx[39m=[32m"12"[39m
                  [33mcy[39m=[32m"5"[39m
                  [33mrx[39m=[32m"9"[39m
                  [33mry[39m=[32m"3"[39m
                [36m/>[39m
                [36m<path[39m
                  [33md[39m=[32m"M3 12a9 3 0 0 0 5 2.69"[39m
                [36m/>[39m
                [36m<path[39m
                  [33md[39m=[32m"M21 9.3V5"[39m
                [36m/>[39m
                [36m<path[39m
                  [33md[39m=[32m"M3 5v14a9 3 0 0 0 6.47 2.88"[39m
                [36m/>[39m
                [36m<path[39m
                  [33md[39m=[32m"M12 12v4h4"[39m
                [36m/>[39m
                [36m<path[39m
                  [33md[39m=[32m"M13 20a5 5 0 0 0 9-3 4.5 4.5 0 0 0-4.5-4.5c-1.33 0-2.54.54-3.41 1.41L12 16"[39m
                [36m/>[39m
              [36m</svg>[39m
              [0mPopular com 10 produtos padrão[0m
            [36m</button>[39m
          [36m</div>[39m
        [36m</div>[39m
      [36m</div>[39m
      [36m<div[39m
        [33mclass[39m=[32m"fixed top-5 right-5 z-50 space-y-3"[39m
      [36m/>[39m
    [36m</div>[39m
  [36m</body>[39m
[36m</html>[39m

⎯⎯⎯⎯⎯⎯⎯ Failed Tests 2 ⎯⎯⎯⎯⎯⎯⎯

 FAIL  src/pages/products/ProductsPage.test.tsx > ProductsPage Integration > renders the product list with data from MSW
TestingLibraryElementError: Unable to find an element with the text: Produto Teste 1. This could be because the text is broken up by multiple elements. In this case, you can provide a function for your text matcher to make your matcher more flexible.

Ignored nodes: comments, script, style
[36m<body>[39m
  [36m<div>[39m
    [36m<div[39m
      [33mclass[39m=[32m"p-1"[39m
    [36m>[39m
      [36m<div[39m
        [33mclass[39m=[32m"flex justify-between items-center mb-6"[39m
      [36m>[39m
        [36m<h1[39m
          [33mclass[39m=[32m"text-3xl font-bold text-gray-800"[39m
        [36m>[39m
          [0mProdutos[0m
        [36m</h1>[39m
        [36m<div[39m
          [33mclass[39m=[32m"flex items-center gap-2"[39m
        [36m>[39m
          [36m<button[39m
            [33mclass[39m=[32m"flex items-center gap-2 bg-gray-100 text-gray-700 font-semibold py-2 px-4 rounded-lg hover:bg-gray-200 transition-colors disabled:opacity-50"[39m
          [36m>[39m
            [36m<svg[39m
              [33maria-hidden[39m=[32m"true"[39m
              [33mclass[39m=[32m"lucide lucide-database-backup"[39m
              [33mfill[39m=[32m"none"[39m
              [33mheight[39m=[32m"20"[39m
              [33mstroke[39m=[32m"currentColor"[39m
              [33mstroke-linecap[39m=[32m"round"[39m
              [33mstroke-linejoin[39m=[32m"round"[39m
              [33mstroke-width[39m=[32m"2"[39m
              [33mviewBox[39m=[32m"0 0 24 24"[39m
              [33mwidth[39m=[32m"20"[39m
              [33mxmlns[39m=[32m"http://www.w3.org/2000/svg"[39m
            [36m>[39m
              [36m<ellipse[39m
                [33mcx[39m=[32m"12"[39m
                [33mcy[39m=[32m"5"[39m
                [33mrx[39m=[32m"9"[39m
                [33mry[39m=[32m"3"[39m
              [36m/>[39m
              [36m<path[39m
                [33md[39m=[32m"M3 12a9 3 0 0 0 5 2.69"[39m
              [36m/>[39m
              [36m<path[39m
                [33md[39m=[32m"M21 9.3V5"[39m
              [36m/>[39m
              [36m<path[39m
                [33md[39m=[32m"M3 5v14a9 3 0 0 0 6.47 2.88"[39m
              [36m/>[39m
              [36m<path[39m
                [33md[39m=[32m"M12 12v4h4"[39m
              [36m/>[39m
              [36m<path[39m
                [33md[39m=[32m"M13 20a5 5 0 0 0 9-3 4.5 4.5 0 0 0-4.5-4.5c-1.33 0-2.54.54-3.41 1.41L12 16"[39m
              [36m/>[39m
            [36m</svg>[39m
            [0mPopular Dados[0m
          [36m</button>[39m
          [36m<button[39m
            [33mclass[39m=[32m"flex items-center gap-2 bg-blue-600 text-white font-bold py-2 px-4 rounded-lg hover:bg-blue-700 transition-colors"[39m
          [36m>[39m
            [36m<svg[39m
              [33maria-hidden[39m=[32m"true"[39m
              [33mclass[39m=[32m"lucide lucide-circle-plus"[39m
              [33mfill[39m=[32m"none"[39m
              [33mheight[39m=[32m"20"[39m
              [33mstroke[39m=[32m"currentColor"[39m
              [33mstroke-linecap[39m=[32m"round"[39m
              [33mstroke-linejoin[39m=[32m"round"[39m
              [33mstroke-width[39m=[32m"2"[39m
              [33mviewBox[39m=[32m"0 0 24 24"[39m
              [33mwidth[39m=[32m"20"[39m
              [33mxmlns[39m=[32m"http://www.w3.org/2000/svg"[39m
            [36m>[39m
              [36m<circle[39m
                [33mcx[39m=[32m"12"[39m
                [33mcy[39m=[32m"12"[39m
                [33mr[39m=[32m"10"[39m
              [36m/>[39m
              [36m<path[39m
                [33md[39m=[32m"M8 12h8"[39m
              [36m/>[39m
              [36m<path[39m
                [33md[39m=[32m"M12 8v8"[39m
              [36m/>[39m
            [36m</svg>[39m
            [0mNovo Produto[0m
          [36m</button>[39m
        [36m</div>[39m
      [36m</div>[39m
      [36m<div[39m
        [33mclass[39m=[32m"mb-4 flex gap-4"[39m
      [36m>[39m
        [36m<div[39m
          [33mclass[39m=[32m"relative"[39m
        [36m>[39m
          [36m<svg[39m
            [33maria-hidden[39m=[32m"true"[39m
            [33mclass[39m=[32m"lucide lucide-search absolute left-3 top-1/2 -translate-y-1/2 text-gray-400"[39m
            [33mfill[39m=[32m"none"[39m
            [33mheight[39m=[32m"20"[39m
            [33mstroke[39m=[32m"currentColor"[39m
            [33mstroke-linecap[39m=[32m"round"[39m
            [33mstroke-linejoin[39m=[32m"round"[39m
            [33mstroke-width[39m=[32m"2"[39m
            [33mviewBox[39m=[32m"0 0 24 24"[39m
            [33mwidth[39m=[32m"20"[39m
            [33mxmlns[39m=[32m"http://www.w3.org/2000/svg"[39m
          [36m>[39m
            [36m<path[39m
              [33md[39m=[32m"m21 21-4.34-4.34"[39m
            [36m/>[39m
            [36m<circle[39m
              [33mcx[39m=[32m"11"[39m
              [33mcy[39m=[32m"11"[39m
              [33mr[39m=[32m"8"[39m
            [36m/>[39m
          [36m</svg>[39m
          [36m<input[39m
            [33mclass[39m=[32m"w-full max-w-sm p-3 pl-10 border border-gray-300 rounded-lg"[39m
            [33mplaceholder[39m=[32m"Buscar por nome ou SKU..."[39m
            [33mtype[39m=[32m"text"[39m
            [33mvalue[39m=[32m""[39m
          [36m/>[39m
        [36m</div>[39m
        [36m<div[39m
          [33mclass[39m=[32m"min-w-[200px]"[39m
        [36m>[39m
          [36m<div[39m
            [33mclass[39m=[32m"relative"[39m
          [36m>[39m
            [36m<select[39m
              [33mclass[39m=[32m"w-full p-3 pr-10 bg-white/80 border border-gray-300 rounded-lg focus:ring-2 focus:ring-blue-500 focus:border-blue-500 transition shadow-sm appearance-none"[39m
            [36m>[39m
              [36m<option[39m
                [33mvalue[39m=[32m""[39m
              [36m>[39m
                [0mTodos os status[0m
              [36m</option>[39m
              [36m<option[39m
                [33mvalue[39m=[32m"ativo"[39m
              [36m>[39m
                [0mAtivo[0m
              [36m</option>[39m
              [36m<option[39m
                [33mvalue[39m=[32m"inativo"[39m
              [36m>[39m
                [0mInativo[0m
              [36m</option>[39m
            [36m</select>[39m
            [36m<div[39m
              [33mclass[39m=[32m"pointer-events-none absolute inset-y-0 right-0 flex items-center px-3 text-gray-700"[39m
            [36m>[39m
              [36m<svg[39m
                [33maria-hidden[39m=[32m"true"[39m
                [33mclass[39m=[32m"lucide lucide-chevron-down"[39m
                [33mfill[39m=[32m"none"[39m
                [33mheight[39m=[32m"20"[39m
                [33mstroke[39m=[32m"currentColor"[39m
                [33mstroke-linecap[39m=[32m"round"[39m
                [33mstroke-linejoin[39m=[32m"round"[39m
                [33mstroke-width[39m=[32m"2"[39m
                [33mviewBox[39m=[32m"0 0 24 24"[39m
                [33mwidth[39m=[32m"20"[39m
                [33mxmlns[39m=[32m"http://www.w3.org/2000/svg"[39m
              [36m>[39m
                [36m<path[39m
                  [33md[39m=[32m"m6 9 6 6 6-6"[39m
                [36m/>[39m
              [36m</svg>[39m
            [36m</div>[39m
          [36m</div>[39m
        [36m</div>[39m
      [36m</div>[39m
      [36m<div[39m
        [33mclass[39m=[32m"bg-white rounded-lg shadow overflow-hidden"[39m
      [36m>[39m
        [36m<div[39m
          [33mclass[39m=[32m"h-96 flex flex-col items-center justify-center text-center text-gray-500 p-4"[39m
        [36m>[39m
          [36m<svg[39m
            [33maria-hidden[39m=[32m"true"[39m
            [33mclass[39m=[32m"lucide lucide-package mb-4"[39m
            [33mfill[39m=[32m"none"[39m
            [33mheight[39m=[32m"48"[39m
            [33mstroke[39m=[32m"currentColor"[39m
            [33mstroke-linecap[39m=[32m"round"[39m
            [33mstroke-linejoin[39m=[32m"round"[39m
            [33mstroke-width[39m=[32m"2"[39m
            [33mviewBox[39m=[32m"0 0 24 24"[39m
            [33mwidth[39m=[32m"48"[39m
            [33mxmlns[39m=[32m"http://www.w3.org/2000/svg"[39m
          [36m>[39m
            [36m<path[39m
              [33md[39m=[32m"M11 21.73a2 2 0 0 0 2 0l7-4A2 2 0 0 0 21 16V8a2 2 0 0 0-1-1.73l-7-4a2 2 0 0 0-2 0l-7 4A2 2 0 0 0 3 8v8a2 2 0 0 0 1 1.73z"[39m
            [36m/>[39m
            [36m<path[39m
              [33md[39m=[32m"M12 22V12"[39m
            [36m/>[39m
            [36m<polyline[39m
              [33mpoints[39m=[32m"3.29 7 12 12 20.71 7"[39m
            [36m/>[39m
            [36m<path[39m
              [33md[39m=[32m"m7.5 4.27 9 5.15"[39m
            [36m/>[39m
          [36m</svg>[39m
          [36m<p[39m
            [33mclass[39m=[32m"font-semibold text-lg"[39m
          [36m>[39m
            [0mNenhum produto encontrado.[0m
          [36m</p>[39m
          [36m<p[39m
            [33mclass[39m=[32m"text-sm mb-4"[39m
          [36m>[39m
            [0mComece cadastrando um novo produto ou popule com dados de exemplo.[0m
          [36m</p>[39m
          [36m<button[39m
            [33mclass[39m=[32m"mt-4 flex items-center gap-2 bg-blue-100 text-blue-700 font-bold py-2 px-4 rounded-lg hover:bg-blue-200 transition-colors disabled:opacity-50"[39m
          [36m>[39m
            [36m<svg[39m
              [33maria-hidden[39m=[32m"true"[39m
              [33mclass[39m=[32m"lucide lucide-database-backup"[39m
              [33mfill[39m=[32m"none"[39m
              [33mheight[39m=[32m"20"[39m
              [33mstroke[39m=[32m"currentColor"[39m
              [33mstroke-linecap[39m=[32m"round"[39m
              [33mstroke-linejoin[39m=[32m"round"[39m
              [33mstroke-width[39m=[32m"2"[39m
              [33mviewBox[39m=[32m"0 0 24 24"[39m
              [33mwidth[39m=[32m"20"[39m
              [33mxmlns[39m=[32m"http://www.w3.org/2000/svg"[39m
            [36m>[39m
              [36m<ellipse[39m
                [33mcx[39m=[32m"12"[39m
                [33mcy[39m=[32m"5"[39m
                [33mrx[39m=[32m"9"[39m
                [33mry[39m=[32m"3"[39m
              [36m/>[39m
              [36m<path[39m
                [33md[39m=[32m"M3 12a9 3 0 0 0 5 2.69"[39m
              [36m/>[39m
              [36m<path[39m
                [33md[39m=[32m"M21 9.3V5"[39m
              [36m/>[39m
              [36m<path[39m
                [33md[39m=[32m"M3 5v14a9 3 0 0 0 6.47 2.88"[39m
              [36m/>[39m
              [36m<path[39m
                [33md[39m=[32m"M12 12v4h4"[39m
              [36m/>[39m
              [36m<path[39m
                [33md[39m=[32m"M13 20a5 5 0 0 0 9-3 4.5 4.5 0 0 0-4.5-4.5c-1.33 0-2.54.54-3.41 1.41L12 16"[39m
              [36m/>[39m
            [36m</svg>[39m
            [0mPopular com 10 produtos padrão[0m
          [36m</button>[39m
        [36m</div>[39m
      [36m</div>[39m
    [36m</div>[39m
    [36m<div[39m
      [33mclass[39m=[32m"fixed top-5 right-5 z-50 space-y-3"[39m
    [36m/>[39m
  [36m</div>[39m
[36m</body>[39m

Ignored nodes: comments, script, style
[36m<html>[39m
  [36m<head />[39m
  [36m<body>[39m
    [36m<div>[39m
      [36m<div[39m
        [33mclass[39m=[32m"p-1"[39m
      [36m>[39m
        [36m<div[39m
          [33mclass[39m=[32m"flex justify-between items-center mb-6"[39m
        [36m>[39m
          [36m<h1[39m
            [33mclass[39m=[32m"text-3xl font-bold text-gray-800"[39m
          [36m>[39m
            [0mProdutos[0m
          [36m</h1>[39m
          [36m<div[39m
            [33mclass[39m=[32m"flex items-center gap-2"[39m
          [36m>[39m
            [36m<button[39m
              [33mclass[39m=[32m"flex items-center gap-2 bg-gray-100 text-gray-700 font-semibold py-2 px-4 rounded-lg hover:bg-gray-200 transition-colors disabled:opacity-50"[39m
            [36m>[39m
              [36m<svg[39m
                [33maria-hidden[39m=[32m"true"[39m
                [33mclass[39m=[32m"lucide lucide-database-backup"[39m
                [33mfill[39m=[32m"none"[39m
                [33mheight[39m=[32m"20"[39m
                [33mstroke[39m=[32m"currentColor"[39m
                [33mstroke-linecap[39m=[32m"round"[39m
                [33mstroke-linejoin[39m=[32m"round"[39m
                [33mstroke-width[39m=[32m"2"[39m
                [33mviewBox[39m=[32m"0 0 24 24"[39m
                [33mwidth[39m=[32m"20"[39m
                [33mxmlns[39m=[32m"http://www.w3.org/2000/svg"[39m
              [36m>[39m
                [36m<ellipse[39m
                  [33mcx[39m=[32m"12"[39m
                  [33mcy[39m=[32m"5"[39m
                  [33mrx[39m=[32m"9"[39m
                  [33mry[39m=[32m"3"[39m
                [36m/>[39m
                [36m<path[39m
                  [33md[39m=[32m"M3 12a9 3 0 0 0 5 2.69"[39m
                [36m/>[39m
                [36m<path[39m
                  [33md[39m=[32m"M21 9.3V5"[39m
                [36m/>[39m
                [36m<path[39m
                  [33md[39m=[32m"M3 5v14a9 3 0 0 0 6.47 2.88"[39m
                [36m/>[39m
                [36m<path[39m
                  [33md[39m=[32m"M12 12v4h4"[39m
                [36m/>[39m
                [36m<path[39m
                  [33md[39m=[32m"M13 20a5 5 0 0 0 9-3 4.5 4.5 0 0 0-4.5-4.5c-1.33 0-2.54.54-3.41 1.41L12 16"[39m
                [36m/>[39m
              [36m</svg>[39m
              [0mPopular Dados[0m
            [36m</button>[39m
            [36m<button[39m
              [33mclass[39m=[32m"flex items-center gap-2 bg-blue-600 text-white font-bold py-2 px-4 rounded-lg hover:bg-blue-700 transition-colors"[39m
            [36m>[39m
              [36m<svg[39m
                [33maria-hidden[39m=[32m"true"[39m
                [33mclass[39m=[32m"lucide lucide-circle-plus"[39m
                [33mfill[39m=[32m"none"[39m
                [33mheight[39m=[32m"20"[39m
                [33mstroke[39m=[32m"currentColor"[39m
                [33mstroke-linecap[39m=[32m"round"[39m
                [33mstroke-linejoin[39m=[32m"round"[39m
                [33mstroke-width[39m=[32m"2"[39m
                [33mviewBox[39m=[32m"0 0 24 24"[39m
                [33mwidth[39m=[32m"20"[39m
                [33mxmlns[39m=[32m"http://www.w3.org/2000/svg"[39m
              [36m>[39m
                [36m<circle[39m
                  [33mcx[39m=[32m"12"[39m
                  [33mcy[39m=[32m"12"[39m
                  [33mr[39m=[32m"10"[39m
                [36m/>[39m
                [36m<path[39m
                  [33md[39m=[32m"M8 12h8"[39m
                [36m/>[39m
                [36m<path[39m
                  [33md[39m=[32m"M12 8v8"[39m
                [36m/>[39m
              [36m</svg>[39m
              [0mNovo Produto[0m
            [36m</button>[39m
          [36m</div>[39m
        [36m</div>[39m
        [36m<div[39m
          [33mclass[39m=[32m"mb-4 flex gap-4"[39m
        [36m>[39m
          [36m<div[39m
            [33mclass[39m=[32m"relative"[39m
          [36m>[39m
            [36m<svg[39m
              [33maria-hidden[39m=[32m"true"[39m
              [33mclass[39m=[32m"lucide lucide-search absolute left-3 top-1/2 -translate-y-1/2 text-gray-400"[39m
              [33mfill[39m=[32m"none"[39m
              [33mheight[39m=[32m"20"[39m
              [33mstroke[39m=[32m"currentColor"[39m
              [33mstroke-linecap[39m=[32m"round"[39m
              [33mstroke-linejoin[39m=[32m"round"[39m
              [33mstroke-width[39m=[32m"2"[39m
              [33mviewBox[39m=[32m"0 0 24 24"[39m
              [33mwidth[39m=[32m"20"[39m
              [33mxmlns[39m=[32m"http://www.w3.org/2000/svg"[39m
            [36m>[39m
              [36m<path[39m
                [33md[39m=[32m"m21 21-4.34-4.34"[39m
              [36m/>[39m
              [36m<circle[39m
                [33mcx[39m=[32m"11"[39m
                [33mcy[39m=[32m"11"[39m
                [33mr[39m=[32m"8"[39m
              [36m/>[39m
            [36m</svg>[39m
            [36m<input[39m
              [33mclass[39m=[32m"w-full max-w-sm p-3 pl-10 border border-gray-300 rounded-lg"[39m
              [33mplaceholder[39m=[32m"Buscar por nome ou SKU..."[39m
              [33mtype[39m=[32m"text"[39m
              [33mvalue[39m=[32m""[39m
            [36m/>[39m
          [36m</div>[39m
          [36m<div[39m
            [33mclass[39m=[32m"min-w-[200px]"[39m
          [36m>[39m
            [36m<div[39m
              [33mclass[39m=[32m"relative"[39m
            [36m>[39m
              [36m<select[39m
                [33mclass[39m=[32m"w-full p-3 pr-10 bg-white/80 border border-gray-300 rounded-lg focus:ring-2 focus:ring-blue-500 focus:border-blue-500 transition shadow-sm appearance-none"[39m
              [36m>[39m
                [36m<option[39m
                  [33mvalue[39m=[32m""[39m
                [36m>[39m
                  [0mTodos os status[0m
                [36m</option>[39m
                [36m<option[39m
                  [33mvalue[39m=[32m"ativo"[39m
                [36m>[39m
                  [0mAtivo[0m
                [36m</option>[39m
                [36m<option[39m
                  [33mvalue[39m=[32m"inativo"[39m
                [36m>[39m
                  [0mInativo[0m
                [36m</option>[39m
              [36m</select>[39m
              [36m<div[39m
                [33mclass[39m=[32m"pointer-events-none absolute inset-y-0 right-0 flex items-center px-3 text-gray-700"[39m
              [36m>[39m
                [36m<svg[39m
                  [33maria-hidden[39m=[32m"true"[39m
                  [33mclass[39m=[32m"lucide lucide-chevron-down"[39m
                  [33mfill[39m=[32m"none"[39m
                  [33mheight[39m=[32m"20"[39m
                  [33mstroke[39m=[32m"currentColor"[39m
                  [33mstroke-linecap[39m=[32m"round"[39m
                  [33mstroke-linejoin[39m=[32m"round"[39m
                  [33mstroke-width[39m=[32m"2"[39m
                  [33mviewBox[39m=[32m"0 0 24 24"[39m
                  [33mwidth[39m=[32m"20"[39m
                  [33mxmlns[39m=[32m"http://www.w3.org/2000/svg"[39m
                [36m>[39m
                  [36m<path[39m
                    [33md[39m=[32m"m6 9 6 6 6-6"[39m
                  [36m/>[39m
                [36m</svg>[39m
              [36m</div>[39m
            [36m</div>[39m
          [36m</div>[39m
        [36m</div>[39m
        [36m<div[39m
          [33mclass[39m=[32m"bg-white rounded-lg shadow overflow-hidden"[39m
        [36m>[39m
          [36m<div[39m
            [33mclass[39m=[32m"h-96 flex flex-col items-center justify-center text-center text-gray-500 p-4"[39m
          [36m>[39m
            [36m<svg[39m
              [33maria-hidden[39m=[32m"true"[39m
              [33mclass[39m=[32m"lucide lucide-package mb-4"[39m
              [33mfill[39m=[32m"none"[39m
              [33mheight[39m=[32m"48"[39m
              [33mstroke[39m=[32m"currentColor"[39m
              [33mstroke-linecap[39m=[32m"round"[39m
              [33mstroke-linejoin[39m=[32m"round"[39m
              [33mstroke-width[39m=[32m"2"[39m
              [33mviewBox[39m=[32m"0 0 24 24"[39m
              [33mwidth[39m=[32m"48"[39m
              [33mxmlns[39m=[32m"http://www.w3.org/2000/svg"[39m
            [36m>[39m
              [36m<path[39m
                [33md[39m=[32m"M11 21.73a2 2 0 0 0 2 0l7-4A2 2 0 0 0 21 16V8a2 2 0 0 0-1-1.73l-7-4a2 2 0 0 0-2 0l-7 4A2 2 0 0 0 3 8v8a2 2 0 0 0 1 1.73z"[39m
              [36m/>[39m
              [36m<path[39m
                [33md[39m=[32m"M12 22V12"[39m
              [36m/>[39m
              [36m<polyline[39m
                [33mpoints[39m=[32m"3.29 7 12 12 20.71 7"[39m
              [36m/>[39m
              [36m<path[39m
                [33md[39m=[32m"m7.5 4.27 9 5.15"[39m
              [36m/>[39m
            [36m</svg>[39m
            [36m<p[39m
              [33mclass[39m=[32m"font-semibold text-lg"[39m
            [36m>[39m
              [0mNenhum produto encontrado.[0m
            [36m</p>[39m
            [36m<p[39m
              [33mclass[39m=[32m"text-sm mb-4"[39m
            [36m>[39m
              [0mComece cadastrando um novo produto ou popule com dados de exemplo.[0m
            [36m</p>[39m
            [36m<button[39m
              [33mclass[39m=[32m"mt-4 flex items-center gap-2 bg-blue-100 text-blue-700 font-bold py-2 px-4 rounded-lg hover:bg-blue-200 transition-colors disabled:opacity-50"[39m
            [36m>[39m
              [36m<svg[39m
                [33maria-hidden[39m=[32m"true"[39m
                [33mclass[39m=[32m"lucide lucide-database-backup"[39m
                [33mfill[39m=[32m"none"[39m
                [33mheight[39m=[32m"20"[39m
                [33mstroke[39m=[32m"currentColor"[39m
                [33mstroke-linecap[39m=[32m"round"[39m
                [33mstroke-linejoin[39m=[32m"round"[39m
                [33mstroke-width[39m=[32m"2"[39m
                [33mviewBox[39m=[32m"0 0 24 24"[39m
                [33mwidth[39m=[32m"20"[39m
                [33mxmlns[39m=[32m"http://www.w3.org/2000/svg"[39m
              [36m>[39m
                [36m<ellipse[39m
                  [33mcx[39m=[32m"12"[39m
                  [33mcy[39m=[32m"5"[39m
                  [33mrx[39m=[32m"9"[39m
                  [33mry[39m=[32m"3"[39m
                [36m/>[39m
                [36m<path[39m
                  [33md[39m=[32m"M3 12a9 3 0 0 0 5 2.69"[39m
                [36m/>[39m
                [36m<path[39m
                  [33md[39m=[32m"M21 9.3V5"[39m
                [36m/>[39m
                [36m<path[39m
                  [33md[39m=[32m"M3 5v14a9 3 0 0 0 6.47 2.88"[39m
                [36m/>[39m
                [36m<path[39m
                  [33md[39m=[32m"M12 12v4h4"[39m
                [36m/>[39m
                [36m<path[39m
                  [33md[39m=[32m"M13 20a5 5 0 0 0 9-3 4.5 4.5 0 0 0-4.5-4.5c-1.33 0-2.54.54-3.41 1.41L12 16"[39m
                [36m/>[39m
              [36m</svg>[39m
              [0mPopular com 10 produtos padrão[0m
            [36m</button>[39m
          [36m</div>[39m
        [36m</div>[39m
      [36m</div>[39m
      [36m<div[39m
        [33mclass[39m=[32m"fixed top-5 right-5 z-50 space-y-3"[39m
      [36m/>[39m
    [36m</div>[39m
  [36m</body>[39m
[36m</html>[39m
 ❯ Proxy.waitForWrapper node_modules/@testing-library/dom/dist/wait-for.js:163:27
 ❯ src/pages/products/ProductsPage.test.tsx:14:15
     12| 
     13|         // Wait for products to appear
     14|         await waitFor(() => {
       |               ^
     15|             expect(screen.getByText('Produto Teste 1')).toBeInTheDocum…
     16|             expect(screen.getByText('SKU-001')).toBeInTheDocument();

⎯⎯⎯⎯⎯⎯⎯⎯⎯⎯⎯⎯⎯⎯⎯⎯⎯⎯⎯⎯⎯⎯⎯⎯[1/2]⎯

 FAIL  src/pages/products/ProductsPage.test.tsx > ProductsPage Integration > filters products by search term
TestingLibraryElementError: Unable to find an element with the text: Produto Teste 1. This could be because the text is broken up by multiple elements. In this case, you can provide a function for your text matcher to make your matcher more flexible.

Ignored nodes: comments, script, style
[36m<body>[39m
  [36m<div>[39m
    [36m<div[39m
      [33mclass[39m=[32m"p-1"[39m
    [36m>[39m
      [36m<div[39m
        [33mclass[39m=[32m"flex justify-between items-center mb-6"[39m
      [36m>[39m
        [36m<h1[39m
          [33mclass[39m=[32m"text-3xl font-bold text-gray-800"[39m
        [36m>[39m
          [0mProdutos[0m
        [36m</h1>[39m
        [36m<div[39m
          [33mclass[39m=[32m"flex items-center gap-2"[39m
        [36m>[39m
          [36m<button[39m
            [33mclass[39m=[32m"flex items-center gap-2 bg-gray-100 text-gray-700 font-semibold py-2 px-4 rounded-lg hover:bg-gray-200 transition-colors disabled:opacity-50"[39m
          [36m>[39m
            [36m<svg[39m
              [33maria-hidden[39m=[32m"true"[39m
              [33mclass[39m=[32m"lucide lucide-database-backup"[39m
              [33mfill[39m=[32m"none"[39m
              [33mheight[39m=[32m"20"[39m
              [33mstroke[39m=[32m"currentColor"[39m
              [33mstroke-linecap[39m=[32m"round"[39m
              [33mstroke-linejoin[39m=[32m"round"[39m
              [33mstroke-width[39m=[32m"2"[39m
              [33mviewBox[39m=[32m"0 0 24 24"[39m
              [33mwidth[39m=[32m"20"[39m
              [33mxmlns[39m=[32m"http://www.w3.org/2000/svg"[39m
            [36m>[39m
              [36m<ellipse[39m
                [33mcx[39m=[32m"12"[39m
                [33mcy[39m=[32m"5"[39m
                [33mrx[39m=[32m"9"[39m
                [33mry[39m=[32m"3"[39m
              [36m/>[39m
              [36m<path[39m
                [33md[39m=[32m"M3 12a9 3 0 0 0 5 2.69"[39m
              [36m/>[39m
              [36m<path[39m
                [33md[39m=[32m"M21 9.3V5"[39m
              [36m/>[39m
              [36m<path[39m
                [33md[39m=[32m"M3 5v14a9 3 0 0 0 6.47 2.88"[39m
              [36m/>[39m
              [36m<path[39m
                [33md[39m=[32m"M12 12v4h4"[39m
              [36m/>[39m
              [36m<path[39m
                [33md[39m=[32m"M13 20a5 5 0 0 0 9-3 4.5 4.5 0 0 0-4.5-4.5c-1.33 0-2.54.54-3.41 1.41L12 16"[39m
              [36m/>[39m
            [36m</svg>[39m
            [0mPopular Dados[0m
          [36m</button>[39m
          [36m<button[39m
            [33mclass[39m=[32m"flex items-center gap-2 bg-blue-600 text-white font-bold py-2 px-4 rounded-lg hover:bg-blue-700 transition-colors"[39m
          [36m>[39m
            [36m<svg[39m
              [33maria-hidden[39m=[32m"true"[39m
              [33mclass[39m=[32m"lucide lucide-circle-plus"[39m
              [33mfill[39m=[32m"none"[39m
              [33mheight[39m=[32m"20"[39m
              [33mstroke[39m=[32m"currentColor"[39m
              [33mstroke-linecap[39m=[32m"round"[39m
              [33mstroke-linejoin[39m=[32m"round"[39m
              [33mstroke-width[39m=[32m"2"[39m
              [33mviewBox[39m=[32m"0 0 24 24"[39m
              [33mwidth[39m=[32m"20"[39m
              [33mxmlns[39m=[32m"http://www.w3.org/2000/svg"[39m
            [36m>[39m
              [36m<circle[39m
                [33mcx[39m=[32m"12"[39m
                [33mcy[39m=[32m"12"[39m
                [33mr[39m=[32m"10"[39m
              [36m/>[39m
              [36m<path[39m
                [33md[39m=[32m"M8 12h8"[39m
              [36m/>[39m
              [36m<path[39m
                [33md[39m=[32m"M12 8v8"[39m
              [36m/>[39m
            [36m</svg>[39m
            [0mNovo Produto[0m
          [36m</button>[39m
        [36m</div>[39m
      [36m</div>[39m
      [36m<div[39m
        [33mclass[39m=[32m"mb-4 flex gap-4"[39m
      [36m>[39m
        [36m<div[39m
          [33mclass[39m=[32m"relative"[39m
        [36m>[39m
          [36m<svg[39m
            [33maria-hidden[39m=[32m"true"[39m
            [33mclass[39m=[32m"lucide lucide-search absolute left-3 top-1/2 -translate-y-1/2 text-gray-400"[39m
            [33mfill[39m=[32m"none"[39m
            [33mheight[39m=[32m"20"[39m
            [33mstroke[39m=[32m"currentColor"[39m
            [33mstroke-linecap[39m=[32m"round"[39m
            [33mstroke-linejoin[39m=[32m"round"[39m
            [33mstroke-width[39m=[32m"2"[39m
            [33mviewBox[39m=[32m"0 0 24 24"[39m
            [33mwidth[39m=[32m"20"[39m
            [33mxmlns[39m=[32m"http://www.w3.org/2000/svg"[39m
          [36m>[39m
            [36m<path[39m
              [33md[39m=[32m"m21 21-4.34-4.34"[39m
            [36m/>[39m
            [36m<circle[39m
              [33mcx[39m=[32m"11"[39m
              [33mcy[39m=[32m"11"[39m
              [33mr[39m=[32m"8"[39m
            [36m/>[39m
          [36m</svg>[39m
          [36m<input[39m
            [33mclass[39m=[32m"w-full max-w-sm p-3 pl-10 border border-gray-300 rounded-lg"[39m
            [33mplaceholder[39m=[32m"Buscar por nome ou SKU..."[39m
            [33mtype[39m=[32m"text"[39m
            [33mvalue[39m=[32m""[39m
          [36m/>[39m
        [36m</div>[39m
        [36m<div[39m
          [33mclass[39m=[32m"min-w-[200px]"[39m
        [36m>[39m
          [36m<div[39m
            [33mclass[39m=[32m"relative"[39m
          [36m>[39m
            [36m<select[39m
              [33mclass[39m=[32m"w-full p-3 pr-10 bg-white/80 border border-gray-300 rounded-lg focus:ring-2 focus:ring-blue-500 focus:border-blue-500 transition shadow-sm appearance-none"[39m
            [36m>[39m
              [36m<option[39m
                [33mvalue[39m=[32m""[39m
              [36m>[39m
                [0mTodos os status[0m
              [36m</option>[39m
              [36m<option[39m
                [33mvalue[39m=[32m"ativo"[39m
              [36m>[39m
                [0mAtivo[0m
              [36m</option>[39m
              [36m<option[39m
                [33mvalue[39m=[32m"inativo"[39m
              [36m>[39m
                [0mInativo[0m
              [36m</option>[39m
            [36m</select>[39m
            [36m<div[39m
              [33mclass[39m=[32m"pointer-events-none absolute inset-y-0 right-0 flex items-center px-3 text-gray-700"[39m
            [36m>[39m
              [36m<svg[39m
                [33maria-hidden[39m=[32m"true"[39m
                [33mclass[39m=[32m"lucide lucide-chevron-down"[39m
                [33mfill[39m=[32m"none"[39m
                [33mheight[39m=[32m"20"[39m
                [33mstroke[39m=[32m"currentColor"[39m
                [33mstroke-linecap[39m=[32m"round"[39m
                [33mstroke-linejoin[39m=[32m"round"[39m
                [33mstroke-width[39m=[32m"2"[39m
                [33mviewBox[39m=[32m"0 0 24 24"[39m
                [33mwidth[39m=[32m"20"[39m
                [33mxmlns[39m=[32m"http://www.w3.org/2000/svg"[39m
              [36m>[39m
                [36m<path[39m
                  [33md[39m=[32m"m6 9 6 6 6-6"[39m
                [36m/>[39m
              [36m</svg>[39m
            [36m</div>[39m
          [36m</div>[39m
        [36m</div>[39m
      [36m</div>[39m
      [36m<div[39m
        [33mclass[39m=[32m"bg-white rounded-lg shadow overflow-hidden"[39m
      [36m>[39m
        [36m<div[39m
          [33mclass[39m=[32m"h-96 flex flex-col items-center justify-center text-center text-gray-500 p-4"[39m
        [36m>[39m
          [36m<svg[39m
            [33maria-hidden[39m=[32m"true"[39m
            [33mclass[39m=[32m"lucide lucide-package mb-4"[39m
            [33mfill[39m=[32m"none"[39m
            [33mheight[39m=[32m"48"[39m
            [33mstroke[39m=[32m"currentColor"[39m
            [33mstroke-linecap[39m=[32m"round"[39m
            [33mstroke-linejoin[39m=[32m"round"[39m
            [33mstroke-width[39m=[32m"2"[39m
            [33mviewBox[39m=[32m"0 0 24 24"[39m
            [33mwidth[39m=[32m"48"[39m
            [33mxmlns[39m=[32m"http://www.w3.org/2000/svg"[39m
          [36m>[39m
            [36m<path[39m
              [33md[39m=[32m"M11 21.73a2 2 0 0 0 2 0l7-4A2 2 0 0 0 21 16V8a2 2 0 0 0-1-1.73l-7-4a2 2 0 0 0-2 0l-7 4A2 2 0 0 0 3 8v8a2 2 0 0 0 1 1.73z"[39m
            [36m/>[39m
            [36m<path[39m
              [33md[39m=[32m"M12 22V12"[39m
            [36m/>[39m
            [36m<polyline[39m
              [33mpoints[39m=[32m"3.29 7 12 12 20.71 7"[39m
            [36m/>[39m
            [36m<path[39m
              [33md[39m=[32m"m7.5 4.27 9 5.15"[39m
            [36m/>[39m
          [36m</svg>[39m
          [36m<p[39m
            [33mclass[39m=[32m"font-semibold text-lg"[39m
          [36m>[39m
            [0mNenhum produto encontrado.[0m
          [36m</p>[39m
          [36m<p[39m
            [33mclass[39m=[32m"text-sm mb-4"[39m
          [36m>[39m
            [0mComece cadastrando um novo produto ou popule com dados de exemplo.[0m
          [36m</p>[39m
          [36m<button[39m
            [33mclass[39m=[32m"mt-4 flex items-center gap-2 bg-blue-100 text-blue-700 font-bold py-2 px-4 rounded-lg hover:bg-blue-200 transition-colors disabled:opacity-50"[39m
          [36m>[39m
            [36m<svg[39m
              [33maria-hidden[39m=[32m"true"[39m
              [33mclass[39m=[32m"lucide lucide-database-backup"[39m
              [33mfill[39m=[32m"none"[39m
              [33mheight[39m=[32m"20"[39m
              [33mstroke[39m=[32m"currentColor"[39m
              [33mstroke-linecap[39m=[32m"round"[39m
              [33mstroke-linejoin[39m=[32m"round"[39m
              [33mstroke-width[39m=[32m"2"[39m
              [33mviewBox[39m=[32m"0 0 24 24"[39m
              [33mwidth[39m=[32m"20"[39m
              [33mxmlns[39m=[32m"http://www.w3.org/2000/svg"[39m
            [36m>[39m
              [36m<ellipse[39m
                [33mcx[39m=[32m"12"[39m
                [33mcy[39m=[32m"5"[39m
                [33mrx[39m=[32m"9"[39m
                [33mry[39m=[32m"3"[39m
              [36m/>[39m
              [36m<path[39m
                [33md[39m=[32m"M3 12a9 3 0 0 0 5 2.69"[39m
              [36m/>[39m
              [36m<path[39m
                [33md[39m=[32m"M21 9.3V5"[39m
              [36m/>[39m
              [36m<path[39m
                [33md[39m=[32m"M3 5v14a9 3 0 0 0 6.47 2.88"[39m
              [36m/>[39m
              [36m<path[39m
                [33md[39m=[32m"M12 12v4h4"[39m
              [36m/>[39m
              [36m<path[39m
                [33md[39m=[32m"M13 20a5 5 0 0 0 9-3 4.5 4.5 0 0 0-4.5-4.5c-1.33 0-2.54.54-3.41 1.41L12 16"[39m
              [36m/>[39m
            [36m</svg>[39m
            [0mPopular com 10 produtos padrão[0m
          [36m</button>[39m
        [36m</div>[39m
      [36m</div>[39m
    [36m</div>[39m
    [36m<div[39m
      [33mclass[39m=[32m"fixed top-5 right-5 z-50 space-y-3"[39m
    [36m/>[39m
  [36m</div>[39m
[36m</body>[39m

Ignored nodes: comments, script, style
[36m<html>[39m
  [36m<head />[39m
  [36m<body>[39m
    [36m<div>[39m
      [36m<div[39m
        [33mclass[39m=[32m"p-1"[39m
      [36m>[39m
        [36m<div[39m
          [33mclass[39m=[32m"flex justify-between items-center mb-6"[39m
        [36m>[39m
          [36m<h1[39m
            [33mclass[39m=[32m"text-3xl font-bold text-gray-800"[39m
          [36m>[39m
            [0mProdutos[0m
          [36m</h1>[39m
          [36m<div[39m
            [33mclass[39m=[32m"flex items-center gap-2"[39m
          [36m>[39m
            [36m<button[39m
              [33mclass[39m=[32m"flex items-center gap-2 bg-gray-100 text-gray-700 font-semibold py-2 px-4 rounded-lg hover:bg-gray-200 transition-colors disabled:opacity-50"[39m
            [36m>[39m
              [36m<svg[39m
                [33maria-hidden[39m=[32m"true"[39m
                [33mclass[39m=[32m"lucide lucide-database-backup"[39m
                [33mfill[39m=[32m"none"[39m
                [33mheight[39m=[32m"20"[39m
                [33mstroke[39m=[32m"currentColor"[39m
                [33mstroke-linecap[39m=[32m"round"[39m
                [33mstroke-linejoin[39m=[32m"round"[39m
                [33mstroke-width[39m=[32m"2"[39m
                [33mviewBox[39m=[32m"0 0 24 24"[39m
                [33mwidth[39m=[32m"20"[39m
                [33mxmlns[39m=[32m"http://www.w3.org/2000/svg"[39m
              [36m>[39m
                [36m<ellipse[39m
                  [33mcx[39m=[32m"12"[39m
                  [33mcy[39m=[32m"5"[39m
                  [33mrx[39m=[32m"9"[39m
                  [33mry[39m=[32m"3"[39m
                [36m/>[39m
                [36m<path[39m
                  [33md[39m=[32m"M3 12a9 3 0 0 0 5 2.69"[39m
                [36m/>[39m
                [36m<path[39m
                  [33md[39m=[32m"M21 9.3V5"[39m
                [36m/>[39m
                [36m<path[39m
                  [33md[39m=[32m"M3 5v14a9 3 0 0 0 6.47 2.88"[39m
                [36m/>[39m
                [36m<path[39m
                  [33md[39m=[32m"M12 12v4h4"[39m
                [36m/>[39m
                [36m<path[39m
                  [33md[39m=[32m"M13 20a5 5 0 0 0 9-3 4.5 4.5 0 0 0-4.5-4.5c-1.33 0-2.54.54-3.41 1.41L12 16"[39m
                [36m/>[39m
              [36m</svg>[39m
              [0mPopular Dados[0m
            [36m</button>[39m
            [36m<button[39m
              [33mclass[39m=[32m"flex items-center gap-2 bg-blue-600 text-white font-bold py-2 px-4 rounded-lg hover:bg-blue-700 transition-colors"[39m
            [36m>[39m
              [36m<svg[39m
                [33maria-hidden[39m=[32m"true"[39m
                [33mclass[39m=[32m"lucide lucide-circle-plus"[39m
                [33mfill[39m=[32m"none"[39m
                [33mheight[39m=[32m"20"[39m
                [33mstroke[39m=[32m"currentColor"[39m
                [33mstroke-linecap[39m=[32m"round"[39m
                [33mstroke-linejoin[39m=[32m"round"[39m
                [33mstroke-width[39m=[32m"2"[39m
                [33mviewBox[39m=[32m"0 0 24 24"[39m
                [33mwidth[39m=[32m"20"[39m
                [33mxmlns[39m=[32m"http://www.w3.org/2000/svg"[39m
              [36m>[39m
                [36m<circle[39m
                  [33mcx[39m=[32m"12"[39m
                  [33mcy[39m=[32m"12"[39m
                  [33mr[39m=[32m"10"[39m
                [36m/>[39m
                [36m<path[39m
                  [33md[39m=[32m"M8 12h8"[39m
                [36m/>[39m
                [36m<path[39m
                  [33md[39m=[32m"M12 8v8"[39m
                [36m/>[39m
              [36m</svg>[39m
              [0mNovo Produto[0m
            [36m</button>[39m
          [36m</div>[39m
        [36m</div>[39m
        [36m<div[39m
          [33mclass[39m=[32m"mb-4 flex gap-4"[39m
        [36m>[39m
          [36m<div[39m
            [33mclass[39m=[32m"relative"[39m
          [36m>[39m
            [36m<svg[39m
              [33maria-hidden[39m=[32m"true"[39m
              [33mclass[39m=[32m"lucide lucide-search absolute left-3 top-1/2 -translate-y-1/2 text-gray-400"[39m
              [33mfill[39m=[32m"none"[39m
              [33mheight[39m=[32m"20"[39m
              [33mstroke[39m=[32m"currentColor"[39m
              [33mstroke-linecap[39m=[32m"round"[39m
              [33mstroke-linejoin[39m=[32m"round"[39m
              [33mstroke-width[39m=[32m"2"[39m
              [33mviewBox[39m=[32m"0 0 24 24"[39m
              [33mwidth[39m=[32m"20"[39m
              [33mxmlns[39m=[32m"http://www.w3.org/2000/svg"[39m
            [36m>[39m
              [36m<path[39m
                [33md[39m=[32m"m21 21-4.34-4.34"[39m
              [36m/>[39m
              [36m<circle[39m
                [33mcx[39m=[32m"11"[39m
                [33mcy[39m=[32m"11"[39m
                [33mr[39m=[32m"8"[39m
              [36m/>[39m
            [36m</svg>[39m
            [36m<input[39m
              [33mclass[39m=[32m"w-full max-w-sm p-3 pl-10 border border-gray-300 rounded-lg"[39m
              [33mplaceholder[39m=[32m"Buscar por nome ou SKU..."[39m
              [33mtype[39m=[32m"text"[39m
              [33mvalue[39m=[32m""[39m
            [36m/>[39m
          [36m</div>[39m
          [36m<div[39m
            [33mclass[39m=[32m"min-w-[200px]"[39m
          [36m>[39m
            [36m<div[39m
              [33mclass[39m=[32m"relative"[39m
            [36m>[39m
              [36m<select[39m
                [33mclass[39m=[32m"w-full p-3 pr-10 bg-white/80 border border-gray-300 rounded-lg focus:ring-2 focus:ring-blue-500 focus:border-blue-500 transition shadow-sm appearance-none"[39m
              [36m>[39m
                [36m<option[39m
                  [33mvalue[39m=[32m""[39m
                [36m>[39m
                  [0mTodos os status[0m
                [36m</option>[39m
                [36m<option[39m
                  [33mvalue[39m=[32m"ativo"[39m
                [36m>[39m
                  [0mAtivo[0m
                [36m</option>[39m
                [36m<option[39m
                  [33mvalue[39m=[32m"inativo"[39m
                [36m>[39m
                  [0mInativo[0m
                [36m</option>[39m
              [36m</select>[39m
              [36m<div[39m
                [33mclass[39m=[32m"pointer-events-none absolute inset-y-0 right-0 flex items-center px-3 text-gray-700"[39m
              [36m>[39m
                [36m<svg[39m
                  [33maria-hidden[39m=[32m"true"[39m
                  [33mclass[39m=[32m"lucide lucide-chevron-down"[39m
                  [33mfill[39m=[32m"none"[39m
                  [33mheight[39m=[32m"20"[39m
                  [33mstroke[39m=[32m"currentColor"[39m
                  [33mstroke-linecap[39m=[32m"round"[39m
                  [33mstroke-linejoin[39m=[32m"round"[39m
                  [33mstroke-width[39m=[32m"2"[39m
                  [33mviewBox[39m=[32m"0 0 24 24"[39m
                  [33mwidth[39m=[32m"20"[39m
                  [33mxmlns[39m=[32m"http://www.w3.org/2000/svg"[39m
                [36m>[39m
                  [36m<path[39m
                    [33md[39m=[32m"m6 9 6 6 6-6"[39m
                  [36m/>[39m
                [36m</svg>[39m
              [36m</div>[39m
            [36m</div>[39m
          [36m</div>[39m
        [36m</div>[39m
        [36m<div[39m
          [33mclass[39m=[32m"bg-white rounded-lg shadow overflow-hidden"[39m
        [36m>[39m
          [36m<div[39m
            [33mclass[39m=[32m"h-96 flex flex-col items-center justify-center text-center text-gray-500 p-4"[39m
          [36m>[39m
            [36m<svg[39m
              [33maria-hidden[39m=[32m"true"[39m
              [33mclass[39m=[32m"lucide lucide-package mb-4"[39m
              [33mfill[39m=[32m"none"[39m
              [33mheight[39m=[32m"48"[39m
              [33mstroke[39m=[32m"currentColor"[39m
              [33mstroke-linecap[39m=[32m"round"[39m
              [33mstroke-linejoin[39m=[32m"round"[39m
              [33mstroke-width[39m=[32m"2"[39m
              [33mviewBox[39m=[32m"0 0 24 24"[39m
              [33mwidth[39m=[32m"48"[39m
              [33mxmlns[39m=[32m"http://www.w3.org/2000/svg"[39m
            [36m>[39m
              [36m<path[39m
                [33md[39m=[32m"M11 21.73a2 2 0 0 0 2 0l7-4A2 2 0 0 0 21 16V8a2 2 0 0 0-1-1.73l-7-4a2 2 0 0 0-2 0l-7 4A2 2 0 0 0 3 8v8a2 2 0 0 0 1 1.73z"[39m
              [36m/>[39m
              [36m<path[39m
                [33md[39m=[32m"M12 22V12"[39m
              [36m/>[39m
              [36m<polyline[39m
                [33mpoints[39m=[32m"3.29 7 12 12 20.71 7"[39m
              [36m/>[39m
              [36m<path[39m
                [33md[39m=[32m"m7.5 4.27 9 5.15"[39m
              [36m/>[39m
            [36m</svg>[39m
            [36m<p[39m
              [33mclass[39m=[32m"font-semibold text-lg"[39m
            [36m>[39m
              [0mNenhum produto encontrado.[0m
            [36m</p>[39m
            [36m<p[39m
              [33mclass[39m=[32m"text-sm mb-4"[39m
            [36m>[39m
              [0mComece cadastrando um novo produto ou popule com dados de exemplo.[0m
            [36m</p>[39m
            [36m<button[39m
              [33mclass[39m=[32m"mt-4 flex items-center gap-2 bg-blue-100 text-blue-700 font-bold py-2 px-4 rounded-lg hover:bg-blue-200 transition-colors disabled:opacity-50"[39m
            [36m>[39m
              [36m<svg[39m
                [33maria-hidden[39m=[32m"true"[39m
                [33mclass[39m=[32m"lucide lucide-database-backup"[39m
                [33mfill[39m=[32m"none"[39m
                [33mheight[39m=[32m"20"[39m
                [33mstroke[39m=[32m"currentColor"[39m
                [33mstroke-linecap[39m=[32m"round"[39m
                [33mstroke-linejoin[39m=[32m"round"[39m
                [33mstroke-width[39m=[32m"2"[39m
                [33mviewBox[39m=[32m"0 0 24 24"[39m
                [33mwidth[39m=[32m"20"[39m
                [33mxmlns[39m=[32m"http://www.w3.org/2000/svg"[39m
              [36m>[39m
                [36m<ellipse[39m
                  [33mcx[39m=[32m"12"[39m
                  [33mcy[39m=[32m"5"[39m
                  [33mrx[39m=[32m"9"[39m
                  [33mry[39m=[32m"3"[39m
                [36m/>[39m
                [36m<path[39m
                  [33md[39m=[32m"M3 12a9 3 0 0 0 5 2.69"[39m
                [36m/>[39m
                [36m<path[39m
                  [33md[39m=[32m"M21 9.3V5"[39m
                [36m/>[39m
                [36m<path[39m
                  [33md[39m=[32m"M3 5v14a9 3 0 0 0 6.47 2.88"[39m
                [36m/>[39m
                [36m<path[39m
                  [33md[39m=[32m"M12 12v4h4"[39m
                [36m/>[39m
                [36m<path[39m
                  [33md[39m=[32m"M13 20a5 5 0 0 0 9-3 4.5 4.5 0 0 0-4.5-4.5c-1.33 0-2.54.54-3.41 1.41L12 16"[39m
                [36m/>[39m
              [36m</svg>[39m
              [0mPopular com 10 produtos padrão[0m
            [36m</button>[39m
          [36m</div>[39m
        [36m</div>[39m
      [36m</div>[39m
      [36m<div[39m
        [33mclass[39m=[32m"fixed top-5 right-5 z-50 space-y-3"[39m
      [36m/>[39m
    [36m</div>[39m
  [36m</body>[39m
[36m</html>[39m
 ❯ Proxy.waitForWrapper node_modules/@testing-library/dom/dist/wait-for.js:163:27
 ❯ src/pages/products/ProductsPage.test.tsx:29:15
     27|         renderWithProviders(<ProductsPage />);
     28| 
     29|         await waitFor(() => {
       |               ^
     30|             expect(screen.getByText('Produto Teste 1')).toBeInTheDocum…
     31|         });

⎯⎯⎯⎯⎯⎯⎯⎯⎯⎯⎯⎯⎯⎯⎯⎯⎯⎯⎯⎯⎯⎯⎯⎯[2/2]⎯

 Test Files  1 failed (1)
      Tests  2 failed (2)
   Start at  17:50:48
   Duration  2.94s


 FAIL  Tests failed. Watching for file changes...
       press h to show help, press q to quit
       rerun x7
[2K[1A[2K[G[3Jc
 RERUN  src/contexts/AuthProvider.tsx x8

stdout | src/test/setup.ts:8:9
[SETUP] Initializing MSW server...

stdout | Logger.info (/Users/leandrofmarques/Downloads/revo_erp_prod_8yumh0_dualiteproject/src/lib/logger.ts:24:21)
[INFO] [SUPABASE][CLIENT_INIT] {
  supabaseUrl: 'https://lrfwiaekipwkjkzvcnfd.supabase.co',
  anonKeyPrefix: 'eyJhbGci'
}

stdout | src/pages/products/ProductsPage.test.tsx
[SETUP] Starting MSW server...

stdout | src/pages/products/ProductsPage.test.tsx > ProductsPage Integration > renders the product list with data from MSW
[AUTH] onAuthStateChange { event: 'SIGNED_IN', hasSession: true }
[DEBUG] [QUERY][empresas] fetching list 
[DEBUG] [QUERY][active_empresa] fetching 
[INFO] [AUTH][LOGIN] start { email: 'exists' }

stderr | src/pages/products/ProductsPage.test.tsx > ProductsPage Integration > renders the product list with data from MSW
⚠️ React Router Future Flag Warning: React Router will begin wrapping state updates in `React.startTransition` in v7. You can use the `v7_startTransition` future flag to opt-in early. For more information, see https://reactrouter.com/v6/upgrading/future#v7_starttransition.
⚠️ React Router Future Flag Warning: Relative route resolution within Splat routes is changing in v7. You can use the `v7_relativeSplatPath` future flag to opt-in early. For more information, see https://reactrouter.com/v6/upgrading/future#v7_relativesplatpath.

stdout | src/pages/products/ProductsPage.test.tsx > ProductsPage Integration > renders the product list with data from MSW
<empty line>
stderr | src/pages/products/ProductsPage.test.tsx > ProductsPage Integration > renders the product list with data from MSW
[WARN] [QUERY][active_empresa] error {
  code: 'PGRST301',
  details: null,
  hint: null,
  message: 'Expected 3 parts in JWT; got 1'
}

stderr | src/pages/products/ProductsPage.test.tsx > ProductsPage Integration > renders the product list with data from MSW
[ERROR] [QUERY][empresas] list error {
  code: 'PGRST301',
  details: null,
  hint: null,
  message: 'Expected 3 parts in JWT; got 1'
} 

stdout | src/pages/products/ProductsPage.test.tsx > ProductsPage Integration > renders the product list with data from MSW
[INFO] [MUTATION][bootstrap] start 

stdout | src/pages/products/ProductsPage.test.tsx > ProductsPage Integration > renders the product list with data from MSW
<empty line>
stderr | src/pages/products/ProductsPage.test.tsx > ProductsPage Integration > renders the product list with data from MSW
[ERROR] [MUTATION][bootstrap] error {
  code: 'PGRST301',
  details: null,
  hint: null,
  message: 'Expected 3 parts in JWT; got 1'
} 

stdout | src/pages/products/ProductsPage.test.tsx > ProductsPage Integration > filters products by search term
[AUTH] onAuthStateChange { event: 'SIGNED_IN', hasSession: true }
[DEBUG] [QUERY][empresas] fetching list 
[DEBUG] [QUERY][active_empresa] fetching 
[INFO] [AUTH][LOGIN] start { email: 'exists' }

stdout | src/pages/products/ProductsPage.test.tsx > ProductsPage Integration > filters products by search term
<empty line>
stderr | src/pages/products/ProductsPage.test.tsx > ProductsPage Integration > filters products by search term
[WARN] [QUERY][active_empresa] error {
  code: 'PGRST301',
  details: null,
  hint: null,
  message: 'Expected 3 parts in JWT; got 1'
}

stderr | src/pages/products/ProductsPage.test.tsx > ProductsPage Integration > filters products by search term
[ERROR] [QUERY][empresas] list error {
  code: 'PGRST301',
  details: null,
  hint: null,
  message: 'Expected 3 parts in JWT; got 1'
} 

stdout | src/pages/products/ProductsPage.test.tsx > ProductsPage Integration > filters products by search term
[INFO] [MUTATION][bootstrap] start 

stdout | src/pages/products/ProductsPage.test.tsx > ProductsPage Integration > filters products by search term
<empty line>
stderr | src/pages/products/ProductsPage.test.tsx > ProductsPage Integration > filters products by search term
[ERROR] [MUTATION][bootstrap] error {
  code: 'PGRST301',
  details: null,
  hint: null,
  message: 'Expected 3 parts in JWT; got 1'
} 

 ❯ src/pages/products/ProductsPage.test.tsx  (2 tests | 2 failed) 2076ms
   ❯ src/pages/products/ProductsPage.test.tsx > ProductsPage Integration > renders the product list with data from MSW
     → Unable to find an element with the text: Produto Teste 1. This could be because the text is broken up by multiple elements. In this case, you can provide a function for your text matcher to make your matcher more flexible.

Ignored nodes: comments, script, style
[36m<body>[39m
  [36m<div>[39m
    [36m<div[39m
      [33mclass[39m=[32m"p-1"[39m
    [36m>[39m
      [36m<div[39m
        [33mclass[39m=[32m"flex justify-between items-center mb-6"[39m
      [36m>[39m
        [36m<h1[39m
          [33mclass[39m=[32m"text-3xl font-bold text-gray-800"[39m
        [36m>[39m
          [0mProdutos[0m
        [36m</h1>[39m
        [36m<div[39m
          [33mclass[39m=[32m"flex items-center gap-2"[39m
        [36m>[39m
          [36m<button[39m
            [33mclass[39m=[32m"flex items-center gap-2 bg-gray-100 text-gray-700 font-semibold py-2 px-4 rounded-lg hover:bg-gray-200 transition-colors disabled:opacity-50"[39m
          [36m>[39m
            [36m<svg[39m
              [33maria-hidden[39m=[32m"true"[39m
              [33mclass[39m=[32m"lucide lucide-database-backup"[39m
              [33mfill[39m=[32m"none"[39m
              [33mheight[39m=[32m"20"[39m
              [33mstroke[39m=[32m"currentColor"[39m
              [33mstroke-linecap[39m=[32m"round"[39m
              [33mstroke-linejoin[39m=[32m"round"[39m
              [33mstroke-width[39m=[32m"2"[39m
              [33mviewBox[39m=[32m"0 0 24 24"[39m
              [33mwidth[39m=[32m"20"[39m
              [33mxmlns[39m=[32m"http://www.w3.org/2000/svg"[39m
            [36m>[39m
              [36m<ellipse[39m
                [33mcx[39m=[32m"12"[39m
                [33mcy[39m=[32m"5"[39m
                [33mrx[39m=[32m"9"[39m
                [33mry[39m=[32m"3"[39m
              [36m/>[39m
              [36m<path[39m
                [33md[39m=[32m"M3 12a9 3 0 0 0 5 2.69"[39m
              [36m/>[39m
              [36m<path[39m
                [33md[39m=[32m"M21 9.3V5"[39m
              [36m/>[39m
              [36m<path[39m
                [33md[39m=[32m"M3 5v14a9 3 0 0 0 6.47 2.88"[39m
              [36m/>[39m
              [36m<path[39m
                [33md[39m=[32m"M12 12v4h4"[39m
              [36m/>[39m
              [36m<path[39m
                [33md[39m=[32m"M13 20a5 5 0 0 0 9-3 4.5 4.5 0 0 0-4.5-4.5c-1.33 0-2.54.54-3.41 1.41L12 16"[39m
              [36m/>[39m
            [36m</svg>[39m
            [0mPopular Dados[0m
          [36m</button>[39m
          [36m<button[39m
            [33mclass[39m=[32m"flex items-center gap-2 bg-blue-600 text-white font-bold py-2 px-4 rounded-lg hover:bg-blue-700 transition-colors"[39m
          [36m>[39m
            [36m<svg[39m
              [33maria-hidden[39m=[32m"true"[39m
              [33mclass[39m=[32m"lucide lucide-circle-plus"[39m
              [33mfill[39m=[32m"none"[39m
              [33mheight[39m=[32m"20"[39m
              [33mstroke[39m=[32m"currentColor"[39m
              [33mstroke-linecap[39m=[32m"round"[39m
              [33mstroke-linejoin[39m=[32m"round"[39m
              [33mstroke-width[39m=[32m"2"[39m
              [33mviewBox[39m=[32m"0 0 24 24"[39m
              [33mwidth[39m=[32m"20"[39m
              [33mxmlns[39m=[32m"http://www.w3.org/2000/svg"[39m
            [36m>[39m
              [36m<circle[39m
                [33mcx[39m=[32m"12"[39m
                [33mcy[39m=[32m"12"[39m
                [33mr[39m=[32m"10"[39m
              [36m/>[39m
              [36m<path[39m
                [33md[39m=[32m"M8 12h8"[39m
              [36m/>[39m
              [36m<path[39m
                [33md[39m=[32m"M12 8v8"[39m
              [36m/>[39m
            [36m</svg>[39m
            [0mNovo Produto[0m
          [36m</button>[39m
        [36m</div>[39m
      [36m</div>[39m
      [36m<div[39m
        [33mclass[39m=[32m"mb-4 flex gap-4"[39m
      [36m>[39m
        [36m<div[39m
          [33mclass[39m=[32m"relative"[39m
        [36m>[39m
          [36m<svg[39m
            [33maria-hidden[39m=[32m"true"[39m
            [33mclass[39m=[32m"lucide lucide-search absolute left-3 top-1/2 -translate-y-1/2 text-gray-400"[39m
            [33mfill[39m=[32m"none"[39m
            [33mheight[39m=[32m"20"[39m
            [33mstroke[39m=[32m"currentColor"[39m
            [33mstroke-linecap[39m=[32m"round"[39m
            [33mstroke-linejoin[39m=[32m"round"[39m
            [33mstroke-width[39m=[32m"2"[39m
            [33mviewBox[39m=[32m"0 0 24 24"[39m
            [33mwidth[39m=[32m"20"[39m
            [33mxmlns[39m=[32m"http://www.w3.org/2000/svg"[39m
          [36m>[39m
            [36m<path[39m
              [33md[39m=[32m"m21 21-4.34-4.34"[39m
            [36m/>[39m
            [36m<circle[39m
              [33mcx[39m=[32m"11"[39m
              [33mcy[39m=[32m"11"[39m
              [33mr[39m=[32m"8"[39m
            [36m/>[39m
          [36m</svg>[39m
          [36m<input[39m
            [33mclass[39m=[32m"w-full max-w-sm p-3 pl-10 border border-gray-300 rounded-lg"[39m
            [33mplaceholder[39m=[32m"Buscar por nome ou SKU..."[39m
            [33mtype[39m=[32m"text"[39m
            [33mvalue[39m=[32m""[39m
          [36m/>[39m
        [36m</div>[39m
        [36m<div[39m
          [33mclass[39m=[32m"min-w-[200px]"[39m
        [36m>[39m
          [36m<div[39m
            [33mclass[39m=[32m"relative"[39m
          [36m>[39m
            [36m<select[39m
              [33mclass[39m=[32m"w-full p-3 pr-10 bg-white/80 border border-gray-300 rounded-lg focus:ring-2 focus:ring-blue-500 focus:border-blue-500 transition shadow-sm appearance-none"[39m
            [36m>[39m
              [36m<option[39m
                [33mvalue[39m=[32m""[39m
              [36m>[39m
                [0mTodos os status[0m
              [36m</option>[39m
              [36m<option[39m
                [33mvalue[39m=[32m"ativo"[39m
              [36m>[39m
                [0mAtivo[0m
              [36m</option>[39m
              [36m<option[39m
                [33mvalue[39m=[32m"inativo"[39m
              [36m>[39m
                [0mInativo[0m
              [36m</option>[39m
            [36m</select>[39m
            [36m<div[39m
              [33mclass[39m=[32m"pointer-events-none absolute inset-y-0 right-0 flex items-center px-3 text-gray-700"[39m
            [36m>[39m
              [36m<svg[39m
                [33maria-hidden[39m=[32m"true"[39m
                [33mclass[39m=[32m"lucide lucide-chevron-down"[39m
                [33mfill[39m=[32m"none"[39m
                [33mheight[39m=[32m"20"[39m
                [33mstroke[39m=[32m"currentColor"[39m
                [33mstroke-linecap[39m=[32m"round"[39m
                [33mstroke-linejoin[39m=[32m"round"[39m
                [33mstroke-width[39m=[32m"2"[39m
                [33mviewBox[39m=[32m"0 0 24 24"[39m
                [33mwidth[39m=[32m"20"[39m
                [33mxmlns[39m=[32m"http://www.w3.org/2000/svg"[39m
              [36m>[39m
                [36m<path[39m
                  [33md[39m=[32m"m6 9 6 6 6-6"[39m
                [36m/>[39m
              [36m</svg>[39m
            [36m</div>[39m
          [36m</div>[39m
        [36m</div>[39m
      [36m</div>[39m
      [36m<div[39m
        [33mclass[39m=[32m"bg-white rounded-lg shadow overflow-hidden"[39m
      [36m>[39m
        [36m<div[39m
          [33mclass[39m=[32m"h-96 flex flex-col items-center justify-center text-center text-gray-500 p-4"[39m
        [36m>[39m
          [36m<svg[39m
            [33maria-hidden[39m=[32m"true"[39m
            [33mclass[39m=[32m"lucide lucide-package mb-4"[39m
            [33mfill[39m=[32m"none"[39m
            [33mheight[39m=[32m"48"[39m
            [33mstroke[39m=[32m"currentColor"[39m
            [33mstroke-linecap[39m=[32m"round"[39m
            [33mstroke-linejoin[39m=[32m"round"[39m
            [33mstroke-width[39m=[32m"2"[39m
            [33mviewBox[39m=[32m"0 0 24 24"[39m
            [33mwidth[39m=[32m"48"[39m
            [33mxmlns[39m=[32m"http://www.w3.org/2000/svg"[39m
          [36m>[39m
            [36m<path[39m
              [33md[39m=[32m"M11 21.73a2 2 0 0 0 2 0l7-4A2 2 0 0 0 21 16V8a2 2 0 0 0-1-1.73l-7-4a2 2 0 0 0-2 0l-7 4A2 2 0 0 0 3 8v8a2 2 0 0 0 1 1.73z"[39m
            [36m/>[39m
            [36m<path[39m
              [33md[39m=[32m"M12 22V12"[39m
            [36m/>[39m
            [36m<polyline[39m
              [33mpoints[39m=[32m"3.29 7 12 12 20.71 7"[39m
            [36m/>[39m
            [36m<path[39m
              [33md[39m=[32m"m7.5 4.27 9 5.15"[39m
            [36m/>[39m
          [36m</svg>[39m
          [36m<p[39m
            [33mclass[39m=[32m"font-semibold text-lg"[39m
          [36m>[39m
            [0mNenhum produto encontrado.[0m
          [36m</p>[39m
          [36m<p[39m
            [33mclass[39m=[32m"text-sm mb-4"[39m
          [36m>[39m
            [0mComece cadastrando um novo produto ou popule com dados de exemplo.[0m
          [36m</p>[39m
          [36m<button[39m
            [33mclass[39m=[32m"mt-4 flex items-center gap-2 bg-blue-100 text-blue-700 font-bold py-2 px-4 rounded-lg hover:bg-blue-200 transition-colors disabled:opacity-50"[39m
          [36m>[39m
            [36m<svg[39m
              [33maria-hidden[39m=[32m"true"[39m
              [33mclass[39m=[32m"lucide lucide-database-backup"[39m
              [33mfill[39m=[32m"none"[39m
              [33mheight[39m=[32m"20"[39m
              [33mstroke[39m=[32m"currentColor"[39m
              [33mstroke-linecap[39m=[32m"round"[39m
              [33mstroke-linejoin[39m=[32m"round"[39m
              [33mstroke-width[39m=[32m"2"[39m
              [33mviewBox[39m=[32m"0 0 24 24"[39m
              [33mwidth[39m=[32m"20"[39m
              [33mxmlns[39m=[32m"http://www.w3.org/2000/svg"[39m
            [36m>[39m
              [36m<ellipse[39m
                [33mcx[39m=[32m"12"[39m
                [33mcy[39m=[32m"5"[39m
                [33mrx[39m=[32m"9"[39m
                [33mry[39m=[32m"3"[39m
              [36m/>[39m
              [36m<path[39m
                [33md[39m=[32m"M3 12a9 3 0 0 0 5 2.69"[39m
              [36m/>[39m
              [36m<path[39m
                [33md[39m=[32m"M21 9.3V5"[39m
              [36m/>[39m
              [36m<path[39m
                [33md[39m=[32m"M3 5v14a9 3 0 0 0 6.47 2.88"[39m
              [36m/>[39m
              [36m<path[39m
                [33md[39m=[32m"M12 12v4h4"[39m
              [36m/>[39m
              [36m<path[39m
                [33md[39m=[32m"M13 20a5 5 0 0 0 9-3 4.5 4.5 0 0 0-4.5-4.5c-1.33 0-2.54.54-3.41 1.41L12 16"[39m
              [36m/>[39m
            [36m</svg>[39m
            [0mPopular com 10 produtos padrão[0m
          [36m</button>[39m
        [36m</div>[39m
      [36m</div>[39m
    [36m</div>[39m
    [36m<div[39m
      [33mclass[39m=[32m"fixed top-5 right-5 z-50 space-y-3"[39m
    [36m/>[39m
  [36m</div>[39m
[36m</body>[39m

Ignored nodes: comments, script, style
[36m<html>[39m
  [36m<head />[39m
  [36m<body>[39m
    [36m<div>[39m
      [36m<div[39m
        [33mclass[39m=[32m"p-1"[39m
      [36m>[39m
        [36m<div[39m
          [33mclass[39m=[32m"flex justify-between items-center mb-6"[39m
        [36m>[39m
          [36m<h1[39m
            [33mclass[39m=[32m"text-3xl font-bold text-gray-800"[39m
          [36m>[39m
            [0mProdutos[0m
          [36m</h1>[39m
          [36m<div[39m
            [33mclass[39m=[32m"flex items-center gap-2"[39m
          [36m>[39m
            [36m<button[39m
              [33mclass[39m=[32m"flex items-center gap-2 bg-gray-100 text-gray-700 font-semibold py-2 px-4 rounded-lg hover:bg-gray-200 transition-colors disabled:opacity-50"[39m
            [36m>[39m
              [36m<svg[39m
                [33maria-hidden[39m=[32m"true"[39m
                [33mclass[39m=[32m"lucide lucide-database-backup"[39m
                [33mfill[39m=[32m"none"[39m
                [33mheight[39m=[32m"20"[39m
                [33mstroke[39m=[32m"currentColor"[39m
                [33mstroke-linecap[39m=[32m"round"[39m
                [33mstroke-linejoin[39m=[32m"round"[39m
                [33mstroke-width[39m=[32m"2"[39m
                [33mviewBox[39m=[32m"0 0 24 24"[39m
                [33mwidth[39m=[32m"20"[39m
                [33mxmlns[39m=[32m"http://www.w3.org/2000/svg"[39m
              [36m>[39m
                [36m<ellipse[39m
                  [33mcx[39m=[32m"12"[39m
                  [33mcy[39m=[32m"5"[39m
                  [33mrx[39m=[32m"9"[39m
                  [33mry[39m=[32m"3"[39m
                [36m/>[39m
                [36m<path[39m
                  [33md[39m=[32m"M3 12a9 3 0 0 0 5 2.69"[39m
                [36m/>[39m
                [36m<path[39m
                  [33md[39m=[32m"M21 9.3V5"[39m
                [36m/>[39m
                [36m<path[39m
                  [33md[39m=[32m"M3 5v14a9 3 0 0 0 6.47 2.88"[39m
                [36m/>[39m
                [36m<path[39m
                  [33md[39m=[32m"M12 12v4h4"[39m
                [36m/>[39m
                [36m<path[39m
                  [33md[39m=[32m"M13 20a5 5 0 0 0 9-3 4.5 4.5 0 0 0-4.5-4.5c-1.33 0-2.54.54-3.41 1.41L12 16"[39m
                [36m/>[39m
              [36m</svg>[39m
              [0mPopular Dados[0m
            [36m</button>[39m
            [36m<button[39m
              [33mclass[39m=[32m"flex items-center gap-2 bg-blue-600 text-white font-bold py-2 px-4 rounded-lg hover:bg-blue-700 transition-colors"[39m
            [36m>[39m
              [36m<svg[39m
                [33maria-hidden[39m=[32m"true"[39m
                [33mclass[39m=[32m"lucide lucide-circle-plus"[39m
                [33mfill[39m=[32m"none"[39m
                [33mheight[39m=[32m"20"[39m
                [33mstroke[39m=[32m"currentColor"[39m
                [33mstroke-linecap[39m=[32m"round"[39m
                [33mstroke-linejoin[39m=[32m"round"[39m
                [33mstroke-width[39m=[32m"2"[39m
                [33mviewBox[39m=[32m"0 0 24 24"[39m
                [33mwidth[39m=[32m"20"[39m
                [33mxmlns[39m=[32m"http://www.w3.org/2000/svg"[39m
              [36m>[39m
                [36m<circle[39m
                  [33mcx[39m=[32m"12"[39m
                  [33mcy[39m=[32m"12"[39m
                  [33mr[39m=[32m"10"[39m
                [36m/>[39m
                [36m<path[39m
                  [33md[39m=[32m"M8 12h8"[39m
                [36m/>[39m
                [36m<path[39m
                  [33md[39m=[32m"M12 8v8"[39m
                [36m/>[39m
              [36m</svg>[39m
              [0mNovo Produto[0m
            [36m</button>[39m
          [36m</div>[39m
        [36m</div>[39m
        [36m<div[39m
          [33mclass[39m=[32m"mb-4 flex gap-4"[39m
        [36m>[39m
          [36m<div[39m
            [33mclass[39m=[32m"relative"[39m
          [36m>[39m
            [36m<svg[39m
              [33maria-hidden[39m=[32m"true"[39m
              [33mclass[39m=[32m"lucide lucide-search absolute left-3 top-1/2 -translate-y-1/2 text-gray-400"[39m
              [33mfill[39m=[32m"none"[39m
              [33mheight[39m=[32m"20"[39m
              [33mstroke[39m=[32m"currentColor"[39m
              [33mstroke-linecap[39m=[32m"round"[39m
              [33mstroke-linejoin[39m=[32m"round"[39m
              [33mstroke-width[39m=[32m"2"[39m
              [33mviewBox[39m=[32m"0 0 24 24"[39m
              [33mwidth[39m=[32m"20"[39m
              [33mxmlns[39m=[32m"http://www.w3.org/2000/svg"[39m
            [36m>[39m
              [36m<path[39m
                [33md[39m=[32m"m21 21-4.34-4.34"[39m
              [36m/>[39m
              [36m<circle[39m
                [33mcx[39m=[32m"11"[39m
                [33mcy[39m=[32m"11"[39m
                [33mr[39m=[32m"8"[39m
              [36m/>[39m
            [36m</svg>[39m
            [36m<input[39m
              [33mclass[39m=[32m"w-full max-w-sm p-3 pl-10 border border-gray-300 rounded-lg"[39m
              [33mplaceholder[39m=[32m"Buscar por nome ou SKU..."[39m
              [33mtype[39m=[32m"text"[39m
              [33mvalue[39m=[32m""[39m
            [36m/>[39m
          [36m</div>[39m
          [36m<div[39m
            [33mclass[39m=[32m"min-w-[200px]"[39m
          [36m>[39m
            [36m<div[39m
              [33mclass[39m=[32m"relative"[39m
            [36m>[39m
              [36m<select[39m
                [33mclass[39m=[32m"w-full p-3 pr-10 bg-white/80 border border-gray-300 rounded-lg focus:ring-2 focus:ring-blue-500 focus:border-blue-500 transition shadow-sm appearance-none"[39m
              [36m>[39m
                [36m<option[39m
                  [33mvalue[39m=[32m""[39m
                [36m>[39m
                  [0mTodos os status[0m
                [36m</option>[39m
                [36m<option[39m
                  [33mvalue[39m=[32m"ativo"[39m
                [36m>[39m
                  [0mAtivo[0m
                [36m</option>[39m
                [36m<option[39m
                  [33mvalue[39m=[32m"inativo"[39m
                [36m>[39m
                  [0mInativo[0m
                [36m</option>[39m
              [36m</select>[39m
              [36m<div[39m
                [33mclass[39m=[32m"pointer-events-none absolute inset-y-0 right-0 flex items-center px-3 text-gray-700"[39m
              [36m>[39m
                [36m<svg[39m
                  [33maria-hidden[39m=[32m"true"[39m
                  [33mclass[39m=[32m"lucide lucide-chevron-down"[39m
                  [33mfill[39m=[32m"none"[39m
                  [33mheight[39m=[32m"20"[39m
                  [33mstroke[39m=[32m"currentColor"[39m
                  [33mstroke-linecap[39m=[32m"round"[39m
                  [33mstroke-linejoin[39m=[32m"round"[39m
                  [33mstroke-width[39m=[32m"2"[39m
                  [33mviewBox[39m=[32m"0 0 24 24"[39m
                  [33mwidth[39m=[32m"20"[39m
                  [33mxmlns[39m=[32m"http://www.w3.org/2000/svg"[39m
                [36m>[39m
                  [36m<path[39m
                    [33md[39m=[32m"m6 9 6 6 6-6"[39m
                  [36m/>[39m
                [36m</svg>[39m
              [36m</div>[39m
            [36m</div>[39m
          [36m</div>[39m
        [36m</div>[39m
        [36m<div[39m
          [33mclass[39m=[32m"bg-white rounded-lg shadow overflow-hidden"[39m
        [36m>[39m
          [36m<div[39m
            [33mclass[39m=[32m"h-96 flex flex-col items-center justify-center text-center text-gray-500 p-4"[39m
          [36m>[39m
            [36m<svg[39m
              [33maria-hidden[39m=[32m"true"[39m
              [33mclass[39m=[32m"lucide lucide-package mb-4"[39m
              [33mfill[39m=[32m"none"[39m
              [33mheight[39m=[32m"48"[39m
              [33mstroke[39m=[32m"currentColor"[39m
              [33mstroke-linecap[39m=[32m"round"[39m
              [33mstroke-linejoin[39m=[32m"round"[39m
              [33mstroke-width[39m=[32m"2"[39m
              [33mviewBox[39m=[32m"0 0 24 24"[39m
              [33mwidth[39m=[32m"48"[39m
              [33mxmlns[39m=[32m"http://www.w3.org/2000/svg"[39m
            [36m>[39m
              [36m<path[39m
                [33md[39m=[32m"M11 21.73a2 2 0 0 0 2 0l7-4A2 2 0 0 0 21 16V8a2 2 0 0 0-1-1.73l-7-4a2 2 0 0 0-2 0l-7 4A2 2 0 0 0 3 8v8a2 2 0 0 0 1 1.73z"[39m
              [36m/>[39m
              [36m<path[39m
                [33md[39m=[32m"M12 22V12"[39m
              [36m/>[39m
              [36m<polyline[39m
                [33mpoints[39m=[32m"3.29 7 12 12 20.71 7"[39m
              [36m/>[39m
              [36m<path[39m
                [33md[39m=[32m"m7.5 4.27 9 5.15"[39m
              [36m/>[39m
            [36m</svg>[39m
            [36m<p[39m
              [33mclass[39m=[32m"font-semibold text-lg"[39m
            [36m>[39m
              [0mNenhum produto encontrado.[0m
            [36m</p>[39m
            [36m<p[39m
              [33mclass[39m=[32m"text-sm mb-4"[39m
            [36m>[39m
              [0mComece cadastrando um novo produto ou popule com dados de exemplo.[0m
            [36m</p>[39m
            [36m<button[39m
              [33mclass[39m=[32m"mt-4 flex items-center gap-2 bg-blue-100 text-blue-700 font-bold py-2 px-4 rounded-lg hover:bg-blue-200 transition-colors disabled:opacity-50"[39m
            [36m>[39m
              [36m<svg[39m
                [33maria-hidden[39m=[32m"true"[39m
                [33mclass[39m=[32m"lucide lucide-database-backup"[39m
                [33mfill[39m=[32m"none"[39m
                [33mheight[39m=[32m"20"[39m
                [33mstroke[39m=[32m"currentColor"[39m
                [33mstroke-linecap[39m=[32m"round"[39m
                [33mstroke-linejoin[39m=[32m"round"[39m
                [33mstroke-width[39m=[32m"2"[39m
                [33mviewBox[39m=[32m"0 0 24 24"[39m
                [33mwidth[39m=[32m"20"[39m
                [33mxmlns[39m=[32m"http://www.w3.org/2000/svg"[39m
              [36m>[39m
                [36m<ellipse[39m
                  [33mcx[39m=[32m"12"[39m
                  [33mcy[39m=[32m"5"[39m
                  [33mrx[39m=[32m"9"[39m
                  [33mry[39m=[32m"3"[39m
                [36m/>[39m
                [36m<path[39m
                  [33md[39m=[32m"M3 12a9 3 0 0 0 5 2.69"[39m
                [36m/>[39m
                [36m<path[39m
                  [33md[39m=[32m"M21 9.3V5"[39m
                [36m/>[39m
                [36m<path[39m
                  [33md[39m=[32m"M3 5v14a9 3 0 0 0 6.47 2.88"[39m
                [36m/>[39m
                [36m<path[39m
                  [33md[39m=[32m"M12 12v4h4"[39m
                [36m/>[39m
                [36m<path[39m
                  [33md[39m=[32m"M13 20a5 5 0 0 0 9-3 4.5 4.5 0 0 0-4.5-4.5c-1.33 0-2.54.54-3.41 1.41L12 16"[39m
                [36m/>[39m
              [36m</svg>[39m
              [0mPopular com 10 produtos padrão[0m
            [36m</button>[39m
          [36m</div>[39m
        [36m</div>[39m
      [36m</div>[39m
      [36m<div[39m
        [33mclass[39m=[32m"fixed top-5 right-5 z-50 space-y-3"[39m
      [36m/>[39m
    [36m</div>[39m
  [36m</body>[39m
[36m</html>[39m
   ❯ src/pages/products/ProductsPage.test.tsx > ProductsPage Integration > filters products by search term
     → Unable to find an element with the text: Produto Teste 1. This could be because the text is broken up by multiple elements. In this case, you can provide a function for your text matcher to make your matcher more flexible.

Ignored nodes: comments, script, style
[36m<body>[39m
  [36m<div>[39m
    [36m<div[39m
      [33mclass[39m=[32m"p-1"[39m
    [36m>[39m
      [36m<div[39m
        [33mclass[39m=[32m"flex justify-between items-center mb-6"[39m
      [36m>[39m
        [36m<h1[39m
          [33mclass[39m=[32m"text-3xl font-bold text-gray-800"[39m
        [36m>[39m
          [0mProdutos[0m
        [36m</h1>[39m
        [36m<div[39m
          [33mclass[39m=[32m"flex items-center gap-2"[39m
        [36m>[39m
          [36m<button[39m
            [33mclass[39m=[32m"flex items-center gap-2 bg-gray-100 text-gray-700 font-semibold py-2 px-4 rounded-lg hover:bg-gray-200 transition-colors disabled:opacity-50"[39m
          [36m>[39m
            [36m<svg[39m
              [33maria-hidden[39m=[32m"true"[39m
              [33mclass[39m=[32m"lucide lucide-database-backup"[39m
              [33mfill[39m=[32m"none"[39m
              [33mheight[39m=[32m"20"[39m
              [33mstroke[39m=[32m"currentColor"[39m
              [33mstroke-linecap[39m=[32m"round"[39m
              [33mstroke-linejoin[39m=[32m"round"[39m
              [33mstroke-width[39m=[32m"2"[39m
              [33mviewBox[39m=[32m"0 0 24 24"[39m
              [33mwidth[39m=[32m"20"[39m
              [33mxmlns[39m=[32m"http://www.w3.org/2000/svg"[39m
            [36m>[39m
              [36m<ellipse[39m
                [33mcx[39m=[32m"12"[39m
                [33mcy[39m=[32m"5"[39m
                [33mrx[39m=[32m"9"[39m
                [33mry[39m=[32m"3"[39m
              [36m/>[39m
              [36m<path[39m
                [33md[39m=[32m"M3 12a9 3 0 0 0 5 2.69"[39m
              [36m/>[39m
              [36m<path[39m
                [33md[39m=[32m"M21 9.3V5"[39m
              [36m/>[39m
              [36m<path[39m
                [33md[39m=[32m"M3 5v14a9 3 0 0 0 6.47 2.88"[39m
              [36m/>[39m
              [36m<path[39m
                [33md[39m=[32m"M12 12v4h4"[39m
              [36m/>[39m
              [36m<path[39m
                [33md[39m=[32m"M13 20a5 5 0 0 0 9-3 4.5 4.5 0 0 0-4.5-4.5c-1.33 0-2.54.54-3.41 1.41L12 16"[39m
              [36m/>[39m
            [36m</svg>[39m
            [0mPopular Dados[0m
          [36m</button>[39m
          [36m<button[39m
            [33mclass[39m=[32m"flex items-center gap-2 bg-blue-600 text-white font-bold py-2 px-4 rounded-lg hover:bg-blue-700 transition-colors"[39m
          [36m>[39m
            [36m<svg[39m
              [33maria-hidden[39m=[32m"true"[39m
              [33mclass[39m=[32m"lucide lucide-circle-plus"[39m
              [33mfill[39m=[32m"none"[39m
              [33mheight[39m=[32m"20"[39m
              [33mstroke[39m=[32m"currentColor"[39m
              [33mstroke-linecap[39m=[32m"round"[39m
              [33mstroke-linejoin[39m=[32m"round"[39m
              [33mstroke-width[39m=[32m"2"[39m
              [33mviewBox[39m=[32m"0 0 24 24"[39m
              [33mwidth[39m=[32m"20"[39m
              [33mxmlns[39m=[32m"http://www.w3.org/2000/svg"[39m
            [36m>[39m
              [36m<circle[39m
                [33mcx[39m=[32m"12"[39m
                [33mcy[39m=[32m"12"[39m
                [33mr[39m=[32m"10"[39m
              [36m/>[39m
              [36m<path[39m
                [33md[39m=[32m"M8 12h8"[39m
              [36m/>[39m
              [36m<path[39m
                [33md[39m=[32m"M12 8v8"[39m
              [36m/>[39m
            [36m</svg>[39m
            [0mNovo Produto[0m
          [36m</button>[39m
        [36m</div>[39m
      [36m</div>[39m
      [36m<div[39m
        [33mclass[39m=[32m"mb-4 flex gap-4"[39m
      [36m>[39m
        [36m<div[39m
          [33mclass[39m=[32m"relative"[39m
        [36m>[39m
          [36m<svg[39m
            [33maria-hidden[39m=[32m"true"[39m
            [33mclass[39m=[32m"lucide lucide-search absolute left-3 top-1/2 -translate-y-1/2 text-gray-400"[39m
            [33mfill[39m=[32m"none"[39m
            [33mheight[39m=[32m"20"[39m
            [33mstroke[39m=[32m"currentColor"[39m
            [33mstroke-linecap[39m=[32m"round"[39m
            [33mstroke-linejoin[39m=[32m"round"[39m
            [33mstroke-width[39m=[32m"2"[39m
            [33mviewBox[39m=[32m"0 0 24 24"[39m
            [33mwidth[39m=[32m"20"[39m
            [33mxmlns[39m=[32m"http://www.w3.org/2000/svg"[39m
          [36m>[39m
            [36m<path[39m
              [33md[39m=[32m"m21 21-4.34-4.34"[39m
            [36m/>[39m
            [36m<circle[39m
              [33mcx[39m=[32m"11"[39m
              [33mcy[39m=[32m"11"[39m
              [33mr[39m=[32m"8"[39m
            [36m/>[39m
          [36m</svg>[39m
          [36m<input[39m
            [33mclass[39m=[32m"w-full max-w-sm p-3 pl-10 border border-gray-300 rounded-lg"[39m
            [33mplaceholder[39m=[32m"Buscar por nome ou SKU..."[39m
            [33mtype[39m=[32m"text"[39m
            [33mvalue[39m=[32m""[39m
          [36m/>[39m
        [36m</div>[39m
        [36m<div[39m
          [33mclass[39m=[32m"min-w-[200px]"[39m
        [36m>[39m
          [36m<div[39m
            [33mclass[39m=[32m"relative"[39m
          [36m>[39m
            [36m<select[39m
              [33mclass[39m=[32m"w-full p-3 pr-10 bg-white/80 border border-gray-300 rounded-lg focus:ring-2 focus:ring-blue-500 focus:border-blue-500 transition shadow-sm appearance-none"[39m
            [36m>[39m
              [36m<option[39m
                [33mvalue[39m=[32m""[39m
              [36m>[39m
                [0mTodos os status[0m
              [36m</option>[39m
              [36m<option[39m
                [33mvalue[39m=[32m"ativo"[39m
              [36m>[39m
                [0mAtivo[0m
              [36m</option>[39m
              [36m<option[39m
                [33mvalue[39m=[32m"inativo"[39m
              [36m>[39m
                [0mInativo[0m
              [36m</option>[39m
            [36m</select>[39m
            [36m<div[39m
              [33mclass[39m=[32m"pointer-events-none absolute inset-y-0 right-0 flex items-center px-3 text-gray-700"[39m
            [36m>[39m
              [36m<svg[39m
                [33maria-hidden[39m=[32m"true"[39m
                [33mclass[39m=[32m"lucide lucide-chevron-down"[39m
                [33mfill[39m=[32m"none"[39m
                [33mheight[39m=[32m"20"[39m
                [33mstroke[39m=[32m"currentColor"[39m
                [33mstroke-linecap[39m=[32m"round"[39m
                [33mstroke-linejoin[39m=[32m"round"[39m
                [33mstroke-width[39m=[32m"2"[39m
                [33mviewBox[39m=[32m"0 0 24 24"[39m
                [33mwidth[39m=[32m"20"[39m
                [33mxmlns[39m=[32m"http://www.w3.org/2000/svg"[39m
              [36m>[39m
                [36m<path[39m
                  [33md[39m=[32m"m6 9 6 6 6-6"[39m
                [36m/>[39m
              [36m</svg>[39m
            [36m</div>[39m
          [36m</div>[39m
        [36m</div>[39m
      [36m</div>[39m
      [36m<div[39m
        [33mclass[39m=[32m"bg-white rounded-lg shadow overflow-hidden"[39m
      [36m>[39m
        [36m<div[39m
          [33mclass[39m=[32m"h-96 flex flex-col items-center justify-center text-center text-gray-500 p-4"[39m
        [36m>[39m
          [36m<svg[39m
            [33maria-hidden[39m=[32m"true"[39m
            [33mclass[39m=[32m"lucide lucide-package mb-4"[39m
            [33mfill[39m=[32m"none"[39m
            [33mheight[39m=[32m"48"[39m
            [33mstroke[39m=[32m"currentColor"[39m
            [33mstroke-linecap[39m=[32m"round"[39m
            [33mstroke-linejoin[39m=[32m"round"[39m
            [33mstroke-width[39m=[32m"2"[39m
            [33mviewBox[39m=[32m"0 0 24 24"[39m
            [33mwidth[39m=[32m"48"[39m
            [33mxmlns[39m=[32m"http://www.w3.org/2000/svg"[39m
          [36m>[39m
            [36m<path[39m
              [33md[39m=[32m"M11 21.73a2 2 0 0 0 2 0l7-4A2 2 0 0 0 21 16V8a2 2 0 0 0-1-1.73l-7-4a2 2 0 0 0-2 0l-7 4A2 2 0 0 0 3 8v8a2 2 0 0 0 1 1.73z"[39m
            [36m/>[39m
            [36m<path[39m
              [33md[39m=[32m"M12 22V12"[39m
            [36m/>[39m
            [36m<polyline[39m
              [33mpoints[39m=[32m"3.29 7 12 12 20.71 7"[39m
            [36m/>[39m
            [36m<path[39m
              [33md[39m=[32m"m7.5 4.27 9 5.15"[39m
            [36m/>[39m
          [36m</svg>[39m
          [36m<p[39m
            [33mclass[39m=[32m"font-semibold text-lg"[39m
          [36m>[39m
            [0mNenhum produto encontrado.[0m
          [36m</p>[39m
          [36m<p[39m
            [33mclass[39m=[32m"text-sm mb-4"[39m
          [36m>[39m
            [0mComece cadastrando um novo produto ou popule com dados de exemplo.[0m
          [36m</p>[39m
          [36m<button[39m
            [33mclass[39m=[32m"mt-4 flex items-center gap-2 bg-blue-100 text-blue-700 font-bold py-2 px-4 rounded-lg hover:bg-blue-200 transition-colors disabled:opacity-50"[39m
          [36m>[39m
            [36m<svg[39m
              [33maria-hidden[39m=[32m"true"[39m
              [33mclass[39m=[32m"lucide lucide-database-backup"[39m
              [33mfill[39m=[32m"none"[39m
              [33mheight[39m=[32m"20"[39m
              [33mstroke[39m=[32m"currentColor"[39m
              [33mstroke-linecap[39m=[32m"round"[39m
              [33mstroke-linejoin[39m=[32m"round"[39m
              [33mstroke-width[39m=[32m"2"[39m
              [33mviewBox[39m=[32m"0 0 24 24"[39m
              [33mwidth[39m=[32m"20"[39m
              [33mxmlns[39m=[32m"http://www.w3.org/2000/svg"[39m
            [36m>[39m
              [36m<ellipse[39m
                [33mcx[39m=[32m"12"[39m
                [33mcy[39m=[32m"5"[39m
                [33mrx[39m=[32m"9"[39m
                [33mry[39m=[32m"3"[39m
              [36m/>[39m
              [36m<path[39m
                [33md[39m=[32m"M3 12a9 3 0 0 0 5 2.69"[39m
              [36m/>[39m
              [36m<path[39m
                [33md[39m=[32m"M21 9.3V5"[39m
              [36m/>[39m
              [36m<path[39m
                [33md[39m=[32m"M3 5v14a9 3 0 0 0 6.47 2.88"[39m
              [36m/>[39m
              [36m<path[39m
                [33md[39m=[32m"M12 12v4h4"[39m
              [36m/>[39m
              [36m<path[39m
                [33md[39m=[32m"M13 20a5 5 0 0 0 9-3 4.5 4.5 0 0 0-4.5-4.5c-1.33 0-2.54.54-3.41 1.41L12 16"[39m
              [36m/>[39m
            [36m</svg>[39m
            [0mPopular com 10 produtos padrão[0m
          [36m</button>[39m
        [36m</div>[39m
      [36m</div>[39m
    [36m</div>[39m
    [36m<div[39m
      [33mclass[39m=[32m"fixed top-5 right-5 z-50 space-y-3"[39m
    [36m/>[39m
  [36m</div>[39m
[36m</body>[39m

Ignored nodes: comments, script, style
[36m<html>[39m
  [36m<head />[39m
  [36m<body>[39m
    [36m<div>[39m
      [36m<div[39m
        [33mclass[39m=[32m"p-1"[39m
      [36m>[39m
        [36m<div[39m
          [33mclass[39m=[32m"flex justify-between items-center mb-6"[39m
        [36m>[39m
          [36m<h1[39m
            [33mclass[39m=[32m"text-3xl font-bold text-gray-800"[39m
          [36m>[39m
            [0mProdutos[0m
          [36m</h1>[39m
          [36m<div[39m
            [33mclass[39m=[32m"flex items-center gap-2"[39m
          [36m>[39m
            [36m<button[39m
              [33mclass[39m=[32m"flex items-center gap-2 bg-gray-100 text-gray-700 font-semibold py-2 px-4 rounded-lg hover:bg-gray-200 transition-colors disabled:opacity-50"[39m
            [36m>[39m
              [36m<svg[39m
                [33maria-hidden[39m=[32m"true"[39m
                [33mclass[39m=[32m"lucide lucide-database-backup"[39m
                [33mfill[39m=[32m"none"[39m
                [33mheight[39m=[32m"20"[39m
                [33mstroke[39m=[32m"currentColor"[39m
                [33mstroke-linecap[39m=[32m"round"[39m
                [33mstroke-linejoin[39m=[32m"round"[39m
                [33mstroke-width[39m=[32m"2"[39m
                [33mviewBox[39m=[32m"0 0 24 24"[39m
                [33mwidth[39m=[32m"20"[39m
                [33mxmlns[39m=[32m"http://www.w3.org/2000/svg"[39m
              [36m>[39m
                [36m<ellipse[39m
                  [33mcx[39m=[32m"12"[39m
                  [33mcy[39m=[32m"5"[39m
                  [33mrx[39m=[32m"9"[39m
                  [33mry[39m=[32m"3"[39m
                [36m/>[39m
                [36m<path[39m
                  [33md[39m=[32m"M3 12a9 3 0 0 0 5 2.69"[39m
                [36m/>[39m
                [36m<path[39m
                  [33md[39m=[32m"M21 9.3V5"[39m
                [36m/>[39m
                [36m<path[39m
                  [33md[39m=[32m"M3 5v14a9 3 0 0 0 6.47 2.88"[39m
                [36m/>[39m
                [36m<path[39m
                  [33md[39m=[32m"M12 12v4h4"[39m
                [36m/>[39m
                [36m<path[39m
                  [33md[39m=[32m"M13 20a5 5 0 0 0 9-3 4.5 4.5 0 0 0-4.5-4.5c-1.33 0-2.54.54-3.41 1.41L12 16"[39m
                [36m/>[39m
              [36m</svg>[39m
              [0mPopular Dados[0m
            [36m</button>[39m
            [36m<button[39m
              [33mclass[39m=[32m"flex items-center gap-2 bg-blue-600 text-white font-bold py-2 px-4 rounded-lg hover:bg-blue-700 transition-colors"[39m
            [36m>[39m
              [36m<svg[39m
                [33maria-hidden[39m=[32m"true"[39m
                [33mclass[39m=[32m"lucide lucide-circle-plus"[39m
                [33mfill[39m=[32m"none"[39m
                [33mheight[39m=[32m"20"[39m
                [33mstroke[39m=[32m"currentColor"[39m
                [33mstroke-linecap[39m=[32m"round"[39m
                [33mstroke-linejoin[39m=[32m"round"[39m
                [33mstroke-width[39m=[32m"2"[39m
                [33mviewBox[39m=[32m"0 0 24 24"[39m
                [33mwidth[39m=[32m"20"[39m
                [33mxmlns[39m=[32m"http://www.w3.org/2000/svg"[39m
              [36m>[39m
                [36m<circle[39m
                  [33mcx[39m=[32m"12"[39m
                  [33mcy[39m=[32m"12"[39m
                  [33mr[39m=[32m"10"[39m
                [36m/>[39m
                [36m<path[39m
                  [33md[39m=[32m"M8 12h8"[39m
                [36m/>[39m
                [36m<path[39m
                  [33md[39m=[32m"M12 8v8"[39m
                [36m/>[39m
              [36m</svg>[39m
              [0mNovo Produto[0m
            [36m</button>[39m
          [36m</div>[39m
        [36m</div>[39m
        [36m<div[39m
          [33mclass[39m=[32m"mb-4 flex gap-4"[39m
        [36m>[39m
          [36m<div[39m
            [33mclass[39m=[32m"relative"[39m
          [36m>[39m
            [36m<svg[39m
              [33maria-hidden[39m=[32m"true"[39m
              [33mclass[39m=[32m"lucide lucide-search absolute left-3 top-1/2 -translate-y-1/2 text-gray-400"[39m
              [33mfill[39m=[32m"none"[39m
              [33mheight[39m=[32m"20"[39m
              [33mstroke[39m=[32m"currentColor"[39m
              [33mstroke-linecap[39m=[32m"round"[39m
              [33mstroke-linejoin[39m=[32m"round"[39m
              [33mstroke-width[39m=[32m"2"[39m
              [33mviewBox[39m=[32m"0 0 24 24"[39m
              [33mwidth[39m=[32m"20"[39m
              [33mxmlns[39m=[32m"http://www.w3.org/2000/svg"[39m
            [36m>[39m
              [36m<path[39m
                [33md[39m=[32m"m21 21-4.34-4.34"[39m
              [36m/>[39m
              [36m<circle[39m
                [33mcx[39m=[32m"11"[39m
                [33mcy[39m=[32m"11"[39m
                [33mr[39m=[32m"8"[39m
              [36m/>[39m
            [36m</svg>[39m
            [36m<input[39m
              [33mclass[39m=[32m"w-full max-w-sm p-3 pl-10 border border-gray-300 rounded-lg"[39m
              [33mplaceholder[39m=[32m"Buscar por nome ou SKU..."[39m
              [33mtype[39m=[32m"text"[39m
              [33mvalue[39m=[32m""[39m
            [36m/>[39m
          [36m</div>[39m
          [36m<div[39m
            [33mclass[39m=[32m"min-w-[200px]"[39m
          [36m>[39m
            [36m<div[39m
              [33mclass[39m=[32m"relative"[39m
            [36m>[39m
              [36m<select[39m
                [33mclass[39m=[32m"w-full p-3 pr-10 bg-white/80 border border-gray-300 rounded-lg focus:ring-2 focus:ring-blue-500 focus:border-blue-500 transition shadow-sm appearance-none"[39m
              [36m>[39m
                [36m<option[39m
                  [33mvalue[39m=[32m""[39m
                [36m>[39m
                  [0mTodos os status[0m
                [36m</option>[39m
                [36m<option[39m
                  [33mvalue[39m=[32m"ativo"[39m
                [36m>[39m
                  [0mAtivo[0m
                [36m</option>[39m
                [36m<option[39m
                  [33mvalue[39m=[32m"inativo"[39m
                [36m>[39m
                  [0mInativo[0m
                [36m</option>[39m
              [36m</select>[39m
              [36m<div[39m
                [33mclass[39m=[32m"pointer-events-none absolute inset-y-0 right-0 flex items-center px-3 text-gray-700"[39m
              [36m>[39m
                [36m<svg[39m
                  [33maria-hidden[39m=[32m"true"[39m
                  [33mclass[39m=[32m"lucide lucide-chevron-down"[39m
                  [33mfill[39m=[32m"none"[39m
                  [33mheight[39m=[32m"20"[39m
                  [33mstroke[39m=[32m"currentColor"[39m
                  [33mstroke-linecap[39m=[32m"round"[39m
                  [33mstroke-linejoin[39m=[32m"round"[39m
                  [33mstroke-width[39m=[32m"2"[39m
                  [33mviewBox[39m=[32m"0 0 24 24"[39m
                  [33mwidth[39m=[32m"20"[39m
                  [33mxmlns[39m=[32m"http://www.w3.org/2000/svg"[39m
                [36m>[39m
                  [36m<path[39m
                    [33md[39m=[32m"m6 9 6 6 6-6"[39m
                  [36m/>[39m
                [36m</svg>[39m
              [36m</div>[39m
            [36m</div>[39m
          [36m</div>[39m
        [36m</div>[39m
        [36m<div[39m
          [33mclass[39m=[32m"bg-white rounded-lg shadow overflow-hidden"[39m
        [36m>[39m
          [36m<div[39m
            [33mclass[39m=[32m"h-96 flex flex-col items-center justify-center text-center text-gray-500 p-4"[39m
          [36m>[39m
            [36m<svg[39m
              [33maria-hidden[39m=[32m"true"[39m
              [33mclass[39m=[32m"lucide lucide-package mb-4"[39m
              [33mfill[39m=[32m"none"[39m
              [33mheight[39m=[32m"48"[39m
              [33mstroke[39m=[32m"currentColor"[39m
              [33mstroke-linecap[39m=[32m"round"[39m
              [33mstroke-linejoin[39m=[32m"round"[39m
              [33mstroke-width[39m=[32m"2"[39m
              [33mviewBox[39m=[32m"0 0 24 24"[39m
              [33mwidth[39m=[32m"48"[39m
              [33mxmlns[39m=[32m"http://www.w3.org/2000/svg"[39m
            [36m>[39m
              [36m<path[39m
                [33md[39m=[32m"M11 21.73a2 2 0 0 0 2 0l7-4A2 2 0 0 0 21 16V8a2 2 0 0 0-1-1.73l-7-4a2 2 0 0 0-2 0l-7 4A2 2 0 0 0 3 8v8a2 2 0 0 0 1 1.73z"[39m
              [36m/>[39m
              [36m<path[39m
                [33md[39m=[32m"M12 22V12"[39m
              [36m/>[39m
              [36m<polyline[39m
                [33mpoints[39m=[32m"3.29 7 12 12 20.71 7"[39m
              [36m/>[39m
              [36m<path[39m
                [33md[39m=[32m"m7.5 4.27 9 5.15"[39m
              [36m/>[39m
            [36m</svg>[39m
            [36m<p[39m
              [33mclass[39m=[32m"font-semibold text-lg"[39m
            [36m>[39m
              [0mNenhum produto encontrado.[0m
            [36m</p>[39m
            [36m<p[39m
              [33mclass[39m=[32m"text-sm mb-4"[39m
            [36m>[39m
              [0mComece cadastrando um novo produto ou popule com dados de exemplo.[0m
            [36m</p>[39m
            [36m<button[39m
              [33mclass[39m=[32m"mt-4 flex items-center gap-2 bg-blue-100 text-blue-700 font-bold py-2 px-4 rounded-lg hover:bg-blue-200 transition-colors disabled:opacity-50"[39m
            [36m>[39m
              [36m<svg[39m
                [33maria-hidden[39m=[32m"true"[39m
                [33mclass[39m=[32m"lucide lucide-database-backup"[39m
                [33mfill[39m=[32m"none"[39m
                [33mheight[39m=[32m"20"[39m
                [33mstroke[39m=[32m"currentColor"[39m
                [33mstroke-linecap[39m=[32m"round"[39m
                [33mstroke-linejoin[39m=[32m"round"[39m
                [33mstroke-width[39m=[32m"2"[39m
                [33mviewBox[39m=[32m"0 0 24 24"[39m
                [33mwidth[39m=[32m"20"[39m
                [33mxmlns[39m=[32m"http://www.w3.org/2000/svg"[39m
              [36m>[39m
                [36m<ellipse[39m
                  [33mcx[39m=[32m"12"[39m
                  [33mcy[39m=[32m"5"[39m
                  [33mrx[39m=[32m"9"[39m
                  [33mry[39m=[32m"3"[39m
                [36m/>[39m
                [36m<path[39m
                  [33md[39m=[32m"M3 12a9 3 0 0 0 5 2.69"[39m
                [36m/>[39m
                [36m<path[39m
                  [33md[39m=[32m"M21 9.3V5"[39m
                [36m/>[39m
                [36m<path[39m
                  [33md[39m=[32m"M3 5v14a9 3 0 0 0 6.47 2.88"[39m
                [36m/>[39m
                [36m<path[39m
                  [33md[39m=[32m"M12 12v4h4"[39m
                [36m/>[39m
                [36m<path[39m
                  [33md[39m=[32m"M13 20a5 5 0 0 0 9-3 4.5 4.5 0 0 0-4.5-4.5c-1.33 0-2.54.54-3.41 1.41L12 16"[39m
                [36m/>[39m
              [36m</svg>[39m
              [0mPopular com 10 produtos padrão[0m
            [36m</button>[39m
          [36m</div>[39m
        [36m</div>[39m
      [36m</div>[39m
      [36m<div[39m
        [33mclass[39m=[32m"fixed top-5 right-5 z-50 space-y-3"[39m
      [36m/>[39m
    [36m</div>[39m
  [36m</body>[39m
[36m</html>[39m

⎯⎯⎯⎯⎯⎯⎯ Failed Tests 2 ⎯⎯⎯⎯⎯⎯⎯

 FAIL  src/pages/products/ProductsPage.test.tsx > ProductsPage Integration > renders the product list with data from MSW
TestingLibraryElementError: Unable to find an element with the text: Produto Teste 1. This could be because the text is broken up by multiple elements. In this case, you can provide a function for your text matcher to make your matcher more flexible.

Ignored nodes: comments, script, style
[36m<body>[39m
  [36m<div>[39m
    [36m<div[39m
      [33mclass[39m=[32m"p-1"[39m
    [36m>[39m
      [36m<div[39m
        [33mclass[39m=[32m"flex justify-between items-center mb-6"[39m
      [36m>[39m
        [36m<h1[39m
          [33mclass[39m=[32m"text-3xl font-bold text-gray-800"[39m
        [36m>[39m
          [0mProdutos[0m
        [36m</h1>[39m
        [36m<div[39m
          [33mclass[39m=[32m"flex items-center gap-2"[39m
        [36m>[39m
          [36m<button[39m
            [33mclass[39m=[32m"flex items-center gap-2 bg-gray-100 text-gray-700 font-semibold py-2 px-4 rounded-lg hover:bg-gray-200 transition-colors disabled:opacity-50"[39m
          [36m>[39m
            [36m<svg[39m
              [33maria-hidden[39m=[32m"true"[39m
              [33mclass[39m=[32m"lucide lucide-database-backup"[39m
              [33mfill[39m=[32m"none"[39m
              [33mheight[39m=[32m"20"[39m
              [33mstroke[39m=[32m"currentColor"[39m
              [33mstroke-linecap[39m=[32m"round"[39m
              [33mstroke-linejoin[39m=[32m"round"[39m
              [33mstroke-width[39m=[32m"2"[39m
              [33mviewBox[39m=[32m"0 0 24 24"[39m
              [33mwidth[39m=[32m"20"[39m
              [33mxmlns[39m=[32m"http://www.w3.org/2000/svg"[39m
            [36m>[39m
              [36m<ellipse[39m
                [33mcx[39m=[32m"12"[39m
                [33mcy[39m=[32m"5"[39m
                [33mrx[39m=[32m"9"[39m
                [33mry[39m=[32m"3"[39m
              [36m/>[39m
              [36m<path[39m
                [33md[39m=[32m"M3 12a9 3 0 0 0 5 2.69"[39m
              [36m/>[39m
              [36m<path[39m
                [33md[39m=[32m"M21 9.3V5"[39m
              [36m/>[39m
              [36m<path[39m
                [33md[39m=[32m"M3 5v14a9 3 0 0 0 6.47 2.88"[39m
              [36m/>[39m
              [36m<path[39m
                [33md[39m=[32m"M12 12v4h4"[39m
              [36m/>[39m
              [36m<path[39m
                [33md[39m=[32m"M13 20a5 5 0 0 0 9-3 4.5 4.5 0 0 0-4.5-4.5c-1.33 0-2.54.54-3.41 1.41L12 16"[39m
              [36m/>[39m
            [36m</svg>[39m
            [0mPopular Dados[0m
          [36m</button>[39m
          [36m<button[39m
            [33mclass[39m=[32m"flex items-center gap-2 bg-blue-600 text-white font-bold py-2 px-4 rounded-lg hover:bg-blue-700 transition-colors"[39m
          [36m>[39m
            [36m<svg[39m
              [33maria-hidden[39m=[32m"true"[39m
              [33mclass[39m=[32m"lucide lucide-circle-plus"[39m
              [33mfill[39m=[32m"none"[39m
              [33mheight[39m=[32m"20"[39m
              [33mstroke[39m=[32m"currentColor"[39m
              [33mstroke-linecap[39m=[32m"round"[39m
              [33mstroke-linejoin[39m=[32m"round"[39m
              [33mstroke-width[39m=[32m"2"[39m
              [33mviewBox[39m=[32m"0 0 24 24"[39m
              [33mwidth[39m=[32m"20"[39m
              [33mxmlns[39m=[32m"http://www.w3.org/2000/svg"[39m
            [36m>[39m
              [36m<circle[39m
                [33mcx[39m=[32m"12"[39m
                [33mcy[39m=[32m"12"[39m
                [33mr[39m=[32m"10"[39m
              [36m/>[39m
              [36m<path[39m
                [33md[39m=[32m"M8 12h8"[39m
              [36m/>[39m
              [36m<path[39m
                [33md[39m=[32m"M12 8v8"[39m
              [36m/>[39m
            [36m</svg>[39m
            [0mNovo Produto[0m
          [36m</button>[39m
        [36m</div>[39m
      [36m</div>[39m
      [36m<div[39m
        [33mclass[39m=[32m"mb-4 flex gap-4"[39m
      [36m>[39m
        [36m<div[39m
          [33mclass[39m=[32m"relative"[39m
        [36m>[39m
          [36m<svg[39m
            [33maria-hidden[39m=[32m"true"[39m
            [33mclass[39m=[32m"lucide lucide-search absolute left-3 top-1/2 -translate-y-1/2 text-gray-400"[39m
            [33mfill[39m=[32m"none"[39m
            [33mheight[39m=[32m"20"[39m
            [33mstroke[39m=[32m"currentColor"[39m
            [33mstroke-linecap[39m=[32m"round"[39m
            [33mstroke-linejoin[39m=[32m"round"[39m
            [33mstroke-width[39m=[32m"2"[39m
            [33mviewBox[39m=[32m"0 0 24 24"[39m
            [33mwidth[39m=[32m"20"[39m
            [33mxmlns[39m=[32m"http://www.w3.org/2000/svg"[39m
          [36m>[39m
            [36m<path[39m
              [33md[39m=[32m"m21 21-4.34-4.34"[39m
            [36m/>[39m
            [36m<circle[39m
              [33mcx[39m=[32m"11"[39m
              [33mcy[39m=[32m"11"[39m
              [33mr[39m=[32m"8"[39m
            [36m/>[39m
          [36m</svg>[39m
          [36m<input[39m
            [33mclass[39m=[32m"w-full max-w-sm p-3 pl-10 border border-gray-300 rounded-lg"[39m
            [33mplaceholder[39m=[32m"Buscar por nome ou SKU..."[39m
            [33mtype[39m=[32m"text"[39m
            [33mvalue[39m=[32m""[39m
          [36m/>[39m
        [36m</div>[39m
        [36m<div[39m
          [33mclass[39m=[32m"min-w-[200px]"[39m
        [36m>[39m
          [36m<div[39m
            [33mclass[39m=[32m"relative"[39m
          [36m>[39m
            [36m<select[39m
              [33mclass[39m=[32m"w-full p-3 pr-10 bg-white/80 border border-gray-300 rounded-lg focus:ring-2 focus:ring-blue-500 focus:border-blue-500 transition shadow-sm appearance-none"[39m
            [36m>[39m
              [36m<option[39m
                [33mvalue[39m=[32m""[39m
              [36m>[39m
                [0mTodos os status[0m
              [36m</option>[39m
              [36m<option[39m
                [33mvalue[39m=[32m"ativo"[39m
              [36m>[39m
                [0mAtivo[0m
              [36m</option>[39m
              [36m<option[39m
                [33mvalue[39m=[32m"inativo"[39m
              [36m>[39m
                [0mInativo[0m
              [36m</option>[39m
            [36m</select>[39m
            [36m<div[39m
              [33mclass[39m=[32m"pointer-events-none absolute inset-y-0 right-0 flex items-center px-3 text-gray-700"[39m
            [36m>[39m
              [36m<svg[39m
                [33maria-hidden[39m=[32m"true"[39m
                [33mclass[39m=[32m"lucide lucide-chevron-down"[39m
                [33mfill[39m=[32m"none"[39m
                [33mheight[39m=[32m"20"[39m
                [33mstroke[39m=[32m"currentColor"[39m
                [33mstroke-linecap[39m=[32m"round"[39m
                [33mstroke-linejoin[39m=[32m"round"[39m
                [33mstroke-width[39m=[32m"2"[39m
                [33mviewBox[39m=[32m"0 0 24 24"[39m
                [33mwidth[39m=[32m"20"[39m
                [33mxmlns[39m=[32m"http://www.w3.org/2000/svg"[39m
              [36m>[39m
                [36m<path[39m
                  [33md[39m=[32m"m6 9 6 6 6-6"[39m
                [36m/>[39m
              [36m</svg>[39m
            [36m</div>[39m
          [36m</div>[39m
        [36m</div>[39m
      [36m</div>[39m
      [36m<div[39m
        [33mclass[39m=[32m"bg-white rounded-lg shadow overflow-hidden"[39m
      [36m>[39m
        [36m<div[39m
          [33mclass[39m=[32m"h-96 flex flex-col items-center justify-center text-center text-gray-500 p-4"[39m
        [36m>[39m
          [36m<svg[39m
            [33maria-hidden[39m=[32m"true"[39m
            [33mclass[39m=[32m"lucide lucide-package mb-4"[39m
            [33mfill[39m=[32m"none"[39m
            [33mheight[39m=[32m"48"[39m
            [33mstroke[39m=[32m"currentColor"[39m
            [33mstroke-linecap[39m=[32m"round"[39m
            [33mstroke-linejoin[39m=[32m"round"[39m
            [33mstroke-width[39m=[32m"2"[39m
            [33mviewBox[39m=[32m"0 0 24 24"[39m
            [33mwidth[39m=[32m"48"[39m
            [33mxmlns[39m=[32m"http://www.w3.org/2000/svg"[39m
          [36m>[39m
            [36m<path[39m
              [33md[39m=[32m"M11 21.73a2 2 0 0 0 2 0l7-4A2 2 0 0 0 21 16V8a2 2 0 0 0-1-1.73l-7-4a2 2 0 0 0-2 0l-7 4A2 2 0 0 0 3 8v8a2 2 0 0 0 1 1.73z"[39m
            [36m/>[39m
            [36m<path[39m
              [33md[39m=[32m"M12 22V12"[39m
            [36m/>[39m
            [36m<polyline[39m
              [33mpoints[39m=[32m"3.29 7 12 12 20.71 7"[39m
            [36m/>[39m
            [36m<path[39m
              [33md[39m=[32m"m7.5 4.27 9 5.15"[39m
            [36m/>[39m
          [36m</svg>[39m
          [36m<p[39m
            [33mclass[39m=[32m"font-semibold text-lg"[39m
          [36m>[39m
            [0mNenhum produto encontrado.[0m
          [36m</p>[39m
          [36m<p[39m
            [33mclass[39m=[32m"text-sm mb-4"[39m
          [36m>[39m
            [0mComece cadastrando um novo produto ou popule com dados de exemplo.[0m
          [36m</p>[39m
          [36m<button[39m
            [33mclass[39m=[32m"mt-4 flex items-center gap-2 bg-blue-100 text-blue-700 font-bold py-2 px-4 rounded-lg hover:bg-blue-200 transition-colors disabled:opacity-50"[39m
          [36m>[39m
            [36m<svg[39m
              [33maria-hidden[39m=[32m"true"[39m
              [33mclass[39m=[32m"lucide lucide-database-backup"[39m
              [33mfill[39m=[32m"none"[39m
              [33mheight[39m=[32m"20"[39m
              [33mstroke[39m=[32m"currentColor"[39m
              [33mstroke-linecap[39m=[32m"round"[39m
              [33mstroke-linejoin[39m=[32m"round"[39m
              [33mstroke-width[39m=[32m"2"[39m
              [33mviewBox[39m=[32m"0 0 24 24"[39m
              [33mwidth[39m=[32m"20"[39m
              [33mxmlns[39m=[32m"http://www.w3.org/2000/svg"[39m
            [36m>[39m
              [36m<ellipse[39m
                [33mcx[39m=[32m"12"[39m
                [33mcy[39m=[32m"5"[39m
                [33mrx[39m=[32m"9"[39m
                [33mry[39m=[32m"3"[39m
              [36m/>[39m
              [36m<path[39m
                [33md[39m=[32m"M3 12a9 3 0 0 0 5 2.69"[39m
              [36m/>[39m
              [36m<path[39m
                [33md[39m=[32m"M21 9.3V5"[39m
              [36m/>[39m
              [36m<path[39m
                [33md[39m=[32m"M3 5v14a9 3 0 0 0 6.47 2.88"[39m
              [36m/>[39m
              [36m<path[39m
                [33md[39m=[32m"M12 12v4h4"[39m
              [36m/>[39m
              [36m<path[39m
                [33md[39m=[32m"M13 20a5 5 0 0 0 9-3 4.5 4.5 0 0 0-4.5-4.5c-1.33 0-2.54.54-3.41 1.41L12 16"[39m
              [36m/>[39m
            [36m</svg>[39m
            [0mPopular com 10 produtos padrão[0m
          [36m</button>[39m
        [36m</div>[39m
      [36m</div>[39m
    [36m</div>[39m
    [36m<div[39m
      [33mclass[39m=[32m"fixed top-5 right-5 z-50 space-y-3"[39m
    [36m/>[39m
  [36m</div>[39m
[36m</body>[39m

Ignored nodes: comments, script, style
[36m<html>[39m
  [36m<head />[39m
  [36m<body>[39m
    [36m<div>[39m
      [36m<div[39m
        [33mclass[39m=[32m"p-1"[39m
      [36m>[39m
        [36m<div[39m
          [33mclass[39m=[32m"flex justify-between items-center mb-6"[39m
        [36m>[39m
          [36m<h1[39m
            [33mclass[39m=[32m"text-3xl font-bold text-gray-800"[39m
          [36m>[39m
            [0mProdutos[0m
          [36m</h1>[39m
          [36m<div[39m
            [33mclass[39m=[32m"flex items-center gap-2"[39m
          [36m>[39m
            [36m<button[39m
              [33mclass[39m=[32m"flex items-center gap-2 bg-gray-100 text-gray-700 font-semibold py-2 px-4 rounded-lg hover:bg-gray-200 transition-colors disabled:opacity-50"[39m
            [36m>[39m
              [36m<svg[39m
                [33maria-hidden[39m=[32m"true"[39m
                [33mclass[39m=[32m"lucide lucide-database-backup"[39m
                [33mfill[39m=[32m"none"[39m
                [33mheight[39m=[32m"20"[39m
                [33mstroke[39m=[32m"currentColor"[39m
                [33mstroke-linecap[39m=[32m"round"[39m
                [33mstroke-linejoin[39m=[32m"round"[39m
                [33mstroke-width[39m=[32m"2"[39m
                [33mviewBox[39m=[32m"0 0 24 24"[39m
                [33mwidth[39m=[32m"20"[39m
                [33mxmlns[39m=[32m"http://www.w3.org/2000/svg"[39m
              [36m>[39m
                [36m<ellipse[39m
                  [33mcx[39m=[32m"12"[39m
                  [33mcy[39m=[32m"5"[39m
                  [33mrx[39m=[32m"9"[39m
                  [33mry[39m=[32m"3"[39m
                [36m/>[39m
                [36m<path[39m
                  [33md[39m=[32m"M3 12a9 3 0 0 0 5 2.69"[39m
                [36m/>[39m
                [36m<path[39m
                  [33md[39m=[32m"M21 9.3V5"[39m
                [36m/>[39m
                [36m<path[39m
                  [33md[39m=[32m"M3 5v14a9 3 0 0 0 6.47 2.88"[39m
                [36m/>[39m
                [36m<path[39m
                  [33md[39m=[32m"M12 12v4h4"[39m
                [36m/>[39m
                [36m<path[39m
                  [33md[39m=[32m"M13 20a5 5 0 0 0 9-3 4.5 4.5 0 0 0-4.5-4.5c-1.33 0-2.54.54-3.41 1.41L12 16"[39m
                [36m/>[39m
              [36m</svg>[39m
              [0mPopular Dados[0m
            [36m</button>[39m
            [36m<button[39m
              [33mclass[39m=[32m"flex items-center gap-2 bg-blue-600 text-white font-bold py-2 px-4 rounded-lg hover:bg-blue-700 transition-colors"[39m
            [36m>[39m
              [36m<svg[39m
                [33maria-hidden[39m=[32m"true"[39m
                [33mclass[39m=[32m"lucide lucide-circle-plus"[39m
                [33mfill[39m=[32m"none"[39m
                [33mheight[39m=[32m"20"[39m
                [33mstroke[39m=[32m"currentColor"[39m
                [33mstroke-linecap[39m=[32m"round"[39m
                [33mstroke-linejoin[39m=[32m"round"[39m
                [33mstroke-width[39m=[32m"2"[39m
                [33mviewBox[39m=[32m"0 0 24 24"[39m
                [33mwidth[39m=[32m"20"[39m
                [33mxmlns[39m=[32m"http://www.w3.org/2000/svg"[39m
              [36m>[39m
                [36m<circle[39m
                  [33mcx[39m=[32m"12"[39m
                  [33mcy[39m=[32m"12"[39m
                  [33mr[39m=[32m"10"[39m
                [36m/>[39m
                [36m<path[39m
                  [33md[39m=[32m"M8 12h8"[39m
                [36m/>[39m
                [36m<path[39m
                  [33md[39m=[32m"M12 8v8"[39m
                [36m/>[39m
              [36m</svg>[39m
              [0mNovo Produto[0m
            [36m</button>[39m
          [36m</div>[39m
        [36m</div>[39m
        [36m<div[39m
          [33mclass[39m=[32m"mb-4 flex gap-4"[39m
        [36m>[39m
          [36m<div[39m
            [33mclass[39m=[32m"relative"[39m
          [36m>[39m
            [36m<svg[39m
              [33maria-hidden[39m=[32m"true"[39m
              [33mclass[39m=[32m"lucide lucide-search absolute left-3 top-1/2 -translate-y-1/2 text-gray-400"[39m
              [33mfill[39m=[32m"none"[39m
              [33mheight[39m=[32m"20"[39m
              [33mstroke[39m=[32m"currentColor"[39m
              [33mstroke-linecap[39m=[32m"round"[39m
              [33mstroke-linejoin[39m=[32m"round"[39m
              [33mstroke-width[39m=[32m"2"[39m
              [33mviewBox[39m=[32m"0 0 24 24"[39m
              [33mwidth[39m=[32m"20"[39m
              [33mxmlns[39m=[32m"http://www.w3.org/2000/svg"[39m
            [36m>[39m
              [36m<path[39m
                [33md[39m=[32m"m21 21-4.34-4.34"[39m
              [36m/>[39m
              [36m<circle[39m
                [33mcx[39m=[32m"11"[39m
                [33mcy[39m=[32m"11"[39m
                [33mr[39m=[32m"8"[39m
              [36m/>[39m
            [36m</svg>[39m
            [36m<input[39m
              [33mclass[39m=[32m"w-full max-w-sm p-3 pl-10 border border-gray-300 rounded-lg"[39m
              [33mplaceholder[39m=[32m"Buscar por nome ou SKU..."[39m
              [33mtype[39m=[32m"text"[39m
              [33mvalue[39m=[32m""[39m
            [36m/>[39m
          [36m</div>[39m
          [36m<div[39m
            [33mclass[39m=[32m"min-w-[200px]"[39m
          [36m>[39m
            [36m<div[39m
              [33mclass[39m=[32m"relative"[39m
            [36m>[39m
              [36m<select[39m
                [33mclass[39m=[32m"w-full p-3 pr-10 bg-white/80 border border-gray-300 rounded-lg focus:ring-2 focus:ring-blue-500 focus:border-blue-500 transition shadow-sm appearance-none"[39m
              [36m>[39m
                [36m<option[39m
                  [33mvalue[39m=[32m""[39m
                [36m>[39m
                  [0mTodos os status[0m
                [36m</option>[39m
                [36m<option[39m
                  [33mvalue[39m=[32m"ativo"[39m
                [36m>[39m
                  [0mAtivo[0m
                [36m</option>[39m
                [36m<option[39m
                  [33mvalue[39m=[32m"inativo"[39m
                [36m>[39m
                  [0mInativo[0m
                [36m</option>[39m
              [36m</select>[39m
              [36m<div[39m
                [33mclass[39m=[32m"pointer-events-none absolute inset-y-0 right-0 flex items-center px-3 text-gray-700"[39m
              [36m>[39m
                [36m<svg[39m
                  [33maria-hidden[39m=[32m"true"[39m
                  [33mclass[39m=[32m"lucide lucide-chevron-down"[39m
                  [33mfill[39m=[32m"none"[39m
                  [33mheight[39m=[32m"20"[39m
                  [33mstroke[39m=[32m"currentColor"[39m
                  [33mstroke-linecap[39m=[32m"round"[39m
                  [33mstroke-linejoin[39m=[32m"round"[39m
                  [33mstroke-width[39m=[32m"2"[39m
                  [33mviewBox[39m=[32m"0 0 24 24"[39m
                  [33mwidth[39m=[32m"20"[39m
                  [33mxmlns[39m=[32m"http://www.w3.org/2000/svg"[39m
                [36m>[39m
                  [36m<path[39m
                    [33md[39m=[32m"m6 9 6 6 6-6"[39m
                  [36m/>[39m
                [36m</svg>[39m
              [36m</div>[39m
            [36m</div>[39m
          [36m</div>[39m
        [36m</div>[39m
        [36m<div[39m
          [33mclass[39m=[32m"bg-white rounded-lg shadow overflow-hidden"[39m
        [36m>[39m
          [36m<div[39m
            [33mclass[39m=[32m"h-96 flex flex-col items-center justify-center text-center text-gray-500 p-4"[39m
          [36m>[39m
            [36m<svg[39m
              [33maria-hidden[39m=[32m"true"[39m
              [33mclass[39m=[32m"lucide lucide-package mb-4"[39m
              [33mfill[39m=[32m"none"[39m
              [33mheight[39m=[32m"48"[39m
              [33mstroke[39m=[32m"currentColor"[39m
              [33mstroke-linecap[39m=[32m"round"[39m
              [33mstroke-linejoin[39m=[32m"round"[39m
              [33mstroke-width[39m=[32m"2"[39m
              [33mviewBox[39m=[32m"0 0 24 24"[39m
              [33mwidth[39m=[32m"48"[39m
              [33mxmlns[39m=[32m"http://www.w3.org/2000/svg"[39m
            [36m>[39m
              [36m<path[39m
                [33md[39m=[32m"M11 21.73a2 2 0 0 0 2 0l7-4A2 2 0 0 0 21 16V8a2 2 0 0 0-1-1.73l-7-4a2 2 0 0 0-2 0l-7 4A2 2 0 0 0 3 8v8a2 2 0 0 0 1 1.73z"[39m
              [36m/>[39m
              [36m<path[39m
                [33md[39m=[32m"M12 22V12"[39m
              [36m/>[39m
              [36m<polyline[39m
                [33mpoints[39m=[32m"3.29 7 12 12 20.71 7"[39m
              [36m/>[39m
              [36m<path[39m
                [33md[39m=[32m"m7.5 4.27 9 5.15"[39m
              [36m/>[39m
            [36m</svg>[39m
            [36m<p[39m
              [33mclass[39m=[32m"font-semibold text-lg"[39m
            [36m>[39m
              [0mNenhum produto encontrado.[0m
            [36m</p>[39m
            [36m<p[39m
              [33mclass[39m=[32m"text-sm mb-4"[39m
            [36m>[39m
              [0mComece cadastrando um novo produto ou popule com dados de exemplo.[0m
            [36m</p>[39m
            [36m<button[39m
              [33mclass[39m=[32m"mt-4 flex items-center gap-2 bg-blue-100 text-blue-700 font-bold py-2 px-4 rounded-lg hover:bg-blue-200 transition-colors disabled:opacity-50"[39m
            [36m>[39m
              [36m<svg[39m
                [33maria-hidden[39m=[32m"true"[39m
                [33mclass[39m=[32m"lucide lucide-database-backup"[39m
                [33mfill[39m=[32m"none"[39m
                [33mheight[39m=[32m"20"[39m
                [33mstroke[39m=[32m"currentColor"[39m
                [33mstroke-linecap[39m=[32m"round"[39m
                [33mstroke-linejoin[39m=[32m"round"[39m
                [33mstroke-width[39m=[32m"2"[39m
                [33mviewBox[39m=[32m"0 0 24 24"[39m
                [33mwidth[39m=[32m"20"[39m
                [33mxmlns[39m=[32m"http://www.w3.org/2000/svg"[39m
              [36m>[39m
                [36m<ellipse[39m
                  [33mcx[39m=[32m"12"[39m
                  [33mcy[39m=[32m"5"[39m
                  [33mrx[39m=[32m"9"[39m
                  [33mry[39m=[32m"3"[39m
                [36m/>[39m
                [36m<path[39m
                  [33md[39m=[32m"M3 12a9 3 0 0 0 5 2.69"[39m
                [36m/>[39m
                [36m<path[39m
                  [33md[39m=[32m"M21 9.3V5"[39m
                [36m/>[39m
                [36m<path[39m
                  [33md[39m=[32m"M3 5v14a9 3 0 0 0 6.47 2.88"[39m
                [36m/>[39m
                [36m<path[39m
                  [33md[39m=[32m"M12 12v4h4"[39m
                [36m/>[39m
                [36m<path[39m
                  [33md[39m=[32m"M13 20a5 5 0 0 0 9-3 4.5 4.5 0 0 0-4.5-4.5c-1.33 0-2.54.54-3.41 1.41L12 16"[39m
                [36m/>[39m
              [36m</svg>[39m
              [0mPopular com 10 produtos padrão[0m
            [36m</button>[39m
          [36m</div>[39m
        [36m</div>[39m
      [36m</div>[39m
      [36m<div[39m
        [33mclass[39m=[32m"fixed top-5 right-5 z-50 space-y-3"[39m
      [36m/>[39m
    [36m</div>[39m
  [36m</body>[39m
[36m</html>[39m
 ❯ Proxy.waitForWrapper node_modules/@testing-library/dom/dist/wait-for.js:163:27
 ❯ src/pages/products/ProductsPage.test.tsx:14:15
     12| 
     13|         // Wait for products to appear
     14|         await waitFor(() => {
       |               ^
     15|             expect(screen.getByText('Produto Teste 1')).toBeInTheDocum…
     16|             expect(screen.getByText('SKU-001')).toBeInTheDocument();

⎯⎯⎯⎯⎯⎯⎯⎯⎯⎯⎯⎯⎯⎯⎯⎯⎯⎯⎯⎯⎯⎯⎯⎯[1/2]⎯

 FAIL  src/pages/products/ProductsPage.test.tsx > ProductsPage Integration > filters products by search term
TestingLibraryElementError: Unable to find an element with the text: Produto Teste 1. This could be because the text is broken up by multiple elements. In this case, you can provide a function for your text matcher to make your matcher more flexible.

Ignored nodes: comments, script, style
[36m<body>[39m
  [36m<div>[39m
    [36m<div[39m
      [33mclass[39m=[32m"p-1"[39m
    [36m>[39m
      [36m<div[39m
        [33mclass[39m=[32m"flex justify-between items-center mb-6"[39m
      [36m>[39m
        [36m<h1[39m
          [33mclass[39m=[32m"text-3xl font-bold text-gray-800"[39m
        [36m>[39m
          [0mProdutos[0m
        [36m</h1>[39m
        [36m<div[39m
          [33mclass[39m=[32m"flex items-center gap-2"[39m
        [36m>[39m
          [36m<button[39m
            [33mclass[39m=[32m"flex items-center gap-2 bg-gray-100 text-gray-700 font-semibold py-2 px-4 rounded-lg hover:bg-gray-200 transition-colors disabled:opacity-50"[39m
          [36m>[39m
            [36m<svg[39m
              [33maria-hidden[39m=[32m"true"[39m
              [33mclass[39m=[32m"lucide lucide-database-backup"[39m
              [33mfill[39m=[32m"none"[39m
              [33mheight[39m=[32m"20"[39m
              [33mstroke[39m=[32m"currentColor"[39m
              [33mstroke-linecap[39m=[32m"round"[39m
              [33mstroke-linejoin[39m=[32m"round"[39m
              [33mstroke-width[39m=[32m"2"[39m
              [33mviewBox[39m=[32m"0 0 24 24"[39m
              [33mwidth[39m=[32m"20"[39m
              [33mxmlns[39m=[32m"http://www.w3.org/2000/svg"[39m
            [36m>[39m
              [36m<ellipse[39m
                [33mcx[39m=[32m"12"[39m
                [33mcy[39m=[32m"5"[39m
                [33mrx[39m=[32m"9"[39m
                [33mry[39m=[32m"3"[39m
              [36m/>[39m
              [36m<path[39m
                [33md[39m=[32m"M3 12a9 3 0 0 0 5 2.69"[39m
              [36m/>[39m
              [36m<path[39m
                [33md[39m=[32m"M21 9.3V5"[39m
              [36m/>[39m
              [36m<path[39m
                [33md[39m=[32m"M3 5v14a9 3 0 0 0 6.47 2.88"[39m
              [36m/>[39m
              [36m<path[39m
                [33md[39m=[32m"M12 12v4h4"[39m
              [36m/>[39m
              [36m<path[39m
                [33md[39m=[32m"M13 20a5 5 0 0 0 9-3 4.5 4.5 0 0 0-4.5-4.5c-1.33 0-2.54.54-3.41 1.41L12 16"[39m
              [36m/>[39m
            [36m</svg>[39m
            [0mPopular Dados[0m
          [36m</button>[39m
          [36m<button[39m
            [33mclass[39m=[32m"flex items-center gap-2 bg-blue-600 text-white font-bold py-2 px-4 rounded-lg hover:bg-blue-700 transition-colors"[39m
          [36m>[39m
            [36m<svg[39m
              [33maria-hidden[39m=[32m"true"[39m
              [33mclass[39m=[32m"lucide lucide-circle-plus"[39m
              [33mfill[39m=[32m"none"[39m
              [33mheight[39m=[32m"20"[39m
              [33mstroke[39m=[32m"currentColor"[39m
              [33mstroke-linecap[39m=[32m"round"[39m
              [33mstroke-linejoin[39m=[32m"round"[39m
              [33mstroke-width[39m=[32m"2"[39m
              [33mviewBox[39m=[32m"0 0 24 24"[39m
              [33mwidth[39m=[32m"20"[39m
              [33mxmlns[39m=[32m"http://www.w3.org/2000/svg"[39m
            [36m>[39m
              [36m<circle[39m
                [33mcx[39m=[32m"12"[39m
                [33mcy[39m=[32m"12"[39m
                [33mr[39m=[32m"10"[39m
              [36m/>[39m
              [36m<path[39m
                [33md[39m=[32m"M8 12h8"[39m
              [36m/>[39m
              [36m<path[39m
                [33md[39m=[32m"M12 8v8"[39m
              [36m/>[39m
            [36m</svg>[39m
            [0mNovo Produto[0m
          [36m</button>[39m
        [36m</div>[39m
      [36m</div>[39m
      [36m<div[39m
        [33mclass[39m=[32m"mb-4 flex gap-4"[39m
      [36m>[39m
        [36m<div[39m
          [33mclass[39m=[32m"relative"[39m
        [36m>[39m
          [36m<svg[39m
            [33maria-hidden[39m=[32m"true"[39m
            [33mclass[39m=[32m"lucide lucide-search absolute left-3 top-1/2 -translate-y-1/2 text-gray-400"[39m
            [33mfill[39m=[32m"none"[39m
            [33mheight[39m=[32m"20"[39m
            [33mstroke[39m=[32m"currentColor"[39m
            [33mstroke-linecap[39m=[32m"round"[39m
            [33mstroke-linejoin[39m=[32m"round"[39m
            [33mstroke-width[39m=[32m"2"[39m
            [33mviewBox[39m=[32m"0 0 24 24"[39m
            [33mwidth[39m=[32m"20"[39m
            [33mxmlns[39m=[32m"http://www.w3.org/2000/svg"[39m
          [36m>[39m
            [36m<path[39m
              [33md[39m=[32m"m21 21-4.34-4.34"[39m
            [36m/>[39m
            [36m<circle[39m
              [33mcx[39m=[32m"11"[39m
              [33mcy[39m=[32m"11"[39m
              [33mr[39m=[32m"8"[39m
            [36m/>[39m
          [36m</svg>[39m
          [36m<input[39m
            [33mclass[39m=[32m"w-full max-w-sm p-3 pl-10 border border-gray-300 rounded-lg"[39m
            [33mplaceholder[39m=[32m"Buscar por nome ou SKU..."[39m
            [33mtype[39m=[32m"text"[39m
            [33mvalue[39m=[32m""[39m
          [36m/>[39m
        [36m</div>[39m
        [36m<div[39m
          [33mclass[39m=[32m"min-w-[200px]"[39m
        [36m>[39m
          [36m<div[39m
            [33mclass[39m=[32m"relative"[39m
          [36m>[39m
            [36m<select[39m
              [33mclass[39m=[32m"w-full p-3 pr-10 bg-white/80 border border-gray-300 rounded-lg focus:ring-2 focus:ring-blue-500 focus:border-blue-500 transition shadow-sm appearance-none"[39m
            [36m>[39m
              [36m<option[39m
                [33mvalue[39m=[32m""[39m
              [36m>[39m
                [0mTodos os status[0m
              [36m</option>[39m
              [36m<option[39m
                [33mvalue[39m=[32m"ativo"[39m
              [36m>[39m
                [0mAtivo[0m
              [36m</option>[39m
              [36m<option[39m
                [33mvalue[39m=[32m"inativo"[39m
              [36m>[39m
                [0mInativo[0m
              [36m</option>[39m
            [36m</select>[39m
            [36m<div[39m
              [33mclass[39m=[32m"pointer-events-none absolute inset-y-0 right-0 flex items-center px-3 text-gray-700"[39m
            [36m>[39m
              [36m<svg[39m
                [33maria-hidden[39m=[32m"true"[39m
                [33mclass[39m=[32m"lucide lucide-chevron-down"[39m
                [33mfill[39m=[32m"none"[39m
                [33mheight[39m=[32m"20"[39m
                [33mstroke[39m=[32m"currentColor"[39m
                [33mstroke-linecap[39m=[32m"round"[39m
                [33mstroke-linejoin[39m=[32m"round"[39m
                [33mstroke-width[39m=[32m"2"[39m
                [33mviewBox[39m=[32m"0 0 24 24"[39m
                [33mwidth[39m=[32m"20"[39m
                [33mxmlns[39m=[32m"http://www.w3.org/2000/svg"[39m
              [36m>[39m
                [36m<path[39m
                  [33md[39m=[32m"m6 9 6 6 6-6"[39m
                [36m/>[39m
              [36m</svg>[39m
            [36m</div>[39m
          [36m</div>[39m
        [36m</div>[39m
      [36m</div>[39m
      [36m<div[39m
        [33mclass[39m=[32m"bg-white rounded-lg shadow overflow-hidden"[39m
      [36m>[39m
        [36m<div[39m
          [33mclass[39m=[32m"h-96 flex flex-col items-center justify-center text-center text-gray-500 p-4"[39m
        [36m>[39m
          [36m<svg[39m
            [33maria-hidden[39m=[32m"true"[39m
            [33mclass[39m=[32m"lucide lucide-package mb-4"[39m
            [33mfill[39m=[32m"none"[39m
            [33mheight[39m=[32m"48"[39m
            [33mstroke[39m=[32m"currentColor"[39m
            [33mstroke-linecap[39m=[32m"round"[39m
            [33mstroke-linejoin[39m=[32m"round"[39m
            [33mstroke-width[39m=[32m"2"[39m
            [33mviewBox[39m=[32m"0 0 24 24"[39m
            [33mwidth[39m=[32m"48"[39m
            [33mxmlns[39m=[32m"http://www.w3.org/2000/svg"[39m
          [36m>[39m
            [36m<path[39m
              [33md[39m=[32m"M11 21.73a2 2 0 0 0 2 0l7-4A2 2 0 0 0 21 16V8a2 2 0 0 0-1-1.73l-7-4a2 2 0 0 0-2 0l-7 4A2 2 0 0 0 3 8v8a2 2 0 0 0 1 1.73z"[39m
            [36m/>[39m
            [36m<path[39m
              [33md[39m=[32m"M12 22V12"[39m
            [36m/>[39m
            [36m<polyline[39m
              [33mpoints[39m=[32m"3.29 7 12 12 20.71 7"[39m
            [36m/>[39m
            [36m<path[39m
              [33md[39m=[32m"m7.5 4.27 9 5.15"[39m
            [36m/>[39m
          [36m</svg>[39m
          [36m<p[39m
            [33mclass[39m=[32m"font-semibold text-lg"[39m
          [36m>[39m
            [0mNenhum produto encontrado.[0m
          [36m</p>[39m
          [36m<p[39m
            [33mclass[39m=[32m"text-sm mb-4"[39m
          [36m>[39m
            [0mComece cadastrando um novo produto ou popule com dados de exemplo.[0m
          [36m</p>[39m
          [36m<button[39m
            [33mclass[39m=[32m"mt-4 flex items-center gap-2 bg-blue-100 text-blue-700 font-bold py-2 px-4 rounded-lg hover:bg-blue-200 transition-colors disabled:opacity-50"[39m
          [36m>[39m
            [36m<svg[39m
              [33maria-hidden[39m=[32m"true"[39m
              [33mclass[39m=[32m"lucide lucide-database-backup"[39m
              [33mfill[39m=[32m"none"[39m
              [33mheight[39m=[32m"20"[39m
              [33mstroke[39m=[32m"currentColor"[39m
              [33mstroke-linecap[39m=[32m"round"[39m
              [33mstroke-linejoin[39m=[32m"round"[39m
              [33mstroke-width[39m=[32m"2"[39m
              [33mviewBox[39m=[32m"0 0 24 24"[39m
              [33mwidth[39m=[32m"20"[39m
              [33mxmlns[39m=[32m"http://www.w3.org/2000/svg"[39m
            [36m>[39m
              [36m<ellipse[39m
                [33mcx[39m=[32m"12"[39m
                [33mcy[39m=[32m"5"[39m
                [33mrx[39m=[32m"9"[39m
                [33mry[39m=[32m"3"[39m
              [36m/>[39m
              [36m<path[39m
                [33md[39m=[32m"M3 12a9 3 0 0 0 5 2.69"[39m
              [36m/>[39m
              [36m<path[39m
                [33md[39m=[32m"M21 9.3V5"[39m
              [36m/>[39m
              [36m<path[39m
                [33md[39m=[32m"M3 5v14a9 3 0 0 0 6.47 2.88"[39m
              [36m/>[39m
              [36m<path[39m
                [33md[39m=[32m"M12 12v4h4"[39m
              [36m/>[39m
              [36m<path[39m
                [33md[39m=[32m"M13 20a5 5 0 0 0 9-3 4.5 4.5 0 0 0-4.5-4.5c-1.33 0-2.54.54-3.41 1.41L12 16"[39m
              [36m/>[39m
            [36m</svg>[39m
            [0mPopular com 10 produtos padrão[0m
          [36m</button>[39m
        [36m</div>[39m
      [36m</div>[39m
    [36m</div>[39m
    [36m<div[39m
      [33mclass[39m=[32m"fixed top-5 right-5 z-50 space-y-3"[39m
    [36m/>[39m
  [36m</div>[39m
[36m</body>[39m

Ignored nodes: comments, script, style
[36m<html>[39m
  [36m<head />[39m
  [36m<body>[39m
    [36m<div>[39m
      [36m<div[39m
        [33mclass[39m=[32m"p-1"[39m
      [36m>[39m
        [36m<div[39m
          [33mclass[39m=[32m"flex justify-between items-center mb-6"[39m
        [36m>[39m
          [36m<h1[39m
            [33mclass[39m=[32m"text-3xl font-bold text-gray-800"[39m
          [36m>[39m
            [0mProdutos[0m
          [36m</h1>[39m
          [36m<div[39m
            [33mclass[39m=[32m"flex items-center gap-2"[39m
          [36m>[39m
            [36m<button[39m
              [33mclass[39m=[32m"flex items-center gap-2 bg-gray-100 text-gray-700 font-semibold py-2 px-4 rounded-lg hover:bg-gray-200 transition-colors disabled:opacity-50"[39m
            [36m>[39m
              [36m<svg[39m
                [33maria-hidden[39m=[32m"true"[39m
                [33mclass[39m=[32m"lucide lucide-database-backup"[39m
                [33mfill[39m=[32m"none"[39m
                [33mheight[39m=[32m"20"[39m
                [33mstroke[39m=[32m"currentColor"[39m
                [33mstroke-linecap[39m=[32m"round"[39m
                [33mstroke-linejoin[39m=[32m"round"[39m
                [33mstroke-width[39m=[32m"2"[39m
                [33mviewBox[39m=[32m"0 0 24 24"[39m
                [33mwidth[39m=[32m"20"[39m
                [33mxmlns[39m=[32m"http://www.w3.org/2000/svg"[39m
              [36m>[39m
                [36m<ellipse[39m
                  [33mcx[39m=[32m"12"[39m
                  [33mcy[39m=[32m"5"[39m
                  [33mrx[39m=[32m"9"[39m
                  [33mry[39m=[32m"3"[39m
                [36m/>[39m
                [36m<path[39m
                  [33md[39m=[32m"M3 12a9 3 0 0 0 5 2.69"[39m
                [36m/>[39m
                [36m<path[39m
                  [33md[39m=[32m"M21 9.3V5"[39m
                [36m/>[39m
                [36m<path[39m
                  [33md[39m=[32m"M3 5v14a9 3 0 0 0 6.47 2.88"[39m
                [36m/>[39m
                [36m<path[39m
                  [33md[39m=[32m"M12 12v4h4"[39m
                [36m/>[39m
                [36m<path[39m
                  [33md[39m=[32m"M13 20a5 5 0 0 0 9-3 4.5 4.5 0 0 0-4.5-4.5c-1.33 0-2.54.54-3.41 1.41L12 16"[39m
                [36m/>[39m
              [36m</svg>[39m
              [0mPopular Dados[0m
            [36m</button>[39m
            [36m<button[39m
              [33mclass[39m=[32m"flex items-center gap-2 bg-blue-600 text-white font-bold py-2 px-4 rounded-lg hover:bg-blue-700 transition-colors"[39m
            [36m>[39m
              [36m<svg[39m
                [33maria-hidden[39m=[32m"true"[39m
                [33mclass[39m=[32m"lucide lucide-circle-plus"[39m
                [33mfill[39m=[32m"none"[39m
                [33mheight[39m=[32m"20"[39m
                [33mstroke[39m=[32m"currentColor"[39m
                [33mstroke-linecap[39m=[32m"round"[39m
                [33mstroke-linejoin[39m=[32m"round"[39m
                [33mstroke-width[39m=[32m"2"[39m
                [33mviewBox[39m=[32m"0 0 24 24"[39m
                [33mwidth[39m=[32m"20"[39m
                [33mxmlns[39m=[32m"http://www.w3.org/2000/svg"[39m
              [36m>[39m
                [36m<circle[39m
                  [33mcx[39m=[32m"12"[39m
                  [33mcy[39m=[32m"12"[39m
                  [33mr[39m=[32m"10"[39m
                [36m/>[39m
                [36m<path[39m
                  [33md[39m=[32m"M8 12h8"[39m
                [36m/>[39m
                [36m<path[39m
                  [33md[39m=[32m"M12 8v8"[39m
                [36m/>[39m
              [36m</svg>[39m
              [0mNovo Produto[0m
            [36m</button>[39m
          [36m</div>[39m
        [36m</div>[39m
        [36m<div[39m
          [33mclass[39m=[32m"mb-4 flex gap-4"[39m
        [36m>[39m
          [36m<div[39m
            [33mclass[39m=[32m"relative"[39m
          [36m>[39m
            [36m<svg[39m
              [33maria-hidden[39m=[32m"true"[39m
              [33mclass[39m=[32m"lucide lucide-search absolute left-3 top-1/2 -translate-y-1/2 text-gray-400"[39m
              [33mfill[39m=[32m"none"[39m
              [33mheight[39m=[32m"20"[39m
              [33mstroke[39m=[32m"currentColor"[39m
              [33mstroke-linecap[39m=[32m"round"[39m
              [33mstroke-linejoin[39m=[32m"round"[39m
              [33mstroke-width[39m=[32m"2"[39m
              [33mviewBox[39m=[32m"0 0 24 24"[39m
              [33mwidth[39m=[32m"20"[39m
              [33mxmlns[39m=[32m"http://www.w3.org/2000/svg"[39m
            [36m>[39m
              [36m<path[39m
                [33md[39m=[32m"m21 21-4.34-4.34"[39m
              [36m/>[39m
              [36m<circle[39m
                [33mcx[39m=[32m"11"[39m
                [33mcy[39m=[32m"11"[39m
                [33mr[39m=[32m"8"[39m
              [36m/>[39m
            [36m</svg>[39m
            [36m<input[39m
              [33mclass[39m=[32m"w-full max-w-sm p-3 pl-10 border border-gray-300 rounded-lg"[39m
              [33mplaceholder[39m=[32m"Buscar por nome ou SKU..."[39m
              [33mtype[39m=[32m"text"[39m
              [33mvalue[39m=[32m""[39m
            [36m/>[39m
          [36m</div>[39m
          [36m<div[39m
            [33mclass[39m=[32m"min-w-[200px]"[39m
          [36m>[39m
            [36m<div[39m
              [33mclass[39m=[32m"relative"[39m
            [36m>[39m
              [36m<select[39m
                [33mclass[39m=[32m"w-full p-3 pr-10 bg-white/80 border border-gray-300 rounded-lg focus:ring-2 focus:ring-blue-500 focus:border-blue-500 transition shadow-sm appearance-none"[39m
              [36m>[39m
                [36m<option[39m
                  [33mvalue[39m=[32m""[39m
                [36m>[39m
                  [0mTodos os status[0m
                [36m</option>[39m
                [36m<option[39m
                  [33mvalue[39m=[32m"ativo"[39m
                [36m>[39m
                  [0mAtivo[0m
                [36m</option>[39m
                [36m<option[39m
                  [33mvalue[39m=[32m"inativo"[39m
                [36m>[39m
                  [0mInativo[0m
                [36m</option>[39m
              [36m</select>[39m
              [36m<div[39m
                [33mclass[39m=[32m"pointer-events-none absolute inset-y-0 right-0 flex items-center px-3 text-gray-700"[39m
              [36m>[39m
                [36m<svg[39m
                  [33maria-hidden[39m=[32m"true"[39m
                  [33mclass[39m=[32m"lucide lucide-chevron-down"[39m
                  [33mfill[39m=[32m"none"[39m
                  [33mheight[39m=[32m"20"[39m
                  [33mstroke[39m=[32m"currentColor"[39m
                  [33mstroke-linecap[39m=[32m"round"[39m
                  [33mstroke-linejoin[39m=[32m"round"[39m
                  [33mstroke-width[39m=[32m"2"[39m
                  [33mviewBox[39m=[32m"0 0 24 24"[39m
                  [33mwidth[39m=[32m"20"[39m
                  [33mxmlns[39m=[32m"http://www.w3.org/2000/svg"[39m
                [36m>[39m
                  [36m<path[39m
                    [33md[39m=[32m"m6 9 6 6 6-6"[39m
                  [36m/>[39m
                [36m</svg>[39m
              [36m</div>[39m
            [36m</div>[39m
          [36m</div>[39m
        [36m</div>[39m
        [36m<div[39m
          [33mclass[39m=[32m"bg-white rounded-lg shadow overflow-hidden"[39m
        [36m>[39m
          [36m<div[39m
            [33mclass[39m=[32m"h-96 flex flex-col items-center justify-center text-center text-gray-500 p-4"[39m
          [36m>[39m
            [36m<svg[39m
              [33maria-hidden[39m=[32m"true"[39m
              [33mclass[39m=[32m"lucide lucide-package mb-4"[39m
              [33mfill[39m=[32m"none"[39m
              [33mheight[39m=[32m"48"[39m
              [33mstroke[39m=[32m"currentColor"[39m
              [33mstroke-linecap[39m=[32m"round"[39m
              [33mstroke-linejoin[39m=[32m"round"[39m
              [33mstroke-width[39m=[32m"2"[39m
              [33mviewBox[39m=[32m"0 0 24 24"[39m
              [33mwidth[39m=[32m"48"[39m
              [33mxmlns[39m=[32m"http://www.w3.org/2000/svg"[39m
            [36m>[39m
              [36m<path[39m
                [33md[39m=[32m"M11 21.73a2 2 0 0 0 2 0l7-4A2 2 0 0 0 21 16V8a2 2 0 0 0-1-1.73l-7-4a2 2 0 0 0-2 0l-7 4A2 2 0 0 0 3 8v8a2 2 0 0 0 1 1.73z"[39m
              [36m/>[39m
              [36m<path[39m
                [33md[39m=[32m"M12 22V12"[39m
              [36m/>[39m
              [36m<polyline[39m
                [33mpoints[39m=[32m"3.29 7 12 12 20.71 7"[39m
              [36m/>[39m
              [36m<path[39m
                [33md[39m=[32m"m7.5 4.27 9 5.15"[39m
              [36m/>[39m
            [36m</svg>[39m
            [36m<p[39m
              [33mclass[39m=[32m"font-semibold text-lg"[39m
            [36m>[39m
              [0mNenhum produto encontrado.[0m
            [36m</p>[39m
            [36m<p[39m
              [33mclass[39m=[32m"text-sm mb-4"[39m
            [36m>[39m
              [0mComece cadastrando um novo produto ou popule com dados de exemplo.[0m
            [36m</p>[39m
            [36m<button[39m
              [33mclass[39m=[32m"mt-4 flex items-center gap-2 bg-blue-100 text-blue-700 font-bold py-2 px-4 rounded-lg hover:bg-blue-200 transition-colors disabled:opacity-50"[39m
            [36m>[39m
              [36m<svg[39m
                [33maria-hidden[39m=[32m"true"[39m
                [33mclass[39m=[32m"lucide lucide-database-backup"[39m
                [33mfill[39m=[32m"none"[39m
                [33mheight[39m=[32m"20"[39m
                [33mstroke[39m=[32m"currentColor"[39m
                [33mstroke-linecap[39m=[32m"round"[39m
                [33mstroke-linejoin[39m=[32m"round"[39m
                [33mstroke-width[39m=[32m"2"[39m
                [33mviewBox[39m=[32m"0 0 24 24"[39m
                [33mwidth[39m=[32m"20"[39m
                [33mxmlns[39m=[32m"http://www.w3.org/2000/svg"[39m
              [36m>[39m
                [36m<ellipse[39m
                  [33mcx[39m=[32m"12"[39m
                  [33mcy[39m=[32m"5"[39m
                  [33mrx[39m=[32m"9"[39m
                  [33mry[39m=[32m"3"[39m
                [36m/>[39m
                [36m<path[39m
                  [33md[39m=[32m"M3 12a9 3 0 0 0 5 2.69"[39m
                [36m/>[39m
                [36m<path[39m
                  [33md[39m=[32m"M21 9.3V5"[39m
                [36m/>[39m
                [36m<path[39m
                  [33md[39m=[32m"M3 5v14a9 3 0 0 0 6.47 2.88"[39m
                [36m/>[39m
                [36m<path[39m
                  [33md[39m=[32m"M12 12v4h4"[39m
                [36m/>[39m
                [36m<path[39m
                  [33md[39m=[32m"M13 20a5 5 0 0 0 9-3 4.5 4.5 0 0 0-4.5-4.5c-1.33 0-2.54.54-3.41 1.41L12 16"[39m
                [36m/>[39m
              [36m</svg>[39m
              [0mPopular com 10 produtos padrão[0m
            [36m</button>[39m
          [36m</div>[39m
        [36m</div>[39m
      [36m</div>[39m
      [36m<div[39m
        [33mclass[39m=[32m"fixed top-5 right-5 z-50 space-y-3"[39m
      [36m/>[39m
    [36m</div>[39m
  [36m</body>[39m
[36m</html>[39m
 ❯ Proxy.waitForWrapper node_modules/@testing-library/dom/dist/wait-for.js:163:27
 ❯ src/pages/products/ProductsPage.test.tsx:29:15
     27|         renderWithProviders(<ProductsPage />);
     28| 
     29|         await waitFor(() => {
       |               ^
     30|             expect(screen.getByText('Produto Teste 1')).toBeInTheDocum…
     31|         });

⎯⎯⎯⎯⎯⎯⎯⎯⎯⎯⎯⎯⎯⎯⎯⎯⎯⎯⎯⎯⎯⎯⎯⎯[2/2]⎯

 Test Files  1 failed (1)
      Tests  2 failed (2)
   Start at  17:52:31
   Duration  2.82s


 FAIL  Tests failed. Watching for file changes...
       press h to show help, press q to quit
       rerun x8
[2K[1A[2K[G[3Jc
 RERUN  src/contexts/AuthProvider.tsx x9

stdout | src/test/setup.ts:8:9
[SETUP] Initializing MSW server...

stdout | Logger.info (/Users/leandrofmarques/Downloads/revo_erp_prod_8yumh0_dualiteproject/src/lib/logger.ts:24:21)
[INFO] [SUPABASE][CLIENT_INIT] {
  supabaseUrl: 'https://lrfwiaekipwkjkzvcnfd.supabase.co',
  anonKeyPrefix: 'eyJhbGci'
}

stdout | src/pages/products/ProductsPage.test.tsx
[SETUP] Starting MSW server...

stdout | src/pages/products/ProductsPage.test.tsx > ProductsPage Integration > renders the product list with data from MSW
[AUTH] Render {
  userId: null,
  loading: false,
  empresasCount: 0,
  activeEmpresaId: undefined
}
[AUTH] onAuthStateChange { event: 'SIGNED_IN', hasSession: true }
[AUTH] Render {
  userId: 'user-123',
  loading: true,
  empresasCount: 0,
  activeEmpresaId: undefined
}
[DEBUG] [QUERY][empresas] fetching list 
[DEBUG] [QUERY][active_empresa] fetching 
[INFO] [AUTH][LOGIN] start { email: 'exists' }
[AUTH] Render {
  userId: 'user-123',
  loading: true,
  empresasCount: 0,
  activeEmpresaId: undefined
}

stderr | src/pages/products/ProductsPage.test.tsx > ProductsPage Integration > renders the product list with data from MSW
⚠️ React Router Future Flag Warning: React Router will begin wrapping state updates in `React.startTransition` in v7. You can use the `v7_startTransition` future flag to opt-in early. For more information, see https://reactrouter.com/v6/upgrading/future#v7_starttransition.
⚠️ React Router Future Flag Warning: Relative route resolution within Splat routes is changing in v7. You can use the `v7_relativeSplatPath` future flag to opt-in early. For more information, see https://reactrouter.com/v6/upgrading/future#v7_relativesplatpath.

stderr | src/pages/products/ProductsPage.test.tsx > ProductsPage Integration > renders the product list with data from MSW
[WARN] [QUERY][active_empresa] error {
  code: 'PGRST301',
  details: null,
  hint: null,
  message: 'Expected 3 parts in JWT; got 1'
}
[ERROR] [QUERY][empresas] list error {
  code: 'PGRST301',
  details: null,
  hint: null,
  message: 'Expected 3 parts in JWT; got 1'
} 

stdout | src/pages/products/ProductsPage.test.tsx > ProductsPage Integration > renders the product list with data from MSW
[INFO] [MUTATION][bootstrap] start 
[AUTH] Render {
  userId: 'user-123',
  loading: false,
  empresasCount: 0,
  activeEmpresaId: null
}

stdout | src/pages/products/ProductsPage.test.tsx > ProductsPage Integration > renders the product list with data from MSW
<empty line>
stderr | src/pages/products/ProductsPage.test.tsx > ProductsPage Integration > renders the product list with data from MSW
[ERROR] [MUTATION][bootstrap] error {
  code: 'PGRST301',
  details: null,
  hint: null,
  message: 'Expected 3 parts in JWT; got 1'
} 

stderr | src/pages/products/ProductsPage.test.tsx > ProductsPage Integration > renders the product list with data from MSW
<empty line>
stdout | src/pages/products/ProductsPage.test.tsx > ProductsPage Integration > renders the product list with data from MSW
[AUTH] Render {
  userId: 'user-123',
  loading: false,
  empresasCount: 0,
  activeEmpresaId: null
}

stdout | src/pages/products/ProductsPage.test.tsx > ProductsPage Integration > filters products by search term
[AUTH] Render {
  userId: null,
  loading: false,
  empresasCount: 0,
  activeEmpresaId: undefined
}
[AUTH] onAuthStateChange { event: 'SIGNED_IN', hasSession: true }
[AUTH] Render {
  userId: 'user-123',
  loading: true,
  empresasCount: 0,
  activeEmpresaId: undefined
}
[DEBUG] [QUERY][empresas] fetching list 
[DEBUG] [QUERY][active_empresa] fetching 
[INFO] [AUTH][LOGIN] start { email: 'exists' }
[AUTH] Render {
  userId: 'user-123',
  loading: true,
  empresasCount: 0,
  activeEmpresaId: undefined
}

stdout | src/pages/products/ProductsPage.test.tsx > ProductsPage Integration > filters products by search term
<empty line>
stderr | src/pages/products/ProductsPage.test.tsx > ProductsPage Integration > filters products by search term
[WARN] [QUERY][active_empresa] error {
  code: 'PGRST301',
  details: null,
  hint: null,
  message: 'Expected 3 parts in JWT; got 1'
}

stderr | src/pages/products/ProductsPage.test.tsx > ProductsPage Integration > filters products by search term
<empty line>
stdout | src/pages/products/ProductsPage.test.tsx > ProductsPage Integration > filters products by search term
[AUTH] Render {
  userId: 'user-123',
  loading: true,
  empresasCount: 0,
  activeEmpresaId: null
}

stdout | src/pages/products/ProductsPage.test.tsx > ProductsPage Integration > filters products by search term
[INFO] [MUTATION][bootstrap] start 
[AUTH] Render {
  userId: 'user-123',
  loading: false,
  empresasCount: 0,
  activeEmpresaId: null
}

stderr | src/pages/products/ProductsPage.test.tsx > ProductsPage Integration > filters products by search term
[ERROR] [QUERY][empresas] list error {
  code: 'PGRST301',
  details: null,
  hint: null,
  message: 'Expected 3 parts in JWT; got 1'
} 

stdout | src/pages/products/ProductsPage.test.tsx > ProductsPage Integration > filters products by search term
<empty line>
stderr | src/pages/products/ProductsPage.test.tsx > ProductsPage Integration > filters products by search term
[ERROR] [MUTATION][bootstrap] error {
  code: 'PGRST301',
  details: null,
  hint: null,
  message: 'Expected 3 parts in JWT; got 1'
} 

stderr | src/pages/products/ProductsPage.test.tsx > ProductsPage Integration > filters products by search term
<empty line>
stdout | src/pages/products/ProductsPage.test.tsx > ProductsPage Integration > filters products by search term
[AUTH] Render {
  userId: 'user-123',
  loading: false,
  empresasCount: 0,
  activeEmpresaId: null
}

 ❯ src/pages/products/ProductsPage.test.tsx  (2 tests | 2 failed) 2070ms
   ❯ src/pages/products/ProductsPage.test.tsx > ProductsPage Integration > renders the product list with data from MSW
     → Unable to find an element with the text: Produto Teste 1. This could be because the text is broken up by multiple elements. In this case, you can provide a function for your text matcher to make your matcher more flexible.

Ignored nodes: comments, script, style
[36m<body>[39m
  [36m<div>[39m
    [36m<div[39m
      [33mclass[39m=[32m"p-1"[39m
    [36m>[39m
      [36m<div[39m
        [33mclass[39m=[32m"flex justify-between items-center mb-6"[39m
      [36m>[39m
        [36m<h1[39m
          [33mclass[39m=[32m"text-3xl font-bold text-gray-800"[39m
        [36m>[39m
          [0mProdutos[0m
        [36m</h1>[39m
        [36m<div[39m
          [33mclass[39m=[32m"flex items-center gap-2"[39m
        [36m>[39m
          [36m<button[39m
            [33mclass[39m=[32m"flex items-center gap-2 bg-gray-100 text-gray-700 font-semibold py-2 px-4 rounded-lg hover:bg-gray-200 transition-colors disabled:opacity-50"[39m
          [36m>[39m
            [36m<svg[39m
              [33maria-hidden[39m=[32m"true"[39m
              [33mclass[39m=[32m"lucide lucide-database-backup"[39m
              [33mfill[39m=[32m"none"[39m
              [33mheight[39m=[32m"20"[39m
              [33mstroke[39m=[32m"currentColor"[39m
              [33mstroke-linecap[39m=[32m"round"[39m
              [33mstroke-linejoin[39m=[32m"round"[39m
              [33mstroke-width[39m=[32m"2"[39m
              [33mviewBox[39m=[32m"0 0 24 24"[39m
              [33mwidth[39m=[32m"20"[39m
              [33mxmlns[39m=[32m"http://www.w3.org/2000/svg"[39m
            [36m>[39m
              [36m<ellipse[39m
                [33mcx[39m=[32m"12"[39m
                [33mcy[39m=[32m"5"[39m
                [33mrx[39m=[32m"9"[39m
                [33mry[39m=[32m"3"[39m
              [36m/>[39m
              [36m<path[39m
                [33md[39m=[32m"M3 12a9 3 0 0 0 5 2.69"[39m
              [36m/>[39m
              [36m<path[39m
                [33md[39m=[32m"M21 9.3V5"[39m
              [36m/>[39m
              [36m<path[39m
                [33md[39m=[32m"M3 5v14a9 3 0 0 0 6.47 2.88"[39m
              [36m/>[39m
              [36m<path[39m
                [33md[39m=[32m"M12 12v4h4"[39m
              [36m/>[39m
              [36m<path[39m
                [33md[39m=[32m"M13 20a5 5 0 0 0 9-3 4.5 4.5 0 0 0-4.5-4.5c-1.33 0-2.54.54-3.41 1.41L12 16"[39m
              [36m/>[39m
            [36m</svg>[39m
            [0mPopular Dados[0m
          [36m</button>[39m
          [36m<button[39m
            [33mclass[39m=[32m"flex items-center gap-2 bg-blue-600 text-white font-bold py-2 px-4 rounded-lg hover:bg-blue-700 transition-colors"[39m
          [36m>[39m
            [36m<svg[39m
              [33maria-hidden[39m=[32m"true"[39m
              [33mclass[39m=[32m"lucide lucide-circle-plus"[39m
              [33mfill[39m=[32m"none"[39m
              [33mheight[39m=[32m"20"[39m
              [33mstroke[39m=[32m"currentColor"[39m
              [33mstroke-linecap[39m=[32m"round"[39m
              [33mstroke-linejoin[39m=[32m"round"[39m
              [33mstroke-width[39m=[32m"2"[39m
              [33mviewBox[39m=[32m"0 0 24 24"[39m
              [33mwidth[39m=[32m"20"[39m
              [33mxmlns[39m=[32m"http://www.w3.org/2000/svg"[39m
            [36m>[39m
              [36m<circle[39m
                [33mcx[39m=[32m"12"[39m
                [33mcy[39m=[32m"12"[39m
                [33mr[39m=[32m"10"[39m
              [36m/>[39m
              [36m<path[39m
                [33md[39m=[32m"M8 12h8"[39m
              [36m/>[39m
              [36m<path[39m
                [33md[39m=[32m"M12 8v8"[39m
              [36m/>[39m
            [36m</svg>[39m
            [0mNovo Produto[0m
          [36m</button>[39m
        [36m</div>[39m
      [36m</div>[39m
      [36m<div[39m
        [33mclass[39m=[32m"mb-4 flex gap-4"[39m
      [36m>[39m
        [36m<div[39m
          [33mclass[39m=[32m"relative"[39m
        [36m>[39m
          [36m<svg[39m
            [33maria-hidden[39m=[32m"true"[39m
            [33mclass[39m=[32m"lucide lucide-search absolute left-3 top-1/2 -translate-y-1/2 text-gray-400"[39m
            [33mfill[39m=[32m"none"[39m
            [33mheight[39m=[32m"20"[39m
            [33mstroke[39m=[32m"currentColor"[39m
            [33mstroke-linecap[39m=[32m"round"[39m
            [33mstroke-linejoin[39m=[32m"round"[39m
            [33mstroke-width[39m=[32m"2"[39m
            [33mviewBox[39m=[32m"0 0 24 24"[39m
            [33mwidth[39m=[32m"20"[39m
            [33mxmlns[39m=[32m"http://www.w3.org/2000/svg"[39m
          [36m>[39m
            [36m<path[39m
              [33md[39m=[32m"m21 21-4.34-4.34"[39m
            [36m/>[39m
            [36m<circle[39m
              [33mcx[39m=[32m"11"[39m
              [33mcy[39m=[32m"11"[39m
              [33mr[39m=[32m"8"[39m
            [36m/>[39m
          [36m</svg>[39m
          [36m<input[39m
            [33mclass[39m=[32m"w-full max-w-sm p-3 pl-10 border border-gray-300 rounded-lg"[39m
            [33mplaceholder[39m=[32m"Buscar por nome ou SKU..."[39m
            [33mtype[39m=[32m"text"[39m
            [33mvalue[39m=[32m""[39m
          [36m/>[39m
        [36m</div>[39m
        [36m<div[39m
          [33mclass[39m=[32m"min-w-[200px]"[39m
        [36m>[39m
          [36m<div[39m
            [33mclass[39m=[32m"relative"[39m
          [36m>[39m
            [36m<select[39m
              [33mclass[39m=[32m"w-full p-3 pr-10 bg-white/80 border border-gray-300 rounded-lg focus:ring-2 focus:ring-blue-500 focus:border-blue-500 transition shadow-sm appearance-none"[39m
            [36m>[39m
              [36m<option[39m
                [33mvalue[39m=[32m""[39m
              [36m>[39m
                [0mTodos os status[0m
              [36m</option>[39m
              [36m<option[39m
                [33mvalue[39m=[32m"ativo"[39m
              [36m>[39m
                [0mAtivo[0m
              [36m</option>[39m
              [36m<option[39m
                [33mvalue[39m=[32m"inativo"[39m
              [36m>[39m
                [0mInativo[0m
              [36m</option>[39m
            [36m</select>[39m
            [36m<div[39m
              [33mclass[39m=[32m"pointer-events-none absolute inset-y-0 right-0 flex items-center px-3 text-gray-700"[39m
            [36m>[39m
              [36m<svg[39m
                [33maria-hidden[39m=[32m"true"[39m
                [33mclass[39m=[32m"lucide lucide-chevron-down"[39m
                [33mfill[39m=[32m"none"[39m
                [33mheight[39m=[32m"20"[39m
                [33mstroke[39m=[32m"currentColor"[39m
                [33mstroke-linecap[39m=[32m"round"[39m
                [33mstroke-linejoin[39m=[32m"round"[39m
                [33mstroke-width[39m=[32m"2"[39m
                [33mviewBox[39m=[32m"0 0 24 24"[39m
                [33mwidth[39m=[32m"20"[39m
                [33mxmlns[39m=[32m"http://www.w3.org/2000/svg"[39m
              [36m>[39m
                [36m<path[39m
                  [33md[39m=[32m"m6 9 6 6 6-6"[39m
                [36m/>[39m
              [36m</svg>[39m
            [36m</div>[39m
          [36m</div>[39m
        [36m</div>[39m
      [36m</div>[39m
      [36m<div[39m
        [33mclass[39m=[32m"bg-white rounded-lg shadow overflow-hidden"[39m
      [36m>[39m
        [36m<div[39m
          [33mclass[39m=[32m"h-96 flex flex-col items-center justify-center text-center text-gray-500 p-4"[39m
        [36m>[39m
          [36m<svg[39m
            [33maria-hidden[39m=[32m"true"[39m
            [33mclass[39m=[32m"lucide lucide-package mb-4"[39m
            [33mfill[39m=[32m"none"[39m
            [33mheight[39m=[32m"48"[39m
            [33mstroke[39m=[32m"currentColor"[39m
            [33mstroke-linecap[39m=[32m"round"[39m
            [33mstroke-linejoin[39m=[32m"round"[39m
            [33mstroke-width[39m=[32m"2"[39m
            [33mviewBox[39m=[32m"0 0 24 24"[39m
            [33mwidth[39m=[32m"48"[39m
            [33mxmlns[39m=[32m"http://www.w3.org/2000/svg"[39m
          [36m>[39m
            [36m<path[39m
              [33md[39m=[32m"M11 21.73a2 2 0 0 0 2 0l7-4A2 2 0 0 0 21 16V8a2 2 0 0 0-1-1.73l-7-4a2 2 0 0 0-2 0l-7 4A2 2 0 0 0 3 8v8a2 2 0 0 0 1 1.73z"[39m
            [36m/>[39m
            [36m<path[39m
              [33md[39m=[32m"M12 22V12"[39m
            [36m/>[39m
            [36m<polyline[39m
              [33mpoints[39m=[32m"3.29 7 12 12 20.71 7"[39m
            [36m/>[39m
            [36m<path[39m
              [33md[39m=[32m"m7.5 4.27 9 5.15"[39m
            [36m/>[39m
          [36m</svg>[39m
          [36m<p[39m
            [33mclass[39m=[32m"font-semibold text-lg"[39m
          [36m>[39m
            [0mNenhum produto encontrado.[0m
          [36m</p>[39m
          [36m<p[39m
            [33mclass[39m=[32m"text-sm mb-4"[39m
          [36m>[39m
            [0mComece cadastrando um novo produto ou popule com dados de exemplo.[0m
          [36m</p>[39m
          [36m<button[39m
            [33mclass[39m=[32m"mt-4 flex items-center gap-2 bg-blue-100 text-blue-700 font-bold py-2 px-4 rounded-lg hover:bg-blue-200 transition-colors disabled:opacity-50"[39m
          [36m>[39m
            [36m<svg[39m
              [33maria-hidden[39m=[32m"true"[39m
              [33mclass[39m=[32m"lucide lucide-database-backup"[39m
              [33mfill[39m=[32m"none"[39m
              [33mheight[39m=[32m"20"[39m
              [33mstroke[39m=[32m"currentColor"[39m
              [33mstroke-linecap[39m=[32m"round"[39m
              [33mstroke-linejoin[39m=[32m"round"[39m
              [33mstroke-width[39m=[32m"2"[39m
              [33mviewBox[39m=[32m"0 0 24 24"[39m
              [33mwidth[39m=[32m"20"[39m
              [33mxmlns[39m=[32m"http://www.w3.org/2000/svg"[39m
            [36m>[39m
              [36m<ellipse[39m
                [33mcx[39m=[32m"12"[39m
                [33mcy[39m=[32m"5"[39m
                [33mrx[39m=[32m"9"[39m
                [33mry[39m=[32m"3"[39m
              [36m/>[39m
              [36m<path[39m
                [33md[39m=[32m"M3 12a9 3 0 0 0 5 2.69"[39m
              [36m/>[39m
              [36m<path[39m
                [33md[39m=[32m"M21 9.3V5"[39m
              [36m/>[39m
              [36m<path[39m
                [33md[39m=[32m"M3 5v14a9 3 0 0 0 6.47 2.88"[39m
              [36m/>[39m
              [36m<path[39m
                [33md[39m=[32m"M12 12v4h4"[39m
              [36m/>[39m
              [36m<path[39m
                [33md[39m=[32m"M13 20a5 5 0 0 0 9-3 4.5 4.5 0 0 0-4.5-4.5c-1.33 0-2.54.54-3.41 1.41L12 16"[39m
              [36m/>[39m
            [36m</svg>[39m
            [0mPopular com 10 produtos padrão[0m
          [36m</button>[39m
        [36m</div>[39m
      [36m</div>[39m
    [36m</div>[39m
    [36m<div[39m
      [33mclass[39m=[32m"fixed top-5 right-5 z-50 space-y-3"[39m
    [36m/>[39m
  [36m</div>[39m
[36m</body>[39m

Ignored nodes: comments, script, style
[36m<html>[39m
  [36m<head />[39m
  [36m<body>[39m
    [36m<div>[39m
      [36m<div[39m
        [33mclass[39m=[32m"p-1"[39m
      [36m>[39m
        [36m<div[39m
          [33mclass[39m=[32m"flex justify-between items-center mb-6"[39m
        [36m>[39m
          [36m<h1[39m
            [33mclass[39m=[32m"text-3xl font-bold text-gray-800"[39m
          [36m>[39m
            [0mProdutos[0m
          [36m</h1>[39m
          [36m<div[39m
            [33mclass[39m=[32m"flex items-center gap-2"[39m
          [36m>[39m
            [36m<button[39m
              [33mclass[39m=[32m"flex items-center gap-2 bg-gray-100 text-gray-700 font-semibold py-2 px-4 rounded-lg hover:bg-gray-200 transition-colors disabled:opacity-50"[39m
            [36m>[39m
              [36m<svg[39m
                [33maria-hidden[39m=[32m"true"[39m
                [33mclass[39m=[32m"lucide lucide-database-backup"[39m
                [33mfill[39m=[32m"none"[39m
                [33mheight[39m=[32m"20"[39m
                [33mstroke[39m=[32m"currentColor"[39m
                [33mstroke-linecap[39m=[32m"round"[39m
                [33mstroke-linejoin[39m=[32m"round"[39m
                [33mstroke-width[39m=[32m"2"[39m
                [33mviewBox[39m=[32m"0 0 24 24"[39m
                [33mwidth[39m=[32m"20"[39m
                [33mxmlns[39m=[32m"http://www.w3.org/2000/svg"[39m
              [36m>[39m
                [36m<ellipse[39m
                  [33mcx[39m=[32m"12"[39m
                  [33mcy[39m=[32m"5"[39m
                  [33mrx[39m=[32m"9"[39m
                  [33mry[39m=[32m"3"[39m
                [36m/>[39m
                [36m<path[39m
                  [33md[39m=[32m"M3 12a9 3 0 0 0 5 2.69"[39m
                [36m/>[39m
                [36m<path[39m
                  [33md[39m=[32m"M21 9.3V5"[39m
                [36m/>[39m
                [36m<path[39m
                  [33md[39m=[32m"M3 5v14a9 3 0 0 0 6.47 2.88"[39m
                [36m/>[39m
                [36m<path[39m
                  [33md[39m=[32m"M12 12v4h4"[39m
                [36m/>[39m
                [36m<path[39m
                  [33md[39m=[32m"M13 20a5 5 0 0 0 9-3 4.5 4.5 0 0 0-4.5-4.5c-1.33 0-2.54.54-3.41 1.41L12 16"[39m
                [36m/>[39m
              [36m</svg>[39m
              [0mPopular Dados[0m
            [36m</button>[39m
            [36m<button[39m
              [33mclass[39m=[32m"flex items-center gap-2 bg-blue-600 text-white font-bold py-2 px-4 rounded-lg hover:bg-blue-700 transition-colors"[39m
            [36m>[39m
              [36m<svg[39m
                [33maria-hidden[39m=[32m"true"[39m
                [33mclass[39m=[32m"lucide lucide-circle-plus"[39m
                [33mfill[39m=[32m"none"[39m
                [33mheight[39m=[32m"20"[39m
                [33mstroke[39m=[32m"currentColor"[39m
                [33mstroke-linecap[39m=[32m"round"[39m
                [33mstroke-linejoin[39m=[32m"round"[39m
                [33mstroke-width[39m=[32m"2"[39m
                [33mviewBox[39m=[32m"0 0 24 24"[39m
                [33mwidth[39m=[32m"20"[39m
                [33mxmlns[39m=[32m"http://www.w3.org/2000/svg"[39m
              [36m>[39m
                [36m<circle[39m
                  [33mcx[39m=[32m"12"[39m
                  [33mcy[39m=[32m"12"[39m
                  [33mr[39m=[32m"10"[39m
                [36m/>[39m
                [36m<path[39m
                  [33md[39m=[32m"M8 12h8"[39m
                [36m/>[39m
                [36m<path[39m
                  [33md[39m=[32m"M12 8v8"[39m
                [36m/>[39m
              [36m</svg>[39m
              [0mNovo Produto[0m
            [36m</button>[39m
          [36m</div>[39m
        [36m</div>[39m
        [36m<div[39m
          [33mclass[39m=[32m"mb-4 flex gap-4"[39m
        [36m>[39m
          [36m<div[39m
            [33mclass[39m=[32m"relative"[39m
          [36m>[39m
            [36m<svg[39m
              [33maria-hidden[39m=[32m"true"[39m
              [33mclass[39m=[32m"lucide lucide-search absolute left-3 top-1/2 -translate-y-1/2 text-gray-400"[39m
              [33mfill[39m=[32m"none"[39m
              [33mheight[39m=[32m"20"[39m
              [33mstroke[39m=[32m"currentColor"[39m
              [33mstroke-linecap[39m=[32m"round"[39m
              [33mstroke-linejoin[39m=[32m"round"[39m
              [33mstroke-width[39m=[32m"2"[39m
              [33mviewBox[39m=[32m"0 0 24 24"[39m
              [33mwidth[39m=[32m"20"[39m
              [33mxmlns[39m=[32m"http://www.w3.org/2000/svg"[39m
            [36m>[39m
              [36m<path[39m
                [33md[39m=[32m"m21 21-4.34-4.34"[39m
              [36m/>[39m
              [36m<circle[39m
                [33mcx[39m=[32m"11"[39m
                [33mcy[39m=[32m"11"[39m
                [33mr[39m=[32m"8"[39m
              [36m/>[39m
            [36m</svg>[39m
            [36m<input[39m
              [33mclass[39m=[32m"w-full max-w-sm p-3 pl-10 border border-gray-300 rounded-lg"[39m
              [33mplaceholder[39m=[32m"Buscar por nome ou SKU..."[39m
              [33mtype[39m=[32m"text"[39m
              [33mvalue[39m=[32m""[39m
            [36m/>[39m
          [36m</div>[39m
          [36m<div[39m
            [33mclass[39m=[32m"min-w-[200px]"[39m
          [36m>[39m
            [36m<div[39m
              [33mclass[39m=[32m"relative"[39m
            [36m>[39m
              [36m<select[39m
                [33mclass[39m=[32m"w-full p-3 pr-10 bg-white/80 border border-gray-300 rounded-lg focus:ring-2 focus:ring-blue-500 focus:border-blue-500 transition shadow-sm appearance-none"[39m
              [36m>[39m
                [36m<option[39m
                  [33mvalue[39m=[32m""[39m
                [36m>[39m
                  [0mTodos os status[0m
                [36m</option>[39m
                [36m<option[39m
                  [33mvalue[39m=[32m"ativo"[39m
                [36m>[39m
                  [0mAtivo[0m
                [36m</option>[39m
                [36m<option[39m
                  [33mvalue[39m=[32m"inativo"[39m
                [36m>[39m
                  [0mInativo[0m
                [36m</option>[39m
              [36m</select>[39m
              [36m<div[39m
                [33mclass[39m=[32m"pointer-events-none absolute inset-y-0 right-0 flex items-center px-3 text-gray-700"[39m
              [36m>[39m
                [36m<svg[39m
                  [33maria-hidden[39m=[32m"true"[39m
                  [33mclass[39m=[32m"lucide lucide-chevron-down"[39m
                  [33mfill[39m=[32m"none"[39m
                  [33mheight[39m=[32m"20"[39m
                  [33mstroke[39m=[32m"currentColor"[39m
                  [33mstroke-linecap[39m=[32m"round"[39m
                  [33mstroke-linejoin[39m=[32m"round"[39m
                  [33mstroke-width[39m=[32m"2"[39m
                  [33mviewBox[39m=[32m"0 0 24 24"[39m
                  [33mwidth[39m=[32m"20"[39m
                  [33mxmlns[39m=[32m"http://www.w3.org/2000/svg"[39m
                [36m>[39m
                  [36m<path[39m
                    [33md[39m=[32m"m6 9 6 6 6-6"[39m
                  [36m/>[39m
                [36m</svg>[39m
              [36m</div>[39m
            [36m</div>[39m
          [36m</div>[39m
        [36m</div>[39m
        [36m<div[39m
          [33mclass[39m=[32m"bg-white rounded-lg shadow overflow-hidden"[39m
        [36m>[39m
          [36m<div[39m
            [33mclass[39m=[32m"h-96 flex flex-col items-center justify-center text-center text-gray-500 p-4"[39m
          [36m>[39m
            [36m<svg[39m
              [33maria-hidden[39m=[32m"true"[39m
              [33mclass[39m=[32m"lucide lucide-package mb-4"[39m
              [33mfill[39m=[32m"none"[39m
              [33mheight[39m=[32m"48"[39m
              [33mstroke[39m=[32m"currentColor"[39m
              [33mstroke-linecap[39m=[32m"round"[39m
              [33mstroke-linejoin[39m=[32m"round"[39m
              [33mstroke-width[39m=[32m"2"[39m
              [33mviewBox[39m=[32m"0 0 24 24"[39m
              [33mwidth[39m=[32m"48"[39m
              [33mxmlns[39m=[32m"http://www.w3.org/2000/svg"[39m
            [36m>[39m
              [36m<path[39m
                [33md[39m=[32m"M11 21.73a2 2 0 0 0 2 0l7-4A2 2 0 0 0 21 16V8a2 2 0 0 0-1-1.73l-7-4a2 2 0 0 0-2 0l-7 4A2 2 0 0 0 3 8v8a2 2 0 0 0 1 1.73z"[39m
              [36m/>[39m
              [36m<path[39m
                [33md[39m=[32m"M12 22V12"[39m
              [36m/>[39m
              [36m<polyline[39m
                [33mpoints[39m=[32m"3.29 7 12 12 20.71 7"[39m
              [36m/>[39m
              [36m<path[39m
                [33md[39m=[32m"m7.5 4.27 9 5.15"[39m
              [36m/>[39m
            [36m</svg>[39m
            [36m<p[39m
              [33mclass[39m=[32m"font-semibold text-lg"[39m
            [36m>[39m
              [0mNenhum produto encontrado.[0m
            [36m</p>[39m
            [36m<p[39m
              [33mclass[39m=[32m"text-sm mb-4"[39m
            [36m>[39m
              [0mComece cadastrando um novo produto ou popule com dados de exemplo.[0m
            [36m</p>[39m
            [36m<button[39m
              [33mclass[39m=[32m"mt-4 flex items-center gap-2 bg-blue-100 text-blue-700 font-bold py-2 px-4 rounded-lg hover:bg-blue-200 transition-colors disabled:opacity-50"[39m
            [36m>[39m
              [36m<svg[39m
                [33maria-hidden[39m=[32m"true"[39m
                [33mclass[39m=[32m"lucide lucide-database-backup"[39m
                [33mfill[39m=[32m"none"[39m
                [33mheight[39m=[32m"20"[39m
                [33mstroke[39m=[32m"currentColor"[39m
                [33mstroke-linecap[39m=[32m"round"[39m
                [33mstroke-linejoin[39m=[32m"round"[39m
                [33mstroke-width[39m=[32m"2"[39m
                [33mviewBox[39m=[32m"0 0 24 24"[39m
                [33mwidth[39m=[32m"20"[39m
                [33mxmlns[39m=[32m"http://www.w3.org/2000/svg"[39m
              [36m>[39m
                [36m<ellipse[39m
                  [33mcx[39m=[32m"12"[39m
                  [33mcy[39m=[32m"5"[39m
                  [33mrx[39m=[32m"9"[39m
                  [33mry[39m=[32m"3"[39m
                [36m/>[39m
                [36m<path[39m
                  [33md[39m=[32m"M3 12a9 3 0 0 0 5 2.69"[39m
                [36m/>[39m
                [36m<path[39m
                  [33md[39m=[32m"M21 9.3V5"[39m
                [36m/>[39m
                [36m<path[39m
                  [33md[39m=[32m"M3 5v14a9 3 0 0 0 6.47 2.88"[39m
                [36m/>[39m
                [36m<path[39m
                  [33md[39m=[32m"M12 12v4h4"[39m
                [36m/>[39m
                [36m<path[39m
                  [33md[39m=[32m"M13 20a5 5 0 0 0 9-3 4.5 4.5 0 0 0-4.5-4.5c-1.33 0-2.54.54-3.41 1.41L12 16"[39m
                [36m/>[39m
              [36m</svg>[39m
              [0mPopular com 10 produtos padrão[0m
            [36m</button>[39m
          [36m</div>[39m
        [36m</div>[39m
      [36m</div>[39m
      [36m<div[39m
        [33mclass[39m=[32m"fixed top-5 right-5 z-50 space-y-3"[39m
      [36m/>[39m
    [36m</div>[39m
  [36m</body>[39m
[36m</html>[39m
   ❯ src/pages/products/ProductsPage.test.tsx > ProductsPage Integration > filters products by search term
     → Unable to find an element with the text: Produto Teste 1. This could be because the text is broken up by multiple elements. In this case, you can provide a function for your text matcher to make your matcher more flexible.

Ignored nodes: comments, script, style
[36m<body>[39m
  [36m<div>[39m
    [36m<div[39m
      [33mclass[39m=[32m"p-1"[39m
    [36m>[39m
      [36m<div[39m
        [33mclass[39m=[32m"flex justify-between items-center mb-6"[39m
      [36m>[39m
        [36m<h1[39m
          [33mclass[39m=[32m"text-3xl font-bold text-gray-800"[39m
        [36m>[39m
          [0mProdutos[0m
        [36m</h1>[39m
        [36m<div[39m
          [33mclass[39m=[32m"flex items-center gap-2"[39m
        [36m>[39m
          [36m<button[39m
            [33mclass[39m=[32m"flex items-center gap-2 bg-gray-100 text-gray-700 font-semibold py-2 px-4 rounded-lg hover:bg-gray-200 transition-colors disabled:opacity-50"[39m
          [36m>[39m
            [36m<svg[39m
              [33maria-hidden[39m=[32m"true"[39m
              [33mclass[39m=[32m"lucide lucide-database-backup"[39m
              [33mfill[39m=[32m"none"[39m
              [33mheight[39m=[32m"20"[39m
              [33mstroke[39m=[32m"currentColor"[39m
              [33mstroke-linecap[39m=[32m"round"[39m
              [33mstroke-linejoin[39m=[32m"round"[39m
              [33mstroke-width[39m=[32m"2"[39m
              [33mviewBox[39m=[32m"0 0 24 24"[39m
              [33mwidth[39m=[32m"20"[39m
              [33mxmlns[39m=[32m"http://www.w3.org/2000/svg"[39m
            [36m>[39m
              [36m<ellipse[39m
                [33mcx[39m=[32m"12"[39m
                [33mcy[39m=[32m"5"[39m
                [33mrx[39m=[32m"9"[39m
                [33mry[39m=[32m"3"[39m
              [36m/>[39m
              [36m<path[39m
                [33md[39m=[32m"M3 12a9 3 0 0 0 5 2.69"[39m
              [36m/>[39m
              [36m<path[39m
                [33md[39m=[32m"M21 9.3V5"[39m
              [36m/>[39m
              [36m<path[39m
                [33md[39m=[32m"M3 5v14a9 3 0 0 0 6.47 2.88"[39m
              [36m/>[39m
              [36m<path[39m
                [33md[39m=[32m"M12 12v4h4"[39m
              [36m/>[39m
              [36m<path[39m
                [33md[39m=[32m"M13 20a5 5 0 0 0 9-3 4.5 4.5 0 0 0-4.5-4.5c-1.33 0-2.54.54-3.41 1.41L12 16"[39m
              [36m/>[39m
            [36m</svg>[39m
            [0mPopular Dados[0m
          [36m</button>[39m
          [36m<button[39m
            [33mclass[39m=[32m"flex items-center gap-2 bg-blue-600 text-white font-bold py-2 px-4 rounded-lg hover:bg-blue-700 transition-colors"[39m
          [36m>[39m
            [36m<svg[39m
              [33maria-hidden[39m=[32m"true"[39m
              [33mclass[39m=[32m"lucide lucide-circle-plus"[39m
              [33mfill[39m=[32m"none"[39m
              [33mheight[39m=[32m"20"[39m
              [33mstroke[39m=[32m"currentColor"[39m
              [33mstroke-linecap[39m=[32m"round"[39m
              [33mstroke-linejoin[39m=[32m"round"[39m
              [33mstroke-width[39m=[32m"2"[39m
              [33mviewBox[39m=[32m"0 0 24 24"[39m
              [33mwidth[39m=[32m"20"[39m
              [33mxmlns[39m=[32m"http://www.w3.org/2000/svg"[39m
            [36m>[39m
              [36m<circle[39m
                [33mcx[39m=[32m"12"[39m
                [33mcy[39m=[32m"12"[39m
                [33mr[39m=[32m"10"[39m
              [36m/>[39m
              [36m<path[39m
                [33md[39m=[32m"M8 12h8"[39m
              [36m/>[39m
              [36m<path[39m
                [33md[39m=[32m"M12 8v8"[39m
              [36m/>[39m
            [36m</svg>[39m
            [0mNovo Produto[0m
          [36m</button>[39m
        [36m</div>[39m
      [36m</div>[39m
      [36m<div[39m
        [33mclass[39m=[32m"mb-4 flex gap-4"[39m
      [36m>[39m
        [36m<div[39m
          [33mclass[39m=[32m"relative"[39m
        [36m>[39m
          [36m<svg[39m
            [33maria-hidden[39m=[32m"true"[39m
            [33mclass[39m=[32m"lucide lucide-search absolute left-3 top-1/2 -translate-y-1/2 text-gray-400"[39m
            [33mfill[39m=[32m"none"[39m
            [33mheight[39m=[32m"20"[39m
            [33mstroke[39m=[32m"currentColor"[39m
            [33mstroke-linecap[39m=[32m"round"[39m
            [33mstroke-linejoin[39m=[32m"round"[39m
            [33mstroke-width[39m=[32m"2"[39m
            [33mviewBox[39m=[32m"0 0 24 24"[39m
            [33mwidth[39m=[32m"20"[39m
            [33mxmlns[39m=[32m"http://www.w3.org/2000/svg"[39m
          [36m>[39m
            [36m<path[39m
              [33md[39m=[32m"m21 21-4.34-4.34"[39m
            [36m/>[39m
            [36m<circle[39m
              [33mcx[39m=[32m"11"[39m
              [33mcy[39m=[32m"11"[39m
              [33mr[39m=[32m"8"[39m
            [36m/>[39m
          [36m</svg>[39m
          [36m<input[39m
            [33mclass[39m=[32m"w-full max-w-sm p-3 pl-10 border border-gray-300 rounded-lg"[39m
            [33mplaceholder[39m=[32m"Buscar por nome ou SKU..."[39m
            [33mtype[39m=[32m"text"[39m
            [33mvalue[39m=[32m""[39m
          [36m/>[39m
        [36m</div>[39m
        [36m<div[39m
          [33mclass[39m=[32m"min-w-[200px]"[39m
        [36m>[39m
          [36m<div[39m
            [33mclass[39m=[32m"relative"[39m
          [36m>[39m
            [36m<select[39m
              [33mclass[39m=[32m"w-full p-3 pr-10 bg-white/80 border border-gray-300 rounded-lg focus:ring-2 focus:ring-blue-500 focus:border-blue-500 transition shadow-sm appearance-none"[39m
            [36m>[39m
              [36m<option[39m
                [33mvalue[39m=[32m""[39m
              [36m>[39m
                [0mTodos os status[0m
              [36m</option>[39m
              [36m<option[39m
                [33mvalue[39m=[32m"ativo"[39m
              [36m>[39m
                [0mAtivo[0m
              [36m</option>[39m
              [36m<option[39m
                [33mvalue[39m=[32m"inativo"[39m
              [36m>[39m
                [0mInativo[0m
              [36m</option>[39m
            [36m</select>[39m
            [36m<div[39m
              [33mclass[39m=[32m"pointer-events-none absolute inset-y-0 right-0 flex items-center px-3 text-gray-700"[39m
            [36m>[39m
              [36m<svg[39m
                [33maria-hidden[39m=[32m"true"[39m
                [33mclass[39m=[32m"lucide lucide-chevron-down"[39m
                [33mfill[39m=[32m"none"[39m
                [33mheight[39m=[32m"20"[39m
                [33mstroke[39m=[32m"currentColor"[39m
                [33mstroke-linecap[39m=[32m"round"[39m
                [33mstroke-linejoin[39m=[32m"round"[39m
                [33mstroke-width[39m=[32m"2"[39m
                [33mviewBox[39m=[32m"0 0 24 24"[39m
                [33mwidth[39m=[32m"20"[39m
                [33mxmlns[39m=[32m"http://www.w3.org/2000/svg"[39m
              [36m>[39m
                [36m<path[39m
                  [33md[39m=[32m"m6 9 6 6 6-6"[39m
                [36m/>[39m
              [36m</svg>[39m
            [36m</div>[39m
          [36m</div>[39m
        [36m</div>[39m
      [36m</div>[39m
      [36m<div[39m
        [33mclass[39m=[32m"bg-white rounded-lg shadow overflow-hidden"[39m
      [36m>[39m
        [36m<div[39m
          [33mclass[39m=[32m"h-96 flex flex-col items-center justify-center text-center text-gray-500 p-4"[39m
        [36m>[39m
          [36m<svg[39m
            [33maria-hidden[39m=[32m"true"[39m
            [33mclass[39m=[32m"lucide lucide-package mb-4"[39m
            [33mfill[39m=[32m"none"[39m
            [33mheight[39m=[32m"48"[39m
            [33mstroke[39m=[32m"currentColor"[39m
            [33mstroke-linecap[39m=[32m"round"[39m
            [33mstroke-linejoin[39m=[32m"round"[39m
            [33mstroke-width[39m=[32m"2"[39m
            [33mviewBox[39m=[32m"0 0 24 24"[39m
            [33mwidth[39m=[32m"48"[39m
            [33mxmlns[39m=[32m"http://www.w3.org/2000/svg"[39m
          [36m>[39m
            [36m<path[39m
              [33md[39m=[32m"M11 21.73a2 2 0 0 0 2 0l7-4A2 2 0 0 0 21 16V8a2 2 0 0 0-1-1.73l-7-4a2 2 0 0 0-2 0l-7 4A2 2 0 0 0 3 8v8a2 2 0 0 0 1 1.73z"[39m
            [36m/>[39m
            [36m<path[39m
              [33md[39m=[32m"M12 22V12"[39m
            [36m/>[39m
            [36m<polyline[39m
              [33mpoints[39m=[32m"3.29 7 12 12 20.71 7"[39m
            [36m/>[39m
            [36m<path[39m
              [33md[39m=[32m"m7.5 4.27 9 5.15"[39m
            [36m/>[39m
          [36m</svg>[39m
          [36m<p[39m
            [33mclass[39m=[32m"font-semibold text-lg"[39m
          [36m>[39m
            [0mNenhum produto encontrado.[0m
          [36m</p>[39m
          [36m<p[39m
            [33mclass[39m=[32m"text-sm mb-4"[39m
          [36m>[39m
            [0mComece cadastrando um novo produto ou popule com dados de exemplo.[0m
          [36m</p>[39m
          [36m<button[39m
            [33mclass[39m=[32m"mt-4 flex items-center gap-2 bg-blue-100 text-blue-700 font-bold py-2 px-4 rounded-lg hover:bg-blue-200 transition-colors disabled:opacity-50"[39m
          [36m>[39m
            [36m<svg[39m
              [33maria-hidden[39m=[32m"true"[39m
              [33mclass[39m=[32m"lucide lucide-database-backup"[39m
              [33mfill[39m=[32m"none"[39m
              [33mheight[39m=[32m"20"[39m
              [33mstroke[39m=[32m"currentColor"[39m
              [33mstroke-linecap[39m=[32m"round"[39m
              [33mstroke-linejoin[39m=[32m"round"[39m
              [33mstroke-width[39m=[32m"2"[39m
              [33mviewBox[39m=[32m"0 0 24 24"[39m
              [33mwidth[39m=[32m"20"[39m
              [33mxmlns[39m=[32m"http://www.w3.org/2000/svg"[39m
            [36m>[39m
              [36m<ellipse[39m
                [33mcx[39m=[32m"12"[39m
                [33mcy[39m=[32m"5"[39m
                [33mrx[39m=[32m"9"[39m
                [33mry[39m=[32m"3"[39m
              [36m/>[39m
              [36m<path[39m
                [33md[39m=[32m"M3 12a9 3 0 0 0 5 2.69"[39m
              [36m/>[39m
              [36m<path[39m
                [33md[39m=[32m"M21 9.3V5"[39m
              [36m/>[39m
              [36m<path[39m
                [33md[39m=[32m"M3 5v14a9 3 0 0 0 6.47 2.88"[39m
              [36m/>[39m
              [36m<path[39m
                [33md[39m=[32m"M12 12v4h4"[39m
              [36m/>[39m
              [36m<path[39m
                [33md[39m=[32m"M13 20a5 5 0 0 0 9-3 4.5 4.5 0 0 0-4.5-4.5c-1.33 0-2.54.54-3.41 1.41L12 16"[39m
              [36m/>[39m
            [36m</svg>[39m
            [0mPopular com 10 produtos padrão[0m
          [36m</button>[39m
        [36m</div>[39m
      [36m</div>[39m
    [36m</div>[39m
    [36m<div[39m
      [33mclass[39m=[32m"fixed top-5 right-5 z-50 space-y-3"[39m
    [36m/>[39m
  [36m</div>[39m
[36m</body>[39m

Ignored nodes: comments, script, style
[36m<html>[39m
  [36m<head />[39m
  [36m<body>[39m
    [36m<div>[39m
      [36m<div[39m
        [33mclass[39m=[32m"p-1"[39m
      [36m>[39m
        [36m<div[39m
          [33mclass[39m=[32m"flex justify-between items-center mb-6"[39m
        [36m>[39m
          [36m<h1[39m
            [33mclass[39m=[32m"text-3xl font-bold text-gray-800"[39m
          [36m>[39m
            [0mProdutos[0m
          [36m</h1>[39m
          [36m<div[39m
            [33mclass[39m=[32m"flex items-center gap-2"[39m
          [36m>[39m
            [36m<button[39m
              [33mclass[39m=[32m"flex items-center gap-2 bg-gray-100 text-gray-700 font-semibold py-2 px-4 rounded-lg hover:bg-gray-200 transition-colors disabled:opacity-50"[39m
            [36m>[39m
              [36m<svg[39m
                [33maria-hidden[39m=[32m"true"[39m
                [33mclass[39m=[32m"lucide lucide-database-backup"[39m
                [33mfill[39m=[32m"none"[39m
                [33mheight[39m=[32m"20"[39m
                [33mstroke[39m=[32m"currentColor"[39m
                [33mstroke-linecap[39m=[32m"round"[39m
                [33mstroke-linejoin[39m=[32m"round"[39m
                [33mstroke-width[39m=[32m"2"[39m
                [33mviewBox[39m=[32m"0 0 24 24"[39m
                [33mwidth[39m=[32m"20"[39m
                [33mxmlns[39m=[32m"http://www.w3.org/2000/svg"[39m
              [36m>[39m
                [36m<ellipse[39m
                  [33mcx[39m=[32m"12"[39m
                  [33mcy[39m=[32m"5"[39m
                  [33mrx[39m=[32m"9"[39m
                  [33mry[39m=[32m"3"[39m
                [36m/>[39m
                [36m<path[39m
                  [33md[39m=[32m"M3 12a9 3 0 0 0 5 2.69"[39m
                [36m/>[39m
                [36m<path[39m
                  [33md[39m=[32m"M21 9.3V5"[39m
                [36m/>[39m
                [36m<path[39m
                  [33md[39m=[32m"M3 5v14a9 3 0 0 0 6.47 2.88"[39m
                [36m/>[39m
                [36m<path[39m
                  [33md[39m=[32m"M12 12v4h4"[39m
                [36m/>[39m
                [36m<path[39m
                  [33md[39m=[32m"M13 20a5 5 0 0 0 9-3 4.5 4.5 0 0 0-4.5-4.5c-1.33 0-2.54.54-3.41 1.41L12 16"[39m
                [36m/>[39m
              [36m</svg>[39m
              [0mPopular Dados[0m
            [36m</button>[39m
            [36m<button[39m
              [33mclass[39m=[32m"flex items-center gap-2 bg-blue-600 text-white font-bold py-2 px-4 rounded-lg hover:bg-blue-700 transition-colors"[39m
            [36m>[39m
              [36m<svg[39m
                [33maria-hidden[39m=[32m"true"[39m
                [33mclass[39m=[32m"lucide lucide-circle-plus"[39m
                [33mfill[39m=[32m"none"[39m
                [33mheight[39m=[32m"20"[39m
                [33mstroke[39m=[32m"currentColor"[39m
                [33mstroke-linecap[39m=[32m"round"[39m
                [33mstroke-linejoin[39m=[32m"round"[39m
                [33mstroke-width[39m=[32m"2"[39m
                [33mviewBox[39m=[32m"0 0 24 24"[39m
                [33mwidth[39m=[32m"20"[39m
                [33mxmlns[39m=[32m"http://www.w3.org/2000/svg"[39m
              [36m>[39m
                [36m<circle[39m
                  [33mcx[39m=[32m"12"[39m
                  [33mcy[39m=[32m"12"[39m
                  [33mr[39m=[32m"10"[39m
                [36m/>[39m
                [36m<path[39m
                  [33md[39m=[32m"M8 12h8"[39m
                [36m/>[39m
                [36m<path[39m
                  [33md[39m=[32m"M12 8v8"[39m
                [36m/>[39m
              [36m</svg>[39m
              [0mNovo Produto[0m
            [36m</button>[39m
          [36m</div>[39m
        [36m</div>[39m
        [36m<div[39m
          [33mclass[39m=[32m"mb-4 flex gap-4"[39m
        [36m>[39m
          [36m<div[39m
            [33mclass[39m=[32m"relative"[39m
          [36m>[39m
            [36m<svg[39m
              [33maria-hidden[39m=[32m"true"[39m
              [33mclass[39m=[32m"lucide lucide-search absolute left-3 top-1/2 -translate-y-1/2 text-gray-400"[39m
              [33mfill[39m=[32m"none"[39m
              [33mheight[39m=[32m"20"[39m
              [33mstroke[39m=[32m"currentColor"[39m
              [33mstroke-linecap[39m=[32m"round"[39m
              [33mstroke-linejoin[39m=[32m"round"[39m
              [33mstroke-width[39m=[32m"2"[39m
              [33mviewBox[39m=[32m"0 0 24 24"[39m
              [33mwidth[39m=[32m"20"[39m
              [33mxmlns[39m=[32m"http://www.w3.org/2000/svg"[39m
            [36m>[39m
              [36m<path[39m
                [33md[39m=[32m"m21 21-4.34-4.34"[39m
              [36m/>[39m
              [36m<circle[39m
                [33mcx[39m=[32m"11"[39m
                [33mcy[39m=[32m"11"[39m
                [33mr[39m=[32m"8"[39m
              [36m/>[39m
            [36m</svg>[39m
            [36m<input[39m
              [33mclass[39m=[32m"w-full max-w-sm p-3 pl-10 border border-gray-300 rounded-lg"[39m
              [33mplaceholder[39m=[32m"Buscar por nome ou SKU..."[39m
              [33mtype[39m=[32m"text"[39m
              [33mvalue[39m=[32m""[39m
            [36m/>[39m
          [36m</div>[39m
          [36m<div[39m
            [33mclass[39m=[32m"min-w-[200px]"[39m
          [36m>[39m
            [36m<div[39m
              [33mclass[39m=[32m"relative"[39m
            [36m>[39m
              [36m<select[39m
                [33mclass[39m=[32m"w-full p-3 pr-10 bg-white/80 border border-gray-300 rounded-lg focus:ring-2 focus:ring-blue-500 focus:border-blue-500 transition shadow-sm appearance-none"[39m
              [36m>[39m
                [36m<option[39m
                  [33mvalue[39m=[32m""[39m
                [36m>[39m
                  [0mTodos os status[0m
                [36m</option>[39m
                [36m<option[39m
                  [33mvalue[39m=[32m"ativo"[39m
                [36m>[39m
                  [0mAtivo[0m
                [36m</option>[39m
                [36m<option[39m
                  [33mvalue[39m=[32m"inativo"[39m
                [36m>[39m
                  [0mInativo[0m
                [36m</option>[39m
              [36m</select>[39m
              [36m<div[39m
                [33mclass[39m=[32m"pointer-events-none absolute inset-y-0 right-0 flex items-center px-3 text-gray-700"[39m
              [36m>[39m
                [36m<svg[39m
                  [33maria-hidden[39m=[32m"true"[39m
                  [33mclass[39m=[32m"lucide lucide-chevron-down"[39m
                  [33mfill[39m=[32m"none"[39m
                  [33mheight[39m=[32m"20"[39m
                  [33mstroke[39m=[32m"currentColor"[39m
                  [33mstroke-linecap[39m=[32m"round"[39m
                  [33mstroke-linejoin[39m=[32m"round"[39m
                  [33mstroke-width[39m=[32m"2"[39m
                  [33mviewBox[39m=[32m"0 0 24 24"[39m
                  [33mwidth[39m=[32m"20"[39m
                  [33mxmlns[39m=[32m"http://www.w3.org/2000/svg"[39m
                [36m>[39m
                  [36m<path[39m
                    [33md[39m=[32m"m6 9 6 6 6-6"[39m
                  [36m/>[39m
                [36m</svg>[39m
              [36m</div>[39m
            [36m</div>[39m
          [36m</div>[39m
        [36m</div>[39m
        [36m<div[39m
          [33mclass[39m=[32m"bg-white rounded-lg shadow overflow-hidden"[39m
        [36m>[39m
          [36m<div[39m
            [33mclass[39m=[32m"h-96 flex flex-col items-center justify-center text-center text-gray-500 p-4"[39m
          [36m>[39m
            [36m<svg[39m
              [33maria-hidden[39m=[32m"true"[39m
              [33mclass[39m=[32m"lucide lucide-package mb-4"[39m
              [33mfill[39m=[32m"none"[39m
              [33mheight[39m=[32m"48"[39m
              [33mstroke[39m=[32m"currentColor"[39m
              [33mstroke-linecap[39m=[32m"round"[39m
              [33mstroke-linejoin[39m=[32m"round"[39m
              [33mstroke-width[39m=[32m"2"[39m
              [33mviewBox[39m=[32m"0 0 24 24"[39m
              [33mwidth[39m=[32m"48"[39m
              [33mxmlns[39m=[32m"http://www.w3.org/2000/svg"[39m
            [36m>[39m
              [36m<path[39m
                [33md[39m=[32m"M11 21.73a2 2 0 0 0 2 0l7-4A2 2 0 0 0 21 16V8a2 2 0 0 0-1-1.73l-7-4a2 2 0 0 0-2 0l-7 4A2 2 0 0 0 3 8v8a2 2 0 0 0 1 1.73z"[39m
              [36m/>[39m
              [36m<path[39m
                [33md[39m=[32m"M12 22V12"[39m
              [36m/>[39m
              [36m<polyline[39m
                [33mpoints[39m=[32m"3.29 7 12 12 20.71 7"[39m
              [36m/>[39m
              [36m<path[39m
                [33md[39m=[32m"m7.5 4.27 9 5.15"[39m
              [36m/>[39m
            [36m</svg>[39m
            [36m<p[39m
              [33mclass[39m=[32m"font-semibold text-lg"[39m
            [36m>[39m
              [0mNenhum produto encontrado.[0m
            [36m</p>[39m
            [36m<p[39m
              [33mclass[39m=[32m"text-sm mb-4"[39m
            [36m>[39m
              [0mComece cadastrando um novo produto ou popule com dados de exemplo.[0m
            [36m</p>[39m
            [36m<button[39m
              [33mclass[39m=[32m"mt-4 flex items-center gap-2 bg-blue-100 text-blue-700 font-bold py-2 px-4 rounded-lg hover:bg-blue-200 transition-colors disabled:opacity-50"[39m
            [36m>[39m
              [36m<svg[39m
                [33maria-hidden[39m=[32m"true"[39m
                [33mclass[39m=[32m"lucide lucide-database-backup"[39m
                [33mfill[39m=[32m"none"[39m
                [33mheight[39m=[32m"20"[39m
                [33mstroke[39m=[32m"currentColor"[39m
                [33mstroke-linecap[39m=[32m"round"[39m
                [33mstroke-linejoin[39m=[32m"round"[39m
                [33mstroke-width[39m=[32m"2"[39m
                [33mviewBox[39m=[32m"0 0 24 24"[39m
                [33mwidth[39m=[32m"20"[39m
                [33mxmlns[39m=[32m"http://www.w3.org/2000/svg"[39m
              [36m>[39m
                [36m<ellipse[39m
                  [33mcx[39m=[32m"12"[39m
                  [33mcy[39m=[32m"5"[39m
                  [33mrx[39m=[32m"9"[39m
                  [33mry[39m=[32m"3"[39m
                [36m/>[39m
                [36m<path[39m
                  [33md[39m=[32m"M3 12a9 3 0 0 0 5 2.69"[39m
                [36m/>[39m
                [36m<path[39m
                  [33md[39m=[32m"M21 9.3V5"[39m
                [36m/>[39m
                [36m<path[39m
                  [33md[39m=[32m"M3 5v14a9 3 0 0 0 6.47 2.88"[39m
                [36m/>[39m
                [36m<path[39m
                  [33md[39m=[32m"M12 12v4h4"[39m
                [36m/>[39m
                [36m<path[39m
                  [33md[39m=[32m"M13 20a5 5 0 0 0 9-3 4.5 4.5 0 0 0-4.5-4.5c-1.33 0-2.54.54-3.41 1.41L12 16"[39m
                [36m/>[39m
              [36m</svg>[39m
              [0mPopular com 10 produtos padrão[0m
            [36m</button>[39m
          [36m</div>[39m
        [36m</div>[39m
      [36m</div>[39m
      [36m<div[39m
        [33mclass[39m=[32m"fixed top-5 right-5 z-50 space-y-3"[39m
      [36m/>[39m
    [36m</div>[39m
  [36m</body>[39m
[36m</html>[39m

⎯⎯⎯⎯⎯⎯⎯ Failed Tests 2 ⎯⎯⎯⎯⎯⎯⎯

 FAIL  src/pages/products/ProductsPage.test.tsx > ProductsPage Integration > renders the product list with data from MSW
TestingLibraryElementError: Unable to find an element with the text: Produto Teste 1. This could be because the text is broken up by multiple elements. In this case, you can provide a function for your text matcher to make your matcher more flexible.

Ignored nodes: comments, script, style
[36m<body>[39m
  [36m<div>[39m
    [36m<div[39m
      [33mclass[39m=[32m"p-1"[39m
    [36m>[39m
      [36m<div[39m
        [33mclass[39m=[32m"flex justify-between items-center mb-6"[39m
      [36m>[39m
        [36m<h1[39m
          [33mclass[39m=[32m"text-3xl font-bold text-gray-800"[39m
        [36m>[39m
          [0mProdutos[0m
        [36m</h1>[39m
        [36m<div[39m
          [33mclass[39m=[32m"flex items-center gap-2"[39m
        [36m>[39m
          [36m<button[39m
            [33mclass[39m=[32m"flex items-center gap-2 bg-gray-100 text-gray-700 font-semibold py-2 px-4 rounded-lg hover:bg-gray-200 transition-colors disabled:opacity-50"[39m
          [36m>[39m
            [36m<svg[39m
              [33maria-hidden[39m=[32m"true"[39m
              [33mclass[39m=[32m"lucide lucide-database-backup"[39m
              [33mfill[39m=[32m"none"[39m
              [33mheight[39m=[32m"20"[39m
              [33mstroke[39m=[32m"currentColor"[39m
              [33mstroke-linecap[39m=[32m"round"[39m
              [33mstroke-linejoin[39m=[32m"round"[39m
              [33mstroke-width[39m=[32m"2"[39m
              [33mviewBox[39m=[32m"0 0 24 24"[39m
              [33mwidth[39m=[32m"20"[39m
              [33mxmlns[39m=[32m"http://www.w3.org/2000/svg"[39m
            [36m>[39m
              [36m<ellipse[39m
                [33mcx[39m=[32m"12"[39m
                [33mcy[39m=[32m"5"[39m
                [33mrx[39m=[32m"9"[39m
                [33mry[39m=[32m"3"[39m
              [36m/>[39m
              [36m<path[39m
                [33md[39m=[32m"M3 12a9 3 0 0 0 5 2.69"[39m
              [36m/>[39m
              [36m<path[39m
                [33md[39m=[32m"M21 9.3V5"[39m
              [36m/>[39m
              [36m<path[39m
                [33md[39m=[32m"M3 5v14a9 3 0 0 0 6.47 2.88"[39m
              [36m/>[39m
              [36m<path[39m
                [33md[39m=[32m"M12 12v4h4"[39m
              [36m/>[39m
              [36m<path[39m
                [33md[39m=[32m"M13 20a5 5 0 0 0 9-3 4.5 4.5 0 0 0-4.5-4.5c-1.33 0-2.54.54-3.41 1.41L12 16"[39m
              [36m/>[39m
            [36m</svg>[39m
            [0mPopular Dados[0m
          [36m</button>[39m
          [36m<button[39m
            [33mclass[39m=[32m"flex items-center gap-2 bg-blue-600 text-white font-bold py-2 px-4 rounded-lg hover:bg-blue-700 transition-colors"[39m
          [36m>[39m
            [36m<svg[39m
              [33maria-hidden[39m=[32m"true"[39m
              [33mclass[39m=[32m"lucide lucide-circle-plus"[39m
              [33mfill[39m=[32m"none"[39m
              [33mheight[39m=[32m"20"[39m
              [33mstroke[39m=[32m"currentColor"[39m
              [33mstroke-linecap[39m=[32m"round"[39m
              [33mstroke-linejoin[39m=[32m"round"[39m
              [33mstroke-width[39m=[32m"2"[39m
              [33mviewBox[39m=[32m"0 0 24 24"[39m
              [33mwidth[39m=[32m"20"[39m
              [33mxmlns[39m=[32m"http://www.w3.org/2000/svg"[39m
            [36m>[39m
              [36m<circle[39m
                [33mcx[39m=[32m"12"[39m
                [33mcy[39m=[32m"12"[39m
                [33mr[39m=[32m"10"[39m
              [36m/>[39m
              [36m<path[39m
                [33md[39m=[32m"M8 12h8"[39m
              [36m/>[39m
              [36m<path[39m
                [33md[39m=[32m"M12 8v8"[39m
              [36m/>[39m
            [36m</svg>[39m
            [0mNovo Produto[0m
          [36m</button>[39m
        [36m</div>[39m
      [36m</div>[39m
      [36m<div[39m
        [33mclass[39m=[32m"mb-4 flex gap-4"[39m
      [36m>[39m
        [36m<div[39m
          [33mclass[39m=[32m"relative"[39m
        [36m>[39m
          [36m<svg[39m
            [33maria-hidden[39m=[32m"true"[39m
            [33mclass[39m=[32m"lucide lucide-search absolute left-3 top-1/2 -translate-y-1/2 text-gray-400"[39m
            [33mfill[39m=[32m"none"[39m
            [33mheight[39m=[32m"20"[39m
            [33mstroke[39m=[32m"currentColor"[39m
            [33mstroke-linecap[39m=[32m"round"[39m
            [33mstroke-linejoin[39m=[32m"round"[39m
            [33mstroke-width[39m=[32m"2"[39m
            [33mviewBox[39m=[32m"0 0 24 24"[39m
            [33mwidth[39m=[32m"20"[39m
            [33mxmlns[39m=[32m"http://www.w3.org/2000/svg"[39m
          [36m>[39m
            [36m<path[39m
              [33md[39m=[32m"m21 21-4.34-4.34"[39m
            [36m/>[39m
            [36m<circle[39m
              [33mcx[39m=[32m"11"[39m
              [33mcy[39m=[32m"11"[39m
              [33mr[39m=[32m"8"[39m
            [36m/>[39m
          [36m</svg>[39m
          [36m<input[39m
            [33mclass[39m=[32m"w-full max-w-sm p-3 pl-10 border border-gray-300 rounded-lg"[39m
            [33mplaceholder[39m=[32m"Buscar por nome ou SKU..."[39m
            [33mtype[39m=[32m"text"[39m
            [33mvalue[39m=[32m""[39m
          [36m/>[39m
        [36m</div>[39m
        [36m<div[39m
          [33mclass[39m=[32m"min-w-[200px]"[39m
        [36m>[39m
          [36m<div[39m
            [33mclass[39m=[32m"relative"[39m
          [36m>[39m
            [36m<select[39m
              [33mclass[39m=[32m"w-full p-3 pr-10 bg-white/80 border border-gray-300 rounded-lg focus:ring-2 focus:ring-blue-500 focus:border-blue-500 transition shadow-sm appearance-none"[39m
            [36m>[39m
              [36m<option[39m
                [33mvalue[39m=[32m""[39m
              [36m>[39m
                [0mTodos os status[0m
              [36m</option>[39m
              [36m<option[39m
                [33mvalue[39m=[32m"ativo"[39m
              [36m>[39m
                [0mAtivo[0m
              [36m</option>[39m
              [36m<option[39m
                [33mvalue[39m=[32m"inativo"[39m
              [36m>[39m
                [0mInativo[0m
              [36m</option>[39m
            [36m</select>[39m
            [36m<div[39m
              [33mclass[39m=[32m"pointer-events-none absolute inset-y-0 right-0 flex items-center px-3 text-gray-700"[39m
            [36m>[39m
              [36m<svg[39m
                [33maria-hidden[39m=[32m"true"[39m
                [33mclass[39m=[32m"lucide lucide-chevron-down"[39m
                [33mfill[39m=[32m"none"[39m
                [33mheight[39m=[32m"20"[39m
                [33mstroke[39m=[32m"currentColor"[39m
                [33mstroke-linecap[39m=[32m"round"[39m
                [33mstroke-linejoin[39m=[32m"round"[39m
                [33mstroke-width[39m=[32m"2"[39m
                [33mviewBox[39m=[32m"0 0 24 24"[39m
                [33mwidth[39m=[32m"20"[39m
                [33mxmlns[39m=[32m"http://www.w3.org/2000/svg"[39m
              [36m>[39m
                [36m<path[39m
                  [33md[39m=[32m"m6 9 6 6 6-6"[39m
                [36m/>[39m
              [36m</svg>[39m
            [36m</div>[39m
          [36m</div>[39m
        [36m</div>[39m
      [36m</div>[39m
      [36m<div[39m
        [33mclass[39m=[32m"bg-white rounded-lg shadow overflow-hidden"[39m
      [36m>[39m
        [36m<div[39m
          [33mclass[39m=[32m"h-96 flex flex-col items-center justify-center text-center text-gray-500 p-4"[39m
        [36m>[39m
          [36m<svg[39m
            [33maria-hidden[39m=[32m"true"[39m
            [33mclass[39m=[32m"lucide lucide-package mb-4"[39m
            [33mfill[39m=[32m"none"[39m
            [33mheight[39m=[32m"48"[39m
            [33mstroke[39m=[32m"currentColor"[39m
            [33mstroke-linecap[39m=[32m"round"[39m
            [33mstroke-linejoin[39m=[32m"round"[39m
            [33mstroke-width[39m=[32m"2"[39m
            [33mviewBox[39m=[32m"0 0 24 24"[39m
            [33mwidth[39m=[32m"48"[39m
            [33mxmlns[39m=[32m"http://www.w3.org/2000/svg"[39m
          [36m>[39m
            [36m<path[39m
              [33md[39m=[32m"M11 21.73a2 2 0 0 0 2 0l7-4A2 2 0 0 0 21 16V8a2 2 0 0 0-1-1.73l-7-4a2 2 0 0 0-2 0l-7 4A2 2 0 0 0 3 8v8a2 2 0 0 0 1 1.73z"[39m
            [36m/>[39m
            [36m<path[39m
              [33md[39m=[32m"M12 22V12"[39m
            [36m/>[39m
            [36m<polyline[39m
              [33mpoints[39m=[32m"3.29 7 12 12 20.71 7"[39m
            [36m/>[39m
            [36m<path[39m
              [33md[39m=[32m"m7.5 4.27 9 5.15"[39m
            [36m/>[39m
          [36m</svg>[39m
          [36m<p[39m
            [33mclass[39m=[32m"font-semibold text-lg"[39m
          [36m>[39m
            [0mNenhum produto encontrado.[0m
          [36m</p>[39m
          [36m<p[39m
            [33mclass[39m=[32m"text-sm mb-4"[39m
          [36m>[39m
            [0mComece cadastrando um novo produto ou popule com dados de exemplo.[0m
          [36m</p>[39m
          [36m<button[39m
            [33mclass[39m=[32m"mt-4 flex items-center gap-2 bg-blue-100 text-blue-700 font-bold py-2 px-4 rounded-lg hover:bg-blue-200 transition-colors disabled:opacity-50"[39m
          [36m>[39m
            [36m<svg[39m
              [33maria-hidden[39m=[32m"true"[39m
              [33mclass[39m=[32m"lucide lucide-database-backup"[39m
              [33mfill[39m=[32m"none"[39m
              [33mheight[39m=[32m"20"[39m
              [33mstroke[39m=[32m"currentColor"[39m
              [33mstroke-linecap[39m=[32m"round"[39m
              [33mstroke-linejoin[39m=[32m"round"[39m
              [33mstroke-width[39m=[32m"2"[39m
              [33mviewBox[39m=[32m"0 0 24 24"[39m
              [33mwidth[39m=[32m"20"[39m
              [33mxmlns[39m=[32m"http://www.w3.org/2000/svg"[39m
            [36m>[39m
              [36m<ellipse[39m
                [33mcx[39m=[32m"12"[39m
                [33mcy[39m=[32m"5"[39m
                [33mrx[39m=[32m"9"[39m
                [33mry[39m=[32m"3"[39m
              [36m/>[39m
              [36m<path[39m
                [33md[39m=[32m"M3 12a9 3 0 0 0 5 2.69"[39m
              [36m/>[39m
              [36m<path[39m
                [33md[39m=[32m"M21 9.3V5"[39m
              [36m/>[39m
              [36m<path[39m
                [33md[39m=[32m"M3 5v14a9 3 0 0 0 6.47 2.88"[39m
              [36m/>[39m
              [36m<path[39m
                [33md[39m=[32m"M12 12v4h4"[39m
              [36m/>[39m
              [36m<path[39m
                [33md[39m=[32m"M13 20a5 5 0 0 0 9-3 4.5 4.5 0 0 0-4.5-4.5c-1.33 0-2.54.54-3.41 1.41L12 16"[39m
              [36m/>[39m
            [36m</svg>[39m
            [0mPopular com 10 produtos padrão[0m
          [36m</button>[39m
        [36m</div>[39m
      [36m</div>[39m
    [36m</div>[39m
    [36m<div[39m
      [33mclass[39m=[32m"fixed top-5 right-5 z-50 space-y-3"[39m
    [36m/>[39m
  [36m</div>[39m
[36m</body>[39m

Ignored nodes: comments, script, style
[36m<html>[39m
  [36m<head />[39m
  [36m<body>[39m
    [36m<div>[39m
      [36m<div[39m
        [33mclass[39m=[32m"p-1"[39m
      [36m>[39m
        [36m<div[39m
          [33mclass[39m=[32m"flex justify-between items-center mb-6"[39m
        [36m>[39m
          [36m<h1[39m
            [33mclass[39m=[32m"text-3xl font-bold text-gray-800"[39m
          [36m>[39m
            [0mProdutos[0m
          [36m</h1>[39m
          [36m<div[39m
            [33mclass[39m=[32m"flex items-center gap-2"[39m
          [36m>[39m
            [36m<button[39m
              [33mclass[39m=[32m"flex items-center gap-2 bg-gray-100 text-gray-700 font-semibold py-2 px-4 rounded-lg hover:bg-gray-200 transition-colors disabled:opacity-50"[39m
            [36m>[39m
              [36m<svg[39m
                [33maria-hidden[39m=[32m"true"[39m
                [33mclass[39m=[32m"lucide lucide-database-backup"[39m
                [33mfill[39m=[32m"none"[39m
                [33mheight[39m=[32m"20"[39m
                [33mstroke[39m=[32m"currentColor"[39m
                [33mstroke-linecap[39m=[32m"round"[39m
                [33mstroke-linejoin[39m=[32m"round"[39m
                [33mstroke-width[39m=[32m"2"[39m
                [33mviewBox[39m=[32m"0 0 24 24"[39m
                [33mwidth[39m=[32m"20"[39m
                [33mxmlns[39m=[32m"http://www.w3.org/2000/svg"[39m
              [36m>[39m
                [36m<ellipse[39m
                  [33mcx[39m=[32m"12"[39m
                  [33mcy[39m=[32m"5"[39m
                  [33mrx[39m=[32m"9"[39m
                  [33mry[39m=[32m"3"[39m
                [36m/>[39m
                [36m<path[39m
                  [33md[39m=[32m"M3 12a9 3 0 0 0 5 2.69"[39m
                [36m/>[39m
                [36m<path[39m
                  [33md[39m=[32m"M21 9.3V5"[39m
                [36m/>[39m
                [36m<path[39m
                  [33md[39m=[32m"M3 5v14a9 3 0 0 0 6.47 2.88"[39m
                [36m/>[39m
                [36m<path[39m
                  [33md[39m=[32m"M12 12v4h4"[39m
                [36m/>[39m
                [36m<path[39m
                  [33md[39m=[32m"M13 20a5 5 0 0 0 9-3 4.5 4.5 0 0 0-4.5-4.5c-1.33 0-2.54.54-3.41 1.41L12 16"[39m
                [36m/>[39m
              [36m</svg>[39m
              [0mPopular Dados[0m
            [36m</button>[39m
            [36m<button[39m
              [33mclass[39m=[32m"flex items-center gap-2 bg-blue-600 text-white font-bold py-2 px-4 rounded-lg hover:bg-blue-700 transition-colors"[39m
            [36m>[39m
              [36m<svg[39m
                [33maria-hidden[39m=[32m"true"[39m
                [33mclass[39m=[32m"lucide lucide-circle-plus"[39m
                [33mfill[39m=[32m"none"[39m
                [33mheight[39m=[32m"20"[39m
                [33mstroke[39m=[32m"currentColor"[39m
                [33mstroke-linecap[39m=[32m"round"[39m
                [33mstroke-linejoin[39m=[32m"round"[39m
                [33mstroke-width[39m=[32m"2"[39m
                [33mviewBox[39m=[32m"0 0 24 24"[39m
                [33mwidth[39m=[32m"20"[39m
                [33mxmlns[39m=[32m"http://www.w3.org/2000/svg"[39m
              [36m>[39m
                [36m<circle[39m
                  [33mcx[39m=[32m"12"[39m
                  [33mcy[39m=[32m"12"[39m
                  [33mr[39m=[32m"10"[39m
                [36m/>[39m
                [36m<path[39m
                  [33md[39m=[32m"M8 12h8"[39m
                [36m/>[39m
                [36m<path[39m
                  [33md[39m=[32m"M12 8v8"[39m
                [36m/>[39m
              [36m</svg>[39m
              [0mNovo Produto[0m
            [36m</button>[39m
          [36m</div>[39m
        [36m</div>[39m
        [36m<div[39m
          [33mclass[39m=[32m"mb-4 flex gap-4"[39m
        [36m>[39m
          [36m<div[39m
            [33mclass[39m=[32m"relative"[39m
          [36m>[39m
            [36m<svg[39m
              [33maria-hidden[39m=[32m"true"[39m
              [33mclass[39m=[32m"lucide lucide-search absolute left-3 top-1/2 -translate-y-1/2 text-gray-400"[39m
              [33mfill[39m=[32m"none"[39m
              [33mheight[39m=[32m"20"[39m
              [33mstroke[39m=[32m"currentColor"[39m
              [33mstroke-linecap[39m=[32m"round"[39m
              [33mstroke-linejoin[39m=[32m"round"[39m
              [33mstroke-width[39m=[32m"2"[39m
              [33mviewBox[39m=[32m"0 0 24 24"[39m
              [33mwidth[39m=[32m"20"[39m
              [33mxmlns[39m=[32m"http://www.w3.org/2000/svg"[39m
            [36m>[39m
              [36m<path[39m
                [33md[39m=[32m"m21 21-4.34-4.34"[39m
              [36m/>[39m
              [36m<circle[39m
                [33mcx[39m=[32m"11"[39m
                [33mcy[39m=[32m"11"[39m
                [33mr[39m=[32m"8"[39m
              [36m/>[39m
            [36m</svg>[39m
            [36m<input[39m
              [33mclass[39m=[32m"w-full max-w-sm p-3 pl-10 border border-gray-300 rounded-lg"[39m
              [33mplaceholder[39m=[32m"Buscar por nome ou SKU..."[39m
              [33mtype[39m=[32m"text"[39m
              [33mvalue[39m=[32m""[39m
            [36m/>[39m
          [36m</div>[39m
          [36m<div[39m
            [33mclass[39m=[32m"min-w-[200px]"[39m
          [36m>[39m
            [36m<div[39m
              [33mclass[39m=[32m"relative"[39m
            [36m>[39m
              [36m<select[39m
                [33mclass[39m=[32m"w-full p-3 pr-10 bg-white/80 border border-gray-300 rounded-lg focus:ring-2 focus:ring-blue-500 focus:border-blue-500 transition shadow-sm appearance-none"[39m
              [36m>[39m
                [36m<option[39m
                  [33mvalue[39m=[32m""[39m
                [36m>[39m
                  [0mTodos os status[0m
                [36m</option>[39m
                [36m<option[39m
                  [33mvalue[39m=[32m"ativo"[39m
                [36m>[39m
                  [0mAtivo[0m
                [36m</option>[39m
                [36m<option[39m
                  [33mvalue[39m=[32m"inativo"[39m
                [36m>[39m
                  [0mInativo[0m
                [36m</option>[39m
              [36m</select>[39m
              [36m<div[39m
                [33mclass[39m=[32m"pointer-events-none absolute inset-y-0 right-0 flex items-center px-3 text-gray-700"[39m
              [36m>[39m
                [36m<svg[39m
                  [33maria-hidden[39m=[32m"true"[39m
                  [33mclass[39m=[32m"lucide lucide-chevron-down"[39m
                  [33mfill[39m=[32m"none"[39m
                  [33mheight[39m=[32m"20"[39m
                  [33mstroke[39m=[32m"currentColor"[39m
                  [33mstroke-linecap[39m=[32m"round"[39m
                  [33mstroke-linejoin[39m=[32m"round"[39m
                  [33mstroke-width[39m=[32m"2"[39m
                  [33mviewBox[39m=[32m"0 0 24 24"[39m
                  [33mwidth[39m=[32m"20"[39m
                  [33mxmlns[39m=[32m"http://www.w3.org/2000/svg"[39m
                [36m>[39m
                  [36m<path[39m
                    [33md[39m=[32m"m6 9 6 6 6-6"[39m
                  [36m/>[39m
                [36m</svg>[39m
              [36m</div>[39m
            [36m</div>[39m
          [36m</div>[39m
        [36m</div>[39m
        [36m<div[39m
          [33mclass[39m=[32m"bg-white rounded-lg shadow overflow-hidden"[39m
        [36m>[39m
          [36m<div[39m
            [33mclass[39m=[32m"h-96 flex flex-col items-center justify-center text-center text-gray-500 p-4"[39m
          [36m>[39m
            [36m<svg[39m
              [33maria-hidden[39m=[32m"true"[39m
              [33mclass[39m=[32m"lucide lucide-package mb-4"[39m
              [33mfill[39m=[32m"none"[39m
              [33mheight[39m=[32m"48"[39m
              [33mstroke[39m=[32m"currentColor"[39m
              [33mstroke-linecap[39m=[32m"round"[39m
              [33mstroke-linejoin[39m=[32m"round"[39m
              [33mstroke-width[39m=[32m"2"[39m
              [33mviewBox[39m=[32m"0 0 24 24"[39m
              [33mwidth[39m=[32m"48"[39m
              [33mxmlns[39m=[32m"http://www.w3.org/2000/svg"[39m
            [36m>[39m
              [36m<path[39m
                [33md[39m=[32m"M11 21.73a2 2 0 0 0 2 0l7-4A2 2 0 0 0 21 16V8a2 2 0 0 0-1-1.73l-7-4a2 2 0 0 0-2 0l-7 4A2 2 0 0 0 3 8v8a2 2 0 0 0 1 1.73z"[39m
              [36m/>[39m
              [36m<path[39m
                [33md[39m=[32m"M12 22V12"[39m
              [36m/>[39m
              [36m<polyline[39m
                [33mpoints[39m=[32m"3.29 7 12 12 20.71 7"[39m
              [36m/>[39m
              [36m<path[39m
                [33md[39m=[32m"m7.5 4.27 9 5.15"[39m
              [36m/>[39m
            [36m</svg>[39m
            [36m<p[39m
              [33mclass[39m=[32m"font-semibold text-lg"[39m
            [36m>[39m
              [0mNenhum produto encontrado.[0m
            [36m</p>[39m
            [36m<p[39m
              [33mclass[39m=[32m"text-sm mb-4"[39m
            [36m>[39m
              [0mComece cadastrando um novo produto ou popule com dados de exemplo.[0m
            [36m</p>[39m
            [36m<button[39m
              [33mclass[39m=[32m"mt-4 flex items-center gap-2 bg-blue-100 text-blue-700 font-bold py-2 px-4 rounded-lg hover:bg-blue-200 transition-colors disabled:opacity-50"[39m
            [36m>[39m
              [36m<svg[39m
                [33maria-hidden[39m=[32m"true"[39m
                [33mclass[39m=[32m"lucide lucide-database-backup"[39m
                [33mfill[39m=[32m"none"[39m
                [33mheight[39m=[32m"20"[39m
                [33mstroke[39m=[32m"currentColor"[39m
                [33mstroke-linecap[39m=[32m"round"[39m
                [33mstroke-linejoin[39m=[32m"round"[39m
                [33mstroke-width[39m=[32m"2"[39m
                [33mviewBox[39m=[32m"0 0 24 24"[39m
                [33mwidth[39m=[32m"20"[39m
                [33mxmlns[39m=[32m"http://www.w3.org/2000/svg"[39m
              [36m>[39m
                [36m<ellipse[39m
                  [33mcx[39m=[32m"12"[39m
                  [33mcy[39m=[32m"5"[39m
                  [33mrx[39m=[32m"9"[39m
                  [33mry[39m=[32m"3"[39m
                [36m/>[39m
                [36m<path[39m
                  [33md[39m=[32m"M3 12a9 3 0 0 0 5 2.69"[39m
                [36m/>[39m
                [36m<path[39m
                  [33md[39m=[32m"M21 9.3V5"[39m
                [36m/>[39m
                [36m<path[39m
                  [33md[39m=[32m"M3 5v14a9 3 0 0 0 6.47 2.88"[39m
                [36m/>[39m
                [36m<path[39m
                  [33md[39m=[32m"M12 12v4h4"[39m
                [36m/>[39m
                [36m<path[39m
                  [33md[39m=[32m"M13 20a5 5 0 0 0 9-3 4.5 4.5 0 0 0-4.5-4.5c-1.33 0-2.54.54-3.41 1.41L12 16"[39m
                [36m/>[39m
              [36m</svg>[39m
              [0mPopular com 10 produtos padrão[0m
            [36m</button>[39m
          [36m</div>[39m
        [36m</div>[39m
      [36m</div>[39m
      [36m<div[39m
        [33mclass[39m=[32m"fixed top-5 right-5 z-50 space-y-3"[39m
      [36m/>[39m
    [36m</div>[39m
  [36m</body>[39m
[36m</html>[39m
 ❯ Proxy.waitForWrapper node_modules/@testing-library/dom/dist/wait-for.js:163:27
 ❯ src/pages/products/ProductsPage.test.tsx:14:15
     12| 
     13|         // Wait for products to appear
     14|         await waitFor(() => {
       |               ^
     15|             expect(screen.getByText('Produto Teste 1')).toBeInTheDocum…
     16|             expect(screen.getByText('SKU-001')).toBeInTheDocument();

⎯⎯⎯⎯⎯⎯⎯⎯⎯⎯⎯⎯⎯⎯⎯⎯⎯⎯⎯⎯⎯⎯⎯⎯[1/2]⎯

 FAIL  src/pages/products/ProductsPage.test.tsx > ProductsPage Integration > filters products by search term
TestingLibraryElementError: Unable to find an element with the text: Produto Teste 1. This could be because the text is broken up by multiple elements. In this case, you can provide a function for your text matcher to make your matcher more flexible.

Ignored nodes: comments, script, style
[36m<body>[39m
  [36m<div>[39m
    [36m<div[39m
      [33mclass[39m=[32m"p-1"[39m
    [36m>[39m
      [36m<div[39m
        [33mclass[39m=[32m"flex justify-between items-center mb-6"[39m
      [36m>[39m
        [36m<h1[39m
          [33mclass[39m=[32m"text-3xl font-bold text-gray-800"[39m
        [36m>[39m
          [0mProdutos[0m
        [36m</h1>[39m
        [36m<div[39m
          [33mclass[39m=[32m"flex items-center gap-2"[39m
        [36m>[39m
          [36m<button[39m
            [33mclass[39m=[32m"flex items-center gap-2 bg-gray-100 text-gray-700 font-semibold py-2 px-4 rounded-lg hover:bg-gray-200 transition-colors disabled:opacity-50"[39m
          [36m>[39m
            [36m<svg[39m
              [33maria-hidden[39m=[32m"true"[39m
              [33mclass[39m=[32m"lucide lucide-database-backup"[39m
              [33mfill[39m=[32m"none"[39m
              [33mheight[39m=[32m"20"[39m
              [33mstroke[39m=[32m"currentColor"[39m
              [33mstroke-linecap[39m=[32m"round"[39m
              [33mstroke-linejoin[39m=[32m"round"[39m
              [33mstroke-width[39m=[32m"2"[39m
              [33mviewBox[39m=[32m"0 0 24 24"[39m
              [33mwidth[39m=[32m"20"[39m
              [33mxmlns[39m=[32m"http://www.w3.org/2000/svg"[39m
            [36m>[39m
              [36m<ellipse[39m
                [33mcx[39m=[32m"12"[39m
                [33mcy[39m=[32m"5"[39m
                [33mrx[39m=[32m"9"[39m
                [33mry[39m=[32m"3"[39m
              [36m/>[39m
              [36m<path[39m
                [33md[39m=[32m"M3 12a9 3 0 0 0 5 2.69"[39m
              [36m/>[39m
              [36m<path[39m
                [33md[39m=[32m"M21 9.3V5"[39m
              [36m/>[39m
              [36m<path[39m
                [33md[39m=[32m"M3 5v14a9 3 0 0 0 6.47 2.88"[39m
              [36m/>[39m
              [36m<path[39m
                [33md[39m=[32m"M12 12v4h4"[39m
              [36m/>[39m
              [36m<path[39m
                [33md[39m=[32m"M13 20a5 5 0 0 0 9-3 4.5 4.5 0 0 0-4.5-4.5c-1.33 0-2.54.54-3.41 1.41L12 16"[39m
              [36m/>[39m
            [36m</svg>[39m
            [0mPopular Dados[0m
          [36m</button>[39m
          [36m<button[39m
            [33mclass[39m=[32m"flex items-center gap-2 bg-blue-600 text-white font-bold py-2 px-4 rounded-lg hover:bg-blue-700 transition-colors"[39m
          [36m>[39m
            [36m<svg[39m
              [33maria-hidden[39m=[32m"true"[39m
              [33mclass[39m=[32m"lucide lucide-circle-plus"[39m
              [33mfill[39m=[32m"none"[39m
              [33mheight[39m=[32m"20"[39m
              [33mstroke[39m=[32m"currentColor"[39m
              [33mstroke-linecap[39m=[32m"round"[39m
              [33mstroke-linejoin[39m=[32m"round"[39m
              [33mstroke-width[39m=[32m"2"[39m
              [33mviewBox[39m=[32m"0 0 24 24"[39m
              [33mwidth[39m=[32m"20"[39m
              [33mxmlns[39m=[32m"http://www.w3.org/2000/svg"[39m
            [36m>[39m
              [36m<circle[39m
                [33mcx[39m=[32m"12"[39m
                [33mcy[39m=[32m"12"[39m
                [33mr[39m=[32m"10"[39m
              [36m/>[39m
              [36m<path[39m
                [33md[39m=[32m"M8 12h8"[39m
              [36m/>[39m
              [36m<path[39m
                [33md[39m=[32m"M12 8v8"[39m
              [36m/>[39m
            [36m</svg>[39m
            [0mNovo Produto[0m
          [36m</button>[39m
        [36m</div>[39m
      [36m</div>[39m
      [36m<div[39m
        [33mclass[39m=[32m"mb-4 flex gap-4"[39m
      [36m>[39m
        [36m<div[39m
          [33mclass[39m=[32m"relative"[39m
        [36m>[39m
          [36m<svg[39m
            [33maria-hidden[39m=[32m"true"[39m
            [33mclass[39m=[32m"lucide lucide-search absolute left-3 top-1/2 -translate-y-1/2 text-gray-400"[39m
            [33mfill[39m=[32m"none"[39m
            [33mheight[39m=[32m"20"[39m
            [33mstroke[39m=[32m"currentColor"[39m
            [33mstroke-linecap[39m=[32m"round"[39m
            [33mstroke-linejoin[39m=[32m"round"[39m
            [33mstroke-width[39m=[32m"2"[39m
            [33mviewBox[39m=[32m"0 0 24 24"[39m
            [33mwidth[39m=[32m"20"[39m
            [33mxmlns[39m=[32m"http://www.w3.org/2000/svg"[39m
          [36m>[39m
            [36m<path[39m
              [33md[39m=[32m"m21 21-4.34-4.34"[39m
            [36m/>[39m
            [36m<circle[39m
              [33mcx[39m=[32m"11"[39m
              [33mcy[39m=[32m"11"[39m
              [33mr[39m=[32m"8"[39m
            [36m/>[39m
          [36m</svg>[39m
          [36m<input[39m
            [33mclass[39m=[32m"w-full max-w-sm p-3 pl-10 border border-gray-300 rounded-lg"[39m
            [33mplaceholder[39m=[32m"Buscar por nome ou SKU..."[39m
            [33mtype[39m=[32m"text"[39m
            [33mvalue[39m=[32m""[39m
          [36m/>[39m
        [36m</div>[39m
        [36m<div[39m
          [33mclass[39m=[32m"min-w-[200px]"[39m
        [36m>[39m
          [36m<div[39m
            [33mclass[39m=[32m"relative"[39m
          [36m>[39m
            [36m<select[39m
              [33mclass[39m=[32m"w-full p-3 pr-10 bg-white/80 border border-gray-300 rounded-lg focus:ring-2 focus:ring-blue-500 focus:border-blue-500 transition shadow-sm appearance-none"[39m
            [36m>[39m
              [36m<option[39m
                [33mvalue[39m=[32m""[39m
              [36m>[39m
                [0mTodos os status[0m
              [36m</option>[39m
              [36m<option[39m
                [33mvalue[39m=[32m"ativo"[39m
              [36m>[39m
                [0mAtivo[0m
              [36m</option>[39m
              [36m<option[39m
                [33mvalue[39m=[32m"inativo"[39m
              [36m>[39m
                [0mInativo[0m
              [36m</option>[39m
            [36m</select>[39m
            [36m<div[39m
              [33mclass[39m=[32m"pointer-events-none absolute inset-y-0 right-0 flex items-center px-3 text-gray-700"[39m
            [36m>[39m
              [36m<svg[39m
                [33maria-hidden[39m=[32m"true"[39m
                [33mclass[39m=[32m"lucide lucide-chevron-down"[39m
                [33mfill[39m=[32m"none"[39m
                [33mheight[39m=[32m"20"[39m
                [33mstroke[39m=[32m"currentColor"[39m
                [33mstroke-linecap[39m=[32m"round"[39m
                [33mstroke-linejoin[39m=[32m"round"[39m
                [33mstroke-width[39m=[32m"2"[39m
                [33mviewBox[39m=[32m"0 0 24 24"[39m
                [33mwidth[39m=[32m"20"[39m
                [33mxmlns[39m=[32m"http://www.w3.org/2000/svg"[39m
              [36m>[39m
                [36m<path[39m
                  [33md[39m=[32m"m6 9 6 6 6-6"[39m
                [36m/>[39m
              [36m</svg>[39m
            [36m</div>[39m
          [36m</div>[39m
        [36m</div>[39m
      [36m</div>[39m
      [36m<div[39m
        [33mclass[39m=[32m"bg-white rounded-lg shadow overflow-hidden"[39m
      [36m>[39m
        [36m<div[39m
          [33mclass[39m=[32m"h-96 flex flex-col items-center justify-center text-center text-gray-500 p-4"[39m
        [36m>[39m
          [36m<svg[39m
            [33maria-hidden[39m=[32m"true"[39m
            [33mclass[39m=[32m"lucide lucide-package mb-4"[39m
            [33mfill[39m=[32m"none"[39m
            [33mheight[39m=[32m"48"[39m
            [33mstroke[39m=[32m"currentColor"[39m
            [33mstroke-linecap[39m=[32m"round"[39m
            [33mstroke-linejoin[39m=[32m"round"[39m
            [33mstroke-width[39m=[32m"2"[39m
            [33mviewBox[39m=[32m"0 0 24 24"[39m
            [33mwidth[39m=[32m"48"[39m
            [33mxmlns[39m=[32m"http://www.w3.org/2000/svg"[39m
          [36m>[39m
            [36m<path[39m
              [33md[39m=[32m"M11 21.73a2 2 0 0 0 2 0l7-4A2 2 0 0 0 21 16V8a2 2 0 0 0-1-1.73l-7-4a2 2 0 0 0-2 0l-7 4A2 2 0 0 0 3 8v8a2 2 0 0 0 1 1.73z"[39m
            [36m/>[39m
            [36m<path[39m
              [33md[39m=[32m"M12 22V12"[39m
            [36m/>[39m
            [36m<polyline[39m
              [33mpoints[39m=[32m"3.29 7 12 12 20.71 7"[39m
            [36m/>[39m
            [36m<path[39m
              [33md[39m=[32m"m7.5 4.27 9 5.15"[39m
            [36m/>[39m
          [36m</svg>[39m
          [36m<p[39m
            [33mclass[39m=[32m"font-semibold text-lg"[39m
          [36m>[39m
            [0mNenhum produto encontrado.[0m
          [36m</p>[39m
          [36m<p[39m
            [33mclass[39m=[32m"text-sm mb-4"[39m
          [36m>[39m
            [0mComece cadastrando um novo produto ou popule com dados de exemplo.[0m
          [36m</p>[39m
          [36m<button[39m
            [33mclass[39m=[32m"mt-4 flex items-center gap-2 bg-blue-100 text-blue-700 font-bold py-2 px-4 rounded-lg hover:bg-blue-200 transition-colors disabled:opacity-50"[39m
          [36m>[39m
            [36m<svg[39m
              [33maria-hidden[39m=[32m"true"[39m
              [33mclass[39m=[32m"lucide lucide-database-backup"[39m
              [33mfill[39m=[32m"none"[39m
              [33mheight[39m=[32m"20"[39m
              [33mstroke[39m=[32m"currentColor"[39m
              [33mstroke-linecap[39m=[32m"round"[39m
              [33mstroke-linejoin[39m=[32m"round"[39m
              [33mstroke-width[39m=[32m"2"[39m
              [33mviewBox[39m=[32m"0 0 24 24"[39m
              [33mwidth[39m=[32m"20"[39m
              [33mxmlns[39m=[32m"http://www.w3.org/2000/svg"[39m
            [36m>[39m
              [36m<ellipse[39m
                [33mcx[39m=[32m"12"[39m
                [33mcy[39m=[32m"5"[39m
                [33mrx[39m=[32m"9"[39m
                [33mry[39m=[32m"3"[39m
              [36m/>[39m
              [36m<path[39m
                [33md[39m=[32m"M3 12a9 3 0 0 0 5 2.69"[39m
              [36m/>[39m
              [36m<path[39m
                [33md[39m=[32m"M21 9.3V5"[39m
              [36m/>[39m
              [36m<path[39m
                [33md[39m=[32m"M3 5v14a9 3 0 0 0 6.47 2.88"[39m
              [36m/>[39m
              [36m<path[39m
                [33md[39m=[32m"M12 12v4h4"[39m
              [36m/>[39m
              [36m<path[39m
                [33md[39m=[32m"M13 20a5 5 0 0 0 9-3 4.5 4.5 0 0 0-4.5-4.5c-1.33 0-2.54.54-3.41 1.41L12 16"[39m
              [36m/>[39m
            [36m</svg>[39m
            [0mPopular com 10 produtos padrão[0m
          [36m</button>[39m
        [36m</div>[39m
      [36m</div>[39m
    [36m</div>[39m
    [36m<div[39m
      [33mclass[39m=[32m"fixed top-5 right-5 z-50 space-y-3"[39m
    [36m/>[39m
  [36m</div>[39m
[36m</body>[39m

Ignored nodes: comments, script, style
[36m<html>[39m
  [36m<head />[39m
  [36m<body>[39m
    [36m<div>[39m
      [36m<div[39m
        [33mclass[39m=[32m"p-1"[39m
      [36m>[39m
        [36m<div[39m
          [33mclass[39m=[32m"flex justify-between items-center mb-6"[39m
        [36m>[39m
          [36m<h1[39m
            [33mclass[39m=[32m"text-3xl font-bold text-gray-800"[39m
          [36m>[39m
            [0mProdutos[0m
          [36m</h1>[39m
          [36m<div[39m
            [33mclass[39m=[32m"flex items-center gap-2"[39m
          [36m>[39m
            [36m<button[39m
              [33mclass[39m=[32m"flex items-center gap-2 bg-gray-100 text-gray-700 font-semibold py-2 px-4 rounded-lg hover:bg-gray-200 transition-colors disabled:opacity-50"[39m
            [36m>[39m
              [36m<svg[39m
                [33maria-hidden[39m=[32m"true"[39m
                [33mclass[39m=[32m"lucide lucide-database-backup"[39m
                [33mfill[39m=[32m"none"[39m
                [33mheight[39m=[32m"20"[39m
                [33mstroke[39m=[32m"currentColor"[39m
                [33mstroke-linecap[39m=[32m"round"[39m
                [33mstroke-linejoin[39m=[32m"round"[39m
                [33mstroke-width[39m=[32m"2"[39m
                [33mviewBox[39m=[32m"0 0 24 24"[39m
                [33mwidth[39m=[32m"20"[39m
                [33mxmlns[39m=[32m"http://www.w3.org/2000/svg"[39m
              [36m>[39m
                [36m<ellipse[39m
                  [33mcx[39m=[32m"12"[39m
                  [33mcy[39m=[32m"5"[39m
                  [33mrx[39m=[32m"9"[39m
                  [33mry[39m=[32m"3"[39m
                [36m/>[39m
                [36m<path[39m
                  [33md[39m=[32m"M3 12a9 3 0 0 0 5 2.69"[39m
                [36m/>[39m
                [36m<path[39m
                  [33md[39m=[32m"M21 9.3V5"[39m
                [36m/>[39m
                [36m<path[39m
                  [33md[39m=[32m"M3 5v14a9 3 0 0 0 6.47 2.88"[39m
                [36m/>[39m
                [36m<path[39m
                  [33md[39m=[32m"M12 12v4h4"[39m
                [36m/>[39m
                [36m<path[39m
                  [33md[39m=[32m"M13 20a5 5 0 0 0 9-3 4.5 4.5 0 0 0-4.5-4.5c-1.33 0-2.54.54-3.41 1.41L12 16"[39m
                [36m/>[39m
              [36m</svg>[39m
              [0mPopular Dados[0m
            [36m</button>[39m
            [36m<button[39m
              [33mclass[39m=[32m"flex items-center gap-2 bg-blue-600 text-white font-bold py-2 px-4 rounded-lg hover:bg-blue-700 transition-colors"[39m
            [36m>[39m
              [36m<svg[39m
                [33maria-hidden[39m=[32m"true"[39m
                [33mclass[39m=[32m"lucide lucide-circle-plus"[39m
                [33mfill[39m=[32m"none"[39m
                [33mheight[39m=[32m"20"[39m
                [33mstroke[39m=[32m"currentColor"[39m
                [33mstroke-linecap[39m=[32m"round"[39m
                [33mstroke-linejoin[39m=[32m"round"[39m
                [33mstroke-width[39m=[32m"2"[39m
                [33mviewBox[39m=[32m"0 0 24 24"[39m
                [33mwidth[39m=[32m"20"[39m
                [33mxmlns[39m=[32m"http://www.w3.org/2000/svg"[39m
              [36m>[39m
                [36m<circle[39m
                  [33mcx[39m=[32m"12"[39m
                  [33mcy[39m=[32m"12"[39m
                  [33mr[39m=[32m"10"[39m
                [36m/>[39m
                [36m<path[39m
                  [33md[39m=[32m"M8 12h8"[39m
                [36m/>[39m
                [36m<path[39m
                  [33md[39m=[32m"M12 8v8"[39m
                [36m/>[39m
              [36m</svg>[39m
              [0mNovo Produto[0m
            [36m</button>[39m
          [36m</div>[39m
        [36m</div>[39m
        [36m<div[39m
          [33mclass[39m=[32m"mb-4 flex gap-4"[39m
        [36m>[39m
          [36m<div[39m
            [33mclass[39m=[32m"relative"[39m
          [36m>[39m
            [36m<svg[39m
              [33maria-hidden[39m=[32m"true"[39m
              [33mclass[39m=[32m"lucide lucide-search absolute left-3 top-1/2 -translate-y-1/2 text-gray-400"[39m
              [33mfill[39m=[32m"none"[39m
              [33mheight[39m=[32m"20"[39m
              [33mstroke[39m=[32m"currentColor"[39m
              [33mstroke-linecap[39m=[32m"round"[39m
              [33mstroke-linejoin[39m=[32m"round"[39m
              [33mstroke-width[39m=[32m"2"[39m
              [33mviewBox[39m=[32m"0 0 24 24"[39m
              [33mwidth[39m=[32m"20"[39m
              [33mxmlns[39m=[32m"http://www.w3.org/2000/svg"[39m
            [36m>[39m
              [36m<path[39m
                [33md[39m=[32m"m21 21-4.34-4.34"[39m
              [36m/>[39m
              [36m<circle[39m
                [33mcx[39m=[32m"11"[39m
                [33mcy[39m=[32m"11"[39m
                [33mr[39m=[32m"8"[39m
              [36m/>[39m
            [36m</svg>[39m
            [36m<input[39m
              [33mclass[39m=[32m"w-full max-w-sm p-3 pl-10 border border-gray-300 rounded-lg"[39m
              [33mplaceholder[39m=[32m"Buscar por nome ou SKU..."[39m
              [33mtype[39m=[32m"text"[39m
              [33mvalue[39m=[32m""[39m
            [36m/>[39m
          [36m</div>[39m
          [36m<div[39m
            [33mclass[39m=[32m"min-w-[200px]"[39m
          [36m>[39m
            [36m<div[39m
              [33mclass[39m=[32m"relative"[39m
            [36m>[39m
              [36m<select[39m
                [33mclass[39m=[32m"w-full p-3 pr-10 bg-white/80 border border-gray-300 rounded-lg focus:ring-2 focus:ring-blue-500 focus:border-blue-500 transition shadow-sm appearance-none"[39m
              [36m>[39m
                [36m<option[39m
                  [33mvalue[39m=[32m""[39m
                [36m>[39m
                  [0mTodos os status[0m
                [36m</option>[39m
                [36m<option[39m
                  [33mvalue[39m=[32m"ativo"[39m
                [36m>[39m
                  [0mAtivo[0m
                [36m</option>[39m
                [36m<option[39m
                  [33mvalue[39m=[32m"inativo"[39m
                [36m>[39m
                  [0mInativo[0m
                [36m</option>[39m
              [36m</select>[39m
              [36m<div[39m
                [33mclass[39m=[32m"pointer-events-none absolute inset-y-0 right-0 flex items-center px-3 text-gray-700"[39m
              [36m>[39m
                [36m<svg[39m
                  [33maria-hidden[39m=[32m"true"[39m
                  [33mclass[39m=[32m"lucide lucide-chevron-down"[39m
                  [33mfill[39m=[32m"none"[39m
                  [33mheight[39m=[32m"20"[39m
                  [33mstroke[39m=[32m"currentColor"[39m
                  [33mstroke-linecap[39m=[32m"round"[39m
                  [33mstroke-linejoin[39m=[32m"round"[39m
                  [33mstroke-width[39m=[32m"2"[39m
                  [33mviewBox[39m=[32m"0 0 24 24"[39m
                  [33mwidth[39m=[32m"20"[39m
                  [33mxmlns[39m=[32m"http://www.w3.org/2000/svg"[39m
                [36m>[39m
                  [36m<path[39m
                    [33md[39m=[32m"m6 9 6 6 6-6"[39m
                  [36m/>[39m
                [36m</svg>[39m
              [36m</div>[39m
            [36m</div>[39m
          [36m</div>[39m
        [36m</div>[39m
        [36m<div[39m
          [33mclass[39m=[32m"bg-white rounded-lg shadow overflow-hidden"[39m
        [36m>[39m
          [36m<div[39m
            [33mclass[39m=[32m"h-96 flex flex-col items-center justify-center text-center text-gray-500 p-4"[39m
          [36m>[39m
            [36m<svg[39m
              [33maria-hidden[39m=[32m"true"[39m
              [33mclass[39m=[32m"lucide lucide-package mb-4"[39m
              [33mfill[39m=[32m"none"[39m
              [33mheight[39m=[32m"48"[39m
              [33mstroke[39m=[32m"currentColor"[39m
              [33mstroke-linecap[39m=[32m"round"[39m
              [33mstroke-linejoin[39m=[32m"round"[39m
              [33mstroke-width[39m=[32m"2"[39m
              [33mviewBox[39m=[32m"0 0 24 24"[39m
              [33mwidth[39m=[32m"48"[39m
              [33mxmlns[39m=[32m"http://www.w3.org/2000/svg"[39m
            [36m>[39m
              [36m<path[39m
                [33md[39m=[32m"M11 21.73a2 2 0 0 0 2 0l7-4A2 2 0 0 0 21 16V8a2 2 0 0 0-1-1.73l-7-4a2 2 0 0 0-2 0l-7 4A2 2 0 0 0 3 8v8a2 2 0 0 0 1 1.73z"[39m
              [36m/>[39m
              [36m<path[39m
                [33md[39m=[32m"M12 22V12"[39m
              [36m/>[39m
              [36m<polyline[39m
                [33mpoints[39m=[32m"3.29 7 12 12 20.71 7"[39m
              [36m/>[39m
              [36m<path[39m
                [33md[39m=[32m"m7.5 4.27 9 5.15"[39m
              [36m/>[39m
            [36m</svg>[39m
            [36m<p[39m
              [33mclass[39m=[32m"font-semibold text-lg"[39m
            [36m>[39m
              [0mNenhum produto encontrado.[0m
            [36m</p>[39m
            [36m<p[39m
              [33mclass[39m=[32m"text-sm mb-4"[39m
            [36m>[39m
              [0mComece cadastrando um novo produto ou popule com dados de exemplo.[0m
            [36m</p>[39m
            [36m<button[39m
              [33mclass[39m=[32m"mt-4 flex items-center gap-2 bg-blue-100 text-blue-700 font-bold py-2 px-4 rounded-lg hover:bg-blue-200 transition-colors disabled:opacity-50"[39m
            [36m>[39m
              [36m<svg[39m
                [33maria-hidden[39m=[32m"true"[39m
                [33mclass[39m=[32m"lucide lucide-database-backup"[39m
                [33mfill[39m=[32m"none"[39m
                [33mheight[39m=[32m"20"[39m
                [33mstroke[39m=[32m"currentColor"[39m
                [33mstroke-linecap[39m=[32m"round"[39m
                [33mstroke-linejoin[39m=[32m"round"[39m
                [33mstroke-width[39m=[32m"2"[39m
                [33mviewBox[39m=[32m"0 0 24 24"[39m
                [33mwidth[39m=[32m"20"[39m
                [33mxmlns[39m=[32m"http://www.w3.org/2000/svg"[39m
              [36m>[39m
                [36m<ellipse[39m
                  [33mcx[39m=[32m"12"[39m
                  [33mcy[39m=[32m"5"[39m
                  [33mrx[39m=[32m"9"[39m
                  [33mry[39m=[32m"3"[39m
                [36m/>[39m
                [36m<path[39m
                  [33md[39m=[32m"M3 12a9 3 0 0 0 5 2.69"[39m
                [36m/>[39m
                [36m<path[39m
                  [33md[39m=[32m"M21 9.3V5"[39m
                [36m/>[39m
                [36m<path[39m
                  [33md[39m=[32m"M3 5v14a9 3 0 0 0 6.47 2.88"[39m
                [36m/>[39m
                [36m<path[39m
                  [33md[39m=[32m"M12 12v4h4"[39m
                [36m/>[39m
                [36m<path[39m
                  [33md[39m=[32m"M13 20a5 5 0 0 0 9-3 4.5 4.5 0 0 0-4.5-4.5c-1.33 0-2.54.54-3.41 1.41L12 16"[39m
                [36m/>[39m
              [36m</svg>[39m
              [0mPopular com 10 produtos padrão[0m
            [36m</button>[39m
          [36m</div>[39m
        [36m</div>[39m
      [36m</div>[39m
      [36m<div[39m
        [33mclass[39m=[32m"fixed top-5 right-5 z-50 space-y-3"[39m
      [36m/>[39m
    [36m</div>[39m
  [36m</body>[39m
[36m</html>[39m
 ❯ Proxy.waitForWrapper node_modules/@testing-library/dom/dist/wait-for.js:163:27
 ❯ src/pages/products/ProductsPage.test.tsx:29:15
     27|         renderWithProviders(<ProductsPage />);
     28| 
     29|         await waitFor(() => {
       |               ^
     30|             expect(screen.getByText('Produto Teste 1')).toBeInTheDocum…
     31|         });

⎯⎯⎯⎯⎯⎯⎯⎯⎯⎯⎯⎯⎯⎯⎯⎯⎯⎯⎯⎯⎯⎯⎯⎯[2/2]⎯

 Test Files  1 failed (1)
      Tests  2 failed (2)
   Start at  17:52:35
   Duration  3.02s


 FAIL  Tests failed. Watching for file changes...
       press h to show help, press q to quit
       rerun x9
[2K[1A[2K[G[3Jc
 RERUN  src/test/mocks/handlers.ts x10

 ❯ src/pages/products/ProductsPage.test.tsx  (0 test)

⎯⎯⎯⎯⎯⎯ Failed Suites 1 ⎯⎯⎯⎯⎯⎯⎯

 FAIL  src/pages/products/ProductsPage.test.tsx [ src/pages/products/ProductsPage.test.tsx ]
Error: Transform failed with 1 error:
/Users/leandrofmarques/Downloads/revo_erp_prod_8yumh0_dualiteproject/src/test/mocks/handlers.ts:108:2: ERROR: Expected "]" but found "http"
 ❯ failureErrorWithLog node_modules/vitest/node_modules/esbuild/lib/main.js:1472:15
 ❯ node_modules/vitest/node_modules/esbuild/lib/main.js:755:50
 ❯ responseCallbacks.<computed> node_modules/vitest/node_modules/esbuild/lib/main.js:622:9
 ❯ handleIncomingPacket node_modules/vitest/node_modules/esbuild/lib/main.js:677:12
 ❯ Socket.readFromStdout node_modules/vitest/node_modules/esbuild/lib/main.js:600:7
 ❯ Socket.emit node:events:524:28

⎯⎯⎯⎯⎯⎯⎯⎯⎯⎯⎯⎯⎯⎯⎯⎯⎯⎯⎯⎯⎯⎯⎯⎯[1/1]⎯

 Test Files  1 failed (1)
      Tests  no tests
   Start at  17:53:36
   Duration  0ms


 FAIL  Tests failed. Watching for file changes...
       press h to show help, press q to quit
       rerun x10
[2K[1A[2K[G[3Jc
 RERUN  src/test/mocks/handlers.ts x11

 ❯ src/pages/products/ProductsPage.test.tsx  (0 test)

⎯⎯⎯⎯⎯⎯ Failed Suites 1 ⎯⎯⎯⎯⎯⎯⎯

 FAIL  src/pages/products/ProductsPage.test.tsx [ src/pages/products/ProductsPage.test.tsx ]
Error: Transform failed with 1 error:
/Users/leandrofmarques/Downloads/revo_erp_prod_8yumh0_dualiteproject/src/test/mocks/handlers.ts:7:15: ERROR: Expected ";" but found "$"
 ❯ failureErrorWithLog node_modules/vitest/node_modules/esbuild/lib/main.js:1472:15
 ❯ node_modules/vitest/node_modules/esbuild/lib/main.js:755:50
 ❯ responseCallbacks.<computed> node_modules/vitest/node_modules/esbuild/lib/main.js:622:9
 ❯ handleIncomingPacket node_modules/vitest/node_modules/esbuild/lib/main.js:677:12
 ❯ Socket.readFromStdout node_modules/vitest/node_modules/esbuild/lib/main.js:600:7
 ❯ Socket.emit node:events:524:28

⎯⎯⎯⎯⎯⎯⎯⎯⎯⎯⎯⎯⎯⎯⎯⎯⎯⎯⎯⎯⎯⎯⎯⎯[1/1]⎯

 Test Files  1 failed (1)
      Tests  no tests
   Start at  17:54:03
   Duration  0ms


 FAIL  Tests failed. Watching for file changes...
       press h to show help, press q to quit
       rerun x11
[2K[1A[2K[G[3Jc
 RERUN  src/test/mocks/handlers.ts x12

 ❯ src/pages/products/ProductsPage.test.tsx  (0 test)

⎯⎯⎯⎯⎯⎯ Failed Suites 1 ⎯⎯⎯⎯⎯⎯⎯

 FAIL  src/pages/products/ProductsPage.test.tsx [ src/pages/products/ProductsPage.test.tsx ]
Error: Transform failed with 1 error:
/Users/leandrofmarques/Downloads/revo_erp_prod_8yumh0_dualiteproject/src/test/mocks/handlers.ts:7:15: ERROR: Expected ";" but found "$"
 ❯ failureErrorWithLog node_modules/vitest/node_modules/esbuild/lib/main.js:1472:15
 ❯ node_modules/vitest/node_modules/esbuild/lib/main.js:755:50
 ❯ responseCallbacks.<computed> node_modules/vitest/node_modules/esbuild/lib/main.js:622:9
 ❯ handleIncomingPacket node_modules/vitest/node_modules/esbuild/lib/main.js:677:12
 ❯ Socket.readFromStdout node_modules/vitest/node_modules/esbuild/lib/main.js:600:7
 ❯ Socket.emit node:events:524:28

⎯⎯⎯⎯⎯⎯⎯⎯⎯⎯⎯⎯⎯⎯⎯⎯⎯⎯⎯⎯⎯⎯⎯⎯[1/1]⎯

 Test Files  1 failed (1)
      Tests  no tests
   Start at  17:54:13
   Duration  0ms


 FAIL  Tests failed. Watching for file changes...
       press h to show help, press q to quit
       rerun x12
[2K[1A[2K[G[3Jc
 RERUN  src/test/mocks/handlers.ts x13

 ❯ src/pages/products/ProductsPage.test.tsx  (0 test)

⎯⎯⎯⎯⎯⎯ Failed Suites 1 ⎯⎯⎯⎯⎯⎯⎯

 FAIL  src/pages/products/ProductsPage.test.tsx [ src/pages/products/ProductsPage.test.tsx ]
Error: Transform failed with 1 error:
/Users/leandrofmarques/Downloads/revo_erp_prod_8yumh0_dualiteproject/src/test/mocks/handlers.ts:115:0: ERROR: Unterminated string literal
 ❯ failureErrorWithLog node_modules/vitest/node_modules/esbuild/lib/main.js:1472:15
 ❯ node_modules/vitest/node_modules/esbuild/lib/main.js:755:50
 ❯ responseCallbacks.<computed> node_modules/vitest/node_modules/esbuild/lib/main.js:622:9
 ❯ handleIncomingPacket node_modules/vitest/node_modules/esbuild/lib/main.js:677:12
 ❯ Socket.readFromStdout node_modules/vitest/node_modules/esbuild/lib/main.js:600:7
 ❯ Socket.emit node:events:524:28

⎯⎯⎯⎯⎯⎯⎯⎯⎯⎯⎯⎯⎯⎯⎯⎯⎯⎯⎯⎯⎯⎯⎯⎯[1/1]⎯

 Test Files  1 failed (1)
      Tests  no tests
   Start at  17:54:33
   Duration  0ms


 FAIL  Tests failed. Watching for file changes...
       press h to show help, press q to quit
       rerun x13
[2K[1A[2K[G[3Jc
 RERUN  src/test/mocks/handlers.ts x14

stdout | Logger.info (/Users/leandrofmarques/Downloads/revo_erp_prod_8yumh0_dualiteproject/src/lib/logger.ts:24:21)
[INFO] [SUPABASE][CLIENT_INIT] {
  supabaseUrl: 'https://lrfwiaekipwkjkzvcnfd.supabase.co',
  anonKeyPrefix: 'eyJhbGci'
}

stdout | src/test/setup.ts:8:9
[SETUP] Initializing MSW server...

stdout | src/pages/products/ProductsPage.test.tsx
[SETUP] Starting MSW server...

stdout | src/pages/products/ProductsPage.test.tsx > ProductsPage Integration > renders the product list with data from MSW
[AUTH] Render {
  userId: null,
  loading: false,
  empresasCount: 0,
  activeEmpresaId: undefined
}
[AUTH] onAuthStateChange { event: 'SIGNED_IN', hasSession: true }
[AUTH] Render {
  userId: 'user-123',
  loading: true,
  empresasCount: 0,
  activeEmpresaId: undefined
}
[DEBUG] [QUERY][empresas] fetching list 
[DEBUG] [QUERY][active_empresa] fetching 
[INFO] [AUTH][LOGIN] start { email: 'exists' }
[AUTH] Render {
  userId: 'user-123',
  loading: true,
  empresasCount: 0,
  activeEmpresaId: undefined
}

stderr | src/pages/products/ProductsPage.test.tsx > ProductsPage Integration > renders the product list with data from MSW
⚠️ React Router Future Flag Warning: React Router will begin wrapping state updates in `React.startTransition` in v7. You can use the `v7_startTransition` future flag to opt-in early. For more information, see https://reactrouter.com/v6/upgrading/future#v7_starttransition.
⚠️ React Router Future Flag Warning: Relative route resolution within Splat routes is changing in v7. You can use the `v7_relativeSplatPath` future flag to opt-in early. For more information, see https://reactrouter.com/v6/upgrading/future#v7_relativesplatpath.

stdout | src/pages/products/ProductsPage.test.tsx > ProductsPage Integration > renders the product list with data from MSW
<empty line>
stderr | src/pages/products/ProductsPage.test.tsx > ProductsPage Integration > renders the product list with data from MSW
[WARN] [QUERY][active_empresa] error {
  code: 'PGRST301',
  details: null,
  hint: null,
  message: 'Expected 3 parts in JWT; got 1'
}

stdout | src/pages/products/ProductsPage.test.tsx > ProductsPage Integration > renders the product list with data from MSW
[AUTH] Render {
  userId: 'user-123',
  loading: true,
  empresasCount: 0,
  activeEmpresaId: null
}
[INFO] [MUTATION][bootstrap] start 
[AUTH] Render {
  userId: 'user-123',
  loading: false,
  empresasCount: 0,
  activeEmpresaId: null
}

stderr | src/pages/products/ProductsPage.test.tsx > ProductsPage Integration > renders the product list with data from MSW
[ERROR] [QUERY][empresas] list error {
  code: 'PGRST301',
  details: null,
  hint: null,
  message: 'Expected 3 parts in JWT; got 1'
} 

stdout | src/pages/products/ProductsPage.test.tsx > ProductsPage Integration > renders the product list with data from MSW
<empty line>
stderr | src/pages/products/ProductsPage.test.tsx > ProductsPage Integration > renders the product list with data from MSW
[ERROR] [MUTATION][bootstrap] error {
  code: 'PGRST301',
  details: null,
  hint: null,
  message: 'Expected 3 parts in JWT; got 1'
} 

stdout | src/pages/products/ProductsPage.test.tsx > ProductsPage Integration > filters products by search term
[AUTH] Render {
  userId: null,
  loading: false,
  empresasCount: 0,
  activeEmpresaId: undefined
}
[AUTH] onAuthStateChange { event: 'SIGNED_IN', hasSession: true }
[AUTH] Render {
  userId: 'user-123',
  loading: true,
  empresasCount: 0,
  activeEmpresaId: undefined
}
[DEBUG] [QUERY][empresas] fetching list 
[DEBUG] [QUERY][active_empresa] fetching 
[INFO] [AUTH][LOGIN] start { email: 'exists' }
[AUTH] Render {
  userId: 'user-123',
  loading: true,
  empresasCount: 0,
  activeEmpresaId: undefined
}

stdout | src/pages/products/ProductsPage.test.tsx > ProductsPage Integration > filters products by search term
<empty line>
stderr | src/pages/products/ProductsPage.test.tsx > ProductsPage Integration > filters products by search term
[ERROR] [QUERY][empresas] list error {
  code: 'PGRST301',
  details: null,
  hint: null,
  message: 'Expected 3 parts in JWT; got 1'
} 

stdout | src/pages/products/ProductsPage.test.tsx > ProductsPage Integration > filters products by search term
[AUTH] Render {
  userId: 'user-123',
  loading: true,
  empresasCount: 0,
  activeEmpresaId: undefined
}
[INFO] [MUTATION][bootstrap] start 
[AUTH] Render {
  userId: 'user-123',
  loading: false,
  empresasCount: 0,
  activeEmpresaId: null
}

stderr | src/pages/products/ProductsPage.test.tsx > ProductsPage Integration > filters products by search term
[WARN] [QUERY][active_empresa] error {
  code: 'PGRST301',
  details: null,
  hint: null,
  message: 'Expected 3 parts in JWT; got 1'
}

stdout | src/pages/products/ProductsPage.test.tsx > ProductsPage Integration > filters products by search term
<empty line>
stderr | src/pages/products/ProductsPage.test.tsx > ProductsPage Integration > filters products by search term
[ERROR] [MUTATION][bootstrap] error {
  code: 'PGRST301',
  details: null,
  hint: null,
  message: 'Expected 3 parts in JWT; got 1'
} 

stderr | src/pages/products/ProductsPage.test.tsx > ProductsPage Integration > filters products by search term
<empty line>
stdout | src/pages/products/ProductsPage.test.tsx > ProductsPage Integration > filters products by search term
[AUTH] Render {
  userId: 'user-123',
  loading: false,
  empresasCount: 0,
  activeEmpresaId: null
}

 ❯ src/pages/products/ProductsPage.test.tsx  (2 tests | 2 failed) 2380ms
   ❯ src/pages/products/ProductsPage.test.tsx > ProductsPage Integration > renders the product list with data from MSW
     → Unable to find an element with the text: Produto Teste 1. This could be because the text is broken up by multiple elements. In this case, you can provide a function for your text matcher to make your matcher more flexible.

Ignored nodes: comments, script, style
[36m<body>[39m
  [36m<div>[39m
    [36m<div[39m
      [33mclass[39m=[32m"p-1"[39m
    [36m>[39m
      [36m<div[39m
        [33mclass[39m=[32m"flex justify-between items-center mb-6"[39m
      [36m>[39m
        [36m<h1[39m
          [33mclass[39m=[32m"text-3xl font-bold text-gray-800"[39m
        [36m>[39m
          [0mProdutos[0m
        [36m</h1>[39m
        [36m<div[39m
          [33mclass[39m=[32m"flex items-center gap-2"[39m
        [36m>[39m
          [36m<button[39m
            [33mclass[39m=[32m"flex items-center gap-2 bg-gray-100 text-gray-700 font-semibold py-2 px-4 rounded-lg hover:bg-gray-200 transition-colors disabled:opacity-50"[39m
          [36m>[39m
            [36m<svg[39m
              [33maria-hidden[39m=[32m"true"[39m
              [33mclass[39m=[32m"lucide lucide-database-backup"[39m
              [33mfill[39m=[32m"none"[39m
              [33mheight[39m=[32m"20"[39m
              [33mstroke[39m=[32m"currentColor"[39m
              [33mstroke-linecap[39m=[32m"round"[39m
              [33mstroke-linejoin[39m=[32m"round"[39m
              [33mstroke-width[39m=[32m"2"[39m
              [33mviewBox[39m=[32m"0 0 24 24"[39m
              [33mwidth[39m=[32m"20"[39m
              [33mxmlns[39m=[32m"http://www.w3.org/2000/svg"[39m
            [36m>[39m
              [36m<ellipse[39m
                [33mcx[39m=[32m"12"[39m
                [33mcy[39m=[32m"5"[39m
                [33mrx[39m=[32m"9"[39m
                [33mry[39m=[32m"3"[39m
              [36m/>[39m
              [36m<path[39m
                [33md[39m=[32m"M3 12a9 3 0 0 0 5 2.69"[39m
              [36m/>[39m
              [36m<path[39m
                [33md[39m=[32m"M21 9.3V5"[39m
              [36m/>[39m
              [36m<path[39m
                [33md[39m=[32m"M3 5v14a9 3 0 0 0 6.47 2.88"[39m
              [36m/>[39m
              [36m<path[39m
                [33md[39m=[32m"M12 12v4h4"[39m
              [36m/>[39m
              [36m<path[39m
                [33md[39m=[32m"M13 20a5 5 0 0 0 9-3 4.5 4.5 0 0 0-4.5-4.5c-1.33 0-2.54.54-3.41 1.41L12 16"[39m
              [36m/>[39m
            [36m</svg>[39m
            [0mPopular Dados[0m
          [36m</button>[39m
          [36m<button[39m
            [33mclass[39m=[32m"flex items-center gap-2 bg-blue-600 text-white font-bold py-2 px-4 rounded-lg hover:bg-blue-700 transition-colors"[39m
          [36m>[39m
            [36m<svg[39m
              [33maria-hidden[39m=[32m"true"[39m
              [33mclass[39m=[32m"lucide lucide-circle-plus"[39m
              [33mfill[39m=[32m"none"[39m
              [33mheight[39m=[32m"20"[39m
              [33mstroke[39m=[32m"currentColor"[39m
              [33mstroke-linecap[39m=[32m"round"[39m
              [33mstroke-linejoin[39m=[32m"round"[39m
              [33mstroke-width[39m=[32m"2"[39m
              [33mviewBox[39m=[32m"0 0 24 24"[39m
              [33mwidth[39m=[32m"20"[39m
              [33mxmlns[39m=[32m"http://www.w3.org/2000/svg"[39m
            [36m>[39m
              [36m<circle[39m
                [33mcx[39m=[32m"12"[39m
                [33mcy[39m=[32m"12"[39m
                [33mr[39m=[32m"10"[39m
              [36m/>[39m
              [36m<path[39m
                [33md[39m=[32m"M8 12h8"[39m
              [36m/>[39m
              [36m<path[39m
                [33md[39m=[32m"M12 8v8"[39m
              [36m/>[39m
            [36m</svg>[39m
            [0mNovo Produto[0m
          [36m</button>[39m
        [36m</div>[39m
      [36m</div>[39m
      [36m<div[39m
        [33mclass[39m=[32m"mb-4 flex gap-4"[39m
      [36m>[39m
        [36m<div[39m
          [33mclass[39m=[32m"relative"[39m
        [36m>[39m
          [36m<svg[39m
            [33maria-hidden[39m=[32m"true"[39m
            [33mclass[39m=[32m"lucide lucide-search absolute left-3 top-1/2 -translate-y-1/2 text-gray-400"[39m
            [33mfill[39m=[32m"none"[39m
            [33mheight[39m=[32m"20"[39m
            [33mstroke[39m=[32m"currentColor"[39m
            [33mstroke-linecap[39m=[32m"round"[39m
            [33mstroke-linejoin[39m=[32m"round"[39m
            [33mstroke-width[39m=[32m"2"[39m
            [33mviewBox[39m=[32m"0 0 24 24"[39m
            [33mwidth[39m=[32m"20"[39m
            [33mxmlns[39m=[32m"http://www.w3.org/2000/svg"[39m
          [36m>[39m
            [36m<path[39m
              [33md[39m=[32m"m21 21-4.34-4.34"[39m
            [36m/>[39m
            [36m<circle[39m
              [33mcx[39m=[32m"11"[39m
              [33mcy[39m=[32m"11"[39m
              [33mr[39m=[32m"8"[39m
            [36m/>[39m
          [36m</svg>[39m
          [36m<input[39m
            [33mclass[39m=[32m"w-full max-w-sm p-3 pl-10 border border-gray-300 rounded-lg"[39m
            [33mplaceholder[39m=[32m"Buscar por nome ou SKU..."[39m
            [33mtype[39m=[32m"text"[39m
            [33mvalue[39m=[32m""[39m
          [36m/>[39m
        [36m</div>[39m
        [36m<div[39m
          [33mclass[39m=[32m"min-w-[200px]"[39m
        [36m>[39m
          [36m<div[39m
            [33mclass[39m=[32m"relative"[39m
          [36m>[39m
            [36m<select[39m
              [33mclass[39m=[32m"w-full p-3 pr-10 bg-white/80 border border-gray-300 rounded-lg focus:ring-2 focus:ring-blue-500 focus:border-blue-500 transition shadow-sm appearance-none"[39m
            [36m>[39m
              [36m<option[39m
                [33mvalue[39m=[32m""[39m
              [36m>[39m
                [0mTodos os status[0m
              [36m</option>[39m
              [36m<option[39m
                [33mvalue[39m=[32m"ativo"[39m
              [36m>[39m
                [0mAtivo[0m
              [36m</option>[39m
              [36m<option[39m
                [33mvalue[39m=[32m"inativo"[39m
              [36m>[39m
                [0mInativo[0m
              [36m</option>[39m
            [36m</select>[39m
            [36m<div[39m
              [33mclass[39m=[32m"pointer-events-none absolute inset-y-0 right-0 flex items-center px-3 text-gray-700"[39m
            [36m>[39m
              [36m<svg[39m
                [33maria-hidden[39m=[32m"true"[39m
                [33mclass[39m=[32m"lucide lucide-chevron-down"[39m
                [33mfill[39m=[32m"none"[39m
                [33mheight[39m=[32m"20"[39m
                [33mstroke[39m=[32m"currentColor"[39m
                [33mstroke-linecap[39m=[32m"round"[39m
                [33mstroke-linejoin[39m=[32m"round"[39m
                [33mstroke-width[39m=[32m"2"[39m
                [33mviewBox[39m=[32m"0 0 24 24"[39m
                [33mwidth[39m=[32m"20"[39m
                [33mxmlns[39m=[32m"http://www.w3.org/2000/svg"[39m
              [36m>[39m
                [36m<path[39m
                  [33md[39m=[32m"m6 9 6 6 6-6"[39m
                [36m/>[39m
              [36m</svg>[39m
            [36m</div>[39m
          [36m</div>[39m
        [36m</div>[39m
      [36m</div>[39m
      [36m<div[39m
        [33mclass[39m=[32m"bg-white rounded-lg shadow overflow-hidden"[39m
      [36m>[39m
        [36m<div[39m
          [33mclass[39m=[32m"h-96 flex flex-col items-center justify-center text-center text-gray-500 p-4"[39m
        [36m>[39m
          [36m<svg[39m
            [33maria-hidden[39m=[32m"true"[39m
            [33mclass[39m=[32m"lucide lucide-package mb-4"[39m
            [33mfill[39m=[32m"none"[39m
            [33mheight[39m=[32m"48"[39m
            [33mstroke[39m=[32m"currentColor"[39m
            [33mstroke-linecap[39m=[32m"round"[39m
            [33mstroke-linejoin[39m=[32m"round"[39m
            [33mstroke-width[39m=[32m"2"[39m
            [33mviewBox[39m=[32m"0 0 24 24"[39m
            [33mwidth[39m=[32m"48"[39m
            [33mxmlns[39m=[32m"http://www.w3.org/2000/svg"[39m
          [36m>[39m
            [36m<path[39m
              [33md[39m=[32m"M11 21.73a2 2 0 0 0 2 0l7-4A2 2 0 0 0 21 16V8a2 2 0 0 0-1-1.73l-7-4a2 2 0 0 0-2 0l-7 4A2 2 0 0 0 3 8v8a2 2 0 0 0 1 1.73z"[39m
            [36m/>[39m
            [36m<path[39m
              [33md[39m=[32m"M12 22V12"[39m
            [36m/>[39m
            [36m<polyline[39m
              [33mpoints[39m=[32m"3.29 7 12 12 20.71 7"[39m
            [36m/>[39m
            [36m<path[39m
              [33md[39m=[32m"m7.5 4.27 9 5.15"[39m
            [36m/>[39m
          [36m</svg>[39m
          [36m<p[39m
            [33mclass[39m=[32m"font-semibold text-lg"[39m
          [36m>[39m
            [0mNenhum produto encontrado.[0m
          [36m</p>[39m
          [36m<p[39m
            [33mclass[39m=[32m"text-sm mb-4"[39m
          [36m>[39m
            [0mComece cadastrando um novo produto ou popule com dados de exemplo.[0m
          [36m</p>[39m
          [36m<button[39m
            [33mclass[39m=[32m"mt-4 flex items-center gap-2 bg-blue-100 text-blue-700 font-bold py-2 px-4 rounded-lg hover:bg-blue-200 transition-colors disabled:opacity-50"[39m
          [36m>[39m
            [36m<svg[39m
              [33maria-hidden[39m=[32m"true"[39m
              [33mclass[39m=[32m"lucide lucide-database-backup"[39m
              [33mfill[39m=[32m"none"[39m
              [33mheight[39m=[32m"20"[39m
              [33mstroke[39m=[32m"currentColor"[39m
              [33mstroke-linecap[39m=[32m"round"[39m
              [33mstroke-linejoin[39m=[32m"round"[39m
              [33mstroke-width[39m=[32m"2"[39m
              [33mviewBox[39m=[32m"0 0 24 24"[39m
              [33mwidth[39m=[32m"20"[39m
              [33mxmlns[39m=[32m"http://www.w3.org/2000/svg"[39m
            [36m>[39m
              [36m<ellipse[39m
                [33mcx[39m=[32m"12"[39m
                [33mcy[39m=[32m"5"[39m
                [33mrx[39m=[32m"9"[39m
                [33mry[39m=[32m"3"[39m
              [36m/>[39m
              [36m<path[39m
                [33md[39m=[32m"M3 12a9 3 0 0 0 5 2.69"[39m
              [36m/>[39m
              [36m<path[39m
                [33md[39m=[32m"M21 9.3V5"[39m
              [36m/>[39m
              [36m<path[39m
                [33md[39m=[32m"M3 5v14a9 3 0 0 0 6.47 2.88"[39m
              [36m/>[39m
              [36m<path[39m
                [33md[39m=[32m"M12 12v4h4"[39m
              [36m/>[39m
              [36m<path[39m
                [33md[39m=[32m"M13 20a5 5 0 0 0 9-3 4.5 4.5 0 0 0-4.5-4.5c-1.33 0-2.54.54-3.41 1.41L12 16"[39m
              [36m/>[39m
            [36m</svg>[39m
            [0mPopular com 10 produtos padrão[0m
          [36m</button>[39m
        [36m</div>[39m
      [36m</div>[39m
    [36m</div>[39m
    [36m<div[39m
      [33mclass[39m=[32m"fixed top-5 right-5 z-50 space-y-3"[39m
    [36m/>[39m
  [36m</div>[39m
[36m</body>[39m

Ignored nodes: comments, script, style
[36m<html>[39m
  [36m<head />[39m
  [36m<body>[39m
    [36m<div>[39m
      [36m<div[39m
        [33mclass[39m=[32m"p-1"[39m
      [36m>[39m
        [36m<div[39m
          [33mclass[39m=[32m"flex justify-between items-center mb-6"[39m
        [36m>[39m
          [36m<h1[39m
            [33mclass[39m=[32m"text-3xl font-bold text-gray-800"[39m
          [36m>[39m
            [0mProdutos[0m
          [36m</h1>[39m
          [36m<div[39m
            [33mclass[39m=[32m"flex items-center gap-2"[39m
          [36m>[39m
            [36m<button[39m
              [33mclass[39m=[32m"flex items-center gap-2 bg-gray-100 text-gray-700 font-semibold py-2 px-4 rounded-lg hover:bg-gray-200 transition-colors disabled:opacity-50"[39m
            [36m>[39m
              [36m<svg[39m
                [33maria-hidden[39m=[32m"true"[39m
                [33mclass[39m=[32m"lucide lucide-database-backup"[39m
                [33mfill[39m=[32m"none"[39m
                [33mheight[39m=[32m"20"[39m
                [33mstroke[39m=[32m"currentColor"[39m
                [33mstroke-linecap[39m=[32m"round"[39m
                [33mstroke-linejoin[39m=[32m"round"[39m
                [33mstroke-width[39m=[32m"2"[39m
                [33mviewBox[39m=[32m"0 0 24 24"[39m
                [33mwidth[39m=[32m"20"[39m
                [33mxmlns[39m=[32m"http://www.w3.org/2000/svg"[39m
              [36m>[39m
                [36m<ellipse[39m
                  [33mcx[39m=[32m"12"[39m
                  [33mcy[39m=[32m"5"[39m
                  [33mrx[39m=[32m"9"[39m
                  [33mry[39m=[32m"3"[39m
                [36m/>[39m
                [36m<path[39m
                  [33md[39m=[32m"M3 12a9 3 0 0 0 5 2.69"[39m
                [36m/>[39m
                [36m<path[39m
                  [33md[39m=[32m"M21 9.3V5"[39m
                [36m/>[39m
                [36m<path[39m
                  [33md[39m=[32m"M3 5v14a9 3 0 0 0 6.47 2.88"[39m
                [36m/>[39m
                [36m<path[39m
                  [33md[39m=[32m"M12 12v4h4"[39m
                [36m/>[39m
                [36m<path[39m
                  [33md[39m=[32m"M13 20a5 5 0 0 0 9-3 4.5 4.5 0 0 0-4.5-4.5c-1.33 0-2.54.54-3.41 1.41L12 16"[39m
                [36m/>[39m
              [36m</svg>[39m
              [0mPopular Dados[0m
            [36m</button>[39m
            [36m<button[39m
              [33mclass[39m=[32m"flex items-center gap-2 bg-blue-600 text-white font-bold py-2 px-4 rounded-lg hover:bg-blue-700 transition-colors"[39m
            [36m>[39m
              [36m<svg[39m
                [33maria-hidden[39m=[32m"true"[39m
                [33mclass[39m=[32m"lucide lucide-circle-plus"[39m
                [33mfill[39m=[32m"none"[39m
                [33mheight[39m=[32m"20"[39m
                [33mstroke[39m=[32m"currentColor"[39m
                [33mstroke-linecap[39m=[32m"round"[39m
                [33mstroke-linejoin[39m=[32m"round"[39m
                [33mstroke-width[39m=[32m"2"[39m
                [33mviewBox[39m=[32m"0 0 24 24"[39m
                [33mwidth[39m=[32m"20"[39m
                [33mxmlns[39m=[32m"http://www.w3.org/2000/svg"[39m
              [36m>[39m
                [36m<circle[39m
                  [33mcx[39m=[32m"12"[39m
                  [33mcy[39m=[32m"12"[39m
                  [33mr[39m=[32m"10"[39m
                [36m/>[39m
                [36m<path[39m
                  [33md[39m=[32m"M8 12h8"[39m
                [36m/>[39m
                [36m<path[39m
                  [33md[39m=[32m"M12 8v8"[39m
                [36m/>[39m
              [36m</svg>[39m
              [0mNovo Produto[0m
            [36m</button>[39m
          [36m</div>[39m
        [36m</div>[39m
        [36m<div[39m
          [33mclass[39m=[32m"mb-4 flex gap-4"[39m
        [36m>[39m
          [36m<div[39m
            [33mclass[39m=[32m"relative"[39m
          [36m>[39m
            [36m<svg[39m
              [33maria-hidden[39m=[32m"true"[39m
              [33mclass[39m=[32m"lucide lucide-search absolute left-3 top-1/2 -translate-y-1/2 text-gray-400"[39m
              [33mfill[39m=[32m"none"[39m
              [33mheight[39m=[32m"20"[39m
              [33mstroke[39m=[32m"currentColor"[39m
              [33mstroke-linecap[39m=[32m"round"[39m
              [33mstroke-linejoin[39m=[32m"round"[39m
              [33mstroke-width[39m=[32m"2"[39m
              [33mviewBox[39m=[32m"0 0 24 24"[39m
              [33mwidth[39m=[32m"20"[39m
              [33mxmlns[39m=[32m"http://www.w3.org/2000/svg"[39m
            [36m>[39m
              [36m<path[39m
                [33md[39m=[32m"m21 21-4.34-4.34"[39m
              [36m/>[39m
              [36m<circle[39m
                [33mcx[39m=[32m"11"[39m
                [33mcy[39m=[32m"11"[39m
                [33mr[39m=[32m"8"[39m
              [36m/>[39m
            [36m</svg>[39m
            [36m<input[39m
              [33mclass[39m=[32m"w-full max-w-sm p-3 pl-10 border border-gray-300 rounded-lg"[39m
              [33mplaceholder[39m=[32m"Buscar por nome ou SKU..."[39m
              [33mtype[39m=[32m"text"[39m
              [33mvalue[39m=[32m""[39m
            [36m/>[39m
          [36m</div>[39m
          [36m<div[39m
            [33mclass[39m=[32m"min-w-[200px]"[39m
          [36m>[39m
            [36m<div[39m
              [33mclass[39m=[32m"relative"[39m
            [36m>[39m
              [36m<select[39m
                [33mclass[39m=[32m"w-full p-3 pr-10 bg-white/80 border border-gray-300 rounded-lg focus:ring-2 focus:ring-blue-500 focus:border-blue-500 transition shadow-sm appearance-none"[39m
              [36m>[39m
                [36m<option[39m
                  [33mvalue[39m=[32m""[39m
                [36m>[39m
                  [0mTodos os status[0m
                [36m</option>[39m
                [36m<option[39m
                  [33mvalue[39m=[32m"ativo"[39m
                [36m>[39m
                  [0mAtivo[0m
                [36m</option>[39m
                [36m<option[39m
                  [33mvalue[39m=[32m"inativo"[39m
                [36m>[39m
                  [0mInativo[0m
                [36m</option>[39m
              [36m</select>[39m
              [36m<div[39m
                [33mclass[39m=[32m"pointer-events-none absolute inset-y-0 right-0 flex items-center px-3 text-gray-700"[39m
              [36m>[39m
                [36m<svg[39m
                  [33maria-hidden[39m=[32m"true"[39m
                  [33mclass[39m=[32m"lucide lucide-chevron-down"[39m
                  [33mfill[39m=[32m"none"[39m
                  [33mheight[39m=[32m"20"[39m
                  [33mstroke[39m=[32m"currentColor"[39m
                  [33mstroke-linecap[39m=[32m"round"[39m
                  [33mstroke-linejoin[39m=[32m"round"[39m
                  [33mstroke-width[39m=[32m"2"[39m
                  [33mviewBox[39m=[32m"0 0 24 24"[39m
                  [33mwidth[39m=[32m"20"[39m
                  [33mxmlns[39m=[32m"http://www.w3.org/2000/svg"[39m
                [36m>[39m
                  [36m<path[39m
                    [33md[39m=[32m"m6 9 6 6 6-6"[39m
                  [36m/>[39m
                [36m</svg>[39m
              [36m</div>[39m
            [36m</div>[39m
          [36m</div>[39m
        [36m</div>[39m
        [36m<div[39m
          [33mclass[39m=[32m"bg-white rounded-lg shadow overflow-hidden"[39m
        [36m>[39m
          [36m<div[39m
            [33mclass[39m=[32m"h-96 flex flex-col items-center justify-center text-center text-gray-500 p-4"[39m
          [36m>[39m
            [36m<svg[39m
              [33maria-hidden[39m=[32m"true"[39m
              [33mclass[39m=[32m"lucide lucide-package mb-4"[39m
              [33mfill[39m=[32m"none"[39m
              [33mheight[39m=[32m"48"[39m
              [33mstroke[39m=[32m"currentColor"[39m
              [33mstroke-linecap[39m=[32m"round"[39m
              [33mstroke-linejoin[39m=[32m"round"[39m
              [33mstroke-width[39m=[32m"2"[39m
              [33mviewBox[39m=[32m"0 0 24 24"[39m
              [33mwidth[39m=[32m"48"[39m
              [33mxmlns[39m=[32m"http://www.w3.org/2000/svg"[39m
            [36m>[39m
              [36m<path[39m
                [33md[39m=[32m"M11 21.73a2 2 0 0 0 2 0l7-4A2 2 0 0 0 21 16V8a2 2 0 0 0-1-1.73l-7-4a2 2 0 0 0-2 0l-7 4A2 2 0 0 0 3 8v8a2 2 0 0 0 1 1.73z"[39m
              [36m/>[39m
              [36m<path[39m
                [33md[39m=[32m"M12 22V12"[39m
              [36m/>[39m
              [36m<polyline[39m
                [33mpoints[39m=[32m"3.29 7 12 12 20.71 7"[39m
              [36m/>[39m
              [36m<path[39m
                [33md[39m=[32m"m7.5 4.27 9 5.15"[39m
              [36m/>[39m
            [36m</svg>[39m
            [36m<p[39m
              [33mclass[39m=[32m"font-semibold text-lg"[39m
            [36m>[39m
              [0mNenhum produto encontrado.[0m
            [36m</p>[39m
            [36m<p[39m
              [33mclass[39m=[32m"text-sm mb-4"[39m
            [36m>[39m
              [0mComece cadastrando um novo produto ou popule com dados de exemplo.[0m
            [36m</p>[39m
            [36m<button[39m
              [33mclass[39m=[32m"mt-4 flex items-center gap-2 bg-blue-100 text-blue-700 font-bold py-2 px-4 rounded-lg hover:bg-blue-200 transition-colors disabled:opacity-50"[39m
            [36m>[39m
              [36m<svg[39m
                [33maria-hidden[39m=[32m"true"[39m
                [33mclass[39m=[32m"lucide lucide-database-backup"[39m
                [33mfill[39m=[32m"none"[39m
                [33mheight[39m=[32m"20"[39m
                [33mstroke[39m=[32m"currentColor"[39m
                [33mstroke-linecap[39m=[32m"round"[39m
                [33mstroke-linejoin[39m=[32m"round"[39m
                [33mstroke-width[39m=[32m"2"[39m
                [33mviewBox[39m=[32m"0 0 24 24"[39m
                [33mwidth[39m=[32m"20"[39m
                [33mxmlns[39m=[32m"http://www.w3.org/2000/svg"[39m
              [36m>[39m
                [36m<ellipse[39m
                  [33mcx[39m=[32m"12"[39m
                  [33mcy[39m=[32m"5"[39m
                  [33mrx[39m=[32m"9"[39m
                  [33mry[39m=[32m"3"[39m
                [36m/>[39m
                [36m<path[39m
                  [33md[39m=[32m"M3 12a9 3 0 0 0 5 2.69"[39m
                [36m/>[39m
                [36m<path[39m
                  [33md[39m=[32m"M21 9.3V5"[39m
                [36m/>[39m
                [36m<path[39m
                  [33md[39m=[32m"M3 5v14a9 3 0 0 0 6.47 2.88"[39m
                [36m/>[39m
                [36m<path[39m
                  [33md[39m=[32m"M12 12v4h4"[39m
                [36m/>[39m
                [36m<path[39m
                  [33md[39m=[32m"M13 20a5 5 0 0 0 9-3 4.5 4.5 0 0 0-4.5-4.5c-1.33 0-2.54.54-3.41 1.41L12 16"[39m
                [36m/>[39m
              [36m</svg>[39m
              [0mPopular com 10 produtos padrão[0m
            [36m</button>[39m
          [36m</div>[39m
        [36m</div>[39m
      [36m</div>[39m
      [36m<div[39m
        [33mclass[39m=[32m"fixed top-5 right-5 z-50 space-y-3"[39m
      [36m/>[39m
    [36m</div>[39m
  [36m</body>[39m
[36m</html>[39m
   ❯ src/pages/products/ProductsPage.test.tsx > ProductsPage Integration > filters products by search term
     → Unable to find an element with the text: Produto Teste 1. This could be because the text is broken up by multiple elements. In this case, you can provide a function for your text matcher to make your matcher more flexible.

Ignored nodes: comments, script, style
[36m<body>[39m
  [36m<div>[39m
    [36m<div[39m
      [33mclass[39m=[32m"p-1"[39m
    [36m>[39m
      [36m<div[39m
        [33mclass[39m=[32m"flex justify-between items-center mb-6"[39m
      [36m>[39m
        [36m<h1[39m
          [33mclass[39m=[32m"text-3xl font-bold text-gray-800"[39m
        [36m>[39m
          [0mProdutos[0m
        [36m</h1>[39m
        [36m<div[39m
          [33mclass[39m=[32m"flex items-center gap-2"[39m
        [36m>[39m
          [36m<button[39m
            [33mclass[39m=[32m"flex items-center gap-2 bg-gray-100 text-gray-700 font-semibold py-2 px-4 rounded-lg hover:bg-gray-200 transition-colors disabled:opacity-50"[39m
          [36m>[39m
            [36m<svg[39m
              [33maria-hidden[39m=[32m"true"[39m
              [33mclass[39m=[32m"lucide lucide-database-backup"[39m
              [33mfill[39m=[32m"none"[39m
              [33mheight[39m=[32m"20"[39m
              [33mstroke[39m=[32m"currentColor"[39m
              [33mstroke-linecap[39m=[32m"round"[39m
              [33mstroke-linejoin[39m=[32m"round"[39m
              [33mstroke-width[39m=[32m"2"[39m
              [33mviewBox[39m=[32m"0 0 24 24"[39m
              [33mwidth[39m=[32m"20"[39m
              [33mxmlns[39m=[32m"http://www.w3.org/2000/svg"[39m
            [36m>[39m
              [36m<ellipse[39m
                [33mcx[39m=[32m"12"[39m
                [33mcy[39m=[32m"5"[39m
                [33mrx[39m=[32m"9"[39m
                [33mry[39m=[32m"3"[39m
              [36m/>[39m
              [36m<path[39m
                [33md[39m=[32m"M3 12a9 3 0 0 0 5 2.69"[39m
              [36m/>[39m
              [36m<path[39m
                [33md[39m=[32m"M21 9.3V5"[39m
              [36m/>[39m
              [36m<path[39m
                [33md[39m=[32m"M3 5v14a9 3 0 0 0 6.47 2.88"[39m
              [36m/>[39m
              [36m<path[39m
                [33md[39m=[32m"M12 12v4h4"[39m
              [36m/>[39m
              [36m<path[39m
                [33md[39m=[32m"M13 20a5 5 0 0 0 9-3 4.5 4.5 0 0 0-4.5-4.5c-1.33 0-2.54.54-3.41 1.41L12 16"[39m
              [36m/>[39m
            [36m</svg>[39m
            [0mPopular Dados[0m
          [36m</button>[39m
          [36m<button[39m
            [33mclass[39m=[32m"flex items-center gap-2 bg-blue-600 text-white font-bold py-2 px-4 rounded-lg hover:bg-blue-700 transition-colors"[39m
          [36m>[39m
            [36m<svg[39m
              [33maria-hidden[39m=[32m"true"[39m
              [33mclass[39m=[32m"lucide lucide-circle-plus"[39m
              [33mfill[39m=[32m"none"[39m
              [33mheight[39m=[32m"20"[39m
              [33mstroke[39m=[32m"currentColor"[39m
              [33mstroke-linecap[39m=[32m"round"[39m
              [33mstroke-linejoin[39m=[32m"round"[39m
              [33mstroke-width[39m=[32m"2"[39m
              [33mviewBox[39m=[32m"0 0 24 24"[39m
              [33mwidth[39m=[32m"20"[39m
              [33mxmlns[39m=[32m"http://www.w3.org/2000/svg"[39m
            [36m>[39m
              [36m<circle[39m
                [33mcx[39m=[32m"12"[39m
                [33mcy[39m=[32m"12"[39m
                [33mr[39m=[32m"10"[39m
              [36m/>[39m
              [36m<path[39m
                [33md[39m=[32m"M8 12h8"[39m
              [36m/>[39m
              [36m<path[39m
                [33md[39m=[32m"M12 8v8"[39m
              [36m/>[39m
            [36m</svg>[39m
            [0mNovo Produto[0m
          [36m</button>[39m
        [36m</div>[39m
      [36m</div>[39m
      [36m<div[39m
        [33mclass[39m=[32m"mb-4 flex gap-4"[39m
      [36m>[39m
        [36m<div[39m
          [33mclass[39m=[32m"relative"[39m
        [36m>[39m
          [36m<svg[39m
            [33maria-hidden[39m=[32m"true"[39m
            [33mclass[39m=[32m"lucide lucide-search absolute left-3 top-1/2 -translate-y-1/2 text-gray-400"[39m
            [33mfill[39m=[32m"none"[39m
            [33mheight[39m=[32m"20"[39m
            [33mstroke[39m=[32m"currentColor"[39m
            [33mstroke-linecap[39m=[32m"round"[39m
            [33mstroke-linejoin[39m=[32m"round"[39m
            [33mstroke-width[39m=[32m"2"[39m
            [33mviewBox[39m=[32m"0 0 24 24"[39m
            [33mwidth[39m=[32m"20"[39m
            [33mxmlns[39m=[32m"http://www.w3.org/2000/svg"[39m
          [36m>[39m
            [36m<path[39m
              [33md[39m=[32m"m21 21-4.34-4.34"[39m
            [36m/>[39m
            [36m<circle[39m
              [33mcx[39m=[32m"11"[39m
              [33mcy[39m=[32m"11"[39m
              [33mr[39m=[32m"8"[39m
            [36m/>[39m
          [36m</svg>[39m
          [36m<input[39m
            [33mclass[39m=[32m"w-full max-w-sm p-3 pl-10 border border-gray-300 rounded-lg"[39m
            [33mplaceholder[39m=[32m"Buscar por nome ou SKU..."[39m
            [33mtype[39m=[32m"text"[39m
            [33mvalue[39m=[32m""[39m
          [36m/>[39m
        [36m</div>[39m
        [36m<div[39m
          [33mclass[39m=[32m"min-w-[200px]"[39m
        [36m>[39m
          [36m<div[39m
            [33mclass[39m=[32m"relative"[39m
          [36m>[39m
            [36m<select[39m
              [33mclass[39m=[32m"w-full p-3 pr-10 bg-white/80 border border-gray-300 rounded-lg focus:ring-2 focus:ring-blue-500 focus:border-blue-500 transition shadow-sm appearance-none"[39m
            [36m>[39m
              [36m<option[39m
                [33mvalue[39m=[32m""[39m
              [36m>[39m
                [0mTodos os status[0m
              [36m</option>[39m
              [36m<option[39m
                [33mvalue[39m=[32m"ativo"[39m
              [36m>[39m
                [0mAtivo[0m
              [36m</option>[39m
              [36m<option[39m
                [33mvalue[39m=[32m"inativo"[39m
              [36m>[39m
                [0mInativo[0m
              [36m</option>[39m
            [36m</select>[39m
            [36m<div[39m
              [33mclass[39m=[32m"pointer-events-none absolute inset-y-0 right-0 flex items-center px-3 text-gray-700"[39m
            [36m>[39m
              [36m<svg[39m
                [33maria-hidden[39m=[32m"true"[39m
                [33mclass[39m=[32m"lucide lucide-chevron-down"[39m
                [33mfill[39m=[32m"none"[39m
                [33mheight[39m=[32m"20"[39m
                [33mstroke[39m=[32m"currentColor"[39m
                [33mstroke-linecap[39m=[32m"round"[39m
                [33mstroke-linejoin[39m=[32m"round"[39m
                [33mstroke-width[39m=[32m"2"[39m
                [33mviewBox[39m=[32m"0 0 24 24"[39m
                [33mwidth[39m=[32m"20"[39m
                [33mxmlns[39m=[32m"http://www.w3.org/2000/svg"[39m
              [36m>[39m
                [36m<path[39m
                  [33md[39m=[32m"m6 9 6 6 6-6"[39m
                [36m/>[39m
              [36m</svg>[39m
            [36m</div>[39m
          [36m</div>[39m
        [36m</div>[39m
      [36m</div>[39m
      [36m<div[39m
        [33mclass[39m=[32m"bg-white rounded-lg shadow overflow-hidden"[39m
      [36m>[39m
        [36m<div[39m
          [33mclass[39m=[32m"h-96 flex flex-col items-center justify-center text-center text-gray-500 p-4"[39m
        [36m>[39m
          [36m<svg[39m
            [33maria-hidden[39m=[32m"true"[39m
            [33mclass[39m=[32m"lucide lucide-package mb-4"[39m
            [33mfill[39m=[32m"none"[39m
            [33mheight[39m=[32m"48"[39m
            [33mstroke[39m=[32m"currentColor"[39m
            [33mstroke-linecap[39m=[32m"round"[39m
            [33mstroke-linejoin[39m=[32m"round"[39m
            [33mstroke-width[39m=[32m"2"[39m
            [33mviewBox[39m=[32m"0 0 24 24"[39m
            [33mwidth[39m=[32m"48"[39m
            [33mxmlns[39m=[32m"http://www.w3.org/2000/svg"[39m
          [36m>[39m
            [36m<path[39m
              [33md[39m=[32m"M11 21.73a2 2 0 0 0 2 0l7-4A2 2 0 0 0 21 16V8a2 2 0 0 0-1-1.73l-7-4a2 2 0 0 0-2 0l-7 4A2 2 0 0 0 3 8v8a2 2 0 0 0 1 1.73z"[39m
            [36m/>[39m
            [36m<path[39m
              [33md[39m=[32m"M12 22V12"[39m
            [36m/>[39m
            [36m<polyline[39m
              [33mpoints[39m=[32m"3.29 7 12 12 20.71 7"[39m
            [36m/>[39m
            [36m<path[39m
              [33md[39m=[32m"m7.5 4.27 9 5.15"[39m
            [36m/>[39m
          [36m</svg>[39m
          [36m<p[39m
            [33mclass[39m=[32m"font-semibold text-lg"[39m
          [36m>[39m
            [0mNenhum produto encontrado.[0m
          [36m</p>[39m
          [36m<p[39m
            [33mclass[39m=[32m"text-sm mb-4"[39m
          [36m>[39m
            [0mComece cadastrando um novo produto ou popule com dados de exemplo.[0m
          [36m</p>[39m
          [36m<button[39m
            [33mclass[39m=[32m"mt-4 flex items-center gap-2 bg-blue-100 text-blue-700 font-bold py-2 px-4 rounded-lg hover:bg-blue-200 transition-colors disabled:opacity-50"[39m
          [36m>[39m
            [36m<svg[39m
              [33maria-hidden[39m=[32m"true"[39m
              [33mclass[39m=[32m"lucide lucide-database-backup"[39m
              [33mfill[39m=[32m"none"[39m
              [33mheight[39m=[32m"20"[39m
              [33mstroke[39m=[32m"currentColor"[39m
              [33mstroke-linecap[39m=[32m"round"[39m
              [33mstroke-linejoin[39m=[32m"round"[39m
              [33mstroke-width[39m=[32m"2"[39m
              [33mviewBox[39m=[32m"0 0 24 24"[39m
              [33mwidth[39m=[32m"20"[39m
              [33mxmlns[39m=[32m"http://www.w3.org/2000/svg"[39m
            [36m>[39m
              [36m<ellipse[39m
                [33mcx[39m=[32m"12"[39m
                [33mcy[39m=[32m"5"[39m
                [33mrx[39m=[32m"9"[39m
                [33mry[39m=[32m"3"[39m
              [36m/>[39m
              [36m<path[39m
                [33md[39m=[32m"M3 12a9 3 0 0 0 5 2.69"[39m
              [36m/>[39m
              [36m<path[39m
                [33md[39m=[32m"M21 9.3V5"[39m
              [36m/>[39m
              [36m<path[39m
                [33md[39m=[32m"M3 5v14a9 3 0 0 0 6.47 2.88"[39m
              [36m/>[39m
              [36m<path[39m
                [33md[39m=[32m"M12 12v4h4"[39m
              [36m/>[39m
              [36m<path[39m
                [33md[39m=[32m"M13 20a5 5 0 0 0 9-3 4.5 4.5 0 0 0-4.5-4.5c-1.33 0-2.54.54-3.41 1.41L12 16"[39m
              [36m/>[39m
            [36m</svg>[39m
            [0mPopular com 10 produtos padrão[0m
          [36m</button>[39m
        [36m</div>[39m
      [36m</div>[39m
    [36m</div>[39m
    [36m<div[39m
      [33mclass[39m=[32m"fixed top-5 right-5 z-50 space-y-3"[39m
    [36m/>[39m
  [36m</div>[39m
[36m</body>[39m

Ignored nodes: comments, script, style
[36m<html>[39m
  [36m<head />[39m
  [36m<body>[39m
    [36m<div>[39m
      [36m<div[39m
        [33mclass[39m=[32m"p-1"[39m
      [36m>[39m
        [36m<div[39m
          [33mclass[39m=[32m"flex justify-between items-center mb-6"[39m
        [36m>[39m
          [36m<h1[39m
            [33mclass[39m=[32m"text-3xl font-bold text-gray-800"[39m
          [36m>[39m
            [0mProdutos[0m
          [36m</h1>[39m
          [36m<div[39m
            [33mclass[39m=[32m"flex items-center gap-2"[39m
          [36m>[39m
            [36m<button[39m
              [33mclass[39m=[32m"flex items-center gap-2 bg-gray-100 text-gray-700 font-semibold py-2 px-4 rounded-lg hover:bg-gray-200 transition-colors disabled:opacity-50"[39m
            [36m>[39m
              [36m<svg[39m
                [33maria-hidden[39m=[32m"true"[39m
                [33mclass[39m=[32m"lucide lucide-database-backup"[39m
                [33mfill[39m=[32m"none"[39m
                [33mheight[39m=[32m"20"[39m
                [33mstroke[39m=[32m"currentColor"[39m
                [33mstroke-linecap[39m=[32m"round"[39m
                [33mstroke-linejoin[39m=[32m"round"[39m
                [33mstroke-width[39m=[32m"2"[39m
                [33mviewBox[39m=[32m"0 0 24 24"[39m
                [33mwidth[39m=[32m"20"[39m
                [33mxmlns[39m=[32m"http://www.w3.org/2000/svg"[39m
              [36m>[39m
                [36m<ellipse[39m
                  [33mcx[39m=[32m"12"[39m
                  [33mcy[39m=[32m"5"[39m
                  [33mrx[39m=[32m"9"[39m
                  [33mry[39m=[32m"3"[39m
                [36m/>[39m
                [36m<path[39m
                  [33md[39m=[32m"M3 12a9 3 0 0 0 5 2.69"[39m
                [36m/>[39m
                [36m<path[39m
                  [33md[39m=[32m"M21 9.3V5"[39m
                [36m/>[39m
                [36m<path[39m
                  [33md[39m=[32m"M3 5v14a9 3 0 0 0 6.47 2.88"[39m
                [36m/>[39m
                [36m<path[39m
                  [33md[39m=[32m"M12 12v4h4"[39m
                [36m/>[39m
                [36m<path[39m
                  [33md[39m=[32m"M13 20a5 5 0 0 0 9-3 4.5 4.5 0 0 0-4.5-4.5c-1.33 0-2.54.54-3.41 1.41L12 16"[39m
                [36m/>[39m
              [36m</svg>[39m
              [0mPopular Dados[0m
            [36m</button>[39m
            [36m<button[39m
              [33mclass[39m=[32m"flex items-center gap-2 bg-blue-600 text-white font-bold py-2 px-4 rounded-lg hover:bg-blue-700 transition-colors"[39m
            [36m>[39m
              [36m<svg[39m
                [33maria-hidden[39m=[32m"true"[39m
                [33mclass[39m=[32m"lucide lucide-circle-plus"[39m
                [33mfill[39m=[32m"none"[39m
                [33mheight[39m=[32m"20"[39m
                [33mstroke[39m=[32m"currentColor"[39m
                [33mstroke-linecap[39m=[32m"round"[39m
                [33mstroke-linejoin[39m=[32m"round"[39m
                [33mstroke-width[39m=[32m"2"[39m
                [33mviewBox[39m=[32m"0 0 24 24"[39m
                [33mwidth[39m=[32m"20"[39m
                [33mxmlns[39m=[32m"http://www.w3.org/2000/svg"[39m
              [36m>[39m
                [36m<circle[39m
                  [33mcx[39m=[32m"12"[39m
                  [33mcy[39m=[32m"12"[39m
                  [33mr[39m=[32m"10"[39m
                [36m/>[39m
                [36m<path[39m
                  [33md[39m=[32m"M8 12h8"[39m
                [36m/>[39m
                [36m<path[39m
                  [33md[39m=[32m"M12 8v8"[39m
                [36m/>[39m
              [36m</svg>[39m
              [0mNovo Produto[0m
            [36m</button>[39m
          [36m</div>[39m
        [36m</div>[39m
        [36m<div[39m
          [33mclass[39m=[32m"mb-4 flex gap-4"[39m
        [36m>[39m
          [36m<div[39m
            [33mclass[39m=[32m"relative"[39m
          [36m>[39m
            [36m<svg[39m
              [33maria-hidden[39m=[32m"true"[39m
              [33mclass[39m=[32m"lucide lucide-search absolute left-3 top-1/2 -translate-y-1/2 text-gray-400"[39m
              [33mfill[39m=[32m"none"[39m
              [33mheight[39m=[32m"20"[39m
              [33mstroke[39m=[32m"currentColor"[39m
              [33mstroke-linecap[39m=[32m"round"[39m
              [33mstroke-linejoin[39m=[32m"round"[39m
              [33mstroke-width[39m=[32m"2"[39m
              [33mviewBox[39m=[32m"0 0 24 24"[39m
              [33mwidth[39m=[32m"20"[39m
              [33mxmlns[39m=[32m"http://www.w3.org/2000/svg"[39m
            [36m>[39m
              [36m<path[39m
                [33md[39m=[32m"m21 21-4.34-4.34"[39m
              [36m/>[39m
              [36m<circle[39m
                [33mcx[39m=[32m"11"[39m
                [33mcy[39m=[32m"11"[39m
                [33mr[39m=[32m"8"[39m
              [36m/>[39m
            [36m</svg>[39m
            [36m<input[39m
              [33mclass[39m=[32m"w-full max-w-sm p-3 pl-10 border border-gray-300 rounded-lg"[39m
              [33mplaceholder[39m=[32m"Buscar por nome ou SKU..."[39m
              [33mtype[39m=[32m"text"[39m
              [33mvalue[39m=[32m""[39m
            [36m/>[39m
          [36m</div>[39m
          [36m<div[39m
            [33mclass[39m=[32m"min-w-[200px]"[39m
          [36m>[39m
            [36m<div[39m
              [33mclass[39m=[32m"relative"[39m
            [36m>[39m
              [36m<select[39m
                [33mclass[39m=[32m"w-full p-3 pr-10 bg-white/80 border border-gray-300 rounded-lg focus:ring-2 focus:ring-blue-500 focus:border-blue-500 transition shadow-sm appearance-none"[39m
              [36m>[39m
                [36m<option[39m
                  [33mvalue[39m=[32m""[39m
                [36m>[39m
                  [0mTodos os status[0m
                [36m</option>[39m
                [36m<option[39m
                  [33mvalue[39m=[32m"ativo"[39m
                [36m>[39m
                  [0mAtivo[0m
                [36m</option>[39m
                [36m<option[39m
                  [33mvalue[39m=[32m"inativo"[39m
                [36m>[39m
                  [0mInativo[0m
                [36m</option>[39m
              [36m</select>[39m
              [36m<div[39m
                [33mclass[39m=[32m"pointer-events-none absolute inset-y-0 right-0 flex items-center px-3 text-gray-700"[39m
              [36m>[39m
                [36m<svg[39m
                  [33maria-hidden[39m=[32m"true"[39m
                  [33mclass[39m=[32m"lucide lucide-chevron-down"[39m
                  [33mfill[39m=[32m"none"[39m
                  [33mheight[39m=[32m"20"[39m
                  [33mstroke[39m=[32m"currentColor"[39m
                  [33mstroke-linecap[39m=[32m"round"[39m
                  [33mstroke-linejoin[39m=[32m"round"[39m
                  [33mstroke-width[39m=[32m"2"[39m
                  [33mviewBox[39m=[32m"0 0 24 24"[39m
                  [33mwidth[39m=[32m"20"[39m
                  [33mxmlns[39m=[32m"http://www.w3.org/2000/svg"[39m
                [36m>[39m
                  [36m<path[39m
                    [33md[39m=[32m"m6 9 6 6 6-6"[39m
                  [36m/>[39m
                [36m</svg>[39m
              [36m</div>[39m
            [36m</div>[39m
          [36m</div>[39m
        [36m</div>[39m
        [36m<div[39m
          [33mclass[39m=[32m"bg-white rounded-lg shadow overflow-hidden"[39m
        [36m>[39m
          [36m<div[39m
            [33mclass[39m=[32m"h-96 flex flex-col items-center justify-center text-center text-gray-500 p-4"[39m
          [36m>[39m
            [36m<svg[39m
              [33maria-hidden[39m=[32m"true"[39m
              [33mclass[39m=[32m"lucide lucide-package mb-4"[39m
              [33mfill[39m=[32m"none"[39m
              [33mheight[39m=[32m"48"[39m
              [33mstroke[39m=[32m"currentColor"[39m
              [33mstroke-linecap[39m=[32m"round"[39m
              [33mstroke-linejoin[39m=[32m"round"[39m
              [33mstroke-width[39m=[32m"2"[39m
              [33mviewBox[39m=[32m"0 0 24 24"[39m
              [33mwidth[39m=[32m"48"[39m
              [33mxmlns[39m=[32m"http://www.w3.org/2000/svg"[39m
            [36m>[39m
              [36m<path[39m
                [33md[39m=[32m"M11 21.73a2 2 0 0 0 2 0l7-4A2 2 0 0 0 21 16V8a2 2 0 0 0-1-1.73l-7-4a2 2 0 0 0-2 0l-7 4A2 2 0 0 0 3 8v8a2 2 0 0 0 1 1.73z"[39m
              [36m/>[39m
              [36m<path[39m
                [33md[39m=[32m"M12 22V12"[39m
              [36m/>[39m
              [36m<polyline[39m
                [33mpoints[39m=[32m"3.29 7 12 12 20.71 7"[39m
              [36m/>[39m
              [36m<path[39m
                [33md[39m=[32m"m7.5 4.27 9 5.15"[39m
              [36m/>[39m
            [36m</svg>[39m
            [36m<p[39m
              [33mclass[39m=[32m"font-semibold text-lg"[39m
            [36m>[39m
              [0mNenhum produto encontrado.[0m
            [36m</p>[39m
            [36m<p[39m
              [33mclass[39m=[32m"text-sm mb-4"[39m
            [36m>[39m
              [0mComece cadastrando um novo produto ou popule com dados de exemplo.[0m
            [36m</p>[39m
            [36m<button[39m
              [33mclass[39m=[32m"mt-4 flex items-center gap-2 bg-blue-100 text-blue-700 font-bold py-2 px-4 rounded-lg hover:bg-blue-200 transition-colors disabled:opacity-50"[39m
            [36m>[39m
              [36m<svg[39m
                [33maria-hidden[39m=[32m"true"[39m
                [33mclass[39m=[32m"lucide lucide-database-backup"[39m
                [33mfill[39m=[32m"none"[39m
                [33mheight[39m=[32m"20"[39m
                [33mstroke[39m=[32m"currentColor"[39m
                [33mstroke-linecap[39m=[32m"round"[39m
                [33mstroke-linejoin[39m=[32m"round"[39m
                [33mstroke-width[39m=[32m"2"[39m
                [33mviewBox[39m=[32m"0 0 24 24"[39m
                [33mwidth[39m=[32m"20"[39m
                [33mxmlns[39m=[32m"http://www.w3.org/2000/svg"[39m
              [36m>[39m
                [36m<ellipse[39m
                  [33mcx[39m=[32m"12"[39m
                  [33mcy[39m=[32m"5"[39m
                  [33mrx[39m=[32m"9"[39m
                  [33mry[39m=[32m"3"[39m
                [36m/>[39m
                [36m<path[39m
                  [33md[39m=[32m"M3 12a9 3 0 0 0 5 2.69"[39m
                [36m/>[39m
                [36m<path[39m
                  [33md[39m=[32m"M21 9.3V5"[39m
                [36m/>[39m
                [36m<path[39m
                  [33md[39m=[32m"M3 5v14a9 3 0 0 0 6.47 2.88"[39m
                [36m/>[39m
                [36m<path[39m
                  [33md[39m=[32m"M12 12v4h4"[39m
                [36m/>[39m
                [36m<path[39m
                  [33md[39m=[32m"M13 20a5 5 0 0 0 9-3 4.5 4.5 0 0 0-4.5-4.5c-1.33 0-2.54.54-3.41 1.41L12 16"[39m
                [36m/>[39m
              [36m</svg>[39m
              [0mPopular com 10 produtos padrão[0m
            [36m</button>[39m
          [36m</div>[39m
        [36m</div>[39m
      [36m</div>[39m
      [36m<div[39m
        [33mclass[39m=[32m"fixed top-5 right-5 z-50 space-y-3"[39m
      [36m/>[39m
    [36m</div>[39m
  [36m</body>[39m
[36m</html>[39m

⎯⎯⎯⎯⎯⎯⎯ Failed Tests 2 ⎯⎯⎯⎯⎯⎯⎯

 FAIL  src/pages/products/ProductsPage.test.tsx > ProductsPage Integration > renders the product list with data from MSW
TestingLibraryElementError: Unable to find an element with the text: Produto Teste 1. This could be because the text is broken up by multiple elements. In this case, you can provide a function for your text matcher to make your matcher more flexible.

Ignored nodes: comments, script, style
[36m<body>[39m
  [36m<div>[39m
    [36m<div[39m
      [33mclass[39m=[32m"p-1"[39m
    [36m>[39m
      [36m<div[39m
        [33mclass[39m=[32m"flex justify-between items-center mb-6"[39m
      [36m>[39m
        [36m<h1[39m
          [33mclass[39m=[32m"text-3xl font-bold text-gray-800"[39m
        [36m>[39m
          [0mProdutos[0m
        [36m</h1>[39m
        [36m<div[39m
          [33mclass[39m=[32m"flex items-center gap-2"[39m
        [36m>[39m
          [36m<button[39m
            [33mclass[39m=[32m"flex items-center gap-2 bg-gray-100 text-gray-700 font-semibold py-2 px-4 rounded-lg hover:bg-gray-200 transition-colors disabled:opacity-50"[39m
          [36m>[39m
            [36m<svg[39m
              [33maria-hidden[39m=[32m"true"[39m
              [33mclass[39m=[32m"lucide lucide-database-backup"[39m
              [33mfill[39m=[32m"none"[39m
              [33mheight[39m=[32m"20"[39m
              [33mstroke[39m=[32m"currentColor"[39m
              [33mstroke-linecap[39m=[32m"round"[39m
              [33mstroke-linejoin[39m=[32m"round"[39m
              [33mstroke-width[39m=[32m"2"[39m
              [33mviewBox[39m=[32m"0 0 24 24"[39m
              [33mwidth[39m=[32m"20"[39m
              [33mxmlns[39m=[32m"http://www.w3.org/2000/svg"[39m
            [36m>[39m
              [36m<ellipse[39m
                [33mcx[39m=[32m"12"[39m
                [33mcy[39m=[32m"5"[39m
                [33mrx[39m=[32m"9"[39m
                [33mry[39m=[32m"3"[39m
              [36m/>[39m
              [36m<path[39m
                [33md[39m=[32m"M3 12a9 3 0 0 0 5 2.69"[39m
              [36m/>[39m
              [36m<path[39m
                [33md[39m=[32m"M21 9.3V5"[39m
              [36m/>[39m
              [36m<path[39m
                [33md[39m=[32m"M3 5v14a9 3 0 0 0 6.47 2.88"[39m
              [36m/>[39m
              [36m<path[39m
                [33md[39m=[32m"M12 12v4h4"[39m
              [36m/>[39m
              [36m<path[39m
                [33md[39m=[32m"M13 20a5 5 0 0 0 9-3 4.5 4.5 0 0 0-4.5-4.5c-1.33 0-2.54.54-3.41 1.41L12 16"[39m
              [36m/>[39m
            [36m</svg>[39m
            [0mPopular Dados[0m
          [36m</button>[39m
          [36m<button[39m
            [33mclass[39m=[32m"flex items-center gap-2 bg-blue-600 text-white font-bold py-2 px-4 rounded-lg hover:bg-blue-700 transition-colors"[39m
          [36m>[39m
            [36m<svg[39m
              [33maria-hidden[39m=[32m"true"[39m
              [33mclass[39m=[32m"lucide lucide-circle-plus"[39m
              [33mfill[39m=[32m"none"[39m
              [33mheight[39m=[32m"20"[39m
              [33mstroke[39m=[32m"currentColor"[39m
              [33mstroke-linecap[39m=[32m"round"[39m
              [33mstroke-linejoin[39m=[32m"round"[39m
              [33mstroke-width[39m=[32m"2"[39m
              [33mviewBox[39m=[32m"0 0 24 24"[39m
              [33mwidth[39m=[32m"20"[39m
              [33mxmlns[39m=[32m"http://www.w3.org/2000/svg"[39m
            [36m>[39m
              [36m<circle[39m
                [33mcx[39m=[32m"12"[39m
                [33mcy[39m=[32m"12"[39m
                [33mr[39m=[32m"10"[39m
              [36m/>[39m
              [36m<path[39m
                [33md[39m=[32m"M8 12h8"[39m
              [36m/>[39m
              [36m<path[39m
                [33md[39m=[32m"M12 8v8"[39m
              [36m/>[39m
            [36m</svg>[39m
            [0mNovo Produto[0m
          [36m</button>[39m
        [36m</div>[39m
      [36m</div>[39m
      [36m<div[39m
        [33mclass[39m=[32m"mb-4 flex gap-4"[39m
      [36m>[39m
        [36m<div[39m
          [33mclass[39m=[32m"relative"[39m
        [36m>[39m
          [36m<svg[39m
            [33maria-hidden[39m=[32m"true"[39m
            [33mclass[39m=[32m"lucide lucide-search absolute left-3 top-1/2 -translate-y-1/2 text-gray-400"[39m
            [33mfill[39m=[32m"none"[39m
            [33mheight[39m=[32m"20"[39m
            [33mstroke[39m=[32m"currentColor"[39m
            [33mstroke-linecap[39m=[32m"round"[39m
            [33mstroke-linejoin[39m=[32m"round"[39m
            [33mstroke-width[39m=[32m"2"[39m
            [33mviewBox[39m=[32m"0 0 24 24"[39m
            [33mwidth[39m=[32m"20"[39m
            [33mxmlns[39m=[32m"http://www.w3.org/2000/svg"[39m
          [36m>[39m
            [36m<path[39m
              [33md[39m=[32m"m21 21-4.34-4.34"[39m
            [36m/>[39m
            [36m<circle[39m
              [33mcx[39m=[32m"11"[39m
              [33mcy[39m=[32m"11"[39m
              [33mr[39m=[32m"8"[39m
            [36m/>[39m
          [36m</svg>[39m
          [36m<input[39m
            [33mclass[39m=[32m"w-full max-w-sm p-3 pl-10 border border-gray-300 rounded-lg"[39m
            [33mplaceholder[39m=[32m"Buscar por nome ou SKU..."[39m
            [33mtype[39m=[32m"text"[39m
            [33mvalue[39m=[32m""[39m
          [36m/>[39m
        [36m</div>[39m
        [36m<div[39m
          [33mclass[39m=[32m"min-w-[200px]"[39m
        [36m>[39m
          [36m<div[39m
            [33mclass[39m=[32m"relative"[39m
          [36m>[39m
            [36m<select[39m
              [33mclass[39m=[32m"w-full p-3 pr-10 bg-white/80 border border-gray-300 rounded-lg focus:ring-2 focus:ring-blue-500 focus:border-blue-500 transition shadow-sm appearance-none"[39m
            [36m>[39m
              [36m<option[39m
                [33mvalue[39m=[32m""[39m
              [36m>[39m
                [0mTodos os status[0m
              [36m</option>[39m
              [36m<option[39m
                [33mvalue[39m=[32m"ativo"[39m
              [36m>[39m
                [0mAtivo[0m
              [36m</option>[39m
              [36m<option[39m
                [33mvalue[39m=[32m"inativo"[39m
              [36m>[39m
                [0mInativo[0m
              [36m</option>[39m
            [36m</select>[39m
            [36m<div[39m
              [33mclass[39m=[32m"pointer-events-none absolute inset-y-0 right-0 flex items-center px-3 text-gray-700"[39m
            [36m>[39m
              [36m<svg[39m
                [33maria-hidden[39m=[32m"true"[39m
                [33mclass[39m=[32m"lucide lucide-chevron-down"[39m
                [33mfill[39m=[32m"none"[39m
                [33mheight[39m=[32m"20"[39m
                [33mstroke[39m=[32m"currentColor"[39m
                [33mstroke-linecap[39m=[32m"round"[39m
                [33mstroke-linejoin[39m=[32m"round"[39m
                [33mstroke-width[39m=[32m"2"[39m
                [33mviewBox[39m=[32m"0 0 24 24"[39m
                [33mwidth[39m=[32m"20"[39m
                [33mxmlns[39m=[32m"http://www.w3.org/2000/svg"[39m
              [36m>[39m
                [36m<path[39m
                  [33md[39m=[32m"m6 9 6 6 6-6"[39m
                [36m/>[39m
              [36m</svg>[39m
            [36m</div>[39m
          [36m</div>[39m
        [36m</div>[39m
      [36m</div>[39m
      [36m<div[39m
        [33mclass[39m=[32m"bg-white rounded-lg shadow overflow-hidden"[39m
      [36m>[39m
        [36m<div[39m
          [33mclass[39m=[32m"h-96 flex flex-col items-center justify-center text-center text-gray-500 p-4"[39m
        [36m>[39m
          [36m<svg[39m
            [33maria-hidden[39m=[32m"true"[39m
            [33mclass[39m=[32m"lucide lucide-package mb-4"[39m
            [33mfill[39m=[32m"none"[39m
            [33mheight[39m=[32m"48"[39m
            [33mstroke[39m=[32m"currentColor"[39m
            [33mstroke-linecap[39m=[32m"round"[39m
            [33mstroke-linejoin[39m=[32m"round"[39m
            [33mstroke-width[39m=[32m"2"[39m
            [33mviewBox[39m=[32m"0 0 24 24"[39m
            [33mwidth[39m=[32m"48"[39m
            [33mxmlns[39m=[32m"http://www.w3.org/2000/svg"[39m
          [36m>[39m
            [36m<path[39m
              [33md[39m=[32m"M11 21.73a2 2 0 0 0 2 0l7-4A2 2 0 0 0 21 16V8a2 2 0 0 0-1-1.73l-7-4a2 2 0 0 0-2 0l-7 4A2 2 0 0 0 3 8v8a2 2 0 0 0 1 1.73z"[39m
            [36m/>[39m
            [36m<path[39m
              [33md[39m=[32m"M12 22V12"[39m
            [36m/>[39m
            [36m<polyline[39m
              [33mpoints[39m=[32m"3.29 7 12 12 20.71 7"[39m
            [36m/>[39m
            [36m<path[39m
              [33md[39m=[32m"m7.5 4.27 9 5.15"[39m
            [36m/>[39m
          [36m</svg>[39m
          [36m<p[39m
            [33mclass[39m=[32m"font-semibold text-lg"[39m
          [36m>[39m
            [0mNenhum produto encontrado.[0m
          [36m</p>[39m
          [36m<p[39m
            [33mclass[39m=[32m"text-sm mb-4"[39m
          [36m>[39m
            [0mComece cadastrando um novo produto ou popule com dados de exemplo.[0m
          [36m</p>[39m
          [36m<button[39m
            [33mclass[39m=[32m"mt-4 flex items-center gap-2 bg-blue-100 text-blue-700 font-bold py-2 px-4 rounded-lg hover:bg-blue-200 transition-colors disabled:opacity-50"[39m
          [36m>[39m
            [36m<svg[39m
              [33maria-hidden[39m=[32m"true"[39m
              [33mclass[39m=[32m"lucide lucide-database-backup"[39m
              [33mfill[39m=[32m"none"[39m
              [33mheight[39m=[32m"20"[39m
              [33mstroke[39m=[32m"currentColor"[39m
              [33mstroke-linecap[39m=[32m"round"[39m
              [33mstroke-linejoin[39m=[32m"round"[39m
              [33mstroke-width[39m=[32m"2"[39m
              [33mviewBox[39m=[32m"0 0 24 24"[39m
              [33mwidth[39m=[32m"20"[39m
              [33mxmlns[39m=[32m"http://www.w3.org/2000/svg"[39m
            [36m>[39m
              [36m<ellipse[39m
                [33mcx[39m=[32m"12"[39m
                [33mcy[39m=[32m"5"[39m
                [33mrx[39m=[32m"9"[39m
                [33mry[39m=[32m"3"[39m
              [36m/>[39m
              [36m<path[39m
                [33md[39m=[32m"M3 12a9 3 0 0 0 5 2.69"[39m
              [36m/>[39m
              [36m<path[39m
                [33md[39m=[32m"M21 9.3V5"[39m
              [36m/>[39m
              [36m<path[39m
                [33md[39m=[32m"M3 5v14a9 3 0 0 0 6.47 2.88"[39m
              [36m/>[39m
              [36m<path[39m
                [33md[39m=[32m"M12 12v4h4"[39m
              [36m/>[39m
              [36m<path[39m
                [33md[39m=[32m"M13 20a5 5 0 0 0 9-3 4.5 4.5 0 0 0-4.5-4.5c-1.33 0-2.54.54-3.41 1.41L12 16"[39m
              [36m/>[39m
            [36m</svg>[39m
            [0mPopular com 10 produtos padrão[0m
          [36m</button>[39m
        [36m</div>[39m
      [36m</div>[39m
    [36m</div>[39m
    [36m<div[39m
      [33mclass[39m=[32m"fixed top-5 right-5 z-50 space-y-3"[39m
    [36m/>[39m
  [36m</div>[39m
[36m</body>[39m

Ignored nodes: comments, script, style
[36m<html>[39m
  [36m<head />[39m
  [36m<body>[39m
    [36m<div>[39m
      [36m<div[39m
        [33mclass[39m=[32m"p-1"[39m
      [36m>[39m
        [36m<div[39m
          [33mclass[39m=[32m"flex justify-between items-center mb-6"[39m
        [36m>[39m
          [36m<h1[39m
            [33mclass[39m=[32m"text-3xl font-bold text-gray-800"[39m
          [36m>[39m
            [0mProdutos[0m
          [36m</h1>[39m
          [36m<div[39m
            [33mclass[39m=[32m"flex items-center gap-2"[39m
          [36m>[39m
            [36m<button[39m
              [33mclass[39m=[32m"flex items-center gap-2 bg-gray-100 text-gray-700 font-semibold py-2 px-4 rounded-lg hover:bg-gray-200 transition-colors disabled:opacity-50"[39m
            [36m>[39m
              [36m<svg[39m
                [33maria-hidden[39m=[32m"true"[39m
                [33mclass[39m=[32m"lucide lucide-database-backup"[39m
                [33mfill[39m=[32m"none"[39m
                [33mheight[39m=[32m"20"[39m
                [33mstroke[39m=[32m"currentColor"[39m
                [33mstroke-linecap[39m=[32m"round"[39m
                [33mstroke-linejoin[39m=[32m"round"[39m
                [33mstroke-width[39m=[32m"2"[39m
                [33mviewBox[39m=[32m"0 0 24 24"[39m
                [33mwidth[39m=[32m"20"[39m
                [33mxmlns[39m=[32m"http://www.w3.org/2000/svg"[39m
              [36m>[39m
                [36m<ellipse[39m
                  [33mcx[39m=[32m"12"[39m
                  [33mcy[39m=[32m"5"[39m
                  [33mrx[39m=[32m"9"[39m
                  [33mry[39m=[32m"3"[39m
                [36m/>[39m
                [36m<path[39m
                  [33md[39m=[32m"M3 12a9 3 0 0 0 5 2.69"[39m
                [36m/>[39m
                [36m<path[39m
                  [33md[39m=[32m"M21 9.3V5"[39m
                [36m/>[39m
                [36m<path[39m
                  [33md[39m=[32m"M3 5v14a9 3 0 0 0 6.47 2.88"[39m
                [36m/>[39m
                [36m<path[39m
                  [33md[39m=[32m"M12 12v4h4"[39m
                [36m/>[39m
                [36m<path[39m
                  [33md[39m=[32m"M13 20a5 5 0 0 0 9-3 4.5 4.5 0 0 0-4.5-4.5c-1.33 0-2.54.54-3.41 1.41L12 16"[39m
                [36m/>[39m
              [36m</svg>[39m
              [0mPopular Dados[0m
            [36m</button>[39m
            [36m<button[39m
              [33mclass[39m=[32m"flex items-center gap-2 bg-blue-600 text-white font-bold py-2 px-4 rounded-lg hover:bg-blue-700 transition-colors"[39m
            [36m>[39m
              [36m<svg[39m
                [33maria-hidden[39m=[32m"true"[39m
                [33mclass[39m=[32m"lucide lucide-circle-plus"[39m
                [33mfill[39m=[32m"none"[39m
                [33mheight[39m=[32m"20"[39m
                [33mstroke[39m=[32m"currentColor"[39m
                [33mstroke-linecap[39m=[32m"round"[39m
                [33mstroke-linejoin[39m=[32m"round"[39m
                [33mstroke-width[39m=[32m"2"[39m
                [33mviewBox[39m=[32m"0 0 24 24"[39m
                [33mwidth[39m=[32m"20"[39m
                [33mxmlns[39m=[32m"http://www.w3.org/2000/svg"[39m
              [36m>[39m
                [36m<circle[39m
                  [33mcx[39m=[32m"12"[39m
                  [33mcy[39m=[32m"12"[39m
                  [33mr[39m=[32m"10"[39m
                [36m/>[39m
                [36m<path[39m
                  [33md[39m=[32m"M8 12h8"[39m
                [36m/>[39m
                [36m<path[39m
                  [33md[39m=[32m"M12 8v8"[39m
                [36m/>[39m
              [36m</svg>[39m
              [0mNovo Produto[0m
            [36m</button>[39m
          [36m</div>[39m
        [36m</div>[39m
        [36m<div[39m
          [33mclass[39m=[32m"mb-4 flex gap-4"[39m
        [36m>[39m
          [36m<div[39m
            [33mclass[39m=[32m"relative"[39m
          [36m>[39m
            [36m<svg[39m
              [33maria-hidden[39m=[32m"true"[39m
              [33mclass[39m=[32m"lucide lucide-search absolute left-3 top-1/2 -translate-y-1/2 text-gray-400"[39m
              [33mfill[39m=[32m"none"[39m
              [33mheight[39m=[32m"20"[39m
              [33mstroke[39m=[32m"currentColor"[39m
              [33mstroke-linecap[39m=[32m"round"[39m
              [33mstroke-linejoin[39m=[32m"round"[39m
              [33mstroke-width[39m=[32m"2"[39m
              [33mviewBox[39m=[32m"0 0 24 24"[39m
              [33mwidth[39m=[32m"20"[39m
              [33mxmlns[39m=[32m"http://www.w3.org/2000/svg"[39m
            [36m>[39m
              [36m<path[39m
                [33md[39m=[32m"m21 21-4.34-4.34"[39m
              [36m/>[39m
              [36m<circle[39m
                [33mcx[39m=[32m"11"[39m
                [33mcy[39m=[32m"11"[39m
                [33mr[39m=[32m"8"[39m
              [36m/>[39m
            [36m</svg>[39m
            [36m<input[39m
              [33mclass[39m=[32m"w-full max-w-sm p-3 pl-10 border border-gray-300 rounded-lg"[39m
              [33mplaceholder[39m=[32m"Buscar por nome ou SKU..."[39m
              [33mtype[39m=[32m"text"[39m
              [33mvalue[39m=[32m""[39m
            [36m/>[39m
          [36m</div>[39m
          [36m<div[39m
            [33mclass[39m=[32m"min-w-[200px]"[39m
          [36m>[39m
            [36m<div[39m
              [33mclass[39m=[32m"relative"[39m
            [36m>[39m
              [36m<select[39m
                [33mclass[39m=[32m"w-full p-3 pr-10 bg-white/80 border border-gray-300 rounded-lg focus:ring-2 focus:ring-blue-500 focus:border-blue-500 transition shadow-sm appearance-none"[39m
              [36m>[39m
                [36m<option[39m
                  [33mvalue[39m=[32m""[39m
                [36m>[39m
                  [0mTodos os status[0m
                [36m</option>[39m
                [36m<option[39m
                  [33mvalue[39m=[32m"ativo"[39m
                [36m>[39m
                  [0mAtivo[0m
                [36m</option>[39m
                [36m<option[39m
                  [33mvalue[39m=[32m"inativo"[39m
                [36m>[39m
                  [0mInativo[0m
                [36m</option>[39m
              [36m</select>[39m
              [36m<div[39m
                [33mclass[39m=[32m"pointer-events-none absolute inset-y-0 right-0 flex items-center px-3 text-gray-700"[39m
              [36m>[39m
                [36m<svg[39m
                  [33maria-hidden[39m=[32m"true"[39m
                  [33mclass[39m=[32m"lucide lucide-chevron-down"[39m
                  [33mfill[39m=[32m"none"[39m
                  [33mheight[39m=[32m"20"[39m
                  [33mstroke[39m=[32m"currentColor"[39m
                  [33mstroke-linecap[39m=[32m"round"[39m
                  [33mstroke-linejoin[39m=[32m"round"[39m
                  [33mstroke-width[39m=[32m"2"[39m
                  [33mviewBox[39m=[32m"0 0 24 24"[39m
                  [33mwidth[39m=[32m"20"[39m
                  [33mxmlns[39m=[32m"http://www.w3.org/2000/svg"[39m
                [36m>[39m
                  [36m<path[39m
                    [33md[39m=[32m"m6 9 6 6 6-6"[39m
                  [36m/>[39m
                [36m</svg>[39m
              [36m</div>[39m
            [36m</div>[39m
          [36m</div>[39m
        [36m</div>[39m
        [36m<div[39m
          [33mclass[39m=[32m"bg-white rounded-lg shadow overflow-hidden"[39m
        [36m>[39m
          [36m<div[39m
            [33mclass[39m=[32m"h-96 flex flex-col items-center justify-center text-center text-gray-500 p-4"[39m
          [36m>[39m
            [36m<svg[39m
              [33maria-hidden[39m=[32m"true"[39m
              [33mclass[39m=[32m"lucide lucide-package mb-4"[39m
              [33mfill[39m=[32m"none"[39m
              [33mheight[39m=[32m"48"[39m
              [33mstroke[39m=[32m"currentColor"[39m
              [33mstroke-linecap[39m=[32m"round"[39m
              [33mstroke-linejoin[39m=[32m"round"[39m
              [33mstroke-width[39m=[32m"2"[39m
              [33mviewBox[39m=[32m"0 0 24 24"[39m
              [33mwidth[39m=[32m"48"[39m
              [33mxmlns[39m=[32m"http://www.w3.org/2000/svg"[39m
            [36m>[39m
              [36m<path[39m
                [33md[39m=[32m"M11 21.73a2 2 0 0 0 2 0l7-4A2 2 0 0 0 21 16V8a2 2 0 0 0-1-1.73l-7-4a2 2 0 0 0-2 0l-7 4A2 2 0 0 0 3 8v8a2 2 0 0 0 1 1.73z"[39m
              [36m/>[39m
              [36m<path[39m
                [33md[39m=[32m"M12 22V12"[39m
              [36m/>[39m
              [36m<polyline[39m
                [33mpoints[39m=[32m"3.29 7 12 12 20.71 7"[39m
              [36m/>[39m
              [36m<path[39m
                [33md[39m=[32m"m7.5 4.27 9 5.15"[39m
              [36m/>[39m
            [36m</svg>[39m
            [36m<p[39m
              [33mclass[39m=[32m"font-semibold text-lg"[39m
            [36m>[39m
              [0mNenhum produto encontrado.[0m
            [36m</p>[39m
            [36m<p[39m
              [33mclass[39m=[32m"text-sm mb-4"[39m
            [36m>[39m
              [0mComece cadastrando um novo produto ou popule com dados de exemplo.[0m
            [36m</p>[39m
            [36m<button[39m
              [33mclass[39m=[32m"mt-4 flex items-center gap-2 bg-blue-100 text-blue-700 font-bold py-2 px-4 rounded-lg hover:bg-blue-200 transition-colors disabled:opacity-50"[39m
            [36m>[39m
              [36m<svg[39m
                [33maria-hidden[39m=[32m"true"[39m
                [33mclass[39m=[32m"lucide lucide-database-backup"[39m
                [33mfill[39m=[32m"none"[39m
                [33mheight[39m=[32m"20"[39m
                [33mstroke[39m=[32m"currentColor"[39m
                [33mstroke-linecap[39m=[32m"round"[39m
                [33mstroke-linejoin[39m=[32m"round"[39m
                [33mstroke-width[39m=[32m"2"[39m
                [33mviewBox[39m=[32m"0 0 24 24"[39m
                [33mwidth[39m=[32m"20"[39m
                [33mxmlns[39m=[32m"http://www.w3.org/2000/svg"[39m
              [36m>[39m
                [36m<ellipse[39m
                  [33mcx[39m=[32m"12"[39m
                  [33mcy[39m=[32m"5"[39m
                  [33mrx[39m=[32m"9"[39m
                  [33mry[39m=[32m"3"[39m
                [36m/>[39m
                [36m<path[39m
                  [33md[39m=[32m"M3 12a9 3 0 0 0 5 2.69"[39m
                [36m/>[39m
                [36m<path[39m
                  [33md[39m=[32m"M21 9.3V5"[39m
                [36m/>[39m
                [36m<path[39m
                  [33md[39m=[32m"M3 5v14a9 3 0 0 0 6.47 2.88"[39m
                [36m/>[39m
                [36m<path[39m
                  [33md[39m=[32m"M12 12v4h4"[39m
                [36m/>[39m
                [36m<path[39m
                  [33md[39m=[32m"M13 20a5 5 0 0 0 9-3 4.5 4.5 0 0 0-4.5-4.5c-1.33 0-2.54.54-3.41 1.41L12 16"[39m
                [36m/>[39m
              [36m</svg>[39m
              [0mPopular com 10 produtos padrão[0m
            [36m</button>[39m
          [36m</div>[39m
        [36m</div>[39m
      [36m</div>[39m
      [36m<div[39m
        [33mclass[39m=[32m"fixed top-5 right-5 z-50 space-y-3"[39m
      [36m/>[39m
    [36m</div>[39m
  [36m</body>[39m
[36m</html>[39m
 ❯ Proxy.waitForWrapper node_modules/@testing-library/dom/dist/wait-for.js:163:27
 ❯ src/pages/products/ProductsPage.test.tsx:14:15
     12| 
     13|         // Wait for products to appear
     14|         await waitFor(() => {
       |               ^
     15|             expect(screen.getByText('Produto Teste 1')).toBeInTheDocum…
     16|             expect(screen.getByText('SKU-001')).toBeInTheDocument();

⎯⎯⎯⎯⎯⎯⎯⎯⎯⎯⎯⎯⎯⎯⎯⎯⎯⎯⎯⎯⎯⎯⎯⎯[1/2]⎯

 FAIL  src/pages/products/ProductsPage.test.tsx > ProductsPage Integration > filters products by search term
TestingLibraryElementError: Unable to find an element with the text: Produto Teste 1. This could be because the text is broken up by multiple elements. In this case, you can provide a function for your text matcher to make your matcher more flexible.

Ignored nodes: comments, script, style
[36m<body>[39m
  [36m<div>[39m
    [36m<div[39m
      [33mclass[39m=[32m"p-1"[39m
    [36m>[39m
      [36m<div[39m
        [33mclass[39m=[32m"flex justify-between items-center mb-6"[39m
      [36m>[39m
        [36m<h1[39m
          [33mclass[39m=[32m"text-3xl font-bold text-gray-800"[39m
        [36m>[39m
          [0mProdutos[0m
        [36m</h1>[39m
        [36m<div[39m
          [33mclass[39m=[32m"flex items-center gap-2"[39m
        [36m>[39m
          [36m<button[39m
            [33mclass[39m=[32m"flex items-center gap-2 bg-gray-100 text-gray-700 font-semibold py-2 px-4 rounded-lg hover:bg-gray-200 transition-colors disabled:opacity-50"[39m
          [36m>[39m
            [36m<svg[39m
              [33maria-hidden[39m=[32m"true"[39m
              [33mclass[39m=[32m"lucide lucide-database-backup"[39m
              [33mfill[39m=[32m"none"[39m
              [33mheight[39m=[32m"20"[39m
              [33mstroke[39m=[32m"currentColor"[39m
              [33mstroke-linecap[39m=[32m"round"[39m
              [33mstroke-linejoin[39m=[32m"round"[39m
              [33mstroke-width[39m=[32m"2"[39m
              [33mviewBox[39m=[32m"0 0 24 24"[39m
              [33mwidth[39m=[32m"20"[39m
              [33mxmlns[39m=[32m"http://www.w3.org/2000/svg"[39m
            [36m>[39m
              [36m<ellipse[39m
                [33mcx[39m=[32m"12"[39m
                [33mcy[39m=[32m"5"[39m
                [33mrx[39m=[32m"9"[39m
                [33mry[39m=[32m"3"[39m
              [36m/>[39m
              [36m<path[39m
                [33md[39m=[32m"M3 12a9 3 0 0 0 5 2.69"[39m
              [36m/>[39m
              [36m<path[39m
                [33md[39m=[32m"M21 9.3V5"[39m
              [36m/>[39m
              [36m<path[39m
                [33md[39m=[32m"M3 5v14a9 3 0 0 0 6.47 2.88"[39m
              [36m/>[39m
              [36m<path[39m
                [33md[39m=[32m"M12 12v4h4"[39m
              [36m/>[39m
              [36m<path[39m
                [33md[39m=[32m"M13 20a5 5 0 0 0 9-3 4.5 4.5 0 0 0-4.5-4.5c-1.33 0-2.54.54-3.41 1.41L12 16"[39m
              [36m/>[39m
            [36m</svg>[39m
            [0mPopular Dados[0m
          [36m</button>[39m
          [36m<button[39m
            [33mclass[39m=[32m"flex items-center gap-2 bg-blue-600 text-white font-bold py-2 px-4 rounded-lg hover:bg-blue-700 transition-colors"[39m
          [36m>[39m
            [36m<svg[39m
              [33maria-hidden[39m=[32m"true"[39m
              [33mclass[39m=[32m"lucide lucide-circle-plus"[39m
              [33mfill[39m=[32m"none"[39m
              [33mheight[39m=[32m"20"[39m
              [33mstroke[39m=[32m"currentColor"[39m
              [33mstroke-linecap[39m=[32m"round"[39m
              [33mstroke-linejoin[39m=[32m"round"[39m
              [33mstroke-width[39m=[32m"2"[39m
              [33mviewBox[39m=[32m"0 0 24 24"[39m
              [33mwidth[39m=[32m"20"[39m
              [33mxmlns[39m=[32m"http://www.w3.org/2000/svg"[39m
            [36m>[39m
              [36m<circle[39m
                [33mcx[39m=[32m"12"[39m
                [33mcy[39m=[32m"12"[39m
                [33mr[39m=[32m"10"[39m
              [36m/>[39m
              [36m<path[39m
                [33md[39m=[32m"M8 12h8"[39m
              [36m/>[39m
              [36m<path[39m
                [33md[39m=[32m"M12 8v8"[39m
              [36m/>[39m
            [36m</svg>[39m
            [0mNovo Produto[0m
          [36m</button>[39m
        [36m</div>[39m
      [36m</div>[39m
      [36m<div[39m
        [33mclass[39m=[32m"mb-4 flex gap-4"[39m
      [36m>[39m
        [36m<div[39m
          [33mclass[39m=[32m"relative"[39m
        [36m>[39m
          [36m<svg[39m
            [33maria-hidden[39m=[32m"true"[39m
            [33mclass[39m=[32m"lucide lucide-search absolute left-3 top-1/2 -translate-y-1/2 text-gray-400"[39m
            [33mfill[39m=[32m"none"[39m
            [33mheight[39m=[32m"20"[39m
            [33mstroke[39m=[32m"currentColor"[39m
            [33mstroke-linecap[39m=[32m"round"[39m
            [33mstroke-linejoin[39m=[32m"round"[39m
            [33mstroke-width[39m=[32m"2"[39m
            [33mviewBox[39m=[32m"0 0 24 24"[39m
            [33mwidth[39m=[32m"20"[39m
            [33mxmlns[39m=[32m"http://www.w3.org/2000/svg"[39m
          [36m>[39m
            [36m<path[39m
              [33md[39m=[32m"m21 21-4.34-4.34"[39m
            [36m/>[39m
            [36m<circle[39m
              [33mcx[39m=[32m"11"[39m
              [33mcy[39m=[32m"11"[39m
              [33mr[39m=[32m"8"[39m
            [36m/>[39m
          [36m</svg>[39m
          [36m<input[39m
            [33mclass[39m=[32m"w-full max-w-sm p-3 pl-10 border border-gray-300 rounded-lg"[39m
            [33mplaceholder[39m=[32m"Buscar por nome ou SKU..."[39m
            [33mtype[39m=[32m"text"[39m
            [33mvalue[39m=[32m""[39m
          [36m/>[39m
        [36m</div>[39m
        [36m<div[39m
          [33mclass[39m=[32m"min-w-[200px]"[39m
        [36m>[39m
          [36m<div[39m
            [33mclass[39m=[32m"relative"[39m
          [36m>[39m
            [36m<select[39m
              [33mclass[39m=[32m"w-full p-3 pr-10 bg-white/80 border border-gray-300 rounded-lg focus:ring-2 focus:ring-blue-500 focus:border-blue-500 transition shadow-sm appearance-none"[39m
            [36m>[39m
              [36m<option[39m
                [33mvalue[39m=[32m""[39m
              [36m>[39m
                [0mTodos os status[0m
              [36m</option>[39m
              [36m<option[39m
                [33mvalue[39m=[32m"ativo"[39m
              [36m>[39m
                [0mAtivo[0m
              [36m</option>[39m
              [36m<option[39m
                [33mvalue[39m=[32m"inativo"[39m
              [36m>[39m
                [0mInativo[0m
              [36m</option>[39m
            [36m</select>[39m
            [36m<div[39m
              [33mclass[39m=[32m"pointer-events-none absolute inset-y-0 right-0 flex items-center px-3 text-gray-700"[39m
            [36m>[39m
              [36m<svg[39m
                [33maria-hidden[39m=[32m"true"[39m
                [33mclass[39m=[32m"lucide lucide-chevron-down"[39m
                [33mfill[39m=[32m"none"[39m
                [33mheight[39m=[32m"20"[39m
                [33mstroke[39m=[32m"currentColor"[39m
                [33mstroke-linecap[39m=[32m"round"[39m
                [33mstroke-linejoin[39m=[32m"round"[39m
                [33mstroke-width[39m=[32m"2"[39m
                [33mviewBox[39m=[32m"0 0 24 24"[39m
                [33mwidth[39m=[32m"20"[39m
                [33mxmlns[39m=[32m"http://www.w3.org/2000/svg"[39m
              [36m>[39m
                [36m<path[39m
                  [33md[39m=[32m"m6 9 6 6 6-6"[39m
                [36m/>[39m
              [36m</svg>[39m
            [36m</div>[39m
          [36m</div>[39m
        [36m</div>[39m
      [36m</div>[39m
      [36m<div[39m
        [33mclass[39m=[32m"bg-white rounded-lg shadow overflow-hidden"[39m
      [36m>[39m
        [36m<div[39m
          [33mclass[39m=[32m"h-96 flex flex-col items-center justify-center text-center text-gray-500 p-4"[39m
        [36m>[39m
          [36m<svg[39m
            [33maria-hidden[39m=[32m"true"[39m
            [33mclass[39m=[32m"lucide lucide-package mb-4"[39m
            [33mfill[39m=[32m"none"[39m
            [33mheight[39m=[32m"48"[39m
            [33mstroke[39m=[32m"currentColor"[39m
            [33mstroke-linecap[39m=[32m"round"[39m
            [33mstroke-linejoin[39m=[32m"round"[39m
            [33mstroke-width[39m=[32m"2"[39m
            [33mviewBox[39m=[32m"0 0 24 24"[39m
            [33mwidth[39m=[32m"48"[39m
            [33mxmlns[39m=[32m"http://www.w3.org/2000/svg"[39m
          [36m>[39m
            [36m<path[39m
              [33md[39m=[32m"M11 21.73a2 2 0 0 0 2 0l7-4A2 2 0 0 0 21 16V8a2 2 0 0 0-1-1.73l-7-4a2 2 0 0 0-2 0l-7 4A2 2 0 0 0 3 8v8a2 2 0 0 0 1 1.73z"[39m
            [36m/>[39m
            [36m<path[39m
              [33md[39m=[32m"M12 22V12"[39m
            [36m/>[39m
            [36m<polyline[39m
              [33mpoints[39m=[32m"3.29 7 12 12 20.71 7"[39m
            [36m/>[39m
            [36m<path[39m
              [33md[39m=[32m"m7.5 4.27 9 5.15"[39m
            [36m/>[39m
          [36m</svg>[39m
          [36m<p[39m
            [33mclass[39m=[32m"font-semibold text-lg"[39m
          [36m>[39m
            [0mNenhum produto encontrado.[0m
          [36m</p>[39m
          [36m<p[39m
            [33mclass[39m=[32m"text-sm mb-4"[39m
          [36m>[39m
            [0mComece cadastrando um novo produto ou popule com dados de exemplo.[0m
          [36m</p>[39m
          [36m<button[39m
            [33mclass[39m=[32m"mt-4 flex items-center gap-2 bg-blue-100 text-blue-700 font-bold py-2 px-4 rounded-lg hover:bg-blue-200 transition-colors disabled:opacity-50"[39m
          [36m>[39m
            [36m<svg[39m
              [33maria-hidden[39m=[32m"true"[39m
              [33mclass[39m=[32m"lucide lucide-database-backup"[39m
              [33mfill[39m=[32m"none"[39m
              [33mheight[39m=[32m"20"[39m
              [33mstroke[39m=[32m"currentColor"[39m
              [33mstroke-linecap[39m=[32m"round"[39m
              [33mstroke-linejoin[39m=[32m"round"[39m
              [33mstroke-width[39m=[32m"2"[39m
              [33mviewBox[39m=[32m"0 0 24 24"[39m
              [33mwidth[39m=[32m"20"[39m
              [33mxmlns[39m=[32m"http://www.w3.org/2000/svg"[39m
            [36m>[39m
              [36m<ellipse[39m
                [33mcx[39m=[32m"12"[39m
                [33mcy[39m=[32m"5"[39m
                [33mrx[39m=[32m"9"[39m
                [33mry[39m=[32m"3"[39m
              [36m/>[39m
              [36m<path[39m
                [33md[39m=[32m"M3 12a9 3 0 0 0 5 2.69"[39m
              [36m/>[39m
              [36m<path[39m
                [33md[39m=[32m"M21 9.3V5"[39m
              [36m/>[39m
              [36m<path[39m
                [33md[39m=[32m"M3 5v14a9 3 0 0 0 6.47 2.88"[39m
              [36m/>[39m
              [36m<path[39m
                [33md[39m=[32m"M12 12v4h4"[39m
              [36m/>[39m
              [36m<path[39m
                [33md[39m=[32m"M13 20a5 5 0 0 0 9-3 4.5 4.5 0 0 0-4.5-4.5c-1.33 0-2.54.54-3.41 1.41L12 16"[39m
              [36m/>[39m
            [36m</svg>[39m
            [0mPopular com 10 produtos padrão[0m
          [36m</button>[39m
        [36m</div>[39m
      [36m</div>[39m
    [36m</div>[39m
    [36m<div[39m
      [33mclass[39m=[32m"fixed top-5 right-5 z-50 space-y-3"[39m
    [36m/>[39m
  [36m</div>[39m
[36m</body>[39m

Ignored nodes: comments, script, style
[36m<html>[39m
  [36m<head />[39m
  [36m<body>[39m
    [36m<div>[39m
      [36m<div[39m
        [33mclass[39m=[32m"p-1"[39m
      [36m>[39m
        [36m<div[39m
          [33mclass[39m=[32m"flex justify-between items-center mb-6"[39m
        [36m>[39m
          [36m<h1[39m
            [33mclass[39m=[32m"text-3xl font-bold text-gray-800"[39m
          [36m>[39m
            [0mProdutos[0m
          [36m</h1>[39m
          [36m<div[39m
            [33mclass[39m=[32m"flex items-center gap-2"[39m
          [36m>[39m
            [36m<button[39m
              [33mclass[39m=[32m"flex items-center gap-2 bg-gray-100 text-gray-700 font-semibold py-2 px-4 rounded-lg hover:bg-gray-200 transition-colors disabled:opacity-50"[39m
            [36m>[39m
              [36m<svg[39m
                [33maria-hidden[39m=[32m"true"[39m
                [33mclass[39m=[32m"lucide lucide-database-backup"[39m
                [33mfill[39m=[32m"none"[39m
                [33mheight[39m=[32m"20"[39m
                [33mstroke[39m=[32m"currentColor"[39m
                [33mstroke-linecap[39m=[32m"round"[39m
                [33mstroke-linejoin[39m=[32m"round"[39m
                [33mstroke-width[39m=[32m"2"[39m
                [33mviewBox[39m=[32m"0 0 24 24"[39m
                [33mwidth[39m=[32m"20"[39m
                [33mxmlns[39m=[32m"http://www.w3.org/2000/svg"[39m
              [36m>[39m
                [36m<ellipse[39m
                  [33mcx[39m=[32m"12"[39m
                  [33mcy[39m=[32m"5"[39m
                  [33mrx[39m=[32m"9"[39m
                  [33mry[39m=[32m"3"[39m
                [36m/>[39m
                [36m<path[39m
                  [33md[39m=[32m"M3 12a9 3 0 0 0 5 2.69"[39m
                [36m/>[39m
                [36m<path[39m
                  [33md[39m=[32m"M21 9.3V5"[39m
                [36m/>[39m
                [36m<path[39m
                  [33md[39m=[32m"M3 5v14a9 3 0 0 0 6.47 2.88"[39m
                [36m/>[39m
                [36m<path[39m
                  [33md[39m=[32m"M12 12v4h4"[39m
                [36m/>[39m
                [36m<path[39m
                  [33md[39m=[32m"M13 20a5 5 0 0 0 9-3 4.5 4.5 0 0 0-4.5-4.5c-1.33 0-2.54.54-3.41 1.41L12 16"[39m
                [36m/>[39m
              [36m</svg>[39m
              [0mPopular Dados[0m
            [36m</button>[39m
            [36m<button[39m
              [33mclass[39m=[32m"flex items-center gap-2 bg-blue-600 text-white font-bold py-2 px-4 rounded-lg hover:bg-blue-700 transition-colors"[39m
            [36m>[39m
              [36m<svg[39m
                [33maria-hidden[39m=[32m"true"[39m
                [33mclass[39m=[32m"lucide lucide-circle-plus"[39m
                [33mfill[39m=[32m"none"[39m
                [33mheight[39m=[32m"20"[39m
                [33mstroke[39m=[32m"currentColor"[39m
                [33mstroke-linecap[39m=[32m"round"[39m
                [33mstroke-linejoin[39m=[32m"round"[39m
                [33mstroke-width[39m=[32m"2"[39m
                [33mviewBox[39m=[32m"0 0 24 24"[39m
                [33mwidth[39m=[32m"20"[39m
                [33mxmlns[39m=[32m"http://www.w3.org/2000/svg"[39m
              [36m>[39m
                [36m<circle[39m
                  [33mcx[39m=[32m"12"[39m
                  [33mcy[39m=[32m"12"[39m
                  [33mr[39m=[32m"10"[39m
                [36m/>[39m
                [36m<path[39m
                  [33md[39m=[32m"M8 12h8"[39m
                [36m/>[39m
                [36m<path[39m
                  [33md[39m=[32m"M12 8v8"[39m
                [36m/>[39m
              [36m</svg>[39m
              [0mNovo Produto[0m
            [36m</button>[39m
          [36m</div>[39m
        [36m</div>[39m
        [36m<div[39m
          [33mclass[39m=[32m"mb-4 flex gap-4"[39m
        [36m>[39m
          [36m<div[39m
            [33mclass[39m=[32m"relative"[39m
          [36m>[39m
            [36m<svg[39m
              [33maria-hidden[39m=[32m"true"[39m
              [33mclass[39m=[32m"lucide lucide-search absolute left-3 top-1/2 -translate-y-1/2 text-gray-400"[39m
              [33mfill[39m=[32m"none"[39m
              [33mheight[39m=[32m"20"[39m
              [33mstroke[39m=[32m"currentColor"[39m
              [33mstroke-linecap[39m=[32m"round"[39m
              [33mstroke-linejoin[39m=[32m"round"[39m
              [33mstroke-width[39m=[32m"2"[39m
              [33mviewBox[39m=[32m"0 0 24 24"[39m
              [33mwidth[39m=[32m"20"[39m
              [33mxmlns[39m=[32m"http://www.w3.org/2000/svg"[39m
            [36m>[39m
              [36m<path[39m
                [33md[39m=[32m"m21 21-4.34-4.34"[39m
              [36m/>[39m
              [36m<circle[39m
                [33mcx[39m=[32m"11"[39m
                [33mcy[39m=[32m"11"[39m
                [33mr[39m=[32m"8"[39m
              [36m/>[39m
            [36m</svg>[39m
            [36m<input[39m
              [33mclass[39m=[32m"w-full max-w-sm p-3 pl-10 border border-gray-300 rounded-lg"[39m
              [33mplaceholder[39m=[32m"Buscar por nome ou SKU..."[39m
              [33mtype[39m=[32m"text"[39m
              [33mvalue[39m=[32m""[39m
            [36m/>[39m
          [36m</div>[39m
          [36m<div[39m
            [33mclass[39m=[32m"min-w-[200px]"[39m
          [36m>[39m
            [36m<div[39m
              [33mclass[39m=[32m"relative"[39m
            [36m>[39m
              [36m<select[39m
                [33mclass[39m=[32m"w-full p-3 pr-10 bg-white/80 border border-gray-300 rounded-lg focus:ring-2 focus:ring-blue-500 focus:border-blue-500 transition shadow-sm appearance-none"[39m
              [36m>[39m
                [36m<option[39m
                  [33mvalue[39m=[32m""[39m
                [36m>[39m
                  [0mTodos os status[0m
                [36m</option>[39m
                [36m<option[39m
                  [33mvalue[39m=[32m"ativo"[39m
                [36m>[39m
                  [0mAtivo[0m
                [36m</option>[39m
                [36m<option[39m
                  [33mvalue[39m=[32m"inativo"[39m
                [36m>[39m
                  [0mInativo[0m
                [36m</option>[39m
              [36m</select>[39m
              [36m<div[39m
                [33mclass[39m=[32m"pointer-events-none absolute inset-y-0 right-0 flex items-center px-3 text-gray-700"[39m
              [36m>[39m
                [36m<svg[39m
                  [33maria-hidden[39m=[32m"true"[39m
                  [33mclass[39m=[32m"lucide lucide-chevron-down"[39m
                  [33mfill[39m=[32m"none"[39m
                  [33mheight[39m=[32m"20"[39m
                  [33mstroke[39m=[32m"currentColor"[39m
                  [33mstroke-linecap[39m=[32m"round"[39m
                  [33mstroke-linejoin[39m=[32m"round"[39m
                  [33mstroke-width[39m=[32m"2"[39m
                  [33mviewBox[39m=[32m"0 0 24 24"[39m
                  [33mwidth[39m=[32m"20"[39m
                  [33mxmlns[39m=[32m"http://www.w3.org/2000/svg"[39m
                [36m>[39m
                  [36m<path[39m
                    [33md[39m=[32m"m6 9 6 6 6-6"[39m
                  [36m/>[39m
                [36m</svg>[39m
              [36m</div>[39m
            [36m</div>[39m
          [36m</div>[39m
        [36m</div>[39m
        [36m<div[39m
          [33mclass[39m=[32m"bg-white rounded-lg shadow overflow-hidden"[39m
        [36m>[39m
          [36m<div[39m
            [33mclass[39m=[32m"h-96 flex flex-col items-center justify-center text-center text-gray-500 p-4"[39m
          [36m>[39m
            [36m<svg[39m
              [33maria-hidden[39m=[32m"true"[39m
              [33mclass[39m=[32m"lucide lucide-package mb-4"[39m
              [33mfill[39m=[32m"none"[39m
              [33mheight[39m=[32m"48"[39m
              [33mstroke[39m=[32m"currentColor"[39m
              [33mstroke-linecap[39m=[32m"round"[39m
              [33mstroke-linejoin[39m=[32m"round"[39m
              [33mstroke-width[39m=[32m"2"[39m
              [33mviewBox[39m=[32m"0 0 24 24"[39m
              [33mwidth[39m=[32m"48"[39m
              [33mxmlns[39m=[32m"http://www.w3.org/2000/svg"[39m
            [36m>[39m
              [36m<path[39m
                [33md[39m=[32m"M11 21.73a2 2 0 0 0 2 0l7-4A2 2 0 0 0 21 16V8a2 2 0 0 0-1-1.73l-7-4a2 2 0 0 0-2 0l-7 4A2 2 0 0 0 3 8v8a2 2 0 0 0 1 1.73z"[39m
              [36m/>[39m
              [36m<path[39m
                [33md[39m=[32m"M12 22V12"[39m
              [36m/>[39m
              [36m<polyline[39m
                [33mpoints[39m=[32m"3.29 7 12 12 20.71 7"[39m
              [36m/>[39m
              [36m<path[39m
                [33md[39m=[32m"m7.5 4.27 9 5.15"[39m
              [36m/>[39m
            [36m</svg>[39m
            [36m<p[39m
              [33mclass[39m=[32m"font-semibold text-lg"[39m
            [36m>[39m
              [0mNenhum produto encontrado.[0m
            [36m</p>[39m
            [36m<p[39m
              [33mclass[39m=[32m"text-sm mb-4"[39m
            [36m>[39m
              [0mComece cadastrando um novo produto ou popule com dados de exemplo.[0m
            [36m</p>[39m
            [36m<button[39m
              [33mclass[39m=[32m"mt-4 flex items-center gap-2 bg-blue-100 text-blue-700 font-bold py-2 px-4 rounded-lg hover:bg-blue-200 transition-colors disabled:opacity-50"[39m
            [36m>[39m
              [36m<svg[39m
                [33maria-hidden[39m=[32m"true"[39m
                [33mclass[39m=[32m"lucide lucide-database-backup"[39m
                [33mfill[39m=[32m"none"[39m
                [33mheight[39m=[32m"20"[39m
                [33mstroke[39m=[32m"currentColor"[39m
                [33mstroke-linecap[39m=[32m"round"[39m
                [33mstroke-linejoin[39m=[32m"round"[39m
                [33mstroke-width[39m=[32m"2"[39m
                [33mviewBox[39m=[32m"0 0 24 24"[39m
                [33mwidth[39m=[32m"20"[39m
                [33mxmlns[39m=[32m"http://www.w3.org/2000/svg"[39m
              [36m>[39m
                [36m<ellipse[39m
                  [33mcx[39m=[32m"12"[39m
                  [33mcy[39m=[32m"5"[39m
                  [33mrx[39m=[32m"9"[39m
                  [33mry[39m=[32m"3"[39m
                [36m/>[39m
                [36m<path[39m
                  [33md[39m=[32m"M3 12a9 3 0 0 0 5 2.69"[39m
                [36m/>[39m
                [36m<path[39m
                  [33md[39m=[32m"M21 9.3V5"[39m
                [36m/>[39m
                [36m<path[39m
                  [33md[39m=[32m"M3 5v14a9 3 0 0 0 6.47 2.88"[39m
                [36m/>[39m
                [36m<path[39m
                  [33md[39m=[32m"M12 12v4h4"[39m
                [36m/>[39m
                [36m<path[39m
                  [33md[39m=[32m"M13 20a5 5 0 0 0 9-3 4.5 4.5 0 0 0-4.5-4.5c-1.33 0-2.54.54-3.41 1.41L12 16"[39m
                [36m/>[39m
              [36m</svg>[39m
              [0mPopular com 10 produtos padrão[0m
            [36m</button>[39m
          [36m</div>[39m
        [36m</div>[39m
      [36m</div>[39m
      [36m<div[39m
        [33mclass[39m=[32m"fixed top-5 right-5 z-50 space-y-3"[39m
      [36m/>[39m
    [36m</div>[39m
  [36m</body>[39m
[36m</html>[39m
 ❯ Proxy.waitForWrapper node_modules/@testing-library/dom/dist/wait-for.js:163:27
 ❯ src/pages/products/ProductsPage.test.tsx:29:15
     27|         renderWithProviders(<ProductsPage />);
     28| 
     29|         await waitFor(() => {
       |               ^
     30|             expect(screen.getByText('Produto Teste 1')).toBeInTheDocum…
     31|         });

⎯⎯⎯⎯⎯⎯⎯⎯⎯⎯⎯⎯⎯⎯⎯⎯⎯⎯⎯⎯⎯⎯⎯⎯[2/2]⎯

 Test Files  1 failed (1)
      Tests  2 failed (2)
   Start at  17:54:35
   Duration  3.79s


 FAIL  Tests failed. Watching for file changes...
       press h to show help, press q to quit
       rerun x14
[2K[1A[2K[G[3Jc
 RERUN  src/lib/supabaseClient.ts x15

stdout | Logger.info (/Users/leandrofmarques/Downloads/revo_erp_prod_8yumh0_dualiteproject/src/lib/logger.ts:24:21)
[INFO] [SUPABASE][CLIENT_INIT] {
  supabaseUrl: 'https://lrfwiaekipwkjkzvcnfd.supabase.co',
  anonKeyPrefix: 'eyJhbGci'
}

stdout | src/test/setup.ts:8:9
[SETUP] Initializing MSW server...

stdout | src/pages/products/ProductsPage.test.tsx
[SETUP] Starting MSW server...

stdout | src/pages/products/ProductsPage.test.tsx > ProductsPage Integration > renders the product list with data from MSW
[AUTH] Render {
  userId: null,
  loading: false,
  empresasCount: 0,
  activeEmpresaId: undefined
}
[AUTH] onAuthStateChange { event: 'SIGNED_IN', hasSession: true }
[AUTH] Render {
  userId: 'user-123',
  loading: true,
  empresasCount: 0,
  activeEmpresaId: undefined
}
[DEBUG] [QUERY][empresas] fetching list 
[DEBUG] [QUERY][active_empresa] fetching 
[INFO] [AUTH][LOGIN] start { email: 'exists' }
[AUTH] Render {
  userId: 'user-123',
  loading: true,
  empresasCount: 0,
  activeEmpresaId: undefined
}

stderr | src/pages/products/ProductsPage.test.tsx > ProductsPage Integration > renders the product list with data from MSW
⚠️ React Router Future Flag Warning: React Router will begin wrapping state updates in `React.startTransition` in v7. You can use the `v7_startTransition` future flag to opt-in early. For more information, see https://reactrouter.com/v6/upgrading/future#v7_starttransition.
⚠️ React Router Future Flag Warning: Relative route resolution within Splat routes is changing in v7. You can use the `v7_relativeSplatPath` future flag to opt-in early. For more information, see https://reactrouter.com/v6/upgrading/future#v7_relativesplatpath.

stdout | src/pages/products/ProductsPage.test.tsx > ProductsPage Integration > renders the product list with data from MSW
<empty line>
stderr | src/pages/products/ProductsPage.test.tsx > ProductsPage Integration > renders the product list with data from MSW
[ERROR] [QUERY][empresas] list error {
  code: 'PGRST301',
  details: null,
  hint: null,
  message: 'Expected 3 parts in JWT; got 1'
} 

stdout | src/pages/products/ProductsPage.test.tsx > ProductsPage Integration > renders the product list with data from MSW
[AUTH] Render {
  userId: 'user-123',
  loading: true,
  empresasCount: 0,
  activeEmpresaId: undefined
}
[INFO] [MUTATION][bootstrap] start 
[AUTH] Render {
  userId: 'user-123',
  loading: false,
  empresasCount: 0,
  activeEmpresaId: null
}

stderr | src/pages/products/ProductsPage.test.tsx > ProductsPage Integration > renders the product list with data from MSW
[WARN] [QUERY][active_empresa] error {
  code: 'PGRST301',
  details: null,
  hint: null,
  message: 'Expected 3 parts in JWT; got 1'
}

stdout | src/pages/products/ProductsPage.test.tsx > ProductsPage Integration > renders the product list with data from MSW
<empty line>
stderr | src/pages/products/ProductsPage.test.tsx > ProductsPage Integration > renders the product list with data from MSW
[ERROR] [MUTATION][bootstrap] error {
  code: 'PGRST301',
  details: null,
  hint: null,
  message: 'Expected 3 parts in JWT; got 1'
} 

stderr | src/pages/products/ProductsPage.test.tsx > ProductsPage Integration > renders the product list with data from MSW
<empty line>
stdout | src/pages/products/ProductsPage.test.tsx > ProductsPage Integration > renders the product list with data from MSW
[AUTH] Render {
  userId: 'user-123',
  loading: false,
  empresasCount: 0,
  activeEmpresaId: null
}

stdout | src/pages/products/ProductsPage.test.tsx > ProductsPage Integration > filters products by search term
[AUTH] Render {
  userId: null,
  loading: false,
  empresasCount: 0,
  activeEmpresaId: undefined
}
[AUTH] onAuthStateChange { event: 'SIGNED_IN', hasSession: true }
[AUTH] Render {
  userId: 'user-123',
  loading: true,
  empresasCount: 0,
  activeEmpresaId: undefined
}
[DEBUG] [QUERY][empresas] fetching list 
[DEBUG] [QUERY][active_empresa] fetching 
[INFO] [AUTH][LOGIN] start { email: 'exists' }
[AUTH] Render {
  userId: 'user-123',
  loading: true,
  empresasCount: 0,
  activeEmpresaId: undefined
}

stdout | src/pages/products/ProductsPage.test.tsx > ProductsPage Integration > filters products by search term
<empty line>
stderr | src/pages/products/ProductsPage.test.tsx > ProductsPage Integration > filters products by search term
[ERROR] [QUERY][empresas] list error {
  code: 'PGRST301',
  details: null,
  hint: null,
  message: 'Expected 3 parts in JWT; got 1'
} 

stderr | src/pages/products/ProductsPage.test.tsx > ProductsPage Integration > filters products by search term
<empty line>
stdout | src/pages/products/ProductsPage.test.tsx > ProductsPage Integration > filters products by search term
[AUTH] Render {
  userId: 'user-123',
  loading: true,
  empresasCount: 0,
  activeEmpresaId: undefined
}

stdout | src/pages/products/ProductsPage.test.tsx > ProductsPage Integration > filters products by search term
[INFO] [MUTATION][bootstrap] start 
[AUTH] Render {
  userId: 'user-123',
  loading: false,
  empresasCount: 0,
  activeEmpresaId: null
}

stderr | src/pages/products/ProductsPage.test.tsx > ProductsPage Integration > filters products by search term
[WARN] [QUERY][active_empresa] error {
  code: 'PGRST301',
  details: null,
  hint: null,
  message: 'Expected 3 parts in JWT; got 1'
}

stdout | src/pages/products/ProductsPage.test.tsx > ProductsPage Integration > filters products by search term
<empty line>
stderr | src/pages/products/ProductsPage.test.tsx > ProductsPage Integration > filters products by search term
[ERROR] [MUTATION][bootstrap] error {
  code: 'PGRST301',
  details: null,
  hint: null,
  message: 'Expected 3 parts in JWT; got 1'
} 

stderr | src/pages/products/ProductsPage.test.tsx > ProductsPage Integration > filters products by search term
<empty line>
stdout | src/pages/products/ProductsPage.test.tsx > ProductsPage Integration > filters products by search term
[AUTH] Render {
  userId: 'user-123',
  loading: false,
  empresasCount: 0,
  activeEmpresaId: null
}

 ❯ src/pages/products/ProductsPage.test.tsx  (2 tests | 2 failed) 2247ms
   ❯ src/pages/products/ProductsPage.test.tsx > ProductsPage Integration > renders the product list with data from MSW
     → Unable to find an element with the text: Produto Teste 1. This could be because the text is broken up by multiple elements. In this case, you can provide a function for your text matcher to make your matcher more flexible.

Ignored nodes: comments, script, style
[36m<body>[39m
  [36m<div>[39m
    [36m<div[39m
      [33mclass[39m=[32m"p-1"[39m
    [36m>[39m
      [36m<div[39m
        [33mclass[39m=[32m"flex justify-between items-center mb-6"[39m
      [36m>[39m
        [36m<h1[39m
          [33mclass[39m=[32m"text-3xl font-bold text-gray-800"[39m
        [36m>[39m
          [0mProdutos[0m
        [36m</h1>[39m
        [36m<div[39m
          [33mclass[39m=[32m"flex items-center gap-2"[39m
        [36m>[39m
          [36m<button[39m
            [33mclass[39m=[32m"flex items-center gap-2 bg-gray-100 text-gray-700 font-semibold py-2 px-4 rounded-lg hover:bg-gray-200 transition-colors disabled:opacity-50"[39m
          [36m>[39m
            [36m<svg[39m
              [33maria-hidden[39m=[32m"true"[39m
              [33mclass[39m=[32m"lucide lucide-database-backup"[39m
              [33mfill[39m=[32m"none"[39m
              [33mheight[39m=[32m"20"[39m
              [33mstroke[39m=[32m"currentColor"[39m
              [33mstroke-linecap[39m=[32m"round"[39m
              [33mstroke-linejoin[39m=[32m"round"[39m
              [33mstroke-width[39m=[32m"2"[39m
              [33mviewBox[39m=[32m"0 0 24 24"[39m
              [33mwidth[39m=[32m"20"[39m
              [33mxmlns[39m=[32m"http://www.w3.org/2000/svg"[39m
            [36m>[39m
              [36m<ellipse[39m
                [33mcx[39m=[32m"12"[39m
                [33mcy[39m=[32m"5"[39m
                [33mrx[39m=[32m"9"[39m
                [33mry[39m=[32m"3"[39m
              [36m/>[39m
              [36m<path[39m
                [33md[39m=[32m"M3 12a9 3 0 0 0 5 2.69"[39m
              [36m/>[39m
              [36m<path[39m
                [33md[39m=[32m"M21 9.3V5"[39m
              [36m/>[39m
              [36m<path[39m
                [33md[39m=[32m"M3 5v14a9 3 0 0 0 6.47 2.88"[39m
              [36m/>[39m
              [36m<path[39m
                [33md[39m=[32m"M12 12v4h4"[39m
              [36m/>[39m
              [36m<path[39m
                [33md[39m=[32m"M13 20a5 5 0 0 0 9-3 4.5 4.5 0 0 0-4.5-4.5c-1.33 0-2.54.54-3.41 1.41L12 16"[39m
              [36m/>[39m
            [36m</svg>[39m
            [0mPopular Dados[0m
          [36m</button>[39m
          [36m<button[39m
            [33mclass[39m=[32m"flex items-center gap-2 bg-blue-600 text-white font-bold py-2 px-4 rounded-lg hover:bg-blue-700 transition-colors"[39m
          [36m>[39m
            [36m<svg[39m
              [33maria-hidden[39m=[32m"true"[39m
              [33mclass[39m=[32m"lucide lucide-circle-plus"[39m
              [33mfill[39m=[32m"none"[39m
              [33mheight[39m=[32m"20"[39m
              [33mstroke[39m=[32m"currentColor"[39m
              [33mstroke-linecap[39m=[32m"round"[39m
              [33mstroke-linejoin[39m=[32m"round"[39m
              [33mstroke-width[39m=[32m"2"[39m
              [33mviewBox[39m=[32m"0 0 24 24"[39m
              [33mwidth[39m=[32m"20"[39m
              [33mxmlns[39m=[32m"http://www.w3.org/2000/svg"[39m
            [36m>[39m
              [36m<circle[39m
                [33mcx[39m=[32m"12"[39m
                [33mcy[39m=[32m"12"[39m
                [33mr[39m=[32m"10"[39m
              [36m/>[39m
              [36m<path[39m
                [33md[39m=[32m"M8 12h8"[39m
              [36m/>[39m
              [36m<path[39m
                [33md[39m=[32m"M12 8v8"[39m
              [36m/>[39m
            [36m</svg>[39m
            [0mNovo Produto[0m
          [36m</button>[39m
        [36m</div>[39m
      [36m</div>[39m
      [36m<div[39m
        [33mclass[39m=[32m"mb-4 flex gap-4"[39m
      [36m>[39m
        [36m<div[39m
          [33mclass[39m=[32m"relative"[39m
        [36m>[39m
          [36m<svg[39m
            [33maria-hidden[39m=[32m"true"[39m
            [33mclass[39m=[32m"lucide lucide-search absolute left-3 top-1/2 -translate-y-1/2 text-gray-400"[39m
            [33mfill[39m=[32m"none"[39m
            [33mheight[39m=[32m"20"[39m
            [33mstroke[39m=[32m"currentColor"[39m
            [33mstroke-linecap[39m=[32m"round"[39m
            [33mstroke-linejoin[39m=[32m"round"[39m
            [33mstroke-width[39m=[32m"2"[39m
            [33mviewBox[39m=[32m"0 0 24 24"[39m
            [33mwidth[39m=[32m"20"[39m
            [33mxmlns[39m=[32m"http://www.w3.org/2000/svg"[39m
          [36m>[39m
            [36m<path[39m
              [33md[39m=[32m"m21 21-4.34-4.34"[39m
            [36m/>[39m
            [36m<circle[39m
              [33mcx[39m=[32m"11"[39m
              [33mcy[39m=[32m"11"[39m
              [33mr[39m=[32m"8"[39m
            [36m/>[39m
          [36m</svg>[39m
          [36m<input[39m
            [33mclass[39m=[32m"w-full max-w-sm p-3 pl-10 border border-gray-300 rounded-lg"[39m
            [33mplaceholder[39m=[32m"Buscar por nome ou SKU..."[39m
            [33mtype[39m=[32m"text"[39m
            [33mvalue[39m=[32m""[39m
          [36m/>[39m
        [36m</div>[39m
        [36m<div[39m
          [33mclass[39m=[32m"min-w-[200px]"[39m
        [36m>[39m
          [36m<div[39m
            [33mclass[39m=[32m"relative"[39m
          [36m>[39m
            [36m<select[39m
              [33mclass[39m=[32m"w-full p-3 pr-10 bg-white/80 border border-gray-300 rounded-lg focus:ring-2 focus:ring-blue-500 focus:border-blue-500 transition shadow-sm appearance-none"[39m
            [36m>[39m
              [36m<option[39m
                [33mvalue[39m=[32m""[39m
              [36m>[39m
                [0mTodos os status[0m
              [36m</option>[39m
              [36m<option[39m
                [33mvalue[39m=[32m"ativo"[39m
              [36m>[39m
                [0mAtivo[0m
              [36m</option>[39m
              [36m<option[39m
                [33mvalue[39m=[32m"inativo"[39m
              [36m>[39m
                [0mInativo[0m
              [36m</option>[39m
            [36m</select>[39m
            [36m<div[39m
              [33mclass[39m=[32m"pointer-events-none absolute inset-y-0 right-0 flex items-center px-3 text-gray-700"[39m
            [36m>[39m
              [36m<svg[39m
                [33maria-hidden[39m=[32m"true"[39m
                [33mclass[39m=[32m"lucide lucide-chevron-down"[39m
                [33mfill[39m=[32m"none"[39m
                [33mheight[39m=[32m"20"[39m
                [33mstroke[39m=[32m"currentColor"[39m
                [33mstroke-linecap[39m=[32m"round"[39m
                [33mstroke-linejoin[39m=[32m"round"[39m
                [33mstroke-width[39m=[32m"2"[39m
                [33mviewBox[39m=[32m"0 0 24 24"[39m
                [33mwidth[39m=[32m"20"[39m
                [33mxmlns[39m=[32m"http://www.w3.org/2000/svg"[39m
              [36m>[39m
                [36m<path[39m
                  [33md[39m=[32m"m6 9 6 6 6-6"[39m
                [36m/>[39m
              [36m</svg>[39m
            [36m</div>[39m
          [36m</div>[39m
        [36m</div>[39m
      [36m</div>[39m
      [36m<div[39m
        [33mclass[39m=[32m"bg-white rounded-lg shadow overflow-hidden"[39m
      [36m>[39m
        [36m<div[39m
          [33mclass[39m=[32m"h-96 flex flex-col items-center justify-center text-center text-gray-500 p-4"[39m
        [36m>[39m
          [36m<svg[39m
            [33maria-hidden[39m=[32m"true"[39m
            [33mclass[39m=[32m"lucide lucide-package mb-4"[39m
            [33mfill[39m=[32m"none"[39m
            [33mheight[39m=[32m"48"[39m
            [33mstroke[39m=[32m"currentColor"[39m
            [33mstroke-linecap[39m=[32m"round"[39m
            [33mstroke-linejoin[39m=[32m"round"[39m
            [33mstroke-width[39m=[32m"2"[39m
            [33mviewBox[39m=[32m"0 0 24 24"[39m
            [33mwidth[39m=[32m"48"[39m
            [33mxmlns[39m=[32m"http://www.w3.org/2000/svg"[39m
          [36m>[39m
            [36m<path[39m
              [33md[39m=[32m"M11 21.73a2 2 0 0 0 2 0l7-4A2 2 0 0 0 21 16V8a2 2 0 0 0-1-1.73l-7-4a2 2 0 0 0-2 0l-7 4A2 2 0 0 0 3 8v8a2 2 0 0 0 1 1.73z"[39m
            [36m/>[39m
            [36m<path[39m
              [33md[39m=[32m"M12 22V12"[39m
            [36m/>[39m
            [36m<polyline[39m
              [33mpoints[39m=[32m"3.29 7 12 12 20.71 7"[39m
            [36m/>[39m
            [36m<path[39m
              [33md[39m=[32m"m7.5 4.27 9 5.15"[39m
            [36m/>[39m
          [36m</svg>[39m
          [36m<p[39m
            [33mclass[39m=[32m"font-semibold text-lg"[39m
          [36m>[39m
            [0mNenhum produto encontrado.[0m
          [36m</p>[39m
          [36m<p[39m
            [33mclass[39m=[32m"text-sm mb-4"[39m
          [36m>[39m
            [0mComece cadastrando um novo produto ou popule com dados de exemplo.[0m
          [36m</p>[39m
          [36m<button[39m
            [33mclass[39m=[32m"mt-4 flex items-center gap-2 bg-blue-100 text-blue-700 font-bold py-2 px-4 rounded-lg hover:bg-blue-200 transition-colors disabled:opacity-50"[39m
          [36m>[39m
            [36m<svg[39m
              [33maria-hidden[39m=[32m"true"[39m
              [33mclass[39m=[32m"lucide lucide-database-backup"[39m
              [33mfill[39m=[32m"none"[39m
              [33mheight[39m=[32m"20"[39m
              [33mstroke[39m=[32m"currentColor"[39m
              [33mstroke-linecap[39m=[32m"round"[39m
              [33mstroke-linejoin[39m=[32m"round"[39m
              [33mstroke-width[39m=[32m"2"[39m
              [33mviewBox[39m=[32m"0 0 24 24"[39m
              [33mwidth[39m=[32m"20"[39m
              [33mxmlns[39m=[32m"http://www.w3.org/2000/svg"[39m
            [36m>[39m
              [36m<ellipse[39m
                [33mcx[39m=[32m"12"[39m
                [33mcy[39m=[32m"5"[39m
                [33mrx[39m=[32m"9"[39m
                [33mry[39m=[32m"3"[39m
              [36m/>[39m
              [36m<path[39m
                [33md[39m=[32m"M3 12a9 3 0 0 0 5 2.69"[39m
              [36m/>[39m
              [36m<path[39m
                [33md[39m=[32m"M21 9.3V5"[39m
              [36m/>[39m
              [36m<path[39m
                [33md[39m=[32m"M3 5v14a9 3 0 0 0 6.47 2.88"[39m
              [36m/>[39m
              [36m<path[39m
                [33md[39m=[32m"M12 12v4h4"[39m
              [36m/>[39m
              [36m<path[39m
                [33md[39m=[32m"M13 20a5 5 0 0 0 9-3 4.5 4.5 0 0 0-4.5-4.5c-1.33 0-2.54.54-3.41 1.41L12 16"[39m
              [36m/>[39m
            [36m</svg>[39m
            [0mPopular com 10 produtos padrão[0m
          [36m</button>[39m
        [36m</div>[39m
      [36m</div>[39m
    [36m</div>[39m
    [36m<div[39m
      [33mclass[39m=[32m"fixed top-5 right-5 z-50 space-y-3"[39m
    [36m/>[39m
  [36m</div>[39m
[36m</body>[39m

Ignored nodes: comments, script, style
[36m<html>[39m
  [36m<head />[39m
  [36m<body>[39m
    [36m<div>[39m
      [36m<div[39m
        [33mclass[39m=[32m"p-1"[39m
      [36m>[39m
        [36m<div[39m
          [33mclass[39m=[32m"flex justify-between items-center mb-6"[39m
        [36m>[39m
          [36m<h1[39m
            [33mclass[39m=[32m"text-3xl font-bold text-gray-800"[39m
          [36m>[39m
            [0mProdutos[0m
          [36m</h1>[39m
          [36m<div[39m
            [33mclass[39m=[32m"flex items-center gap-2"[39m
          [36m>[39m
            [36m<button[39m
              [33mclass[39m=[32m"flex items-center gap-2 bg-gray-100 text-gray-700 font-semibold py-2 px-4 rounded-lg hover:bg-gray-200 transition-colors disabled:opacity-50"[39m
            [36m>[39m
              [36m<svg[39m
                [33maria-hidden[39m=[32m"true"[39m
                [33mclass[39m=[32m"lucide lucide-database-backup"[39m
                [33mfill[39m=[32m"none"[39m
                [33mheight[39m=[32m"20"[39m
                [33mstroke[39m=[32m"currentColor"[39m
                [33mstroke-linecap[39m=[32m"round"[39m
                [33mstroke-linejoin[39m=[32m"round"[39m
                [33mstroke-width[39m=[32m"2"[39m
                [33mviewBox[39m=[32m"0 0 24 24"[39m
                [33mwidth[39m=[32m"20"[39m
                [33mxmlns[39m=[32m"http://www.w3.org/2000/svg"[39m
              [36m>[39m
                [36m<ellipse[39m
                  [33mcx[39m=[32m"12"[39m
                  [33mcy[39m=[32m"5"[39m
                  [33mrx[39m=[32m"9"[39m
                  [33mry[39m=[32m"3"[39m
                [36m/>[39m
                [36m<path[39m
                  [33md[39m=[32m"M3 12a9 3 0 0 0 5 2.69"[39m
                [36m/>[39m
                [36m<path[39m
                  [33md[39m=[32m"M21 9.3V5"[39m
                [36m/>[39m
                [36m<path[39m
                  [33md[39m=[32m"M3 5v14a9 3 0 0 0 6.47 2.88"[39m
                [36m/>[39m
                [36m<path[39m
                  [33md[39m=[32m"M12 12v4h4"[39m
                [36m/>[39m
                [36m<path[39m
                  [33md[39m=[32m"M13 20a5 5 0 0 0 9-3 4.5 4.5 0 0 0-4.5-4.5c-1.33 0-2.54.54-3.41 1.41L12 16"[39m
                [36m/>[39m
              [36m</svg>[39m
              [0mPopular Dados[0m
            [36m</button>[39m
            [36m<button[39m
              [33mclass[39m=[32m"flex items-center gap-2 bg-blue-600 text-white font-bold py-2 px-4 rounded-lg hover:bg-blue-700 transition-colors"[39m
            [36m>[39m
              [36m<svg[39m
                [33maria-hidden[39m=[32m"true"[39m
                [33mclass[39m=[32m"lucide lucide-circle-plus"[39m
                [33mfill[39m=[32m"none"[39m
                [33mheight[39m=[32m"20"[39m
                [33mstroke[39m=[32m"currentColor"[39m
                [33mstroke-linecap[39m=[32m"round"[39m
                [33mstroke-linejoin[39m=[32m"round"[39m
                [33mstroke-width[39m=[32m"2"[39m
                [33mviewBox[39m=[32m"0 0 24 24"[39m
                [33mwidth[39m=[32m"20"[39m
                [33mxmlns[39m=[32m"http://www.w3.org/2000/svg"[39m
              [36m>[39m
                [36m<circle[39m
                  [33mcx[39m=[32m"12"[39m
                  [33mcy[39m=[32m"12"[39m
                  [33mr[39m=[32m"10"[39m
                [36m/>[39m
                [36m<path[39m
                  [33md[39m=[32m"M8 12h8"[39m
                [36m/>[39m
                [36m<path[39m
                  [33md[39m=[32m"M12 8v8"[39m
                [36m/>[39m
              [36m</svg>[39m
              [0mNovo Produto[0m
            [36m</button>[39m
          [36m</div>[39m
        [36m</div>[39m
        [36m<div[39m
          [33mclass[39m=[32m"mb-4 flex gap-4"[39m
        [36m>[39m
          [36m<div[39m
            [33mclass[39m=[32m"relative"[39m
          [36m>[39m
            [36m<svg[39m
              [33maria-hidden[39m=[32m"true"[39m
              [33mclass[39m=[32m"lucide lucide-search absolute left-3 top-1/2 -translate-y-1/2 text-gray-400"[39m
              [33mfill[39m=[32m"none"[39m
              [33mheight[39m=[32m"20"[39m
              [33mstroke[39m=[32m"currentColor"[39m
              [33mstroke-linecap[39m=[32m"round"[39m
              [33mstroke-linejoin[39m=[32m"round"[39m
              [33mstroke-width[39m=[32m"2"[39m
              [33mviewBox[39m=[32m"0 0 24 24"[39m
              [33mwidth[39m=[32m"20"[39m
              [33mxmlns[39m=[32m"http://www.w3.org/2000/svg"[39m
            [36m>[39m
              [36m<path[39m
                [33md[39m=[32m"m21 21-4.34-4.34"[39m
              [36m/>[39m
              [36m<circle[39m
                [33mcx[39m=[32m"11"[39m
                [33mcy[39m=[32m"11"[39m
                [33mr[39m=[32m"8"[39m
              [36m/>[39m
            [36m</svg>[39m
            [36m<input[39m
              [33mclass[39m=[32m"w-full max-w-sm p-3 pl-10 border border-gray-300 rounded-lg"[39m
              [33mplaceholder[39m=[32m"Buscar por nome ou SKU..."[39m
              [33mtype[39m=[32m"text"[39m
              [33mvalue[39m=[32m""[39m
            [36m/>[39m
          [36m</div>[39m
          [36m<div[39m
            [33mclass[39m=[32m"min-w-[200px]"[39m
          [36m>[39m
            [36m<div[39m
              [33mclass[39m=[32m"relative"[39m
            [36m>[39m
              [36m<select[39m
                [33mclass[39m=[32m"w-full p-3 pr-10 bg-white/80 border border-gray-300 rounded-lg focus:ring-2 focus:ring-blue-500 focus:border-blue-500 transition shadow-sm appearance-none"[39m
              [36m>[39m
                [36m<option[39m
                  [33mvalue[39m=[32m""[39m
                [36m>[39m
                  [0mTodos os status[0m
                [36m</option>[39m
                [36m<option[39m
                  [33mvalue[39m=[32m"ativo"[39m
                [36m>[39m
                  [0mAtivo[0m
                [36m</option>[39m
                [36m<option[39m
                  [33mvalue[39m=[32m"inativo"[39m
                [36m>[39m
                  [0mInativo[0m
                [36m</option>[39m
              [36m</select>[39m
              [36m<div[39m
                [33mclass[39m=[32m"pointer-events-none absolute inset-y-0 right-0 flex items-center px-3 text-gray-700"[39m
              [36m>[39m
                [36m<svg[39m
                  [33maria-hidden[39m=[32m"true"[39m
                  [33mclass[39m=[32m"lucide lucide-chevron-down"[39m
                  [33mfill[39m=[32m"none"[39m
                  [33mheight[39m=[32m"20"[39m
                  [33mstroke[39m=[32m"currentColor"[39m
                  [33mstroke-linecap[39m=[32m"round"[39m
                  [33mstroke-linejoin[39m=[32m"round"[39m
                  [33mstroke-width[39m=[32m"2"[39m
                  [33mviewBox[39m=[32m"0 0 24 24"[39m
                  [33mwidth[39m=[32m"20"[39m
                  [33mxmlns[39m=[32m"http://www.w3.org/2000/svg"[39m
                [36m>[39m
                  [36m<path[39m
                    [33md[39m=[32m"m6 9 6 6 6-6"[39m
                  [36m/>[39m
                [36m</svg>[39m
              [36m</div>[39m
            [36m</div>[39m
          [36m</div>[39m
        [36m</div>[39m
        [36m<div[39m
          [33mclass[39m=[32m"bg-white rounded-lg shadow overflow-hidden"[39m
        [36m>[39m
          [36m<div[39m
            [33mclass[39m=[32m"h-96 flex flex-col items-center justify-center text-center text-gray-500 p-4"[39m
          [36m>[39m
            [36m<svg[39m
              [33maria-hidden[39m=[32m"true"[39m
              [33mclass[39m=[32m"lucide lucide-package mb-4"[39m
              [33mfill[39m=[32m"none"[39m
              [33mheight[39m=[32m"48"[39m
              [33mstroke[39m=[32m"currentColor"[39m
              [33mstroke-linecap[39m=[32m"round"[39m
              [33mstroke-linejoin[39m=[32m"round"[39m
              [33mstroke-width[39m=[32m"2"[39m
              [33mviewBox[39m=[32m"0 0 24 24"[39m
              [33mwidth[39m=[32m"48"[39m
              [33mxmlns[39m=[32m"http://www.w3.org/2000/svg"[39m
            [36m>[39m
              [36m<path[39m
                [33md[39m=[32m"M11 21.73a2 2 0 0 0 2 0l7-4A2 2 0 0 0 21 16V8a2 2 0 0 0-1-1.73l-7-4a2 2 0 0 0-2 0l-7 4A2 2 0 0 0 3 8v8a2 2 0 0 0 1 1.73z"[39m
              [36m/>[39m
              [36m<path[39m
                [33md[39m=[32m"M12 22V12"[39m
              [36m/>[39m
              [36m<polyline[39m
                [33mpoints[39m=[32m"3.29 7 12 12 20.71 7"[39m
              [36m/>[39m
              [36m<path[39m
                [33md[39m=[32m"m7.5 4.27 9 5.15"[39m
              [36m/>[39m
            [36m</svg>[39m
            [36m<p[39m
              [33mclass[39m=[32m"font-semibold text-lg"[39m
            [36m>[39m
              [0mNenhum produto encontrado.[0m
            [36m</p>[39m
            [36m<p[39m
              [33mclass[39m=[32m"text-sm mb-4"[39m
            [36m>[39m
              [0mComece cadastrando um novo produto ou popule com dados de exemplo.[0m
            [36m</p>[39m
            [36m<button[39m
              [33mclass[39m=[32m"mt-4 flex items-center gap-2 bg-blue-100 text-blue-700 font-bold py-2 px-4 rounded-lg hover:bg-blue-200 transition-colors disabled:opacity-50"[39m
            [36m>[39m
              [36m<svg[39m
                [33maria-hidden[39m=[32m"true"[39m
                [33mclass[39m=[32m"lucide lucide-database-backup"[39m
                [33mfill[39m=[32m"none"[39m
                [33mheight[39m=[32m"20"[39m
                [33mstroke[39m=[32m"currentColor"[39m
                [33mstroke-linecap[39m=[32m"round"[39m
                [33mstroke-linejoin[39m=[32m"round"[39m
                [33mstroke-width[39m=[32m"2"[39m
                [33mviewBox[39m=[32m"0 0 24 24"[39m
                [33mwidth[39m=[32m"20"[39m
                [33mxmlns[39m=[32m"http://www.w3.org/2000/svg"[39m
              [36m>[39m
                [36m<ellipse[39m
                  [33mcx[39m=[32m"12"[39m
                  [33mcy[39m=[32m"5"[39m
                  [33mrx[39m=[32m"9"[39m
                  [33mry[39m=[32m"3"[39m
                [36m/>[39m
                [36m<path[39m
                  [33md[39m=[32m"M3 12a9 3 0 0 0 5 2.69"[39m
                [36m/>[39m
                [36m<path[39m
                  [33md[39m=[32m"M21 9.3V5"[39m
                [36m/>[39m
                [36m<path[39m
                  [33md[39m=[32m"M3 5v14a9 3 0 0 0 6.47 2.88"[39m
                [36m/>[39m
                [36m<path[39m
                  [33md[39m=[32m"M12 12v4h4"[39m
                [36m/>[39m
                [36m<path[39m
                  [33md[39m=[32m"M13 20a5 5 0 0 0 9-3 4.5 4.5 0 0 0-4.5-4.5c-1.33 0-2.54.54-3.41 1.41L12 16"[39m
                [36m/>[39m
              [36m</svg>[39m
              [0mPopular com 10 produtos padrão[0m
            [36m</button>[39m
          [36m</div>[39m
        [36m</div>[39m
      [36m</div>[39m
      [36m<div[39m
        [33mclass[39m=[32m"fixed top-5 right-5 z-50 space-y-3"[39m
      [36m/>[39m
    [36m</div>[39m
  [36m</body>[39m
[36m</html>[39m
   ❯ src/pages/products/ProductsPage.test.tsx > ProductsPage Integration > filters products by search term
     → Unable to find an element with the text: Produto Teste 1. This could be because the text is broken up by multiple elements. In this case, you can provide a function for your text matcher to make your matcher more flexible.

Ignored nodes: comments, script, style
[36m<body>[39m
  [36m<div>[39m
    [36m<div[39m
      [33mclass[39m=[32m"p-1"[39m
    [36m>[39m
      [36m<div[39m
        [33mclass[39m=[32m"flex justify-between items-center mb-6"[39m
      [36m>[39m
        [36m<h1[39m
          [33mclass[39m=[32m"text-3xl font-bold text-gray-800"[39m
        [36m>[39m
          [0mProdutos[0m
        [36m</h1>[39m
        [36m<div[39m
          [33mclass[39m=[32m"flex items-center gap-2"[39m
        [36m>[39m
          [36m<button[39m
            [33mclass[39m=[32m"flex items-center gap-2 bg-gray-100 text-gray-700 font-semibold py-2 px-4 rounded-lg hover:bg-gray-200 transition-colors disabled:opacity-50"[39m
          [36m>[39m
            [36m<svg[39m
              [33maria-hidden[39m=[32m"true"[39m
              [33mclass[39m=[32m"lucide lucide-database-backup"[39m
              [33mfill[39m=[32m"none"[39m
              [33mheight[39m=[32m"20"[39m
              [33mstroke[39m=[32m"currentColor"[39m
              [33mstroke-linecap[39m=[32m"round"[39m
              [33mstroke-linejoin[39m=[32m"round"[39m
              [33mstroke-width[39m=[32m"2"[39m
              [33mviewBox[39m=[32m"0 0 24 24"[39m
              [33mwidth[39m=[32m"20"[39m
              [33mxmlns[39m=[32m"http://www.w3.org/2000/svg"[39m
            [36m>[39m
              [36m<ellipse[39m
                [33mcx[39m=[32m"12"[39m
                [33mcy[39m=[32m"5"[39m
                [33mrx[39m=[32m"9"[39m
                [33mry[39m=[32m"3"[39m
              [36m/>[39m
              [36m<path[39m
                [33md[39m=[32m"M3 12a9 3 0 0 0 5 2.69"[39m
              [36m/>[39m
              [36m<path[39m
                [33md[39m=[32m"M21 9.3V5"[39m
              [36m/>[39m
              [36m<path[39m
                [33md[39m=[32m"M3 5v14a9 3 0 0 0 6.47 2.88"[39m
              [36m/>[39m
              [36m<path[39m
                [33md[39m=[32m"M12 12v4h4"[39m
              [36m/>[39m
              [36m<path[39m
                [33md[39m=[32m"M13 20a5 5 0 0 0 9-3 4.5 4.5 0 0 0-4.5-4.5c-1.33 0-2.54.54-3.41 1.41L12 16"[39m
              [36m/>[39m
            [36m</svg>[39m
            [0mPopular Dados[0m
          [36m</button>[39m
          [36m<button[39m
            [33mclass[39m=[32m"flex items-center gap-2 bg-blue-600 text-white font-bold py-2 px-4 rounded-lg hover:bg-blue-700 transition-colors"[39m
          [36m>[39m
            [36m<svg[39m
              [33maria-hidden[39m=[32m"true"[39m
              [33mclass[39m=[32m"lucide lucide-circle-plus"[39m
              [33mfill[39m=[32m"none"[39m
              [33mheight[39m=[32m"20"[39m
              [33mstroke[39m=[32m"currentColor"[39m
              [33mstroke-linecap[39m=[32m"round"[39m
              [33mstroke-linejoin[39m=[32m"round"[39m
              [33mstroke-width[39m=[32m"2"[39m
              [33mviewBox[39m=[32m"0 0 24 24"[39m
              [33mwidth[39m=[32m"20"[39m
              [33mxmlns[39m=[32m"http://www.w3.org/2000/svg"[39m
            [36m>[39m
              [36m<circle[39m
                [33mcx[39m=[32m"12"[39m
                [33mcy[39m=[32m"12"[39m
                [33mr[39m=[32m"10"[39m
              [36m/>[39m
              [36m<path[39m
                [33md[39m=[32m"M8 12h8"[39m
              [36m/>[39m
              [36m<path[39m
                [33md[39m=[32m"M12 8v8"[39m
              [36m/>[39m
            [36m</svg>[39m
            [0mNovo Produto[0m
          [36m</button>[39m
        [36m</div>[39m
      [36m</div>[39m
      [36m<div[39m
        [33mclass[39m=[32m"mb-4 flex gap-4"[39m
      [36m>[39m
        [36m<div[39m
          [33mclass[39m=[32m"relative"[39m
        [36m>[39m
          [36m<svg[39m
            [33maria-hidden[39m=[32m"true"[39m
            [33mclass[39m=[32m"lucide lucide-search absolute left-3 top-1/2 -translate-y-1/2 text-gray-400"[39m
            [33mfill[39m=[32m"none"[39m
            [33mheight[39m=[32m"20"[39m
            [33mstroke[39m=[32m"currentColor"[39m
            [33mstroke-linecap[39m=[32m"round"[39m
            [33mstroke-linejoin[39m=[32m"round"[39m
            [33mstroke-width[39m=[32m"2"[39m
            [33mviewBox[39m=[32m"0 0 24 24"[39m
            [33mwidth[39m=[32m"20"[39m
            [33mxmlns[39m=[32m"http://www.w3.org/2000/svg"[39m
          [36m>[39m
            [36m<path[39m
              [33md[39m=[32m"m21 21-4.34-4.34"[39m
            [36m/>[39m
            [36m<circle[39m
              [33mcx[39m=[32m"11"[39m
              [33mcy[39m=[32m"11"[39m
              [33mr[39m=[32m"8"[39m
            [36m/>[39m
          [36m</svg>[39m
          [36m<input[39m
            [33mclass[39m=[32m"w-full max-w-sm p-3 pl-10 border border-gray-300 rounded-lg"[39m
            [33mplaceholder[39m=[32m"Buscar por nome ou SKU..."[39m
            [33mtype[39m=[32m"text"[39m
            [33mvalue[39m=[32m""[39m
          [36m/>[39m
        [36m</div>[39m
        [36m<div[39m
          [33mclass[39m=[32m"min-w-[200px]"[39m
        [36m>[39m
          [36m<div[39m
            [33mclass[39m=[32m"relative"[39m
          [36m>[39m
            [36m<select[39m
              [33mclass[39m=[32m"w-full p-3 pr-10 bg-white/80 border border-gray-300 rounded-lg focus:ring-2 focus:ring-blue-500 focus:border-blue-500 transition shadow-sm appearance-none"[39m
            [36m>[39m
              [36m<option[39m
                [33mvalue[39m=[32m""[39m
              [36m>[39m
                [0mTodos os status[0m
              [36m</option>[39m
              [36m<option[39m
                [33mvalue[39m=[32m"ativo"[39m
              [36m>[39m
                [0mAtivo[0m
              [36m</option>[39m
              [36m<option[39m
                [33mvalue[39m=[32m"inativo"[39m
              [36m>[39m
                [0mInativo[0m
              [36m</option>[39m
            [36m</select>[39m
            [36m<div[39m
              [33mclass[39m=[32m"pointer-events-none absolute inset-y-0 right-0 flex items-center px-3 text-gray-700"[39m
            [36m>[39m
              [36m<svg[39m
                [33maria-hidden[39m=[32m"true"[39m
                [33mclass[39m=[32m"lucide lucide-chevron-down"[39m
                [33mfill[39m=[32m"none"[39m
                [33mheight[39m=[32m"20"[39m
                [33mstroke[39m=[32m"currentColor"[39m
                [33mstroke-linecap[39m=[32m"round"[39m
                [33mstroke-linejoin[39m=[32m"round"[39m
                [33mstroke-width[39m=[32m"2"[39m
                [33mviewBox[39m=[32m"0 0 24 24"[39m
                [33mwidth[39m=[32m"20"[39m
                [33mxmlns[39m=[32m"http://www.w3.org/2000/svg"[39m
              [36m>[39m
                [36m<path[39m
                  [33md[39m=[32m"m6 9 6 6 6-6"[39m
                [36m/>[39m
              [36m</svg>[39m
            [36m</div>[39m
          [36m</div>[39m
        [36m</div>[39m
      [36m</div>[39m
      [36m<div[39m
        [33mclass[39m=[32m"bg-white rounded-lg shadow overflow-hidden"[39m
      [36m>[39m
        [36m<div[39m
          [33mclass[39m=[32m"h-96 flex flex-col items-center justify-center text-center text-gray-500 p-4"[39m
        [36m>[39m
          [36m<svg[39m
            [33maria-hidden[39m=[32m"true"[39m
            [33mclass[39m=[32m"lucide lucide-package mb-4"[39m
            [33mfill[39m=[32m"none"[39m
            [33mheight[39m=[32m"48"[39m
            [33mstroke[39m=[32m"currentColor"[39m
            [33mstroke-linecap[39m=[32m"round"[39m
            [33mstroke-linejoin[39m=[32m"round"[39m
            [33mstroke-width[39m=[32m"2"[39m
            [33mviewBox[39m=[32m"0 0 24 24"[39m
            [33mwidth[39m=[32m"48"[39m
            [33mxmlns[39m=[32m"http://www.w3.org/2000/svg"[39m
          [36m>[39m
            [36m<path[39m
              [33md[39m=[32m"M11 21.73a2 2 0 0 0 2 0l7-4A2 2 0 0 0 21 16V8a2 2 0 0 0-1-1.73l-7-4a2 2 0 0 0-2 0l-7 4A2 2 0 0 0 3 8v8a2 2 0 0 0 1 1.73z"[39m
            [36m/>[39m
            [36m<path[39m
              [33md[39m=[32m"M12 22V12"[39m
            [36m/>[39m
            [36m<polyline[39m
              [33mpoints[39m=[32m"3.29 7 12 12 20.71 7"[39m
            [36m/>[39m
            [36m<path[39m
              [33md[39m=[32m"m7.5 4.27 9 5.15"[39m
            [36m/>[39m
          [36m</svg>[39m
          [36m<p[39m
            [33mclass[39m=[32m"font-semibold text-lg"[39m
          [36m>[39m
            [0mNenhum produto encontrado.[0m
          [36m</p>[39m
          [36m<p[39m
            [33mclass[39m=[32m"text-sm mb-4"[39m
          [36m>[39m
            [0mComece cadastrando um novo produto ou popule com dados de exemplo.[0m
          [36m</p>[39m
          [36m<button[39m
            [33mclass[39m=[32m"mt-4 flex items-center gap-2 bg-blue-100 text-blue-700 font-bold py-2 px-4 rounded-lg hover:bg-blue-200 transition-colors disabled:opacity-50"[39m
          [36m>[39m
            [36m<svg[39m
              [33maria-hidden[39m=[32m"true"[39m
              [33mclass[39m=[32m"lucide lucide-database-backup"[39m
              [33mfill[39m=[32m"none"[39m
              [33mheight[39m=[32m"20"[39m
              [33mstroke[39m=[32m"currentColor"[39m
              [33mstroke-linecap[39m=[32m"round"[39m
              [33mstroke-linejoin[39m=[32m"round"[39m
              [33mstroke-width[39m=[32m"2"[39m
              [33mviewBox[39m=[32m"0 0 24 24"[39m
              [33mwidth[39m=[32m"20"[39m
              [33mxmlns[39m=[32m"http://www.w3.org/2000/svg"[39m
            [36m>[39m
              [36m<ellipse[39m
                [33mcx[39m=[32m"12"[39m
                [33mcy[39m=[32m"5"[39m
                [33mrx[39m=[32m"9"[39m
                [33mry[39m=[32m"3"[39m
              [36m/>[39m
              [36m<path[39m
                [33md[39m=[32m"M3 12a9 3 0 0 0 5 2.69"[39m
              [36m/>[39m
              [36m<path[39m
                [33md[39m=[32m"M21 9.3V5"[39m
              [36m/>[39m
              [36m<path[39m
                [33md[39m=[32m"M3 5v14a9 3 0 0 0 6.47 2.88"[39m
              [36m/>[39m
              [36m<path[39m
                [33md[39m=[32m"M12 12v4h4"[39m
              [36m/>[39m
              [36m<path[39m
                [33md[39m=[32m"M13 20a5 5 0 0 0 9-3 4.5 4.5 0 0 0-4.5-4.5c-1.33 0-2.54.54-3.41 1.41L12 16"[39m
              [36m/>[39m
            [36m</svg>[39m
            [0mPopular com 10 produtos padrão[0m
          [36m</button>[39m
        [36m</div>[39m
      [36m</div>[39m
    [36m</div>[39m
    [36m<div[39m
      [33mclass[39m=[32m"fixed top-5 right-5 z-50 space-y-3"[39m
    [36m/>[39m
  [36m</div>[39m
[36m</body>[39m

Ignored nodes: comments, script, style
[36m<html>[39m
  [36m<head />[39m
  [36m<body>[39m
    [36m<div>[39m
      [36m<div[39m
        [33mclass[39m=[32m"p-1"[39m
      [36m>[39m
        [36m<div[39m
          [33mclass[39m=[32m"flex justify-between items-center mb-6"[39m
        [36m>[39m
          [36m<h1[39m
            [33mclass[39m=[32m"text-3xl font-bold text-gray-800"[39m
          [36m>[39m
            [0mProdutos[0m
          [36m</h1>[39m
          [36m<div[39m
            [33mclass[39m=[32m"flex items-center gap-2"[39m
          [36m>[39m
            [36m<button[39m
              [33mclass[39m=[32m"flex items-center gap-2 bg-gray-100 text-gray-700 font-semibold py-2 px-4 rounded-lg hover:bg-gray-200 transition-colors disabled:opacity-50"[39m
            [36m>[39m
              [36m<svg[39m
                [33maria-hidden[39m=[32m"true"[39m
                [33mclass[39m=[32m"lucide lucide-database-backup"[39m
                [33mfill[39m=[32m"none"[39m
                [33mheight[39m=[32m"20"[39m
                [33mstroke[39m=[32m"currentColor"[39m
                [33mstroke-linecap[39m=[32m"round"[39m
                [33mstroke-linejoin[39m=[32m"round"[39m
                [33mstroke-width[39m=[32m"2"[39m
                [33mviewBox[39m=[32m"0 0 24 24"[39m
                [33mwidth[39m=[32m"20"[39m
                [33mxmlns[39m=[32m"http://www.w3.org/2000/svg"[39m
              [36m>[39m
                [36m<ellipse[39m
                  [33mcx[39m=[32m"12"[39m
                  [33mcy[39m=[32m"5"[39m
                  [33mrx[39m=[32m"9"[39m
                  [33mry[39m=[32m"3"[39m
                [36m/>[39m
                [36m<path[39m
                  [33md[39m=[32m"M3 12a9 3 0 0 0 5 2.69"[39m
                [36m/>[39m
                [36m<path[39m
                  [33md[39m=[32m"M21 9.3V5"[39m
                [36m/>[39m
                [36m<path[39m
                  [33md[39m=[32m"M3 5v14a9 3 0 0 0 6.47 2.88"[39m
                [36m/>[39m
                [36m<path[39m
                  [33md[39m=[32m"M12 12v4h4"[39m
                [36m/>[39m
                [36m<path[39m
                  [33md[39m=[32m"M13 20a5 5 0 0 0 9-3 4.5 4.5 0 0 0-4.5-4.5c-1.33 0-2.54.54-3.41 1.41L12 16"[39m
                [36m/>[39m
              [36m</svg>[39m
              [0mPopular Dados[0m
            [36m</button>[39m
            [36m<button[39m
              [33mclass[39m=[32m"flex items-center gap-2 bg-blue-600 text-white font-bold py-2 px-4 rounded-lg hover:bg-blue-700 transition-colors"[39m
            [36m>[39m
              [36m<svg[39m
                [33maria-hidden[39m=[32m"true"[39m
                [33mclass[39m=[32m"lucide lucide-circle-plus"[39m
                [33mfill[39m=[32m"none"[39m
                [33mheight[39m=[32m"20"[39m
                [33mstroke[39m=[32m"currentColor"[39m
                [33mstroke-linecap[39m=[32m"round"[39m
                [33mstroke-linejoin[39m=[32m"round"[39m
                [33mstroke-width[39m=[32m"2"[39m
                [33mviewBox[39m=[32m"0 0 24 24"[39m
                [33mwidth[39m=[32m"20"[39m
                [33mxmlns[39m=[32m"http://www.w3.org/2000/svg"[39m
              [36m>[39m
                [36m<circle[39m
                  [33mcx[39m=[32m"12"[39m
                  [33mcy[39m=[32m"12"[39m
                  [33mr[39m=[32m"10"[39m
                [36m/>[39m
                [36m<path[39m
                  [33md[39m=[32m"M8 12h8"[39m
                [36m/>[39m
                [36m<path[39m
                  [33md[39m=[32m"M12 8v8"[39m
                [36m/>[39m
              [36m</svg>[39m
              [0mNovo Produto[0m
            [36m</button>[39m
          [36m</div>[39m
        [36m</div>[39m
        [36m<div[39m
          [33mclass[39m=[32m"mb-4 flex gap-4"[39m
        [36m>[39m
          [36m<div[39m
            [33mclass[39m=[32m"relative"[39m
          [36m>[39m
            [36m<svg[39m
              [33maria-hidden[39m=[32m"true"[39m
              [33mclass[39m=[32m"lucide lucide-search absolute left-3 top-1/2 -translate-y-1/2 text-gray-400"[39m
              [33mfill[39m=[32m"none"[39m
              [33mheight[39m=[32m"20"[39m
              [33mstroke[39m=[32m"currentColor"[39m
              [33mstroke-linecap[39m=[32m"round"[39m
              [33mstroke-linejoin[39m=[32m"round"[39m
              [33mstroke-width[39m=[32m"2"[39m
              [33mviewBox[39m=[32m"0 0 24 24"[39m
              [33mwidth[39m=[32m"20"[39m
              [33mxmlns[39m=[32m"http://www.w3.org/2000/svg"[39m
            [36m>[39m
              [36m<path[39m
                [33md[39m=[32m"m21 21-4.34-4.34"[39m
              [36m/>[39m
              [36m<circle[39m
                [33mcx[39m=[32m"11"[39m
                [33mcy[39m=[32m"11"[39m
                [33mr[39m=[32m"8"[39m
              [36m/>[39m
            [36m</svg>[39m
            [36m<input[39m
              [33mclass[39m=[32m"w-full max-w-sm p-3 pl-10 border border-gray-300 rounded-lg"[39m
              [33mplaceholder[39m=[32m"Buscar por nome ou SKU..."[39m
              [33mtype[39m=[32m"text"[39m
              [33mvalue[39m=[32m""[39m
            [36m/>[39m
          [36m</div>[39m
          [36m<div[39m
            [33mclass[39m=[32m"min-w-[200px]"[39m
          [36m>[39m
            [36m<div[39m
              [33mclass[39m=[32m"relative"[39m
            [36m>[39m
              [36m<select[39m
                [33mclass[39m=[32m"w-full p-3 pr-10 bg-white/80 border border-gray-300 rounded-lg focus:ring-2 focus:ring-blue-500 focus:border-blue-500 transition shadow-sm appearance-none"[39m
              [36m>[39m
                [36m<option[39m
                  [33mvalue[39m=[32m""[39m
                [36m>[39m
                  [0mTodos os status[0m
                [36m</option>[39m
                [36m<option[39m
                  [33mvalue[39m=[32m"ativo"[39m
                [36m>[39m
                  [0mAtivo[0m
                [36m</option>[39m
                [36m<option[39m
                  [33mvalue[39m=[32m"inativo"[39m
                [36m>[39m
                  [0mInativo[0m
                [36m</option>[39m
              [36m</select>[39m
              [36m<div[39m
                [33mclass[39m=[32m"pointer-events-none absolute inset-y-0 right-0 flex items-center px-3 text-gray-700"[39m
              [36m>[39m
                [36m<svg[39m
                  [33maria-hidden[39m=[32m"true"[39m
                  [33mclass[39m=[32m"lucide lucide-chevron-down"[39m
                  [33mfill[39m=[32m"none"[39m
                  [33mheight[39m=[32m"20"[39m
                  [33mstroke[39m=[32m"currentColor"[39m
                  [33mstroke-linecap[39m=[32m"round"[39m
                  [33mstroke-linejoin[39m=[32m"round"[39m
                  [33mstroke-width[39m=[32m"2"[39m
                  [33mviewBox[39m=[32m"0 0 24 24"[39m
                  [33mwidth[39m=[32m"20"[39m
                  [33mxmlns[39m=[32m"http://www.w3.org/2000/svg"[39m
                [36m>[39m
                  [36m<path[39m
                    [33md[39m=[32m"m6 9 6 6 6-6"[39m
                  [36m/>[39m
                [36m</svg>[39m
              [36m</div>[39m
            [36m</div>[39m
          [36m</div>[39m
        [36m</div>[39m
        [36m<div[39m
          [33mclass[39m=[32m"bg-white rounded-lg shadow overflow-hidden"[39m
        [36m>[39m
          [36m<div[39m
            [33mclass[39m=[32m"h-96 flex flex-col items-center justify-center text-center text-gray-500 p-4"[39m
          [36m>[39m
            [36m<svg[39m
              [33maria-hidden[39m=[32m"true"[39m
              [33mclass[39m=[32m"lucide lucide-package mb-4"[39m
              [33mfill[39m=[32m"none"[39m
              [33mheight[39m=[32m"48"[39m
              [33mstroke[39m=[32m"currentColor"[39m
              [33mstroke-linecap[39m=[32m"round"[39m
              [33mstroke-linejoin[39m=[32m"round"[39m
              [33mstroke-width[39m=[32m"2"[39m
              [33mviewBox[39m=[32m"0 0 24 24"[39m
              [33mwidth[39m=[32m"48"[39m
              [33mxmlns[39m=[32m"http://www.w3.org/2000/svg"[39m
            [36m>[39m
              [36m<path[39m
                [33md[39m=[32m"M11 21.73a2 2 0 0 0 2 0l7-4A2 2 0 0 0 21 16V8a2 2 0 0 0-1-1.73l-7-4a2 2 0 0 0-2 0l-7 4A2 2 0 0 0 3 8v8a2 2 0 0 0 1 1.73z"[39m
              [36m/>[39m
              [36m<path[39m
                [33md[39m=[32m"M12 22V12"[39m
              [36m/>[39m
              [36m<polyline[39m
                [33mpoints[39m=[32m"3.29 7 12 12 20.71 7"[39m
              [36m/>[39m
              [36m<path[39m
                [33md[39m=[32m"m7.5 4.27 9 5.15"[39m
              [36m/>[39m
            [36m</svg>[39m
            [36m<p[39m
              [33mclass[39m=[32m"font-semibold text-lg"[39m
            [36m>[39m
              [0mNenhum produto encontrado.[0m
            [36m</p>[39m
            [36m<p[39m
              [33mclass[39m=[32m"text-sm mb-4"[39m
            [36m>[39m
              [0mComece cadastrando um novo produto ou popule com dados de exemplo.[0m
            [36m</p>[39m
            [36m<button[39m
              [33mclass[39m=[32m"mt-4 flex items-center gap-2 bg-blue-100 text-blue-700 font-bold py-2 px-4 rounded-lg hover:bg-blue-200 transition-colors disabled:opacity-50"[39m
            [36m>[39m
              [36m<svg[39m
                [33maria-hidden[39m=[32m"true"[39m
                [33mclass[39m=[32m"lucide lucide-database-backup"[39m
                [33mfill[39m=[32m"none"[39m
                [33mheight[39m=[32m"20"[39m
                [33mstroke[39m=[32m"currentColor"[39m
                [33mstroke-linecap[39m=[32m"round"[39m
                [33mstroke-linejoin[39m=[32m"round"[39m
                [33mstroke-width[39m=[32m"2"[39m
                [33mviewBox[39m=[32m"0 0 24 24"[39m
                [33mwidth[39m=[32m"20"[39m
                [33mxmlns[39m=[32m"http://www.w3.org/2000/svg"[39m
              [36m>[39m
                [36m<ellipse[39m
                  [33mcx[39m=[32m"12"[39m
                  [33mcy[39m=[32m"5"[39m
                  [33mrx[39m=[32m"9"[39m
                  [33mry[39m=[32m"3"[39m
                [36m/>[39m
                [36m<path[39m
                  [33md[39m=[32m"M3 12a9 3 0 0 0 5 2.69"[39m
                [36m/>[39m
                [36m<path[39m
                  [33md[39m=[32m"M21 9.3V5"[39m
                [36m/>[39m
                [36m<path[39m
                  [33md[39m=[32m"M3 5v14a9 3 0 0 0 6.47 2.88"[39m
                [36m/>[39m
                [36m<path[39m
                  [33md[39m=[32m"M12 12v4h4"[39m
                [36m/>[39m
                [36m<path[39m
                  [33md[39m=[32m"M13 20a5 5 0 0 0 9-3 4.5 4.5 0 0 0-4.5-4.5c-1.33 0-2.54.54-3.41 1.41L12 16"[39m
                [36m/>[39m
              [36m</svg>[39m
              [0mPopular com 10 produtos padrão[0m
            [36m</button>[39m
          [36m</div>[39m
        [36m</div>[39m
      [36m</div>[39m
      [36m<div[39m
        [33mclass[39m=[32m"fixed top-5 right-5 z-50 space-y-3"[39m
      [36m/>[39m
    [36m</div>[39m
  [36m</body>[39m
[36m</html>[39m

⎯⎯⎯⎯⎯⎯⎯ Failed Tests 2 ⎯⎯⎯⎯⎯⎯⎯

 FAIL  src/pages/products/ProductsPage.test.tsx > ProductsPage Integration > renders the product list with data from MSW
TestingLibraryElementError: Unable to find an element with the text: Produto Teste 1. This could be because the text is broken up by multiple elements. In this case, you can provide a function for your text matcher to make your matcher more flexible.

Ignored nodes: comments, script, style
[36m<body>[39m
  [36m<div>[39m
    [36m<div[39m
      [33mclass[39m=[32m"p-1"[39m
    [36m>[39m
      [36m<div[39m
        [33mclass[39m=[32m"flex justify-between items-center mb-6"[39m
      [36m>[39m
        [36m<h1[39m
          [33mclass[39m=[32m"text-3xl font-bold text-gray-800"[39m
        [36m>[39m
          [0mProdutos[0m
        [36m</h1>[39m
        [36m<div[39m
          [33mclass[39m=[32m"flex items-center gap-2"[39m
        [36m>[39m
          [36m<button[39m
            [33mclass[39m=[32m"flex items-center gap-2 bg-gray-100 text-gray-700 font-semibold py-2 px-4 rounded-lg hover:bg-gray-200 transition-colors disabled:opacity-50"[39m
          [36m>[39m
            [36m<svg[39m
              [33maria-hidden[39m=[32m"true"[39m
              [33mclass[39m=[32m"lucide lucide-database-backup"[39m
              [33mfill[39m=[32m"none"[39m
              [33mheight[39m=[32m"20"[39m
              [33mstroke[39m=[32m"currentColor"[39m
              [33mstroke-linecap[39m=[32m"round"[39m
              [33mstroke-linejoin[39m=[32m"round"[39m
              [33mstroke-width[39m=[32m"2"[39m
              [33mviewBox[39m=[32m"0 0 24 24"[39m
              [33mwidth[39m=[32m"20"[39m
              [33mxmlns[39m=[32m"http://www.w3.org/2000/svg"[39m
            [36m>[39m
              [36m<ellipse[39m
                [33mcx[39m=[32m"12"[39m
                [33mcy[39m=[32m"5"[39m
                [33mrx[39m=[32m"9"[39m
                [33mry[39m=[32m"3"[39m
              [36m/>[39m
              [36m<path[39m
                [33md[39m=[32m"M3 12a9 3 0 0 0 5 2.69"[39m
              [36m/>[39m
              [36m<path[39m
                [33md[39m=[32m"M21 9.3V5"[39m
              [36m/>[39m
              [36m<path[39m
                [33md[39m=[32m"M3 5v14a9 3 0 0 0 6.47 2.88"[39m
              [36m/>[39m
              [36m<path[39m
                [33md[39m=[32m"M12 12v4h4"[39m
              [36m/>[39m
              [36m<path[39m
                [33md[39m=[32m"M13 20a5 5 0 0 0 9-3 4.5 4.5 0 0 0-4.5-4.5c-1.33 0-2.54.54-3.41 1.41L12 16"[39m
              [36m/>[39m
            [36m</svg>[39m
            [0mPopular Dados[0m
          [36m</button>[39m
          [36m<button[39m
            [33mclass[39m=[32m"flex items-center gap-2 bg-blue-600 text-white font-bold py-2 px-4 rounded-lg hover:bg-blue-700 transition-colors"[39m
          [36m>[39m
            [36m<svg[39m
              [33maria-hidden[39m=[32m"true"[39m
              [33mclass[39m=[32m"lucide lucide-circle-plus"[39m
              [33mfill[39m=[32m"none"[39m
              [33mheight[39m=[32m"20"[39m
              [33mstroke[39m=[32m"currentColor"[39m
              [33mstroke-linecap[39m=[32m"round"[39m
              [33mstroke-linejoin[39m=[32m"round"[39m
              [33mstroke-width[39m=[32m"2"[39m
              [33mviewBox[39m=[32m"0 0 24 24"[39m
              [33mwidth[39m=[32m"20"[39m
              [33mxmlns[39m=[32m"http://www.w3.org/2000/svg"[39m
            [36m>[39m
              [36m<circle[39m
                [33mcx[39m=[32m"12"[39m
                [33mcy[39m=[32m"12"[39m
                [33mr[39m=[32m"10"[39m
              [36m/>[39m
              [36m<path[39m
                [33md[39m=[32m"M8 12h8"[39m
              [36m/>[39m
              [36m<path[39m
                [33md[39m=[32m"M12 8v8"[39m
              [36m/>[39m
            [36m</svg>[39m
            [0mNovo Produto[0m
          [36m</button>[39m
        [36m</div>[39m
      [36m</div>[39m
      [36m<div[39m
        [33mclass[39m=[32m"mb-4 flex gap-4"[39m
      [36m>[39m
        [36m<div[39m
          [33mclass[39m=[32m"relative"[39m
        [36m>[39m
          [36m<svg[39m
            [33maria-hidden[39m=[32m"true"[39m
            [33mclass[39m=[32m"lucide lucide-search absolute left-3 top-1/2 -translate-y-1/2 text-gray-400"[39m
            [33mfill[39m=[32m"none"[39m
            [33mheight[39m=[32m"20"[39m
            [33mstroke[39m=[32m"currentColor"[39m
            [33mstroke-linecap[39m=[32m"round"[39m
            [33mstroke-linejoin[39m=[32m"round"[39m
            [33mstroke-width[39m=[32m"2"[39m
            [33mviewBox[39m=[32m"0 0 24 24"[39m
            [33mwidth[39m=[32m"20"[39m
            [33mxmlns[39m=[32m"http://www.w3.org/2000/svg"[39m
          [36m>[39m
            [36m<path[39m
              [33md[39m=[32m"m21 21-4.34-4.34"[39m
            [36m/>[39m
            [36m<circle[39m
              [33mcx[39m=[32m"11"[39m
              [33mcy[39m=[32m"11"[39m
              [33mr[39m=[32m"8"[39m
            [36m/>[39m
          [36m</svg>[39m
          [36m<input[39m
            [33mclass[39m=[32m"w-full max-w-sm p-3 pl-10 border border-gray-300 rounded-lg"[39m
            [33mplaceholder[39m=[32m"Buscar por nome ou SKU..."[39m
            [33mtype[39m=[32m"text"[39m
            [33mvalue[39m=[32m""[39m
          [36m/>[39m
        [36m</div>[39m
        [36m<div[39m
          [33mclass[39m=[32m"min-w-[200px]"[39m
        [36m>[39m
          [36m<div[39m
            [33mclass[39m=[32m"relative"[39m
          [36m>[39m
            [36m<select[39m
              [33mclass[39m=[32m"w-full p-3 pr-10 bg-white/80 border border-gray-300 rounded-lg focus:ring-2 focus:ring-blue-500 focus:border-blue-500 transition shadow-sm appearance-none"[39m
            [36m>[39m
              [36m<option[39m
                [33mvalue[39m=[32m""[39m
              [36m>[39m
                [0mTodos os status[0m
              [36m</option>[39m
              [36m<option[39m
                [33mvalue[39m=[32m"ativo"[39m
              [36m>[39m
                [0mAtivo[0m
              [36m</option>[39m
              [36m<option[39m
                [33mvalue[39m=[32m"inativo"[39m
              [36m>[39m
                [0mInativo[0m
              [36m</option>[39m
            [36m</select>[39m
            [36m<div[39m
              [33mclass[39m=[32m"pointer-events-none absolute inset-y-0 right-0 flex items-center px-3 text-gray-700"[39m
            [36m>[39m
              [36m<svg[39m
                [33maria-hidden[39m=[32m"true"[39m
                [33mclass[39m=[32m"lucide lucide-chevron-down"[39m
                [33mfill[39m=[32m"none"[39m
                [33mheight[39m=[32m"20"[39m
                [33mstroke[39m=[32m"currentColor"[39m
                [33mstroke-linecap[39m=[32m"round"[39m
                [33mstroke-linejoin[39m=[32m"round"[39m
                [33mstroke-width[39m=[32m"2"[39m
                [33mviewBox[39m=[32m"0 0 24 24"[39m
                [33mwidth[39m=[32m"20"[39m
                [33mxmlns[39m=[32m"http://www.w3.org/2000/svg"[39m
              [36m>[39m
                [36m<path[39m
                  [33md[39m=[32m"m6 9 6 6 6-6"[39m
                [36m/>[39m
              [36m</svg>[39m
            [36m</div>[39m
          [36m</div>[39m
        [36m</div>[39m
      [36m</div>[39m
      [36m<div[39m
        [33mclass[39m=[32m"bg-white rounded-lg shadow overflow-hidden"[39m
      [36m>[39m
        [36m<div[39m
          [33mclass[39m=[32m"h-96 flex flex-col items-center justify-center text-center text-gray-500 p-4"[39m
        [36m>[39m
          [36m<svg[39m
            [33maria-hidden[39m=[32m"true"[39m
            [33mclass[39m=[32m"lucide lucide-package mb-4"[39m
            [33mfill[39m=[32m"none"[39m
            [33mheight[39m=[32m"48"[39m
            [33mstroke[39m=[32m"currentColor"[39m
            [33mstroke-linecap[39m=[32m"round"[39m
            [33mstroke-linejoin[39m=[32m"round"[39m
            [33mstroke-width[39m=[32m"2"[39m
            [33mviewBox[39m=[32m"0 0 24 24"[39m
            [33mwidth[39m=[32m"48"[39m
            [33mxmlns[39m=[32m"http://www.w3.org/2000/svg"[39m
          [36m>[39m
            [36m<path[39m
              [33md[39m=[32m"M11 21.73a2 2 0 0 0 2 0l7-4A2 2 0 0 0 21 16V8a2 2 0 0 0-1-1.73l-7-4a2 2 0 0 0-2 0l-7 4A2 2 0 0 0 3 8v8a2 2 0 0 0 1 1.73z"[39m
            [36m/>[39m
            [36m<path[39m
              [33md[39m=[32m"M12 22V12"[39m
            [36m/>[39m
            [36m<polyline[39m
              [33mpoints[39m=[32m"3.29 7 12 12 20.71 7"[39m
            [36m/>[39m
            [36m<path[39m
              [33md[39m=[32m"m7.5 4.27 9 5.15"[39m
            [36m/>[39m
          [36m</svg>[39m
          [36m<p[39m
            [33mclass[39m=[32m"font-semibold text-lg"[39m
          [36m>[39m
            [0mNenhum produto encontrado.[0m
          [36m</p>[39m
          [36m<p[39m
            [33mclass[39m=[32m"text-sm mb-4"[39m
          [36m>[39m
            [0mComece cadastrando um novo produto ou popule com dados de exemplo.[0m
          [36m</p>[39m
          [36m<button[39m
            [33mclass[39m=[32m"mt-4 flex items-center gap-2 bg-blue-100 text-blue-700 font-bold py-2 px-4 rounded-lg hover:bg-blue-200 transition-colors disabled:opacity-50"[39m
          [36m>[39m
            [36m<svg[39m
              [33maria-hidden[39m=[32m"true"[39m
              [33mclass[39m=[32m"lucide lucide-database-backup"[39m
              [33mfill[39m=[32m"none"[39m
              [33mheight[39m=[32m"20"[39m
              [33mstroke[39m=[32m"currentColor"[39m
              [33mstroke-linecap[39m=[32m"round"[39m
              [33mstroke-linejoin[39m=[32m"round"[39m
              [33mstroke-width[39m=[32m"2"[39m
              [33mviewBox[39m=[32m"0 0 24 24"[39m
              [33mwidth[39m=[32m"20"[39m
              [33mxmlns[39m=[32m"http://www.w3.org/2000/svg"[39m
            [36m>[39m
              [36m<ellipse[39m
                [33mcx[39m=[32m"12"[39m
                [33mcy[39m=[32m"5"[39m
                [33mrx[39m=[32m"9"[39m
                [33mry[39m=[32m"3"[39m
              [36m/>[39m
              [36m<path[39m
                [33md[39m=[32m"M3 12a9 3 0 0 0 5 2.69"[39m
              [36m/>[39m
              [36m<path[39m
                [33md[39m=[32m"M21 9.3V5"[39m
              [36m/>[39m
              [36m<path[39m
                [33md[39m=[32m"M3 5v14a9 3 0 0 0 6.47 2.88"[39m
              [36m/>[39m
              [36m<path[39m
                [33md[39m=[32m"M12 12v4h4"[39m
              [36m/>[39m
              [36m<path[39m
                [33md[39m=[32m"M13 20a5 5 0 0 0 9-3 4.5 4.5 0 0 0-4.5-4.5c-1.33 0-2.54.54-3.41 1.41L12 16"[39m
              [36m/>[39m
            [36m</svg>[39m
            [0mPopular com 10 produtos padrão[0m
          [36m</button>[39m
        [36m</div>[39m
      [36m</div>[39m
    [36m</div>[39m
    [36m<div[39m
      [33mclass[39m=[32m"fixed top-5 right-5 z-50 space-y-3"[39m
    [36m/>[39m
  [36m</div>[39m
[36m</body>[39m

Ignored nodes: comments, script, style
[36m<html>[39m
  [36m<head />[39m
  [36m<body>[39m
    [36m<div>[39m
      [36m<div[39m
        [33mclass[39m=[32m"p-1"[39m
      [36m>[39m
        [36m<div[39m
          [33mclass[39m=[32m"flex justify-between items-center mb-6"[39m
        [36m>[39m
          [36m<h1[39m
            [33mclass[39m=[32m"text-3xl font-bold text-gray-800"[39m
          [36m>[39m
            [0mProdutos[0m
          [36m</h1>[39m
          [36m<div[39m
            [33mclass[39m=[32m"flex items-center gap-2"[39m
          [36m>[39m
            [36m<button[39m
              [33mclass[39m=[32m"flex items-center gap-2 bg-gray-100 text-gray-700 font-semibold py-2 px-4 rounded-lg hover:bg-gray-200 transition-colors disabled:opacity-50"[39m
            [36m>[39m
              [36m<svg[39m
                [33maria-hidden[39m=[32m"true"[39m
                [33mclass[39m=[32m"lucide lucide-database-backup"[39m
                [33mfill[39m=[32m"none"[39m
                [33mheight[39m=[32m"20"[39m
                [33mstroke[39m=[32m"currentColor"[39m
                [33mstroke-linecap[39m=[32m"round"[39m
                [33mstroke-linejoin[39m=[32m"round"[39m
                [33mstroke-width[39m=[32m"2"[39m
                [33mviewBox[39m=[32m"0 0 24 24"[39m
                [33mwidth[39m=[32m"20"[39m
                [33mxmlns[39m=[32m"http://www.w3.org/2000/svg"[39m
              [36m>[39m
                [36m<ellipse[39m
                  [33mcx[39m=[32m"12"[39m
                  [33mcy[39m=[32m"5"[39m
                  [33mrx[39m=[32m"9"[39m
                  [33mry[39m=[32m"3"[39m
                [36m/>[39m
                [36m<path[39m
                  [33md[39m=[32m"M3 12a9 3 0 0 0 5 2.69"[39m
                [36m/>[39m
                [36m<path[39m
                  [33md[39m=[32m"M21 9.3V5"[39m
                [36m/>[39m
                [36m<path[39m
                  [33md[39m=[32m"M3 5v14a9 3 0 0 0 6.47 2.88"[39m
                [36m/>[39m
                [36m<path[39m
                  [33md[39m=[32m"M12 12v4h4"[39m
                [36m/>[39m
                [36m<path[39m
                  [33md[39m=[32m"M13 20a5 5 0 0 0 9-3 4.5 4.5 0 0 0-4.5-4.5c-1.33 0-2.54.54-3.41 1.41L12 16"[39m
                [36m/>[39m
              [36m</svg>[39m
              [0mPopular Dados[0m
            [36m</button>[39m
            [36m<button[39m
              [33mclass[39m=[32m"flex items-center gap-2 bg-blue-600 text-white font-bold py-2 px-4 rounded-lg hover:bg-blue-700 transition-colors"[39m
            [36m>[39m
              [36m<svg[39m
                [33maria-hidden[39m=[32m"true"[39m
                [33mclass[39m=[32m"lucide lucide-circle-plus"[39m
                [33mfill[39m=[32m"none"[39m
                [33mheight[39m=[32m"20"[39m
                [33mstroke[39m=[32m"currentColor"[39m
                [33mstroke-linecap[39m=[32m"round"[39m
                [33mstroke-linejoin[39m=[32m"round"[39m
                [33mstroke-width[39m=[32m"2"[39m
                [33mviewBox[39m=[32m"0 0 24 24"[39m
                [33mwidth[39m=[32m"20"[39m
                [33mxmlns[39m=[32m"http://www.w3.org/2000/svg"[39m
              [36m>[39m
                [36m<circle[39m
                  [33mcx[39m=[32m"12"[39m
                  [33mcy[39m=[32m"12"[39m
                  [33mr[39m=[32m"10"[39m
                [36m/>[39m
                [36m<path[39m
                  [33md[39m=[32m"M8 12h8"[39m
                [36m/>[39m
                [36m<path[39m
                  [33md[39m=[32m"M12 8v8"[39m
                [36m/>[39m
              [36m</svg>[39m
              [0mNovo Produto[0m
            [36m</button>[39m
          [36m</div>[39m
        [36m</div>[39m
        [36m<div[39m
          [33mclass[39m=[32m"mb-4 flex gap-4"[39m
        [36m>[39m
          [36m<div[39m
            [33mclass[39m=[32m"relative"[39m
          [36m>[39m
            [36m<svg[39m
              [33maria-hidden[39m=[32m"true"[39m
              [33mclass[39m=[32m"lucide lucide-search absolute left-3 top-1/2 -translate-y-1/2 text-gray-400"[39m
              [33mfill[39m=[32m"none"[39m
              [33mheight[39m=[32m"20"[39m
              [33mstroke[39m=[32m"currentColor"[39m
              [33mstroke-linecap[39m=[32m"round"[39m
              [33mstroke-linejoin[39m=[32m"round"[39m
              [33mstroke-width[39m=[32m"2"[39m
              [33mviewBox[39m=[32m"0 0 24 24"[39m
              [33mwidth[39m=[32m"20"[39m
              [33mxmlns[39m=[32m"http://www.w3.org/2000/svg"[39m
            [36m>[39m
              [36m<path[39m
                [33md[39m=[32m"m21 21-4.34-4.34"[39m
              [36m/>[39m
              [36m<circle[39m
                [33mcx[39m=[32m"11"[39m
                [33mcy[39m=[32m"11"[39m
                [33mr[39m=[32m"8"[39m
              [36m/>[39m
            [36m</svg>[39m
            [36m<input[39m
              [33mclass[39m=[32m"w-full max-w-sm p-3 pl-10 border border-gray-300 rounded-lg"[39m
              [33mplaceholder[39m=[32m"Buscar por nome ou SKU..."[39m
              [33mtype[39m=[32m"text"[39m
              [33mvalue[39m=[32m""[39m
            [36m/>[39m
          [36m</div>[39m
          [36m<div[39m
            [33mclass[39m=[32m"min-w-[200px]"[39m
          [36m>[39m
            [36m<div[39m
              [33mclass[39m=[32m"relative"[39m
            [36m>[39m
              [36m<select[39m
                [33mclass[39m=[32m"w-full p-3 pr-10 bg-white/80 border border-gray-300 rounded-lg focus:ring-2 focus:ring-blue-500 focus:border-blue-500 transition shadow-sm appearance-none"[39m
              [36m>[39m
                [36m<option[39m
                  [33mvalue[39m=[32m""[39m
                [36m>[39m
                  [0mTodos os status[0m
                [36m</option>[39m
                [36m<option[39m
                  [33mvalue[39m=[32m"ativo"[39m
                [36m>[39m
                  [0mAtivo[0m
                [36m</option>[39m
                [36m<option[39m
                  [33mvalue[39m=[32m"inativo"[39m
                [36m>[39m
                  [0mInativo[0m
                [36m</option>[39m
              [36m</select>[39m
              [36m<div[39m
                [33mclass[39m=[32m"pointer-events-none absolute inset-y-0 right-0 flex items-center px-3 text-gray-700"[39m
              [36m>[39m
                [36m<svg[39m
                  [33maria-hidden[39m=[32m"true"[39m
                  [33mclass[39m=[32m"lucide lucide-chevron-down"[39m
                  [33mfill[39m=[32m"none"[39m
                  [33mheight[39m=[32m"20"[39m
                  [33mstroke[39m=[32m"currentColor"[39m
                  [33mstroke-linecap[39m=[32m"round"[39m
                  [33mstroke-linejoin[39m=[32m"round"[39m
                  [33mstroke-width[39m=[32m"2"[39m
                  [33mviewBox[39m=[32m"0 0 24 24"[39m
                  [33mwidth[39m=[32m"20"[39m
                  [33mxmlns[39m=[32m"http://www.w3.org/2000/svg"[39m
                [36m>[39m
                  [36m<path[39m
                    [33md[39m=[32m"m6 9 6 6 6-6"[39m
                  [36m/>[39m
                [36m</svg>[39m
              [36m</div>[39m
            [36m</div>[39m
          [36m</div>[39m
        [36m</div>[39m
        [36m<div[39m
          [33mclass[39m=[32m"bg-white rounded-lg shadow overflow-hidden"[39m
        [36m>[39m
          [36m<div[39m
            [33mclass[39m=[32m"h-96 flex flex-col items-center justify-center text-center text-gray-500 p-4"[39m
          [36m>[39m
            [36m<svg[39m
              [33maria-hidden[39m=[32m"true"[39m
              [33mclass[39m=[32m"lucide lucide-package mb-4"[39m
              [33mfill[39m=[32m"none"[39m
              [33mheight[39m=[32m"48"[39m
              [33mstroke[39m=[32m"currentColor"[39m
              [33mstroke-linecap[39m=[32m"round"[39m
              [33mstroke-linejoin[39m=[32m"round"[39m
              [33mstroke-width[39m=[32m"2"[39m
              [33mviewBox[39m=[32m"0 0 24 24"[39m
              [33mwidth[39m=[32m"48"[39m
              [33mxmlns[39m=[32m"http://www.w3.org/2000/svg"[39m
            [36m>[39m
              [36m<path[39m
                [33md[39m=[32m"M11 21.73a2 2 0 0 0 2 0l7-4A2 2 0 0 0 21 16V8a2 2 0 0 0-1-1.73l-7-4a2 2 0 0 0-2 0l-7 4A2 2 0 0 0 3 8v8a2 2 0 0 0 1 1.73z"[39m
              [36m/>[39m
              [36m<path[39m
                [33md[39m=[32m"M12 22V12"[39m
              [36m/>[39m
              [36m<polyline[39m
                [33mpoints[39m=[32m"3.29 7 12 12 20.71 7"[39m
              [36m/>[39m
              [36m<path[39m
                [33md[39m=[32m"m7.5 4.27 9 5.15"[39m
              [36m/>[39m
            [36m</svg>[39m
            [36m<p[39m
              [33mclass[39m=[32m"font-semibold text-lg"[39m
            [36m>[39m
              [0mNenhum produto encontrado.[0m
            [36m</p>[39m
            [36m<p[39m
              [33mclass[39m=[32m"text-sm mb-4"[39m
            [36m>[39m
              [0mComece cadastrando um novo produto ou popule com dados de exemplo.[0m
            [36m</p>[39m
            [36m<button[39m
              [33mclass[39m=[32m"mt-4 flex items-center gap-2 bg-blue-100 text-blue-700 font-bold py-2 px-4 rounded-lg hover:bg-blue-200 transition-colors disabled:opacity-50"[39m
            [36m>[39m
              [36m<svg[39m
                [33maria-hidden[39m=[32m"true"[39m
                [33mclass[39m=[32m"lucide lucide-database-backup"[39m
                [33mfill[39m=[32m"none"[39m
                [33mheight[39m=[32m"20"[39m
                [33mstroke[39m=[32m"currentColor"[39m
                [33mstroke-linecap[39m=[32m"round"[39m
                [33mstroke-linejoin[39m=[32m"round"[39m
                [33mstroke-width[39m=[32m"2"[39m
                [33mviewBox[39m=[32m"0 0 24 24"[39m
                [33mwidth[39m=[32m"20"[39m
                [33mxmlns[39m=[32m"http://www.w3.org/2000/svg"[39m
              [36m>[39m
                [36m<ellipse[39m
                  [33mcx[39m=[32m"12"[39m
                  [33mcy[39m=[32m"5"[39m
                  [33mrx[39m=[32m"9"[39m
                  [33mry[39m=[32m"3"[39m
                [36m/>[39m
                [36m<path[39m
                  [33md[39m=[32m"M3 12a9 3 0 0 0 5 2.69"[39m
                [36m/>[39m
                [36m<path[39m
                  [33md[39m=[32m"M21 9.3V5"[39m
                [36m/>[39m
                [36m<path[39m
                  [33md[39m=[32m"M3 5v14a9 3 0 0 0 6.47 2.88"[39m
                [36m/>[39m
                [36m<path[39m
                  [33md[39m=[32m"M12 12v4h4"[39m
                [36m/>[39m
                [36m<path[39m
                  [33md[39m=[32m"M13 20a5 5 0 0 0 9-3 4.5 4.5 0 0 0-4.5-4.5c-1.33 0-2.54.54-3.41 1.41L12 16"[39m
                [36m/>[39m
              [36m</svg>[39m
              [0mPopular com 10 produtos padrão[0m
            [36m</button>[39m
          [36m</div>[39m
        [36m</div>[39m
      [36m</div>[39m
      [36m<div[39m
        [33mclass[39m=[32m"fixed top-5 right-5 z-50 space-y-3"[39m
      [36m/>[39m
    [36m</div>[39m
  [36m</body>[39m
[36m</html>[39m
 ❯ Proxy.waitForWrapper node_modules/@testing-library/dom/dist/wait-for.js:163:27
 ❯ src/pages/products/ProductsPage.test.tsx:14:15
     12| 
     13|         // Wait for products to appear
     14|         await waitFor(() => {
       |               ^
     15|             expect(screen.getByText('Produto Teste 1')).toBeInTheDocum…
     16|             expect(screen.getByText('SKU-001')).toBeInTheDocument();

⎯⎯⎯⎯⎯⎯⎯⎯⎯⎯⎯⎯⎯⎯⎯⎯⎯⎯⎯⎯⎯⎯⎯⎯[1/2]⎯

 FAIL  src/pages/products/ProductsPage.test.tsx > ProductsPage Integration > filters products by search term
TestingLibraryElementError: Unable to find an element with the text: Produto Teste 1. This could be because the text is broken up by multiple elements. In this case, you can provide a function for your text matcher to make your matcher more flexible.

Ignored nodes: comments, script, style
[36m<body>[39m
  [36m<div>[39m
    [36m<div[39m
      [33mclass[39m=[32m"p-1"[39m
    [36m>[39m
      [36m<div[39m
        [33mclass[39m=[32m"flex justify-between items-center mb-6"[39m
      [36m>[39m
        [36m<h1[39m
          [33mclass[39m=[32m"text-3xl font-bold text-gray-800"[39m
        [36m>[39m
          [0mProdutos[0m
        [36m</h1>[39m
        [36m<div[39m
          [33mclass[39m=[32m"flex items-center gap-2"[39m
        [36m>[39m
          [36m<button[39m
            [33mclass[39m=[32m"flex items-center gap-2 bg-gray-100 text-gray-700 font-semibold py-2 px-4 rounded-lg hover:bg-gray-200 transition-colors disabled:opacity-50"[39m
          [36m>[39m
            [36m<svg[39m
              [33maria-hidden[39m=[32m"true"[39m
              [33mclass[39m=[32m"lucide lucide-database-backup"[39m
              [33mfill[39m=[32m"none"[39m
              [33mheight[39m=[32m"20"[39m
              [33mstroke[39m=[32m"currentColor"[39m
              [33mstroke-linecap[39m=[32m"round"[39m
              [33mstroke-linejoin[39m=[32m"round"[39m
              [33mstroke-width[39m=[32m"2"[39m
              [33mviewBox[39m=[32m"0 0 24 24"[39m
              [33mwidth[39m=[32m"20"[39m
              [33mxmlns[39m=[32m"http://www.w3.org/2000/svg"[39m
            [36m>[39m
              [36m<ellipse[39m
                [33mcx[39m=[32m"12"[39m
                [33mcy[39m=[32m"5"[39m
                [33mrx[39m=[32m"9"[39m
                [33mry[39m=[32m"3"[39m
              [36m/>[39m
              [36m<path[39m
                [33md[39m=[32m"M3 12a9 3 0 0 0 5 2.69"[39m
              [36m/>[39m
              [36m<path[39m
                [33md[39m=[32m"M21 9.3V5"[39m
              [36m/>[39m
              [36m<path[39m
                [33md[39m=[32m"M3 5v14a9 3 0 0 0 6.47 2.88"[39m
              [36m/>[39m
              [36m<path[39m
                [33md[39m=[32m"M12 12v4h4"[39m
              [36m/>[39m
              [36m<path[39m
                [33md[39m=[32m"M13 20a5 5 0 0 0 9-3 4.5 4.5 0 0 0-4.5-4.5c-1.33 0-2.54.54-3.41 1.41L12 16"[39m
              [36m/>[39m
            [36m</svg>[39m
            [0mPopular Dados[0m
          [36m</button>[39m
          [36m<button[39m
            [33mclass[39m=[32m"flex items-center gap-2 bg-blue-600 text-white font-bold py-2 px-4 rounded-lg hover:bg-blue-700 transition-colors"[39m
          [36m>[39m
            [36m<svg[39m
              [33maria-hidden[39m=[32m"true"[39m
              [33mclass[39m=[32m"lucide lucide-circle-plus"[39m
              [33mfill[39m=[32m"none"[39m
              [33mheight[39m=[32m"20"[39m
              [33mstroke[39m=[32m"currentColor"[39m
              [33mstroke-linecap[39m=[32m"round"[39m
              [33mstroke-linejoin[39m=[32m"round"[39m
              [33mstroke-width[39m=[32m"2"[39m
              [33mviewBox[39m=[32m"0 0 24 24"[39m
              [33mwidth[39m=[32m"20"[39m
              [33mxmlns[39m=[32m"http://www.w3.org/2000/svg"[39m
            [36m>[39m
              [36m<circle[39m
                [33mcx[39m=[32m"12"[39m
                [33mcy[39m=[32m"12"[39m
                [33mr[39m=[32m"10"[39m
              [36m/>[39m
              [36m<path[39m
                [33md[39m=[32m"M8 12h8"[39m
              [36m/>[39m
              [36m<path[39m
                [33md[39m=[32m"M12 8v8"[39m
              [36m/>[39m
            [36m</svg>[39m
            [0mNovo Produto[0m
          [36m</button>[39m
        [36m</div>[39m
      [36m</div>[39m
      [36m<div[39m
        [33mclass[39m=[32m"mb-4 flex gap-4"[39m
      [36m>[39m
        [36m<div[39m
          [33mclass[39m=[32m"relative"[39m
        [36m>[39m
          [36m<svg[39m
            [33maria-hidden[39m=[32m"true"[39m
            [33mclass[39m=[32m"lucide lucide-search absolute left-3 top-1/2 -translate-y-1/2 text-gray-400"[39m
            [33mfill[39m=[32m"none"[39m
            [33mheight[39m=[32m"20"[39m
            [33mstroke[39m=[32m"currentColor"[39m
            [33mstroke-linecap[39m=[32m"round"[39m
            [33mstroke-linejoin[39m=[32m"round"[39m
            [33mstroke-width[39m=[32m"2"[39m
            [33mviewBox[39m=[32m"0 0 24 24"[39m
            [33mwidth[39m=[32m"20"[39m
            [33mxmlns[39m=[32m"http://www.w3.org/2000/svg"[39m
          [36m>[39m
            [36m<path[39m
              [33md[39m=[32m"m21 21-4.34-4.34"[39m
            [36m/>[39m
            [36m<circle[39m
              [33mcx[39m=[32m"11"[39m
              [33mcy[39m=[32m"11"[39m
              [33mr[39m=[32m"8"[39m
            [36m/>[39m
          [36m</svg>[39m
          [36m<input[39m
            [33mclass[39m=[32m"w-full max-w-sm p-3 pl-10 border border-gray-300 rounded-lg"[39m
            [33mplaceholder[39m=[32m"Buscar por nome ou SKU..."[39m
            [33mtype[39m=[32m"text"[39m
            [33mvalue[39m=[32m""[39m
          [36m/>[39m
        [36m</div>[39m
        [36m<div[39m
          [33mclass[39m=[32m"min-w-[200px]"[39m
        [36m>[39m
          [36m<div[39m
            [33mclass[39m=[32m"relative"[39m
          [36m>[39m
            [36m<select[39m
              [33mclass[39m=[32m"w-full p-3 pr-10 bg-white/80 border border-gray-300 rounded-lg focus:ring-2 focus:ring-blue-500 focus:border-blue-500 transition shadow-sm appearance-none"[39m
            [36m>[39m
              [36m<option[39m
                [33mvalue[39m=[32m""[39m
              [36m>[39m
                [0mTodos os status[0m
              [36m</option>[39m
              [36m<option[39m
                [33mvalue[39m=[32m"ativo"[39m
              [36m>[39m
                [0mAtivo[0m
              [36m</option>[39m
              [36m<option[39m
                [33mvalue[39m=[32m"inativo"[39m
              [36m>[39m
                [0mInativo[0m
              [36m</option>[39m
            [36m</select>[39m
            [36m<div[39m
              [33mclass[39m=[32m"pointer-events-none absolute inset-y-0 right-0 flex items-center px-3 text-gray-700"[39m
            [36m>[39m
              [36m<svg[39m
                [33maria-hidden[39m=[32m"true"[39m
                [33mclass[39m=[32m"lucide lucide-chevron-down"[39m
                [33mfill[39m=[32m"none"[39m
                [33mheight[39m=[32m"20"[39m
                [33mstroke[39m=[32m"currentColor"[39m
                [33mstroke-linecap[39m=[32m"round"[39m
                [33mstroke-linejoin[39m=[32m"round"[39m
                [33mstroke-width[39m=[32m"2"[39m
                [33mviewBox[39m=[32m"0 0 24 24"[39m
                [33mwidth[39m=[32m"20"[39m
                [33mxmlns[39m=[32m"http://www.w3.org/2000/svg"[39m
              [36m>[39m
                [36m<path[39m
                  [33md[39m=[32m"m6 9 6 6 6-6"[39m
                [36m/>[39m
              [36m</svg>[39m
            [36m</div>[39m
          [36m</div>[39m
        [36m</div>[39m
      [36m</div>[39m
      [36m<div[39m
        [33mclass[39m=[32m"bg-white rounded-lg shadow overflow-hidden"[39m
      [36m>[39m
        [36m<div[39m
          [33mclass[39m=[32m"h-96 flex flex-col items-center justify-center text-center text-gray-500 p-4"[39m
        [36m>[39m
          [36m<svg[39m
            [33maria-hidden[39m=[32m"true"[39m
            [33mclass[39m=[32m"lucide lucide-package mb-4"[39m
            [33mfill[39m=[32m"none"[39m
            [33mheight[39m=[32m"48"[39m
            [33mstroke[39m=[32m"currentColor"[39m
            [33mstroke-linecap[39m=[32m"round"[39m
            [33mstroke-linejoin[39m=[32m"round"[39m
            [33mstroke-width[39m=[32m"2"[39m
            [33mviewBox[39m=[32m"0 0 24 24"[39m
            [33mwidth[39m=[32m"48"[39m
            [33mxmlns[39m=[32m"http://www.w3.org/2000/svg"[39m
          [36m>[39m
            [36m<path[39m
              [33md[39m=[32m"M11 21.73a2 2 0 0 0 2 0l7-4A2 2 0 0 0 21 16V8a2 2 0 0 0-1-1.73l-7-4a2 2 0 0 0-2 0l-7 4A2 2 0 0 0 3 8v8a2 2 0 0 0 1 1.73z"[39m
            [36m/>[39m
            [36m<path[39m
              [33md[39m=[32m"M12 22V12"[39m
            [36m/>[39m
            [36m<polyline[39m
              [33mpoints[39m=[32m"3.29 7 12 12 20.71 7"[39m
            [36m/>[39m
            [36m<path[39m
              [33md[39m=[32m"m7.5 4.27 9 5.15"[39m
            [36m/>[39m
          [36m</svg>[39m
          [36m<p[39m
            [33mclass[39m=[32m"font-semibold text-lg"[39m
          [36m>[39m
            [0mNenhum produto encontrado.[0m
          [36m</p>[39m
          [36m<p[39m
            [33mclass[39m=[32m"text-sm mb-4"[39m
          [36m>[39m
            [0mComece cadastrando um novo produto ou popule com dados de exemplo.[0m
          [36m</p>[39m
          [36m<button[39m
            [33mclass[39m=[32m"mt-4 flex items-center gap-2 bg-blue-100 text-blue-700 font-bold py-2 px-4 rounded-lg hover:bg-blue-200 transition-colors disabled:opacity-50"[39m
          [36m>[39m
            [36m<svg[39m
              [33maria-hidden[39m=[32m"true"[39m
              [33mclass[39m=[32m"lucide lucide-database-backup"[39m
              [33mfill[39m=[32m"none"[39m
              [33mheight[39m=[32m"20"[39m
              [33mstroke[39m=[32m"currentColor"[39m
              [33mstroke-linecap[39m=[32m"round"[39m
              [33mstroke-linejoin[39m=[32m"round"[39m
              [33mstroke-width[39m=[32m"2"[39m
              [33mviewBox[39m=[32m"0 0 24 24"[39m
              [33mwidth[39m=[32m"20"[39m
              [33mxmlns[39m=[32m"http://www.w3.org/2000/svg"[39m
            [36m>[39m
              [36m<ellipse[39m
                [33mcx[39m=[32m"12"[39m
                [33mcy[39m=[32m"5"[39m
                [33mrx[39m=[32m"9"[39m
                [33mry[39m=[32m"3"[39m
              [36m/>[39m
              [36m<path[39m
                [33md[39m=[32m"M3 12a9 3 0 0 0 5 2.69"[39m
              [36m/>[39m
              [36m<path[39m
                [33md[39m=[32m"M21 9.3V5"[39m
              [36m/>[39m
              [36m<path[39m
                [33md[39m=[32m"M3 5v14a9 3 0 0 0 6.47 2.88"[39m
              [36m/>[39m
              [36m<path[39m
                [33md[39m=[32m"M12 12v4h4"[39m
              [36m/>[39m
              [36m<path[39m
                [33md[39m=[32m"M13 20a5 5 0 0 0 9-3 4.5 4.5 0 0 0-4.5-4.5c-1.33 0-2.54.54-3.41 1.41L12 16"[39m
              [36m/>[39m
            [36m</svg>[39m
            [0mPopular com 10 produtos padrão[0m
          [36m</button>[39m
        [36m</div>[39m
      [36m</div>[39m
    [36m</div>[39m
    [36m<div[39m
      [33mclass[39m=[32m"fixed top-5 right-5 z-50 space-y-3"[39m
    [36m/>[39m
  [36m</div>[39m
[36m</body>[39m

Ignored nodes: comments, script, style
[36m<html>[39m
  [36m<head />[39m
  [36m<body>[39m
    [36m<div>[39m
      [36m<div[39m
        [33mclass[39m=[32m"p-1"[39m
      [36m>[39m
        [36m<div[39m
          [33mclass[39m=[32m"flex justify-between items-center mb-6"[39m
        [36m>[39m
          [36m<h1[39m
            [33mclass[39m=[32m"text-3xl font-bold text-gray-800"[39m
          [36m>[39m
            [0mProdutos[0m
          [36m</h1>[39m
          [36m<div[39m
            [33mclass[39m=[32m"flex items-center gap-2"[39m
          [36m>[39m
            [36m<button[39m
              [33mclass[39m=[32m"flex items-center gap-2 bg-gray-100 text-gray-700 font-semibold py-2 px-4 rounded-lg hover:bg-gray-200 transition-colors disabled:opacity-50"[39m
            [36m>[39m
              [36m<svg[39m
                [33maria-hidden[39m=[32m"true"[39m
                [33mclass[39m=[32m"lucide lucide-database-backup"[39m
                [33mfill[39m=[32m"none"[39m
                [33mheight[39m=[32m"20"[39m
                [33mstroke[39m=[32m"currentColor"[39m
                [33mstroke-linecap[39m=[32m"round"[39m
                [33mstroke-linejoin[39m=[32m"round"[39m
                [33mstroke-width[39m=[32m"2"[39m
                [33mviewBox[39m=[32m"0 0 24 24"[39m
                [33mwidth[39m=[32m"20"[39m
                [33mxmlns[39m=[32m"http://www.w3.org/2000/svg"[39m
              [36m>[39m
                [36m<ellipse[39m
                  [33mcx[39m=[32m"12"[39m
                  [33mcy[39m=[32m"5"[39m
                  [33mrx[39m=[32m"9"[39m
                  [33mry[39m=[32m"3"[39m
                [36m/>[39m
                [36m<path[39m
                  [33md[39m=[32m"M3 12a9 3 0 0 0 5 2.69"[39m
                [36m/>[39m
                [36m<path[39m
                  [33md[39m=[32m"M21 9.3V5"[39m
                [36m/>[39m
                [36m<path[39m
                  [33md[39m=[32m"M3 5v14a9 3 0 0 0 6.47 2.88"[39m
                [36m/>[39m
                [36m<path[39m
                  [33md[39m=[32m"M12 12v4h4"[39m
                [36m/>[39m
                [36m<path[39m
                  [33md[39m=[32m"M13 20a5 5 0 0 0 9-3 4.5 4.5 0 0 0-4.5-4.5c-1.33 0-2.54.54-3.41 1.41L12 16"[39m
                [36m/>[39m
              [36m</svg>[39m
              [0mPopular Dados[0m
            [36m</button>[39m
            [36m<button[39m
              [33mclass[39m=[32m"flex items-center gap-2 bg-blue-600 text-white font-bold py-2 px-4 rounded-lg hover:bg-blue-700 transition-colors"[39m
            [36m>[39m
              [36m<svg[39m
                [33maria-hidden[39m=[32m"true"[39m
                [33mclass[39m=[32m"lucide lucide-circle-plus"[39m
                [33mfill[39m=[32m"none"[39m
                [33mheight[39m=[32m"20"[39m
                [33mstroke[39m=[32m"currentColor"[39m
                [33mstroke-linecap[39m=[32m"round"[39m
                [33mstroke-linejoin[39m=[32m"round"[39m
                [33mstroke-width[39m=[32m"2"[39m
                [33mviewBox[39m=[32m"0 0 24 24"[39m
                [33mwidth[39m=[32m"20"[39m
                [33mxmlns[39m=[32m"http://www.w3.org/2000/svg"[39m
              [36m>[39m
                [36m<circle[39m
                  [33mcx[39m=[32m"12"[39m
                  [33mcy[39m=[32m"12"[39m
                  [33mr[39m=[32m"10"[39m
                [36m/>[39m
                [36m<path[39m
                  [33md[39m=[32m"M8 12h8"[39m
                [36m/>[39m
                [36m<path[39m
                  [33md[39m=[32m"M12 8v8"[39m
                [36m/>[39m
              [36m</svg>[39m
              [0mNovo Produto[0m
            [36m</button>[39m
          [36m</div>[39m
        [36m</div>[39m
        [36m<div[39m
          [33mclass[39m=[32m"mb-4 flex gap-4"[39m
        [36m>[39m
          [36m<div[39m
            [33mclass[39m=[32m"relative"[39m
          [36m>[39m
            [36m<svg[39m
              [33maria-hidden[39m=[32m"true"[39m
              [33mclass[39m=[32m"lucide lucide-search absolute left-3 top-1/2 -translate-y-1/2 text-gray-400"[39m
              [33mfill[39m=[32m"none"[39m
              [33mheight[39m=[32m"20"[39m
              [33mstroke[39m=[32m"currentColor"[39m
              [33mstroke-linecap[39m=[32m"round"[39m
              [33mstroke-linejoin[39m=[32m"round"[39m
              [33mstroke-width[39m=[32m"2"[39m
              [33mviewBox[39m=[32m"0 0 24 24"[39m
              [33mwidth[39m=[32m"20"[39m
              [33mxmlns[39m=[32m"http://www.w3.org/2000/svg"[39m
            [36m>[39m
              [36m<path[39m
                [33md[39m=[32m"m21 21-4.34-4.34"[39m
              [36m/>[39m
              [36m<circle[39m
                [33mcx[39m=[32m"11"[39m
                [33mcy[39m=[32m"11"[39m
                [33mr[39m=[32m"8"[39m
              [36m/>[39m
            [36m</svg>[39m
            [36m<input[39m
              [33mclass[39m=[32m"w-full max-w-sm p-3 pl-10 border border-gray-300 rounded-lg"[39m
              [33mplaceholder[39m=[32m"Buscar por nome ou SKU..."[39m
              [33mtype[39m=[32m"text"[39m
              [33mvalue[39m=[32m""[39m
            [36m/>[39m
          [36m</div>[39m
          [36m<div[39m
            [33mclass[39m=[32m"min-w-[200px]"[39m
          [36m>[39m
            [36m<div[39m
              [33mclass[39m=[32m"relative"[39m
            [36m>[39m
              [36m<select[39m
                [33mclass[39m=[32m"w-full p-3 pr-10 bg-white/80 border border-gray-300 rounded-lg focus:ring-2 focus:ring-blue-500 focus:border-blue-500 transition shadow-sm appearance-none"[39m
              [36m>[39m
                [36m<option[39m
                  [33mvalue[39m=[32m""[39m
                [36m>[39m
                  [0mTodos os status[0m
                [36m</option>[39m
                [36m<option[39m
                  [33mvalue[39m=[32m"ativo"[39m
                [36m>[39m
                  [0mAtivo[0m
                [36m</option>[39m
                [36m<option[39m
                  [33mvalue[39m=[32m"inativo"[39m
                [36m>[39m
                  [0mInativo[0m
                [36m</option>[39m
              [36m</select>[39m
              [36m<div[39m
                [33mclass[39m=[32m"pointer-events-none absolute inset-y-0 right-0 flex items-center px-3 text-gray-700"[39m
              [36m>[39m
                [36m<svg[39m
                  [33maria-hidden[39m=[32m"true"[39m
                  [33mclass[39m=[32m"lucide lucide-chevron-down"[39m
                  [33mfill[39m=[32m"none"[39m
                  [33mheight[39m=[32m"20"[39m
                  [33mstroke[39m=[32m"currentColor"[39m
                  [33mstroke-linecap[39m=[32m"round"[39m
                  [33mstroke-linejoin[39m=[32m"round"[39m
                  [33mstroke-width[39m=[32m"2"[39m
                  [33mviewBox[39m=[32m"0 0 24 24"[39m
                  [33mwidth[39m=[32m"20"[39m
                  [33mxmlns[39m=[32m"http://www.w3.org/2000/svg"[39m
                [36m>[39m
                  [36m<path[39m
                    [33md[39m=[32m"m6 9 6 6 6-6"[39m
                  [36m/>[39m
                [36m</svg>[39m
              [36m</div>[39m
            [36m</div>[39m
          [36m</div>[39m
        [36m</div>[39m
        [36m<div[39m
          [33mclass[39m=[32m"bg-white rounded-lg shadow overflow-hidden"[39m
        [36m>[39m
          [36m<div[39m
            [33mclass[39m=[32m"h-96 flex flex-col items-center justify-center text-center text-gray-500 p-4"[39m
          [36m>[39m
            [36m<svg[39m
              [33maria-hidden[39m=[32m"true"[39m
              [33mclass[39m=[32m"lucide lucide-package mb-4"[39m
              [33mfill[39m=[32m"none"[39m
              [33mheight[39m=[32m"48"[39m
              [33mstroke[39m=[32m"currentColor"[39m
              [33mstroke-linecap[39m=[32m"round"[39m
              [33mstroke-linejoin[39m=[32m"round"[39m
              [33mstroke-width[39m=[32m"2"[39m
              [33mviewBox[39m=[32m"0 0 24 24"[39m
              [33mwidth[39m=[32m"48"[39m
              [33mxmlns[39m=[32m"http://www.w3.org/2000/svg"[39m
            [36m>[39m
              [36m<path[39m
                [33md[39m=[32m"M11 21.73a2 2 0 0 0 2 0l7-4A2 2 0 0 0 21 16V8a2 2 0 0 0-1-1.73l-7-4a2 2 0 0 0-2 0l-7 4A2 2 0 0 0 3 8v8a2 2 0 0 0 1 1.73z"[39m
              [36m/>[39m
              [36m<path[39m
                [33md[39m=[32m"M12 22V12"[39m
              [36m/>[39m
              [36m<polyline[39m
                [33mpoints[39m=[32m"3.29 7 12 12 20.71 7"[39m
              [36m/>[39m
              [36m<path[39m
                [33md[39m=[32m"m7.5 4.27 9 5.15"[39m
              [36m/>[39m
            [36m</svg>[39m
            [36m<p[39m
              [33mclass[39m=[32m"font-semibold text-lg"[39m
            [36m>[39m
              [0mNenhum produto encontrado.[0m
            [36m</p>[39m
            [36m<p[39m
              [33mclass[39m=[32m"text-sm mb-4"[39m
            [36m>[39m
              [0mComece cadastrando um novo produto ou popule com dados de exemplo.[0m
            [36m</p>[39m
            [36m<button[39m
              [33mclass[39m=[32m"mt-4 flex items-center gap-2 bg-blue-100 text-blue-700 font-bold py-2 px-4 rounded-lg hover:bg-blue-200 transition-colors disabled:opacity-50"[39m
            [36m>[39m
              [36m<svg[39m
                [33maria-hidden[39m=[32m"true"[39m
                [33mclass[39m=[32m"lucide lucide-database-backup"[39m
                [33mfill[39m=[32m"none"[39m
                [33mheight[39m=[32m"20"[39m
                [33mstroke[39m=[32m"currentColor"[39m
                [33mstroke-linecap[39m=[32m"round"[39m
                [33mstroke-linejoin[39m=[32m"round"[39m
                [33mstroke-width[39m=[32m"2"[39m
                [33mviewBox[39m=[32m"0 0 24 24"[39m
                [33mwidth[39m=[32m"20"[39m
                [33mxmlns[39m=[32m"http://www.w3.org/2000/svg"[39m
              [36m>[39m
                [36m<ellipse[39m
                  [33mcx[39m=[32m"12"[39m
                  [33mcy[39m=[32m"5"[39m
                  [33mrx[39m=[32m"9"[39m
                  [33mry[39m=[32m"3"[39m
                [36m/>[39m
                [36m<path[39m
                  [33md[39m=[32m"M3 12a9 3 0 0 0 5 2.69"[39m
                [36m/>[39m
                [36m<path[39m
                  [33md[39m=[32m"M21 9.3V5"[39m
                [36m/>[39m
                [36m<path[39m
                  [33md[39m=[32m"M3 5v14a9 3 0 0 0 6.47 2.88"[39m
                [36m/>[39m
                [36m<path[39m
                  [33md[39m=[32m"M12 12v4h4"[39m
                [36m/>[39m
                [36m<path[39m
                  [33md[39m=[32m"M13 20a5 5 0 0 0 9-3 4.5 4.5 0 0 0-4.5-4.5c-1.33 0-2.54.54-3.41 1.41L12 16"[39m
                [36m/>[39m
              [36m</svg>[39m
              [0mPopular com 10 produtos padrão[0m
            [36m</button>[39m
          [36m</div>[39m
        [36m</div>[39m
      [36m</div>[39m
      [36m<div[39m
        [33mclass[39m=[32m"fixed top-5 right-5 z-50 space-y-3"[39m
      [36m/>[39m
    [36m</div>[39m
  [36m</body>[39m
[36m</html>[39m
 ❯ Proxy.waitForWrapper node_modules/@testing-library/dom/dist/wait-for.js:163:27
 ❯ src/pages/products/ProductsPage.test.tsx:29:15
     27|         renderWithProviders(<ProductsPage />);
     28| 
     29|         await waitFor(() => {
       |               ^
     30|             expect(screen.getByText('Produto Teste 1')).toBeInTheDocum…
     31|         });

⎯⎯⎯⎯⎯⎯⎯⎯⎯⎯⎯⎯⎯⎯⎯⎯⎯⎯⎯⎯⎯⎯⎯⎯[2/2]⎯

 Test Files  1 failed (1)
      Tests  2 failed (2)
   Start at  17:55:04
   Duration  4.67s


 FAIL  Tests failed. Watching for file changes...
       press h to show help, press q to quit
       rerun x15
[2K[1A[2K[G[3Jc
 RERUN  src/lib/supabaseClient.ts x16

stdout | Logger.info (/Users/leandrofmarques/Downloads/revo_erp_prod_8yumh0_dualiteproject/src/lib/logger.ts:24:21)
[INFO] [SUPABASE][CLIENT_INIT] {
  supabaseUrl: 'https://lrfwiaekipwkjkzvcnfd.supabase.co',
  anonKeyPrefix: 'eyJhbGci'
}

stdout | src/test/setup.ts:8:9
[SETUP] Initializing MSW server...

stdout | src/pages/products/ProductsPage.test.tsx
[SETUP] Starting MSW server...

stdout | src/pages/products/ProductsPage.test.tsx > ProductsPage Integration > renders the product list with data from MSW
[AUTH] Render {
  userId: null,
  loading: false,
  empresasCount: 0,
  activeEmpresaId: undefined
}
[AUTH] onAuthStateChange { event: 'SIGNED_IN', hasSession: true }
[AUTH] Render {
  userId: 'user-123',
  loading: true,
  empresasCount: 0,
  activeEmpresaId: undefined
}
[DEBUG] [QUERY][empresas] fetching list 
[DEBUG] [QUERY][active_empresa] fetching 
[INFO] [AUTH][LOGIN] start { email: 'exists' }
[INFO] [MUTATION][bootstrap] start 
[AUTH] Render {
  userId: 'user-123',
  loading: false,
  empresasCount: 0,
  activeEmpresaId: null
}

stderr | src/pages/products/ProductsPage.test.tsx > ProductsPage Integration > renders the product list with data from MSW
⚠️ React Router Future Flag Warning: React Router will begin wrapping state updates in `React.startTransition` in v7. You can use the `v7_startTransition` future flag to opt-in early. For more information, see https://reactrouter.com/v6/upgrading/future#v7_starttransition.
⚠️ React Router Future Flag Warning: Relative route resolution within Splat routes is changing in v7. You can use the `v7_relativeSplatPath` future flag to opt-in early. For more information, see https://reactrouter.com/v6/upgrading/future#v7_relativesplatpath.
[ERROR] [QUERY][empresas] list error {
  name: 'TypeError',
  message: 'Missing parameter name at 58',
  stack: 'TypeError: Missing parameter name at 58\n' +
    '    at lexer (/Users/leandrofmarques/Downloads/revo_erp_prod_8yumh0_dualiteproject/node_modules/path-to-regexp/src/index.ts:72:24)\n' +
    '    at parse (/Users/leandrofmarques/Downloads/revo_erp_prod_8yumh0_dualiteproject/node_modules/path-to-regexp/src/index.ts:141:18)\n' +
    '    at stringToRegexp (/Users/leandrofmarques/Downloads/revo_erp_prod_8yumh0_dualiteproject/node_modules/path-to-regexp/src/index.ts:511:25)\n' +
    '    at pathToRegexp (/Users/leandrofmarques/Downloads/revo_erp_prod_8yumh0_dualiteproject/node_modules/path-to-regexp/src/index.ts:640:10)\n' +
    '    at match (/Users/leandrofmarques/Downloads/revo_erp_prod_8yumh0_dualiteproject/node_modules/path-to-regexp/src/index.ts:397:14)\n' +
    '    at matchRequestUrl (file:///Users/leandrofmarques/Downloads/revo_erp_prod_8yumh0_dualiteproject/node_modules/msw/src/core/utils/matching/matchRequestUrl.ts:66:18)\n' +
    '    at HttpHandler.parse (file:///Users/leandrofmarques/Downloads/revo_erp_prod_8yumh0_dualiteproject/node_modules/msw/src/core/handlers/HttpHandler.ts:156:9)\n' +
    '    at HttpHandler.run (file:///Users/leandrofmarques/Downloads/revo_erp_prod_8yumh0_dualiteproject/node_modules/msw/src/core/handlers/RequestHandler.ts:272:37)\n' +
    '    at executeHandlers (file:///Users/leandrofmarques/Downloads/revo_erp_prod_8yumh0_dualiteproject/node_modules/msw/src/core/utils/executeHandlers.ts:36:28)\n' +
    '    at file:///Users/leandrofmarques/Downloads/revo_erp_prod_8yumh0_dualiteproject/node_modules/msw/src/core/utils/handleRequest.ts:58:12'
} 
[WARN] [QUERY][active_empresa] error {
  name: 'TypeError',
  message: 'Missing parameter name at 58',
  stack: 'TypeError: Missing parameter name at 58\n' +
    '    at lexer (/Users/leandrofmarques/Downloads/revo_erp_prod_8yumh0_dualiteproject/node_modules/path-to-regexp/src/index.ts:72:24)\n' +
    '    at parse (/Users/leandrofmarques/Downloads/revo_erp_prod_8yumh0_dualiteproject/node_modules/path-to-regexp/src/index.ts:141:18)\n' +
    '    at stringToRegexp (/Users/leandrofmarques/Downloads/revo_erp_prod_8yumh0_dualiteproject/node_modules/path-to-regexp/src/index.ts:511:25)\n' +
    '    at pathToRegexp (/Users/leandrofmarques/Downloads/revo_erp_prod_8yumh0_dualiteproject/node_modules/path-to-regexp/src/index.ts:640:10)\n' +
    '    at match (/Users/leandrofmarques/Downloads/revo_erp_prod_8yumh0_dualiteproject/node_modules/path-to-regexp/src/index.ts:397:14)\n' +
    '    at matchRequestUrl (file:///Users/leandrofmarques/Downloads/revo_erp_prod_8yumh0_dualiteproject/node_modules/msw/src/core/utils/matching/matchRequestUrl.ts:66:18)\n' +
    '    at HttpHandler.parse (file:///Users/leandrofmarques/Downloads/revo_erp_prod_8yumh0_dualiteproject/node_modules/msw/src/core/handlers/HttpHandler.ts:156:9)\n' +
    '    at HttpHandler.run (file:///Users/leandrofmarques/Downloads/revo_erp_prod_8yumh0_dualiteproject/node_modules/msw/src/core/handlers/RequestHandler.ts:272:37)\n' +
    '    at executeHandlers (file:///Users/leandrofmarques/Downloads/revo_erp_prod_8yumh0_dualiteproject/node_modules/msw/src/core/utils/executeHandlers.ts:36:28)\n' +
    '    at file:///Users/leandrofmarques/Downloads/revo_erp_prod_8yumh0_dualiteproject/node_modules/msw/src/core/utils/handleRequest.ts:58:12'
}
[ERROR] [MUTATION][bootstrap] error {
  name: 'TypeError',
  message: 'Missing parameter name at 58',
  stack: 'TypeError: Missing parameter name at 58\n' +
    '    at lexer (/Users/leandrofmarques/Downloads/revo_erp_prod_8yumh0_dualiteproject/node_modules/path-to-regexp/src/index.ts:72:24)\n' +
    '    at parse (/Users/leandrofmarques/Downloads/revo_erp_prod_8yumh0_dualiteproject/node_modules/path-to-regexp/src/index.ts:141:18)\n' +
    '    at stringToRegexp (/Users/leandrofmarques/Downloads/revo_erp_prod_8yumh0_dualiteproject/node_modules/path-to-regexp/src/index.ts:511:25)\n' +
    '    at pathToRegexp (/Users/leandrofmarques/Downloads/revo_erp_prod_8yumh0_dualiteproject/node_modules/path-to-regexp/src/index.ts:640:10)\n' +
    '    at match (/Users/leandrofmarques/Downloads/revo_erp_prod_8yumh0_dualiteproject/node_modules/path-to-regexp/src/index.ts:397:14)\n' +
    '    at matchRequestUrl (file:///Users/leandrofmarques/Downloads/revo_erp_prod_8yumh0_dualiteproject/node_modules/msw/src/core/utils/matching/matchRequestUrl.ts:66:18)\n' +
    '    at HttpHandler.parse (file:///Users/leandrofmarques/Downloads/revo_erp_prod_8yumh0_dualiteproject/node_modules/msw/src/core/handlers/HttpHandler.ts:156:9)\n' +
    '    at HttpHandler.run (file:///Users/leandrofmarques/Downloads/revo_erp_prod_8yumh0_dualiteproject/node_modules/msw/src/core/handlers/RequestHandler.ts:272:37)\n' +
    '    at executeHandlers (file:///Users/leandrofmarques/Downloads/revo_erp_prod_8yumh0_dualiteproject/node_modules/msw/src/core/utils/executeHandlers.ts:36:28)\n' +
    '    at file:///Users/leandrofmarques/Downloads/revo_erp_prod_8yumh0_dualiteproject/node_modules/msw/src/core/utils/handleRequest.ts:58:12'
} 

stdout | src/pages/products/ProductsPage.test.tsx > ProductsPage Integration > filters products by search term
[AUTH] Render {
  userId: null,
  loading: false,
  empresasCount: 0,
  activeEmpresaId: undefined
}
[AUTH] onAuthStateChange { event: 'SIGNED_IN', hasSession: true }
[AUTH] Render {
  userId: 'user-123',
  loading: true,
  empresasCount: 0,
  activeEmpresaId: undefined
}
[DEBUG] [QUERY][empresas] fetching list 
[DEBUG] [QUERY][active_empresa] fetching 
[INFO] [AUTH][LOGIN] start { email: 'exists' }
[INFO] [MUTATION][bootstrap] start 
[AUTH] Render {
  userId: 'user-123',
  loading: false,
  empresasCount: 0,
  activeEmpresaId: null
}
[AUTH] Render {
  userId: 'user-123',
  loading: false,
  empresasCount: 0,
  activeEmpresaId: null
}

stderr | src/pages/products/ProductsPage.test.tsx > ProductsPage Integration > filters products by search term
[ERROR] [QUERY][empresas] list error {
  name: 'TypeError',
  message: 'Missing parameter name at 58',
  stack: 'TypeError: Missing parameter name at 58\n' +
    '    at lexer (/Users/leandrofmarques/Downloads/revo_erp_prod_8yumh0_dualiteproject/node_modules/path-to-regexp/src/index.ts:72:24)\n' +
    '    at parse (/Users/leandrofmarques/Downloads/revo_erp_prod_8yumh0_dualiteproject/node_modules/path-to-regexp/src/index.ts:141:18)\n' +
    '    at stringToRegexp (/Users/leandrofmarques/Downloads/revo_erp_prod_8yumh0_dualiteproject/node_modules/path-to-regexp/src/index.ts:511:25)\n' +
    '    at pathToRegexp (/Users/leandrofmarques/Downloads/revo_erp_prod_8yumh0_dualiteproject/node_modules/path-to-regexp/src/index.ts:640:10)\n' +
    '    at match (/Users/leandrofmarques/Downloads/revo_erp_prod_8yumh0_dualiteproject/node_modules/path-to-regexp/src/index.ts:397:14)\n' +
    '    at matchRequestUrl (file:///Users/leandrofmarques/Downloads/revo_erp_prod_8yumh0_dualiteproject/node_modules/msw/src/core/utils/matching/matchRequestUrl.ts:66:18)\n' +
    '    at HttpHandler.parse (file:///Users/leandrofmarques/Downloads/revo_erp_prod_8yumh0_dualiteproject/node_modules/msw/src/core/handlers/HttpHandler.ts:156:9)\n' +
    '    at HttpHandler.run (file:///Users/leandrofmarques/Downloads/revo_erp_prod_8yumh0_dualiteproject/node_modules/msw/src/core/handlers/RequestHandler.ts:272:37)\n' +
    '    at executeHandlers (file:///Users/leandrofmarques/Downloads/revo_erp_prod_8yumh0_dualiteproject/node_modules/msw/src/core/utils/executeHandlers.ts:36:28)\n' +
    '    at file:///Users/leandrofmarques/Downloads/revo_erp_prod_8yumh0_dualiteproject/node_modules/msw/src/core/utils/handleRequest.ts:58:12'
} 
[WARN] [QUERY][active_empresa] error {
  name: 'TypeError',
  message: 'Missing parameter name at 58',
  stack: 'TypeError: Missing parameter name at 58\n' +
    '    at lexer (/Users/leandrofmarques/Downloads/revo_erp_prod_8yumh0_dualiteproject/node_modules/path-to-regexp/src/index.ts:72:24)\n' +
    '    at parse (/Users/leandrofmarques/Downloads/revo_erp_prod_8yumh0_dualiteproject/node_modules/path-to-regexp/src/index.ts:141:18)\n' +
    '    at stringToRegexp (/Users/leandrofmarques/Downloads/revo_erp_prod_8yumh0_dualiteproject/node_modules/path-to-regexp/src/index.ts:511:25)\n' +
    '    at pathToRegexp (/Users/leandrofmarques/Downloads/revo_erp_prod_8yumh0_dualiteproject/node_modules/path-to-regexp/src/index.ts:640:10)\n' +
    '    at match (/Users/leandrofmarques/Downloads/revo_erp_prod_8yumh0_dualiteproject/node_modules/path-to-regexp/src/index.ts:397:14)\n' +
    '    at matchRequestUrl (file:///Users/leandrofmarques/Downloads/revo_erp_prod_8yumh0_dualiteproject/node_modules/msw/src/core/utils/matching/matchRequestUrl.ts:66:18)\n' +
    '    at HttpHandler.parse (file:///Users/leandrofmarques/Downloads/revo_erp_prod_8yumh0_dualiteproject/node_modules/msw/src/core/handlers/HttpHandler.ts:156:9)\n' +
    '    at HttpHandler.run (file:///Users/leandrofmarques/Downloads/revo_erp_prod_8yumh0_dualiteproject/node_modules/msw/src/core/handlers/RequestHandler.ts:272:37)\n' +
    '    at executeHandlers (file:///Users/leandrofmarques/Downloads/revo_erp_prod_8yumh0_dualiteproject/node_modules/msw/src/core/utils/executeHandlers.ts:36:28)\n' +
    '    at file:///Users/leandrofmarques/Downloads/revo_erp_prod_8yumh0_dualiteproject/node_modules/msw/src/core/utils/handleRequest.ts:58:12'
}
[ERROR] [MUTATION][bootstrap] error {
  name: 'TypeError',
  message: 'Missing parameter name at 58',
  stack: 'TypeError: Missing parameter name at 58\n' +
    '    at lexer (/Users/leandrofmarques/Downloads/revo_erp_prod_8yumh0_dualiteproject/node_modules/path-to-regexp/src/index.ts:72:24)\n' +
    '    at parse (/Users/leandrofmarques/Downloads/revo_erp_prod_8yumh0_dualiteproject/node_modules/path-to-regexp/src/index.ts:141:18)\n' +
    '    at stringToRegexp (/Users/leandrofmarques/Downloads/revo_erp_prod_8yumh0_dualiteproject/node_modules/path-to-regexp/src/index.ts:511:25)\n' +
    '    at pathToRegexp (/Users/leandrofmarques/Downloads/revo_erp_prod_8yumh0_dualiteproject/node_modules/path-to-regexp/src/index.ts:640:10)\n' +
    '    at match (/Users/leandrofmarques/Downloads/revo_erp_prod_8yumh0_dualiteproject/node_modules/path-to-regexp/src/index.ts:397:14)\n' +
    '    at matchRequestUrl (file:///Users/leandrofmarques/Downloads/revo_erp_prod_8yumh0_dualiteproject/node_modules/msw/src/core/utils/matching/matchRequestUrl.ts:66:18)\n' +
    '    at HttpHandler.parse (file:///Users/leandrofmarques/Downloads/revo_erp_prod_8yumh0_dualiteproject/node_modules/msw/src/core/handlers/HttpHandler.ts:156:9)\n' +
    '    at HttpHandler.run (file:///Users/leandrofmarques/Downloads/revo_erp_prod_8yumh0_dualiteproject/node_modules/msw/src/core/handlers/RequestHandler.ts:272:37)\n' +
    '    at executeHandlers (file:///Users/leandrofmarques/Downloads/revo_erp_prod_8yumh0_dualiteproject/node_modules/msw/src/core/utils/executeHandlers.ts:36:28)\n' +
    '    at file:///Users/leandrofmarques/Downloads/revo_erp_prod_8yumh0_dualiteproject/node_modules/msw/src/core/utils/handleRequest.ts:58:12'
} 

 ❯ src/pages/products/ProductsPage.test.tsx  (2 tests | 2 failed) 2360ms
   ❯ src/pages/products/ProductsPage.test.tsx > ProductsPage Integration > renders the product list with data from MSW
     → Unable to find an element with the text: Produto Teste 1. This could be because the text is broken up by multiple elements. In this case, you can provide a function for your text matcher to make your matcher more flexible.

Ignored nodes: comments, script, style
[36m<body>[39m
  [36m<div>[39m
    [36m<div[39m
      [33mclass[39m=[32m"p-1"[39m
    [36m>[39m
      [36m<div[39m
        [33mclass[39m=[32m"flex justify-between items-center mb-6"[39m
      [36m>[39m
        [36m<h1[39m
          [33mclass[39m=[32m"text-3xl font-bold text-gray-800"[39m
        [36m>[39m
          [0mProdutos[0m
        [36m</h1>[39m
        [36m<div[39m
          [33mclass[39m=[32m"flex items-center gap-2"[39m
        [36m>[39m
          [36m<button[39m
            [33mclass[39m=[32m"flex items-center gap-2 bg-gray-100 text-gray-700 font-semibold py-2 px-4 rounded-lg hover:bg-gray-200 transition-colors disabled:opacity-50"[39m
          [36m>[39m
            [36m<svg[39m
              [33maria-hidden[39m=[32m"true"[39m
              [33mclass[39m=[32m"lucide lucide-database-backup"[39m
              [33mfill[39m=[32m"none"[39m
              [33mheight[39m=[32m"20"[39m
              [33mstroke[39m=[32m"currentColor"[39m
              [33mstroke-linecap[39m=[32m"round"[39m
              [33mstroke-linejoin[39m=[32m"round"[39m
              [33mstroke-width[39m=[32m"2"[39m
              [33mviewBox[39m=[32m"0 0 24 24"[39m
              [33mwidth[39m=[32m"20"[39m
              [33mxmlns[39m=[32m"http://www.w3.org/2000/svg"[39m
            [36m>[39m
              [36m<ellipse[39m
                [33mcx[39m=[32m"12"[39m
                [33mcy[39m=[32m"5"[39m
                [33mrx[39m=[32m"9"[39m
                [33mry[39m=[32m"3"[39m
              [36m/>[39m
              [36m<path[39m
                [33md[39m=[32m"M3 12a9 3 0 0 0 5 2.69"[39m
              [36m/>[39m
              [36m<path[39m
                [33md[39m=[32m"M21 9.3V5"[39m
              [36m/>[39m
              [36m<path[39m
                [33md[39m=[32m"M3 5v14a9 3 0 0 0 6.47 2.88"[39m
              [36m/>[39m
              [36m<path[39m
                [33md[39m=[32m"M12 12v4h4"[39m
              [36m/>[39m
              [36m<path[39m
                [33md[39m=[32m"M13 20a5 5 0 0 0 9-3 4.5 4.5 0 0 0-4.5-4.5c-1.33 0-2.54.54-3.41 1.41L12 16"[39m
              [36m/>[39m
            [36m</svg>[39m
            [0mPopular Dados[0m
          [36m</button>[39m
          [36m<button[39m
            [33mclass[39m=[32m"flex items-center gap-2 bg-blue-600 text-white font-bold py-2 px-4 rounded-lg hover:bg-blue-700 transition-colors"[39m
          [36m>[39m
            [36m<svg[39m
              [33maria-hidden[39m=[32m"true"[39m
              [33mclass[39m=[32m"lucide lucide-circle-plus"[39m
              [33mfill[39m=[32m"none"[39m
              [33mheight[39m=[32m"20"[39m
              [33mstroke[39m=[32m"currentColor"[39m
              [33mstroke-linecap[39m=[32m"round"[39m
              [33mstroke-linejoin[39m=[32m"round"[39m
              [33mstroke-width[39m=[32m"2"[39m
              [33mviewBox[39m=[32m"0 0 24 24"[39m
              [33mwidth[39m=[32m"20"[39m
              [33mxmlns[39m=[32m"http://www.w3.org/2000/svg"[39m
            [36m>[39m
              [36m<circle[39m
                [33mcx[39m=[32m"12"[39m
                [33mcy[39m=[32m"12"[39m
                [33mr[39m=[32m"10"[39m
              [36m/>[39m
              [36m<path[39m
                [33md[39m=[32m"M8 12h8"[39m
              [36m/>[39m
              [36m<path[39m
                [33md[39m=[32m"M12 8v8"[39m
              [36m/>[39m
            [36m</svg>[39m
            [0mNovo Produto[0m
          [36m</button>[39m
        [36m</div>[39m
      [36m</div>[39m
      [36m<div[39m
        [33mclass[39m=[32m"mb-4 flex gap-4"[39m
      [36m>[39m
        [36m<div[39m
          [33mclass[39m=[32m"relative"[39m
        [36m>[39m
          [36m<svg[39m
            [33maria-hidden[39m=[32m"true"[39m
            [33mclass[39m=[32m"lucide lucide-search absolute left-3 top-1/2 -translate-y-1/2 text-gray-400"[39m
            [33mfill[39m=[32m"none"[39m
            [33mheight[39m=[32m"20"[39m
            [33mstroke[39m=[32m"currentColor"[39m
            [33mstroke-linecap[39m=[32m"round"[39m
            [33mstroke-linejoin[39m=[32m"round"[39m
            [33mstroke-width[39m=[32m"2"[39m
            [33mviewBox[39m=[32m"0 0 24 24"[39m
            [33mwidth[39m=[32m"20"[39m
            [33mxmlns[39m=[32m"http://www.w3.org/2000/svg"[39m
          [36m>[39m
            [36m<path[39m
              [33md[39m=[32m"m21 21-4.34-4.34"[39m
            [36m/>[39m
            [36m<circle[39m
              [33mcx[39m=[32m"11"[39m
              [33mcy[39m=[32m"11"[39m
              [33mr[39m=[32m"8"[39m
            [36m/>[39m
          [36m</svg>[39m
          [36m<input[39m
            [33mclass[39m=[32m"w-full max-w-sm p-3 pl-10 border border-gray-300 rounded-lg"[39m
            [33mplaceholder[39m=[32m"Buscar por nome ou SKU..."[39m
            [33mtype[39m=[32m"text"[39m
            [33mvalue[39m=[32m""[39m
          [36m/>[39m
        [36m</div>[39m
        [36m<div[39m
          [33mclass[39m=[32m"min-w-[200px]"[39m
        [36m>[39m
          [36m<div[39m
            [33mclass[39m=[32m"relative"[39m
          [36m>[39m
            [36m<select[39m
              [33mclass[39m=[32m"w-full p-3 pr-10 bg-white/80 border border-gray-300 rounded-lg focus:ring-2 focus:ring-blue-500 focus:border-blue-500 transition shadow-sm appearance-none"[39m
            [36m>[39m
              [36m<option[39m
                [33mvalue[39m=[32m""[39m
              [36m>[39m
                [0mTodos os status[0m
              [36m</option>[39m
              [36m<option[39m
                [33mvalue[39m=[32m"ativo"[39m
              [36m>[39m
                [0mAtivo[0m
              [36m</option>[39m
              [36m<option[39m
                [33mvalue[39m=[32m"inativo"[39m
              [36m>[39m
                [0mInativo[0m
              [36m</option>[39m
            [36m</select>[39m
            [36m<div[39m
              [33mclass[39m=[32m"pointer-events-none absolute inset-y-0 right-0 flex items-center px-3 text-gray-700"[39m
            [36m>[39m
              [36m<svg[39m
                [33maria-hidden[39m=[32m"true"[39m
                [33mclass[39m=[32m"lucide lucide-chevron-down"[39m
                [33mfill[39m=[32m"none"[39m
                [33mheight[39m=[32m"20"[39m
                [33mstroke[39m=[32m"currentColor"[39m
                [33mstroke-linecap[39m=[32m"round"[39m
                [33mstroke-linejoin[39m=[32m"round"[39m
                [33mstroke-width[39m=[32m"2"[39m
                [33mviewBox[39m=[32m"0 0 24 24"[39m
                [33mwidth[39m=[32m"20"[39m
                [33mxmlns[39m=[32m"http://www.w3.org/2000/svg"[39m
              [36m>[39m
                [36m<path[39m
                  [33md[39m=[32m"m6 9 6 6 6-6"[39m
                [36m/>[39m
              [36m</svg>[39m
            [36m</div>[39m
          [36m</div>[39m
        [36m</div>[39m
      [36m</div>[39m
      [36m<div[39m
        [33mclass[39m=[32m"bg-white rounded-lg shadow overflow-hidden"[39m
      [36m>[39m
        [36m<div[39m
          [33mclass[39m=[32m"h-96 flex flex-col items-center justify-center text-center text-gray-500 p-4"[39m
        [36m>[39m
          [36m<svg[39m
            [33maria-hidden[39m=[32m"true"[39m
            [33mclass[39m=[32m"lucide lucide-package mb-4"[39m
            [33mfill[39m=[32m"none"[39m
            [33mheight[39m=[32m"48"[39m
            [33mstroke[39m=[32m"currentColor"[39m
            [33mstroke-linecap[39m=[32m"round"[39m
            [33mstroke-linejoin[39m=[32m"round"[39m
            [33mstroke-width[39m=[32m"2"[39m
            [33mviewBox[39m=[32m"0 0 24 24"[39m
            [33mwidth[39m=[32m"48"[39m
            [33mxmlns[39m=[32m"http://www.w3.org/2000/svg"[39m
          [36m>[39m
            [36m<path[39m
              [33md[39m=[32m"M11 21.73a2 2 0 0 0 2 0l7-4A2 2 0 0 0 21 16V8a2 2 0 0 0-1-1.73l-7-4a2 2 0 0 0-2 0l-7 4A2 2 0 0 0 3 8v8a2 2 0 0 0 1 1.73z"[39m
            [36m/>[39m
            [36m<path[39m
              [33md[39m=[32m"M12 22V12"[39m
            [36m/>[39m
            [36m<polyline[39m
              [33mpoints[39m=[32m"3.29 7 12 12 20.71 7"[39m
            [36m/>[39m
            [36m<path[39m
              [33md[39m=[32m"m7.5 4.27 9 5.15"[39m
            [36m/>[39m
          [36m</svg>[39m
          [36m<p[39m
            [33mclass[39m=[32m"font-semibold text-lg"[39m
          [36m>[39m
            [0mNenhum produto encontrado.[0m
          [36m</p>[39m
          [36m<p[39m
            [33mclass[39m=[32m"text-sm mb-4"[39m
          [36m>[39m
            [0mComece cadastrando um novo produto ou popule com dados de exemplo.[0m
          [36m</p>[39m
          [36m<button[39m
            [33mclass[39m=[32m"mt-4 flex items-center gap-2 bg-blue-100 text-blue-700 font-bold py-2 px-4 rounded-lg hover:bg-blue-200 transition-colors disabled:opacity-50"[39m
          [36m>[39m
            [36m<svg[39m
              [33maria-hidden[39m=[32m"true"[39m
              [33mclass[39m=[32m"lucide lucide-database-backup"[39m
              [33mfill[39m=[32m"none"[39m
              [33mheight[39m=[32m"20"[39m
              [33mstroke[39m=[32m"currentColor"[39m
              [33mstroke-linecap[39m=[32m"round"[39m
              [33mstroke-linejoin[39m=[32m"round"[39m
              [33mstroke-width[39m=[32m"2"[39m
              [33mviewBox[39m=[32m"0 0 24 24"[39m
              [33mwidth[39m=[32m"20"[39m
              [33mxmlns[39m=[32m"http://www.w3.org/2000/svg"[39m
            [36m>[39m
              [36m<ellipse[39m
                [33mcx[39m=[32m"12"[39m
                [33mcy[39m=[32m"5"[39m
                [33mrx[39m=[32m"9"[39m
                [33mry[39m=[32m"3"[39m
              [36m/>[39m
              [36m<path[39m
                [33md[39m=[32m"M3 12a9 3 0 0 0 5 2.69"[39m
              [36m/>[39m
              [36m<path[39m
                [33md[39m=[32m"M21 9.3V5"[39m
              [36m/>[39m
              [36m<path[39m
                [33md[39m=[32m"M3 5v14a9 3 0 0 0 6.47 2.88"[39m
              [36m/>[39m
              [36m<path[39m
                [33md[39m=[32m"M12 12v4h4"[39m
              [36m/>[39m
              [36m<path[39m
                [33md[39m=[32m"M13 20a5 5 0 0 0 9-3 4.5 4.5 0 0 0-4.5-4.5c-1.33 0-2.54.54-3.41 1.41L12 16"[39m
              [36m/>[39m
            [36m</svg>[39m
            [0mPopular com 10 produtos padrão[0m
          [36m</button>[39m
        [36m</div>[39m
      [36m</div>[39m
    [36m</div>[39m
    [36m<div[39m
      [33mclass[39m=[32m"fixed top-5 right-5 z-50 space-y-3"[39m
    [36m/>[39m
  [36m</div>[39m
[36m</body>[39m

Ignored nodes: comments, script, style
[36m<html>[39m
  [36m<head />[39m
  [36m<body>[39m
    [36m<div>[39m
      [36m<div[39m
        [33mclass[39m=[32m"p-1"[39m
      [36m>[39m
        [36m<div[39m
          [33mclass[39m=[32m"flex justify-between items-center mb-6"[39m
        [36m>[39m
          [36m<h1[39m
            [33mclass[39m=[32m"text-3xl font-bold text-gray-800"[39m
          [36m>[39m
            [0mProdutos[0m
          [36m</h1>[39m
          [36m<div[39m
            [33mclass[39m=[32m"flex items-center gap-2"[39m
          [36m>[39m
            [36m<button[39m
              [33mclass[39m=[32m"flex items-center gap-2 bg-gray-100 text-gray-700 font-semibold py-2 px-4 rounded-lg hover:bg-gray-200 transition-colors disabled:opacity-50"[39m
            [36m>[39m
              [36m<svg[39m
                [33maria-hidden[39m=[32m"true"[39m
                [33mclass[39m=[32m"lucide lucide-database-backup"[39m
                [33mfill[39m=[32m"none"[39m
                [33mheight[39m=[32m"20"[39m
                [33mstroke[39m=[32m"currentColor"[39m
                [33mstroke-linecap[39m=[32m"round"[39m
                [33mstroke-linejoin[39m=[32m"round"[39m
                [33mstroke-width[39m=[32m"2"[39m
                [33mviewBox[39m=[32m"0 0 24 24"[39m
                [33mwidth[39m=[32m"20"[39m
                [33mxmlns[39m=[32m"http://www.w3.org/2000/svg"[39m
              [36m>[39m
                [36m<ellipse[39m
                  [33mcx[39m=[32m"12"[39m
                  [33mcy[39m=[32m"5"[39m
                  [33mrx[39m=[32m"9"[39m
                  [33mry[39m=[32m"3"[39m
                [36m/>[39m
                [36m<path[39m
                  [33md[39m=[32m"M3 12a9 3 0 0 0 5 2.69"[39m
                [36m/>[39m
                [36m<path[39m
                  [33md[39m=[32m"M21 9.3V5"[39m
                [36m/>[39m
                [36m<path[39m
                  [33md[39m=[32m"M3 5v14a9 3 0 0 0 6.47 2.88"[39m
                [36m/>[39m
                [36m<path[39m
                  [33md[39m=[32m"M12 12v4h4"[39m
                [36m/>[39m
                [36m<path[39m
                  [33md[39m=[32m"M13 20a5 5 0 0 0 9-3 4.5 4.5 0 0 0-4.5-4.5c-1.33 0-2.54.54-3.41 1.41L12 16"[39m
                [36m/>[39m
              [36m</svg>[39m
              [0mPopular Dados[0m
            [36m</button>[39m
            [36m<button[39m
              [33mclass[39m=[32m"flex items-center gap-2 bg-blue-600 text-white font-bold py-2 px-4 rounded-lg hover:bg-blue-700 transition-colors"[39m
            [36m>[39m
              [36m<svg[39m
                [33maria-hidden[39m=[32m"true"[39m
                [33mclass[39m=[32m"lucide lucide-circle-plus"[39m
                [33mfill[39m=[32m"none"[39m
                [33mheight[39m=[32m"20"[39m
                [33mstroke[39m=[32m"currentColor"[39m
                [33mstroke-linecap[39m=[32m"round"[39m
                [33mstroke-linejoin[39m=[32m"round"[39m
                [33mstroke-width[39m=[32m"2"[39m
                [33mviewBox[39m=[32m"0 0 24 24"[39m
                [33mwidth[39m=[32m"20"[39m
                [33mxmlns[39m=[32m"http://www.w3.org/2000/svg"[39m
              [36m>[39m
                [36m<circle[39m
                  [33mcx[39m=[32m"12"[39m
                  [33mcy[39m=[32m"12"[39m
                  [33mr[39m=[32m"10"[39m
                [36m/>[39m
                [36m<path[39m
                  [33md[39m=[32m"M8 12h8"[39m
                [36m/>[39m
                [36m<path[39m
                  [33md[39m=[32m"M12 8v8"[39m
                [36m/>[39m
              [36m</svg>[39m
              [0mNovo Produto[0m
            [36m</button>[39m
          [36m</div>[39m
        [36m</div>[39m
        [36m<div[39m
          [33mclass[39m=[32m"mb-4 flex gap-4"[39m
        [36m>[39m
          [36m<div[39m
            [33mclass[39m=[32m"relative"[39m
          [36m>[39m
            [36m<svg[39m
              [33maria-hidden[39m=[32m"true"[39m
              [33mclass[39m=[32m"lucide lucide-search absolute left-3 top-1/2 -translate-y-1/2 text-gray-400"[39m
              [33mfill[39m=[32m"none"[39m
              [33mheight[39m=[32m"20"[39m
              [33mstroke[39m=[32m"currentColor"[39m
              [33mstroke-linecap[39m=[32m"round"[39m
              [33mstroke-linejoin[39m=[32m"round"[39m
              [33mstroke-width[39m=[32m"2"[39m
              [33mviewBox[39m=[32m"0 0 24 24"[39m
              [33mwidth[39m=[32m"20"[39m
              [33mxmlns[39m=[32m"http://www.w3.org/2000/svg"[39m
            [36m>[39m
              [36m<path[39m
                [33md[39m=[32m"m21 21-4.34-4.34"[39m
              [36m/>[39m
              [36m<circle[39m
                [33mcx[39m=[32m"11"[39m
                [33mcy[39m=[32m"11"[39m
                [33mr[39m=[32m"8"[39m
              [36m/>[39m
            [36m</svg>[39m
            [36m<input[39m
              [33mclass[39m=[32m"w-full max-w-sm p-3 pl-10 border border-gray-300 rounded-lg"[39m
              [33mplaceholder[39m=[32m"Buscar por nome ou SKU..."[39m
              [33mtype[39m=[32m"text"[39m
              [33mvalue[39m=[32m""[39m
            [36m/>[39m
          [36m</div>[39m
          [36m<div[39m
            [33mclass[39m=[32m"min-w-[200px]"[39m
          [36m>[39m
            [36m<div[39m
              [33mclass[39m=[32m"relative"[39m
            [36m>[39m
              [36m<select[39m
                [33mclass[39m=[32m"w-full p-3 pr-10 bg-white/80 border border-gray-300 rounded-lg focus:ring-2 focus:ring-blue-500 focus:border-blue-500 transition shadow-sm appearance-none"[39m
              [36m>[39m
                [36m<option[39m
                  [33mvalue[39m=[32m""[39m
                [36m>[39m
                  [0mTodos os status[0m
                [36m</option>[39m
                [36m<option[39m
                  [33mvalue[39m=[32m"ativo"[39m
                [36m>[39m
                  [0mAtivo[0m
                [36m</option>[39m
                [36m<option[39m
                  [33mvalue[39m=[32m"inativo"[39m
                [36m>[39m
                  [0mInativo[0m
                [36m</option>[39m
              [36m</select>[39m
              [36m<div[39m
                [33mclass[39m=[32m"pointer-events-none absolute inset-y-0 right-0 flex items-center px-3 text-gray-700"[39m
              [36m>[39m
                [36m<svg[39m
                  [33maria-hidden[39m=[32m"true"[39m
                  [33mclass[39m=[32m"lucide lucide-chevron-down"[39m
                  [33mfill[39m=[32m"none"[39m
                  [33mheight[39m=[32m"20"[39m
                  [33mstroke[39m=[32m"currentColor"[39m
                  [33mstroke-linecap[39m=[32m"round"[39m
                  [33mstroke-linejoin[39m=[32m"round"[39m
                  [33mstroke-width[39m=[32m"2"[39m
                  [33mviewBox[39m=[32m"0 0 24 24"[39m
                  [33mwidth[39m=[32m"20"[39m
                  [33mxmlns[39m=[32m"http://www.w3.org/2000/svg"[39m
                [36m>[39m
                  [36m<path[39m
                    [33md[39m=[32m"m6 9 6 6 6-6"[39m
                  [36m/>[39m
                [36m</svg>[39m
              [36m</div>[39m
            [36m</div>[39m
          [36m</div>[39m
        [36m</div>[39m
        [36m<div[39m
          [33mclass[39m=[32m"bg-white rounded-lg shadow overflow-hidden"[39m
        [36m>[39m
          [36m<div[39m
            [33mclass[39m=[32m"h-96 flex flex-col items-center justify-center text-center text-gray-500 p-4"[39m
          [36m>[39m
            [36m<svg[39m
              [33maria-hidden[39m=[32m"true"[39m
              [33mclass[39m=[32m"lucide lucide-package mb-4"[39m
              [33mfill[39m=[32m"none"[39m
              [33mheight[39m=[32m"48"[39m
              [33mstroke[39m=[32m"currentColor"[39m
              [33mstroke-linecap[39m=[32m"round"[39m
              [33mstroke-linejoin[39m=[32m"round"[39m
              [33mstroke-width[39m=[32m"2"[39m
              [33mviewBox[39m=[32m"0 0 24 24"[39m
              [33mwidth[39m=[32m"48"[39m
              [33mxmlns[39m=[32m"http://www.w3.org/2000/svg"[39m
            [36m>[39m
              [36m<path[39m
                [33md[39m=[32m"M11 21.73a2 2 0 0 0 2 0l7-4A2 2 0 0 0 21 16V8a2 2 0 0 0-1-1.73l-7-4a2 2 0 0 0-2 0l-7 4A2 2 0 0 0 3 8v8a2 2 0 0 0 1 1.73z"[39m
              [36m/>[39m
              [36m<path[39m
                [33md[39m=[32m"M12 22V12"[39m
              [36m/>[39m
              [36m<polyline[39m
                [33mpoints[39m=[32m"3.29 7 12 12 20.71 7"[39m
              [36m/>[39m
              [36m<path[39m
                [33md[39m=[32m"m7.5 4.27 9 5.15"[39m
              [36m/>[39m
            [36m</svg>[39m
            [36m<p[39m
              [33mclass[39m=[32m"font-semibold text-lg"[39m
            [36m>[39m
              [0mNenhum produto encontrado.[0m
            [36m</p>[39m
            [36m<p[39m
              [33mclass[39m=[32m"text-sm mb-4"[39m
            [36m>[39m
              [0mComece cadastrando um novo produto ou popule com dados de exemplo.[0m
            [36m</p>[39m
            [36m<button[39m
              [33mclass[39m=[32m"mt-4 flex items-center gap-2 bg-blue-100 text-blue-700 font-bold py-2 px-4 rounded-lg hover:bg-blue-200 transition-colors disabled:opacity-50"[39m
            [36m>[39m
              [36m<svg[39m
                [33maria-hidden[39m=[32m"true"[39m
                [33mclass[39m=[32m"lucide lucide-database-backup"[39m
                [33mfill[39m=[32m"none"[39m
                [33mheight[39m=[32m"20"[39m
                [33mstroke[39m=[32m"currentColor"[39m
                [33mstroke-linecap[39m=[32m"round"[39m
                [33mstroke-linejoin[39m=[32m"round"[39m
                [33mstroke-width[39m=[32m"2"[39m
                [33mviewBox[39m=[32m"0 0 24 24"[39m
                [33mwidth[39m=[32m"20"[39m
                [33mxmlns[39m=[32m"http://www.w3.org/2000/svg"[39m
              [36m>[39m
                [36m<ellipse[39m
                  [33mcx[39m=[32m"12"[39m
                  [33mcy[39m=[32m"5"[39m
                  [33mrx[39m=[32m"9"[39m
                  [33mry[39m=[32m"3"[39m
                [36m/>[39m
                [36m<path[39m
                  [33md[39m=[32m"M3 12a9 3 0 0 0 5 2.69"[39m
                [36m/>[39m
                [36m<path[39m
                  [33md[39m=[32m"M21 9.3V5"[39m
                [36m/>[39m
                [36m<path[39m
                  [33md[39m=[32m"M3 5v14a9 3 0 0 0 6.47 2.88"[39m
                [36m/>[39m
                [36m<path[39m
                  [33md[39m=[32m"M12 12v4h4"[39m
                [36m/>[39m
                [36m<path[39m
                  [33md[39m=[32m"M13 20a5 5 0 0 0 9-3 4.5 4.5 0 0 0-4.5-4.5c-1.33 0-2.54.54-3.41 1.41L12 16"[39m
                [36m/>[39m
              [36m</svg>[39m
              [0mPopular com 10 produtos padrão[0m
            [36m</button>[39m
          [36m</div>[39m
        [36m</div>[39m
      [36m</div>[39m
      [36m<div[39m
        [33mclass[39m=[32m"fixed top-5 right-5 z-50 space-y-3"[39m
      [36m/>[39m
    [36m</div>[39m
  [36m</body>[39m
[36m</html>[39m
   ❯ src/pages/products/ProductsPage.test.tsx > ProductsPage Integration > filters products by search term
     → Unable to find an element with the text: Produto Teste 1. This could be because the text is broken up by multiple elements. In this case, you can provide a function for your text matcher to make your matcher more flexible.

Ignored nodes: comments, script, style
[36m<body>[39m
  [36m<div>[39m
    [36m<div[39m
      [33mclass[39m=[32m"p-1"[39m
    [36m>[39m
      [36m<div[39m
        [33mclass[39m=[32m"flex justify-between items-center mb-6"[39m
      [36m>[39m
        [36m<h1[39m
          [33mclass[39m=[32m"text-3xl font-bold text-gray-800"[39m
        [36m>[39m
          [0mProdutos[0m
        [36m</h1>[39m
        [36m<div[39m
          [33mclass[39m=[32m"flex items-center gap-2"[39m
        [36m>[39m
          [36m<button[39m
            [33mclass[39m=[32m"flex items-center gap-2 bg-gray-100 text-gray-700 font-semibold py-2 px-4 rounded-lg hover:bg-gray-200 transition-colors disabled:opacity-50"[39m
          [36m>[39m
            [36m<svg[39m
              [33maria-hidden[39m=[32m"true"[39m
              [33mclass[39m=[32m"lucide lucide-database-backup"[39m
              [33mfill[39m=[32m"none"[39m
              [33mheight[39m=[32m"20"[39m
              [33mstroke[39m=[32m"currentColor"[39m
              [33mstroke-linecap[39m=[32m"round"[39m
              [33mstroke-linejoin[39m=[32m"round"[39m
              [33mstroke-width[39m=[32m"2"[39m
              [33mviewBox[39m=[32m"0 0 24 24"[39m
              [33mwidth[39m=[32m"20"[39m
              [33mxmlns[39m=[32m"http://www.w3.org/2000/svg"[39m
            [36m>[39m
              [36m<ellipse[39m
                [33mcx[39m=[32m"12"[39m
                [33mcy[39m=[32m"5"[39m
                [33mrx[39m=[32m"9"[39m
                [33mry[39m=[32m"3"[39m
              [36m/>[39m
              [36m<path[39m
                [33md[39m=[32m"M3 12a9 3 0 0 0 5 2.69"[39m
              [36m/>[39m
              [36m<path[39m
                [33md[39m=[32m"M21 9.3V5"[39m
              [36m/>[39m
              [36m<path[39m
                [33md[39m=[32m"M3 5v14a9 3 0 0 0 6.47 2.88"[39m
              [36m/>[39m
              [36m<path[39m
                [33md[39m=[32m"M12 12v4h4"[39m
              [36m/>[39m
              [36m<path[39m
                [33md[39m=[32m"M13 20a5 5 0 0 0 9-3 4.5 4.5 0 0 0-4.5-4.5c-1.33 0-2.54.54-3.41 1.41L12 16"[39m
              [36m/>[39m
            [36m</svg>[39m
            [0mPopular Dados[0m
          [36m</button>[39m
          [36m<button[39m
            [33mclass[39m=[32m"flex items-center gap-2 bg-blue-600 text-white font-bold py-2 px-4 rounded-lg hover:bg-blue-700 transition-colors"[39m
          [36m>[39m
            [36m<svg[39m
              [33maria-hidden[39m=[32m"true"[39m
              [33mclass[39m=[32m"lucide lucide-circle-plus"[39m
              [33mfill[39m=[32m"none"[39m
              [33mheight[39m=[32m"20"[39m
              [33mstroke[39m=[32m"currentColor"[39m
              [33mstroke-linecap[39m=[32m"round"[39m
              [33mstroke-linejoin[39m=[32m"round"[39m
              [33mstroke-width[39m=[32m"2"[39m
              [33mviewBox[39m=[32m"0 0 24 24"[39m
              [33mwidth[39m=[32m"20"[39m
              [33mxmlns[39m=[32m"http://www.w3.org/2000/svg"[39m
            [36m>[39m
              [36m<circle[39m
                [33mcx[39m=[32m"12"[39m
                [33mcy[39m=[32m"12"[39m
                [33mr[39m=[32m"10"[39m
              [36m/>[39m
              [36m<path[39m
                [33md[39m=[32m"M8 12h8"[39m
              [36m/>[39m
              [36m<path[39m
                [33md[39m=[32m"M12 8v8"[39m
              [36m/>[39m
            [36m</svg>[39m
            [0mNovo Produto[0m
          [36m</button>[39m
        [36m</div>[39m
      [36m</div>[39m
      [36m<div[39m
        [33mclass[39m=[32m"mb-4 flex gap-4"[39m
      [36m>[39m
        [36m<div[39m
          [33mclass[39m=[32m"relative"[39m
        [36m>[39m
          [36m<svg[39m
            [33maria-hidden[39m=[32m"true"[39m
            [33mclass[39m=[32m"lucide lucide-search absolute left-3 top-1/2 -translate-y-1/2 text-gray-400"[39m
            [33mfill[39m=[32m"none"[39m
            [33mheight[39m=[32m"20"[39m
            [33mstroke[39m=[32m"currentColor"[39m
            [33mstroke-linecap[39m=[32m"round"[39m
            [33mstroke-linejoin[39m=[32m"round"[39m
            [33mstroke-width[39m=[32m"2"[39m
            [33mviewBox[39m=[32m"0 0 24 24"[39m
            [33mwidth[39m=[32m"20"[39m
            [33mxmlns[39m=[32m"http://www.w3.org/2000/svg"[39m
          [36m>[39m
            [36m<path[39m
              [33md[39m=[32m"m21 21-4.34-4.34"[39m
            [36m/>[39m
            [36m<circle[39m
              [33mcx[39m=[32m"11"[39m
              [33mcy[39m=[32m"11"[39m
              [33mr[39m=[32m"8"[39m
            [36m/>[39m
          [36m</svg>[39m
          [36m<input[39m
            [33mclass[39m=[32m"w-full max-w-sm p-3 pl-10 border border-gray-300 rounded-lg"[39m
            [33mplaceholder[39m=[32m"Buscar por nome ou SKU..."[39m
            [33mtype[39m=[32m"text"[39m
            [33mvalue[39m=[32m""[39m
          [36m/>[39m
        [36m</div>[39m
        [36m<div[39m
          [33mclass[39m=[32m"min-w-[200px]"[39m
        [36m>[39m
          [36m<div[39m
            [33mclass[39m=[32m"relative"[39m
          [36m>[39m
            [36m<select[39m
              [33mclass[39m=[32m"w-full p-3 pr-10 bg-white/80 border border-gray-300 rounded-lg focus:ring-2 focus:ring-blue-500 focus:border-blue-500 transition shadow-sm appearance-none"[39m
            [36m>[39m
              [36m<option[39m
                [33mvalue[39m=[32m""[39m
              [36m>[39m
                [0mTodos os status[0m
              [36m</option>[39m
              [36m<option[39m
                [33mvalue[39m=[32m"ativo"[39m
              [36m>[39m
                [0mAtivo[0m
              [36m</option>[39m
              [36m<option[39m
                [33mvalue[39m=[32m"inativo"[39m
              [36m>[39m
                [0mInativo[0m
              [36m</option>[39m
            [36m</select>[39m
            [36m<div[39m
              [33mclass[39m=[32m"pointer-events-none absolute inset-y-0 right-0 flex items-center px-3 text-gray-700"[39m
            [36m>[39m
              [36m<svg[39m
                [33maria-hidden[39m=[32m"true"[39m
                [33mclass[39m=[32m"lucide lucide-chevron-down"[39m
                [33mfill[39m=[32m"none"[39m
                [33mheight[39m=[32m"20"[39m
                [33mstroke[39m=[32m"currentColor"[39m
                [33mstroke-linecap[39m=[32m"round"[39m
                [33mstroke-linejoin[39m=[32m"round"[39m
                [33mstroke-width[39m=[32m"2"[39m
                [33mviewBox[39m=[32m"0 0 24 24"[39m
                [33mwidth[39m=[32m"20"[39m
                [33mxmlns[39m=[32m"http://www.w3.org/2000/svg"[39m
              [36m>[39m
                [36m<path[39m
                  [33md[39m=[32m"m6 9 6 6 6-6"[39m
                [36m/>[39m
              [36m</svg>[39m
            [36m</div>[39m
          [36m</div>[39m
        [36m</div>[39m
      [36m</div>[39m
      [36m<div[39m
        [33mclass[39m=[32m"bg-white rounded-lg shadow overflow-hidden"[39m
      [36m>[39m
        [36m<div[39m
          [33mclass[39m=[32m"h-96 flex flex-col items-center justify-center text-center text-gray-500 p-4"[39m
        [36m>[39m
          [36m<svg[39m
            [33maria-hidden[39m=[32m"true"[39m
            [33mclass[39m=[32m"lucide lucide-package mb-4"[39m
            [33mfill[39m=[32m"none"[39m
            [33mheight[39m=[32m"48"[39m
            [33mstroke[39m=[32m"currentColor"[39m
            [33mstroke-linecap[39m=[32m"round"[39m
            [33mstroke-linejoin[39m=[32m"round"[39m
            [33mstroke-width[39m=[32m"2"[39m
            [33mviewBox[39m=[32m"0 0 24 24"[39m
            [33mwidth[39m=[32m"48"[39m
            [33mxmlns[39m=[32m"http://www.w3.org/2000/svg"[39m
          [36m>[39m
            [36m<path[39m
              [33md[39m=[32m"M11 21.73a2 2 0 0 0 2 0l7-4A2 2 0 0 0 21 16V8a2 2 0 0 0-1-1.73l-7-4a2 2 0 0 0-2 0l-7 4A2 2 0 0 0 3 8v8a2 2 0 0 0 1 1.73z"[39m
            [36m/>[39m
            [36m<path[39m
              [33md[39m=[32m"M12 22V12"[39m
            [36m/>[39m
            [36m<polyline[39m
              [33mpoints[39m=[32m"3.29 7 12 12 20.71 7"[39m
            [36m/>[39m
            [36m<path[39m
              [33md[39m=[32m"m7.5 4.27 9 5.15"[39m
            [36m/>[39m
          [36m</svg>[39m
          [36m<p[39m
            [33mclass[39m=[32m"font-semibold text-lg"[39m
          [36m>[39m
            [0mNenhum produto encontrado.[0m
          [36m</p>[39m
          [36m<p[39m
            [33mclass[39m=[32m"text-sm mb-4"[39m
          [36m>[39m
            [0mComece cadastrando um novo produto ou popule com dados de exemplo.[0m
          [36m</p>[39m
          [36m<button[39m
            [33mclass[39m=[32m"mt-4 flex items-center gap-2 bg-blue-100 text-blue-700 font-bold py-2 px-4 rounded-lg hover:bg-blue-200 transition-colors disabled:opacity-50"[39m
          [36m>[39m
            [36m<svg[39m
              [33maria-hidden[39m=[32m"true"[39m
              [33mclass[39m=[32m"lucide lucide-database-backup"[39m
              [33mfill[39m=[32m"none"[39m
              [33mheight[39m=[32m"20"[39m
              [33mstroke[39m=[32m"currentColor"[39m
              [33mstroke-linecap[39m=[32m"round"[39m
              [33mstroke-linejoin[39m=[32m"round"[39m
              [33mstroke-width[39m=[32m"2"[39m
              [33mviewBox[39m=[32m"0 0 24 24"[39m
              [33mwidth[39m=[32m"20"[39m
              [33mxmlns[39m=[32m"http://www.w3.org/2000/svg"[39m
            [36m>[39m
              [36m<ellipse[39m
                [33mcx[39m=[32m"12"[39m
                [33mcy[39m=[32m"5"[39m
                [33mrx[39m=[32m"9"[39m
                [33mry[39m=[32m"3"[39m
              [36m/>[39m
              [36m<path[39m
                [33md[39m=[32m"M3 12a9 3 0 0 0 5 2.69"[39m
              [36m/>[39m
              [36m<path[39m
                [33md[39m=[32m"M21 9.3V5"[39m
              [36m/>[39m
              [36m<path[39m
                [33md[39m=[32m"M3 5v14a9 3 0 0 0 6.47 2.88"[39m
              [36m/>[39m
              [36m<path[39m
                [33md[39m=[32m"M12 12v4h4"[39m
              [36m/>[39m
              [36m<path[39m
                [33md[39m=[32m"M13 20a5 5 0 0 0 9-3 4.5 4.5 0 0 0-4.5-4.5c-1.33 0-2.54.54-3.41 1.41L12 16"[39m
              [36m/>[39m
            [36m</svg>[39m
            [0mPopular com 10 produtos padrão[0m
          [36m</button>[39m
        [36m</div>[39m
      [36m</div>[39m
    [36m</div>[39m
    [36m<div[39m
      [33mclass[39m=[32m"fixed top-5 right-5 z-50 space-y-3"[39m
    [36m/>[39m
  [36m</div>[39m
[36m</body>[39m

Ignored nodes: comments, script, style
[36m<html>[39m
  [36m<head />[39m
  [36m<body>[39m
    [36m<div>[39m
      [36m<div[39m
        [33mclass[39m=[32m"p-1"[39m
      [36m>[39m
        [36m<div[39m
          [33mclass[39m=[32m"flex justify-between items-center mb-6"[39m
        [36m>[39m
          [36m<h1[39m
            [33mclass[39m=[32m"text-3xl font-bold text-gray-800"[39m
          [36m>[39m
            [0mProdutos[0m
          [36m</h1>[39m
          [36m<div[39m
            [33mclass[39m=[32m"flex items-center gap-2"[39m
          [36m>[39m
            [36m<button[39m
              [33mclass[39m=[32m"flex items-center gap-2 bg-gray-100 text-gray-700 font-semibold py-2 px-4 rounded-lg hover:bg-gray-200 transition-colors disabled:opacity-50"[39m
            [36m>[39m
              [36m<svg[39m
                [33maria-hidden[39m=[32m"true"[39m
                [33mclass[39m=[32m"lucide lucide-database-backup"[39m
                [33mfill[39m=[32m"none"[39m
                [33mheight[39m=[32m"20"[39m
                [33mstroke[39m=[32m"currentColor"[39m
                [33mstroke-linecap[39m=[32m"round"[39m
                [33mstroke-linejoin[39m=[32m"round"[39m
                [33mstroke-width[39m=[32m"2"[39m
                [33mviewBox[39m=[32m"0 0 24 24"[39m
                [33mwidth[39m=[32m"20"[39m
                [33mxmlns[39m=[32m"http://www.w3.org/2000/svg"[39m
              [36m>[39m
                [36m<ellipse[39m
                  [33mcx[39m=[32m"12"[39m
                  [33mcy[39m=[32m"5"[39m
                  [33mrx[39m=[32m"9"[39m
                  [33mry[39m=[32m"3"[39m
                [36m/>[39m
                [36m<path[39m
                  [33md[39m=[32m"M3 12a9 3 0 0 0 5 2.69"[39m
                [36m/>[39m
                [36m<path[39m
                  [33md[39m=[32m"M21 9.3V5"[39m
                [36m/>[39m
                [36m<path[39m
                  [33md[39m=[32m"M3 5v14a9 3 0 0 0 6.47 2.88"[39m
                [36m/>[39m
                [36m<path[39m
                  [33md[39m=[32m"M12 12v4h4"[39m
                [36m/>[39m
                [36m<path[39m
                  [33md[39m=[32m"M13 20a5 5 0 0 0 9-3 4.5 4.5 0 0 0-4.5-4.5c-1.33 0-2.54.54-3.41 1.41L12 16"[39m
                [36m/>[39m
              [36m</svg>[39m
              [0mPopular Dados[0m
            [36m</button>[39m
            [36m<button[39m
              [33mclass[39m=[32m"flex items-center gap-2 bg-blue-600 text-white font-bold py-2 px-4 rounded-lg hover:bg-blue-700 transition-colors"[39m
            [36m>[39m
              [36m<svg[39m
                [33maria-hidden[39m=[32m"true"[39m
                [33mclass[39m=[32m"lucide lucide-circle-plus"[39m
                [33mfill[39m=[32m"none"[39m
                [33mheight[39m=[32m"20"[39m
                [33mstroke[39m=[32m"currentColor"[39m
                [33mstroke-linecap[39m=[32m"round"[39m
                [33mstroke-linejoin[39m=[32m"round"[39m
                [33mstroke-width[39m=[32m"2"[39m
                [33mviewBox[39m=[32m"0 0 24 24"[39m
                [33mwidth[39m=[32m"20"[39m
                [33mxmlns[39m=[32m"http://www.w3.org/2000/svg"[39m
              [36m>[39m
                [36m<circle[39m
                  [33mcx[39m=[32m"12"[39m
                  [33mcy[39m=[32m"12"[39m
                  [33mr[39m=[32m"10"[39m
                [36m/>[39m
                [36m<path[39m
                  [33md[39m=[32m"M8 12h8"[39m
                [36m/>[39m
                [36m<path[39m
                  [33md[39m=[32m"M12 8v8"[39m
                [36m/>[39m
              [36m</svg>[39m
              [0mNovo Produto[0m
            [36m</button>[39m
          [36m</div>[39m
        [36m</div>[39m
        [36m<div[39m
          [33mclass[39m=[32m"mb-4 flex gap-4"[39m
        [36m>[39m
          [36m<div[39m
            [33mclass[39m=[32m"relative"[39m
          [36m>[39m
            [36m<svg[39m
              [33maria-hidden[39m=[32m"true"[39m
              [33mclass[39m=[32m"lucide lucide-search absolute left-3 top-1/2 -translate-y-1/2 text-gray-400"[39m
              [33mfill[39m=[32m"none"[39m
              [33mheight[39m=[32m"20"[39m
              [33mstroke[39m=[32m"currentColor"[39m
              [33mstroke-linecap[39m=[32m"round"[39m
              [33mstroke-linejoin[39m=[32m"round"[39m
              [33mstroke-width[39m=[32m"2"[39m
              [33mviewBox[39m=[32m"0 0 24 24"[39m
              [33mwidth[39m=[32m"20"[39m
              [33mxmlns[39m=[32m"http://www.w3.org/2000/svg"[39m
            [36m>[39m
              [36m<path[39m
                [33md[39m=[32m"m21 21-4.34-4.34"[39m
              [36m/>[39m
              [36m<circle[39m
                [33mcx[39m=[32m"11"[39m
                [33mcy[39m=[32m"11"[39m
                [33mr[39m=[32m"8"[39m
              [36m/>[39m
            [36m</svg>[39m
            [36m<input[39m
              [33mclass[39m=[32m"w-full max-w-sm p-3 pl-10 border border-gray-300 rounded-lg"[39m
              [33mplaceholder[39m=[32m"Buscar por nome ou SKU..."[39m
              [33mtype[39m=[32m"text"[39m
              [33mvalue[39m=[32m""[39m
            [36m/>[39m
          [36m</div>[39m
          [36m<div[39m
            [33mclass[39m=[32m"min-w-[200px]"[39m
          [36m>[39m
            [36m<div[39m
              [33mclass[39m=[32m"relative"[39m
            [36m>[39m
              [36m<select[39m
                [33mclass[39m=[32m"w-full p-3 pr-10 bg-white/80 border border-gray-300 rounded-lg focus:ring-2 focus:ring-blue-500 focus:border-blue-500 transition shadow-sm appearance-none"[39m
              [36m>[39m
                [36m<option[39m
                  [33mvalue[39m=[32m""[39m
                [36m>[39m
                  [0mTodos os status[0m
                [36m</option>[39m
                [36m<option[39m
                  [33mvalue[39m=[32m"ativo"[39m
                [36m>[39m
                  [0mAtivo[0m
                [36m</option>[39m
                [36m<option[39m
                  [33mvalue[39m=[32m"inativo"[39m
                [36m>[39m
                  [0mInativo[0m
                [36m</option>[39m
              [36m</select>[39m
              [36m<div[39m
                [33mclass[39m=[32m"pointer-events-none absolute inset-y-0 right-0 flex items-center px-3 text-gray-700"[39m
              [36m>[39m
                [36m<svg[39m
                  [33maria-hidden[39m=[32m"true"[39m
                  [33mclass[39m=[32m"lucide lucide-chevron-down"[39m
                  [33mfill[39m=[32m"none"[39m
                  [33mheight[39m=[32m"20"[39m
                  [33mstroke[39m=[32m"currentColor"[39m
                  [33mstroke-linecap[39m=[32m"round"[39m
                  [33mstroke-linejoin[39m=[32m"round"[39m
                  [33mstroke-width[39m=[32m"2"[39m
                  [33mviewBox[39m=[32m"0 0 24 24"[39m
                  [33mwidth[39m=[32m"20"[39m
                  [33mxmlns[39m=[32m"http://www.w3.org/2000/svg"[39m
                [36m>[39m
                  [36m<path[39m
                    [33md[39m=[32m"m6 9 6 6 6-6"[39m
                  [36m/>[39m
                [36m</svg>[39m
              [36m</div>[39m
            [36m</div>[39m
          [36m</div>[39m
        [36m</div>[39m
        [36m<div[39m
          [33mclass[39m=[32m"bg-white rounded-lg shadow overflow-hidden"[39m
        [36m>[39m
          [36m<div[39m
            [33mclass[39m=[32m"h-96 flex flex-col items-center justify-center text-center text-gray-500 p-4"[39m
          [36m>[39m
            [36m<svg[39m
              [33maria-hidden[39m=[32m"true"[39m
              [33mclass[39m=[32m"lucide lucide-package mb-4"[39m
              [33mfill[39m=[32m"none"[39m
              [33mheight[39m=[32m"48"[39m
              [33mstroke[39m=[32m"currentColor"[39m
              [33mstroke-linecap[39m=[32m"round"[39m
              [33mstroke-linejoin[39m=[32m"round"[39m
              [33mstroke-width[39m=[32m"2"[39m
              [33mviewBox[39m=[32m"0 0 24 24"[39m
              [33mwidth[39m=[32m"48"[39m
              [33mxmlns[39m=[32m"http://www.w3.org/2000/svg"[39m
            [36m>[39m
              [36m<path[39m
                [33md[39m=[32m"M11 21.73a2 2 0 0 0 2 0l7-4A2 2 0 0 0 21 16V8a2 2 0 0 0-1-1.73l-7-4a2 2 0 0 0-2 0l-7 4A2 2 0 0 0 3 8v8a2 2 0 0 0 1 1.73z"[39m
              [36m/>[39m
              [36m<path[39m
                [33md[39m=[32m"M12 22V12"[39m
              [36m/>[39m
              [36m<polyline[39m
                [33mpoints[39m=[32m"3.29 7 12 12 20.71 7"[39m
              [36m/>[39m
              [36m<path[39m
                [33md[39m=[32m"m7.5 4.27 9 5.15"[39m
              [36m/>[39m
            [36m</svg>[39m
            [36m<p[39m
              [33mclass[39m=[32m"font-semibold text-lg"[39m
            [36m>[39m
              [0mNenhum produto encontrado.[0m
            [36m</p>[39m
            [36m<p[39m
              [33mclass[39m=[32m"text-sm mb-4"[39m
            [36m>[39m
              [0mComece cadastrando um novo produto ou popule com dados de exemplo.[0m
            [36m</p>[39m
            [36m<button[39m
              [33mclass[39m=[32m"mt-4 flex items-center gap-2 bg-blue-100 text-blue-700 font-bold py-2 px-4 rounded-lg hover:bg-blue-200 transition-colors disabled:opacity-50"[39m
            [36m>[39m
              [36m<svg[39m
                [33maria-hidden[39m=[32m"true"[39m
                [33mclass[39m=[32m"lucide lucide-database-backup"[39m
                [33mfill[39m=[32m"none"[39m
                [33mheight[39m=[32m"20"[39m
                [33mstroke[39m=[32m"currentColor"[39m
                [33mstroke-linecap[39m=[32m"round"[39m
                [33mstroke-linejoin[39m=[32m"round"[39m
                [33mstroke-width[39m=[32m"2"[39m
                [33mviewBox[39m=[32m"0 0 24 24"[39m
                [33mwidth[39m=[32m"20"[39m
                [33mxmlns[39m=[32m"http://www.w3.org/2000/svg"[39m
              [36m>[39m
                [36m<ellipse[39m
                  [33mcx[39m=[32m"12"[39m
                  [33mcy[39m=[32m"5"[39m
                  [33mrx[39m=[32m"9"[39m
                  [33mry[39m=[32m"3"[39m
                [36m/>[39m
                [36m<path[39m
                  [33md[39m=[32m"M3 12a9 3 0 0 0 5 2.69"[39m
                [36m/>[39m
                [36m<path[39m
                  [33md[39m=[32m"M21 9.3V5"[39m
                [36m/>[39m
                [36m<path[39m
                  [33md[39m=[32m"M3 5v14a9 3 0 0 0 6.47 2.88"[39m
                [36m/>[39m
                [36m<path[39m
                  [33md[39m=[32m"M12 12v4h4"[39m
                [36m/>[39m
                [36m<path[39m
                  [33md[39m=[32m"M13 20a5 5 0 0 0 9-3 4.5 4.5 0 0 0-4.5-4.5c-1.33 0-2.54.54-3.41 1.41L12 16"[39m
                [36m/>[39m
              [36m</svg>[39m
              [0mPopular com 10 produtos padrão[0m
            [36m</button>[39m
          [36m</div>[39m
        [36m</div>[39m
      [36m</div>[39m
      [36m<div[39m
        [33mclass[39m=[32m"fixed top-5 right-5 z-50 space-y-3"[39m
      [36m/>[39m
    [36m</div>[39m
  [36m</body>[39m
[36m</html>[39m

⎯⎯⎯⎯⎯⎯⎯ Failed Tests 2 ⎯⎯⎯⎯⎯⎯⎯

 FAIL  src/pages/products/ProductsPage.test.tsx > ProductsPage Integration > renders the product list with data from MSW
TestingLibraryElementError: Unable to find an element with the text: Produto Teste 1. This could be because the text is broken up by multiple elements. In this case, you can provide a function for your text matcher to make your matcher more flexible.

Ignored nodes: comments, script, style
[36m<body>[39m
  [36m<div>[39m
    [36m<div[39m
      [33mclass[39m=[32m"p-1"[39m
    [36m>[39m
      [36m<div[39m
        [33mclass[39m=[32m"flex justify-between items-center mb-6"[39m
      [36m>[39m
        [36m<h1[39m
          [33mclass[39m=[32m"text-3xl font-bold text-gray-800"[39m
        [36m>[39m
          [0mProdutos[0m
        [36m</h1>[39m
        [36m<div[39m
          [33mclass[39m=[32m"flex items-center gap-2"[39m
        [36m>[39m
          [36m<button[39m
            [33mclass[39m=[32m"flex items-center gap-2 bg-gray-100 text-gray-700 font-semibold py-2 px-4 rounded-lg hover:bg-gray-200 transition-colors disabled:opacity-50"[39m
          [36m>[39m
            [36m<svg[39m
              [33maria-hidden[39m=[32m"true"[39m
              [33mclass[39m=[32m"lucide lucide-database-backup"[39m
              [33mfill[39m=[32m"none"[39m
              [33mheight[39m=[32m"20"[39m
              [33mstroke[39m=[32m"currentColor"[39m
              [33mstroke-linecap[39m=[32m"round"[39m
              [33mstroke-linejoin[39m=[32m"round"[39m
              [33mstroke-width[39m=[32m"2"[39m
              [33mviewBox[39m=[32m"0 0 24 24"[39m
              [33mwidth[39m=[32m"20"[39m
              [33mxmlns[39m=[32m"http://www.w3.org/2000/svg"[39m
            [36m>[39m
              [36m<ellipse[39m
                [33mcx[39m=[32m"12"[39m
                [33mcy[39m=[32m"5"[39m
                [33mrx[39m=[32m"9"[39m
                [33mry[39m=[32m"3"[39m
              [36m/>[39m
              [36m<path[39m
                [33md[39m=[32m"M3 12a9 3 0 0 0 5 2.69"[39m
              [36m/>[39m
              [36m<path[39m
                [33md[39m=[32m"M21 9.3V5"[39m
              [36m/>[39m
              [36m<path[39m
                [33md[39m=[32m"M3 5v14a9 3 0 0 0 6.47 2.88"[39m
              [36m/>[39m
              [36m<path[39m
                [33md[39m=[32m"M12 12v4h4"[39m
              [36m/>[39m
              [36m<path[39m
                [33md[39m=[32m"M13 20a5 5 0 0 0 9-3 4.5 4.5 0 0 0-4.5-4.5c-1.33 0-2.54.54-3.41 1.41L12 16"[39m
              [36m/>[39m
            [36m</svg>[39m
            [0mPopular Dados[0m
          [36m</button>[39m
          [36m<button[39m
            [33mclass[39m=[32m"flex items-center gap-2 bg-blue-600 text-white font-bold py-2 px-4 rounded-lg hover:bg-blue-700 transition-colors"[39m
          [36m>[39m
            [36m<svg[39m
              [33maria-hidden[39m=[32m"true"[39m
              [33mclass[39m=[32m"lucide lucide-circle-plus"[39m
              [33mfill[39m=[32m"none"[39m
              [33mheight[39m=[32m"20"[39m
              [33mstroke[39m=[32m"currentColor"[39m
              [33mstroke-linecap[39m=[32m"round"[39m
              [33mstroke-linejoin[39m=[32m"round"[39m
              [33mstroke-width[39m=[32m"2"[39m
              [33mviewBox[39m=[32m"0 0 24 24"[39m
              [33mwidth[39m=[32m"20"[39m
              [33mxmlns[39m=[32m"http://www.w3.org/2000/svg"[39m
            [36m>[39m
              [36m<circle[39m
                [33mcx[39m=[32m"12"[39m
                [33mcy[39m=[32m"12"[39m
                [33mr[39m=[32m"10"[39m
              [36m/>[39m
              [36m<path[39m
                [33md[39m=[32m"M8 12h8"[39m
              [36m/>[39m
              [36m<path[39m
                [33md[39m=[32m"M12 8v8"[39m
              [36m/>[39m
            [36m</svg>[39m
            [0mNovo Produto[0m
          [36m</button>[39m
        [36m</div>[39m
      [36m</div>[39m
      [36m<div[39m
        [33mclass[39m=[32m"mb-4 flex gap-4"[39m
      [36m>[39m
        [36m<div[39m
          [33mclass[39m=[32m"relative"[39m
        [36m>[39m
          [36m<svg[39m
            [33maria-hidden[39m=[32m"true"[39m
            [33mclass[39m=[32m"lucide lucide-search absolute left-3 top-1/2 -translate-y-1/2 text-gray-400"[39m
            [33mfill[39m=[32m"none"[39m
            [33mheight[39m=[32m"20"[39m
            [33mstroke[39m=[32m"currentColor"[39m
            [33mstroke-linecap[39m=[32m"round"[39m
            [33mstroke-linejoin[39m=[32m"round"[39m
            [33mstroke-width[39m=[32m"2"[39m
            [33mviewBox[39m=[32m"0 0 24 24"[39m
            [33mwidth[39m=[32m"20"[39m
            [33mxmlns[39m=[32m"http://www.w3.org/2000/svg"[39m
          [36m>[39m
            [36m<path[39m
              [33md[39m=[32m"m21 21-4.34-4.34"[39m
            [36m/>[39m
            [36m<circle[39m
              [33mcx[39m=[32m"11"[39m
              [33mcy[39m=[32m"11"[39m
              [33mr[39m=[32m"8"[39m
            [36m/>[39m
          [36m</svg>[39m
          [36m<input[39m
            [33mclass[39m=[32m"w-full max-w-sm p-3 pl-10 border border-gray-300 rounded-lg"[39m
            [33mplaceholder[39m=[32m"Buscar por nome ou SKU..."[39m
            [33mtype[39m=[32m"text"[39m
            [33mvalue[39m=[32m""[39m
          [36m/>[39m
        [36m</div>[39m
        [36m<div[39m
          [33mclass[39m=[32m"min-w-[200px]"[39m
        [36m>[39m
          [36m<div[39m
            [33mclass[39m=[32m"relative"[39m
          [36m>[39m
            [36m<select[39m
              [33mclass[39m=[32m"w-full p-3 pr-10 bg-white/80 border border-gray-300 rounded-lg focus:ring-2 focus:ring-blue-500 focus:border-blue-500 transition shadow-sm appearance-none"[39m
            [36m>[39m
              [36m<option[39m
                [33mvalue[39m=[32m""[39m
              [36m>[39m
                [0mTodos os status[0m
              [36m</option>[39m
              [36m<option[39m
                [33mvalue[39m=[32m"ativo"[39m
              [36m>[39m
                [0mAtivo[0m
              [36m</option>[39m
              [36m<option[39m
                [33mvalue[39m=[32m"inativo"[39m
              [36m>[39m
                [0mInativo[0m
              [36m</option>[39m
            [36m</select>[39m
            [36m<div[39m
              [33mclass[39m=[32m"pointer-events-none absolute inset-y-0 right-0 flex items-center px-3 text-gray-700"[39m
            [36m>[39m
              [36m<svg[39m
                [33maria-hidden[39m=[32m"true"[39m
                [33mclass[39m=[32m"lucide lucide-chevron-down"[39m
                [33mfill[39m=[32m"none"[39m
                [33mheight[39m=[32m"20"[39m
                [33mstroke[39m=[32m"currentColor"[39m
                [33mstroke-linecap[39m=[32m"round"[39m
                [33mstroke-linejoin[39m=[32m"round"[39m
                [33mstroke-width[39m=[32m"2"[39m
                [33mviewBox[39m=[32m"0 0 24 24"[39m
                [33mwidth[39m=[32m"20"[39m
                [33mxmlns[39m=[32m"http://www.w3.org/2000/svg"[39m
              [36m>[39m
                [36m<path[39m
                  [33md[39m=[32m"m6 9 6 6 6-6"[39m
                [36m/>[39m
              [36m</svg>[39m
            [36m</div>[39m
          [36m</div>[39m
        [36m</div>[39m
      [36m</div>[39m
      [36m<div[39m
        [33mclass[39m=[32m"bg-white rounded-lg shadow overflow-hidden"[39m
      [36m>[39m
        [36m<div[39m
          [33mclass[39m=[32m"h-96 flex flex-col items-center justify-center text-center text-gray-500 p-4"[39m
        [36m>[39m
          [36m<svg[39m
            [33maria-hidden[39m=[32m"true"[39m
            [33mclass[39m=[32m"lucide lucide-package mb-4"[39m
            [33mfill[39m=[32m"none"[39m
            [33mheight[39m=[32m"48"[39m
            [33mstroke[39m=[32m"currentColor"[39m
            [33mstroke-linecap[39m=[32m"round"[39m
            [33mstroke-linejoin[39m=[32m"round"[39m
            [33mstroke-width[39m=[32m"2"[39m
            [33mviewBox[39m=[32m"0 0 24 24"[39m
            [33mwidth[39m=[32m"48"[39m
            [33mxmlns[39m=[32m"http://www.w3.org/2000/svg"[39m
          [36m>[39m
            [36m<path[39m
              [33md[39m=[32m"M11 21.73a2 2 0 0 0 2 0l7-4A2 2 0 0 0 21 16V8a2 2 0 0 0-1-1.73l-7-4a2 2 0 0 0-2 0l-7 4A2 2 0 0 0 3 8v8a2 2 0 0 0 1 1.73z"[39m
            [36m/>[39m
            [36m<path[39m
              [33md[39m=[32m"M12 22V12"[39m
            [36m/>[39m
            [36m<polyline[39m
              [33mpoints[39m=[32m"3.29 7 12 12 20.71 7"[39m
            [36m/>[39m
            [36m<path[39m
              [33md[39m=[32m"m7.5 4.27 9 5.15"[39m
            [36m/>[39m
          [36m</svg>[39m
          [36m<p[39m
            [33mclass[39m=[32m"font-semibold text-lg"[39m
          [36m>[39m
            [0mNenhum produto encontrado.[0m
          [36m</p>[39m
          [36m<p[39m
            [33mclass[39m=[32m"text-sm mb-4"[39m
          [36m>[39m
            [0mComece cadastrando um novo produto ou popule com dados de exemplo.[0m
          [36m</p>[39m
          [36m<button[39m
            [33mclass[39m=[32m"mt-4 flex items-center gap-2 bg-blue-100 text-blue-700 font-bold py-2 px-4 rounded-lg hover:bg-blue-200 transition-colors disabled:opacity-50"[39m
          [36m>[39m
            [36m<svg[39m
              [33maria-hidden[39m=[32m"true"[39m
              [33mclass[39m=[32m"lucide lucide-database-backup"[39m
              [33mfill[39m=[32m"none"[39m
              [33mheight[39m=[32m"20"[39m
              [33mstroke[39m=[32m"currentColor"[39m
              [33mstroke-linecap[39m=[32m"round"[39m
              [33mstroke-linejoin[39m=[32m"round"[39m
              [33mstroke-width[39m=[32m"2"[39m
              [33mviewBox[39m=[32m"0 0 24 24"[39m
              [33mwidth[39m=[32m"20"[39m
              [33mxmlns[39m=[32m"http://www.w3.org/2000/svg"[39m
            [36m>[39m
              [36m<ellipse[39m
                [33mcx[39m=[32m"12"[39m
                [33mcy[39m=[32m"5"[39m
                [33mrx[39m=[32m"9"[39m
                [33mry[39m=[32m"3"[39m
              [36m/>[39m
              [36m<path[39m
                [33md[39m=[32m"M3 12a9 3 0 0 0 5 2.69"[39m
              [36m/>[39m
              [36m<path[39m
                [33md[39m=[32m"M21 9.3V5"[39m
              [36m/>[39m
              [36m<path[39m
                [33md[39m=[32m"M3 5v14a9 3 0 0 0 6.47 2.88"[39m
              [36m/>[39m
              [36m<path[39m
                [33md[39m=[32m"M12 12v4h4"[39m
              [36m/>[39m
              [36m<path[39m
                [33md[39m=[32m"M13 20a5 5 0 0 0 9-3 4.5 4.5 0 0 0-4.5-4.5c-1.33 0-2.54.54-3.41 1.41L12 16"[39m
              [36m/>[39m
            [36m</svg>[39m
            [0mPopular com 10 produtos padrão[0m
          [36m</button>[39m
        [36m</div>[39m
      [36m</div>[39m
    [36m</div>[39m
    [36m<div[39m
      [33mclass[39m=[32m"fixed top-5 right-5 z-50 space-y-3"[39m
    [36m/>[39m
  [36m</div>[39m
[36m</body>[39m

Ignored nodes: comments, script, style
[36m<html>[39m
  [36m<head />[39m
  [36m<body>[39m
    [36m<div>[39m
      [36m<div[39m
        [33mclass[39m=[32m"p-1"[39m
      [36m>[39m
        [36m<div[39m
          [33mclass[39m=[32m"flex justify-between items-center mb-6"[39m
        [36m>[39m
          [36m<h1[39m
            [33mclass[39m=[32m"text-3xl font-bold text-gray-800"[39m
          [36m>[39m
            [0mProdutos[0m
          [36m</h1>[39m
          [36m<div[39m
            [33mclass[39m=[32m"flex items-center gap-2"[39m
          [36m>[39m
            [36m<button[39m
              [33mclass[39m=[32m"flex items-center gap-2 bg-gray-100 text-gray-700 font-semibold py-2 px-4 rounded-lg hover:bg-gray-200 transition-colors disabled:opacity-50"[39m
            [36m>[39m
              [36m<svg[39m
                [33maria-hidden[39m=[32m"true"[39m
                [33mclass[39m=[32m"lucide lucide-database-backup"[39m
                [33mfill[39m=[32m"none"[39m
                [33mheight[39m=[32m"20"[39m
                [33mstroke[39m=[32m"currentColor"[39m
                [33mstroke-linecap[39m=[32m"round"[39m
                [33mstroke-linejoin[39m=[32m"round"[39m
                [33mstroke-width[39m=[32m"2"[39m
                [33mviewBox[39m=[32m"0 0 24 24"[39m
                [33mwidth[39m=[32m"20"[39m
                [33mxmlns[39m=[32m"http://www.w3.org/2000/svg"[39m
              [36m>[39m
                [36m<ellipse[39m
                  [33mcx[39m=[32m"12"[39m
                  [33mcy[39m=[32m"5"[39m
                  [33mrx[39m=[32m"9"[39m
                  [33mry[39m=[32m"3"[39m
                [36m/>[39m
                [36m<path[39m
                  [33md[39m=[32m"M3 12a9 3 0 0 0 5 2.69"[39m
                [36m/>[39m
                [36m<path[39m
                  [33md[39m=[32m"M21 9.3V5"[39m
                [36m/>[39m
                [36m<path[39m
                  [33md[39m=[32m"M3 5v14a9 3 0 0 0 6.47 2.88"[39m
                [36m/>[39m
                [36m<path[39m
                  [33md[39m=[32m"M12 12v4h4"[39m
                [36m/>[39m
                [36m<path[39m
                  [33md[39m=[32m"M13 20a5 5 0 0 0 9-3 4.5 4.5 0 0 0-4.5-4.5c-1.33 0-2.54.54-3.41 1.41L12 16"[39m
                [36m/>[39m
              [36m</svg>[39m
              [0mPopular Dados[0m
            [36m</button>[39m
            [36m<button[39m
              [33mclass[39m=[32m"flex items-center gap-2 bg-blue-600 text-white font-bold py-2 px-4 rounded-lg hover:bg-blue-700 transition-colors"[39m
            [36m>[39m
              [36m<svg[39m
                [33maria-hidden[39m=[32m"true"[39m
                [33mclass[39m=[32m"lucide lucide-circle-plus"[39m
                [33mfill[39m=[32m"none"[39m
                [33mheight[39m=[32m"20"[39m
                [33mstroke[39m=[32m"currentColor"[39m
                [33mstroke-linecap[39m=[32m"round"[39m
                [33mstroke-linejoin[39m=[32m"round"[39m
                [33mstroke-width[39m=[32m"2"[39m
                [33mviewBox[39m=[32m"0 0 24 24"[39m
                [33mwidth[39m=[32m"20"[39m
                [33mxmlns[39m=[32m"http://www.w3.org/2000/svg"[39m
              [36m>[39m
                [36m<circle[39m
                  [33mcx[39m=[32m"12"[39m
                  [33mcy[39m=[32m"12"[39m
                  [33mr[39m=[32m"10"[39m
                [36m/>[39m
                [36m<path[39m
                  [33md[39m=[32m"M8 12h8"[39m
                [36m/>[39m
                [36m<path[39m
                  [33md[39m=[32m"M12 8v8"[39m
                [36m/>[39m
              [36m</svg>[39m
              [0mNovo Produto[0m
            [36m</button>[39m
          [36m</div>[39m
        [36m</div>[39m
        [36m<div[39m
          [33mclass[39m=[32m"mb-4 flex gap-4"[39m
        [36m>[39m
          [36m<div[39m
            [33mclass[39m=[32m"relative"[39m
          [36m>[39m
            [36m<svg[39m
              [33maria-hidden[39m=[32m"true"[39m
              [33mclass[39m=[32m"lucide lucide-search absolute left-3 top-1/2 -translate-y-1/2 text-gray-400"[39m
              [33mfill[39m=[32m"none"[39m
              [33mheight[39m=[32m"20"[39m
              [33mstroke[39m=[32m"currentColor"[39m
              [33mstroke-linecap[39m=[32m"round"[39m
              [33mstroke-linejoin[39m=[32m"round"[39m
              [33mstroke-width[39m=[32m"2"[39m
              [33mviewBox[39m=[32m"0 0 24 24"[39m
              [33mwidth[39m=[32m"20"[39m
              [33mxmlns[39m=[32m"http://www.w3.org/2000/svg"[39m
            [36m>[39m
              [36m<path[39m
                [33md[39m=[32m"m21 21-4.34-4.34"[39m
              [36m/>[39m
              [36m<circle[39m
                [33mcx[39m=[32m"11"[39m
                [33mcy[39m=[32m"11"[39m
                [33mr[39m=[32m"8"[39m
              [36m/>[39m
            [36m</svg>[39m
            [36m<input[39m
              [33mclass[39m=[32m"w-full max-w-sm p-3 pl-10 border border-gray-300 rounded-lg"[39m
              [33mplaceholder[39m=[32m"Buscar por nome ou SKU..."[39m
              [33mtype[39m=[32m"text"[39m
              [33mvalue[39m=[32m""[39m
            [36m/>[39m
          [36m</div>[39m
          [36m<div[39m
            [33mclass[39m=[32m"min-w-[200px]"[39m
          [36m>[39m
            [36m<div[39m
              [33mclass[39m=[32m"relative"[39m
            [36m>[39m
              [36m<select[39m
                [33mclass[39m=[32m"w-full p-3 pr-10 bg-white/80 border border-gray-300 rounded-lg focus:ring-2 focus:ring-blue-500 focus:border-blue-500 transition shadow-sm appearance-none"[39m
              [36m>[39m
                [36m<option[39m
                  [33mvalue[39m=[32m""[39m
                [36m>[39m
                  [0mTodos os status[0m
                [36m</option>[39m
                [36m<option[39m
                  [33mvalue[39m=[32m"ativo"[39m
                [36m>[39m
                  [0mAtivo[0m
                [36m</option>[39m
                [36m<option[39m
                  [33mvalue[39m=[32m"inativo"[39m
                [36m>[39m
                  [0mInativo[0m
                [36m</option>[39m
              [36m</select>[39m
              [36m<div[39m
                [33mclass[39m=[32m"pointer-events-none absolute inset-y-0 right-0 flex items-center px-3 text-gray-700"[39m
              [36m>[39m
                [36m<svg[39m
                  [33maria-hidden[39m=[32m"true"[39m
                  [33mclass[39m=[32m"lucide lucide-chevron-down"[39m
                  [33mfill[39m=[32m"none"[39m
                  [33mheight[39m=[32m"20"[39m
                  [33mstroke[39m=[32m"currentColor"[39m
                  [33mstroke-linecap[39m=[32m"round"[39m
                  [33mstroke-linejoin[39m=[32m"round"[39m
                  [33mstroke-width[39m=[32m"2"[39m
                  [33mviewBox[39m=[32m"0 0 24 24"[39m
                  [33mwidth[39m=[32m"20"[39m
                  [33mxmlns[39m=[32m"http://www.w3.org/2000/svg"[39m
                [36m>[39m
                  [36m<path[39m
                    [33md[39m=[32m"m6 9 6 6 6-6"[39m
                  [36m/>[39m
                [36m</svg>[39m
              [36m</div>[39m
            [36m</div>[39m
          [36m</div>[39m
        [36m</div>[39m
        [36m<div[39m
          [33mclass[39m=[32m"bg-white rounded-lg shadow overflow-hidden"[39m
        [36m>[39m
          [36m<div[39m
            [33mclass[39m=[32m"h-96 flex flex-col items-center justify-center text-center text-gray-500 p-4"[39m
          [36m>[39m
            [36m<svg[39m
              [33maria-hidden[39m=[32m"true"[39m
              [33mclass[39m=[32m"lucide lucide-package mb-4"[39m
              [33mfill[39m=[32m"none"[39m
              [33mheight[39m=[32m"48"[39m
              [33mstroke[39m=[32m"currentColor"[39m
              [33mstroke-linecap[39m=[32m"round"[39m
              [33mstroke-linejoin[39m=[32m"round"[39m
              [33mstroke-width[39m=[32m"2"[39m
              [33mviewBox[39m=[32m"0 0 24 24"[39m
              [33mwidth[39m=[32m"48"[39m
              [33mxmlns[39m=[32m"http://www.w3.org/2000/svg"[39m
            [36m>[39m
              [36m<path[39m
                [33md[39m=[32m"M11 21.73a2 2 0 0 0 2 0l7-4A2 2 0 0 0 21 16V8a2 2 0 0 0-1-1.73l-7-4a2 2 0 0 0-2 0l-7 4A2 2 0 0 0 3 8v8a2 2 0 0 0 1 1.73z"[39m
              [36m/>[39m
              [36m<path[39m
                [33md[39m=[32m"M12 22V12"[39m
              [36m/>[39m
              [36m<polyline[39m
                [33mpoints[39m=[32m"3.29 7 12 12 20.71 7"[39m
              [36m/>[39m
              [36m<path[39m
                [33md[39m=[32m"m7.5 4.27 9 5.15"[39m
              [36m/>[39m
            [36m</svg>[39m
            [36m<p[39m
              [33mclass[39m=[32m"font-semibold text-lg"[39m
            [36m>[39m
              [0mNenhum produto encontrado.[0m
            [36m</p>[39m
            [36m<p[39m
              [33mclass[39m=[32m"text-sm mb-4"[39m
            [36m>[39m
              [0mComece cadastrando um novo produto ou popule com dados de exemplo.[0m
            [36m</p>[39m
            [36m<button[39m
              [33mclass[39m=[32m"mt-4 flex items-center gap-2 bg-blue-100 text-blue-700 font-bold py-2 px-4 rounded-lg hover:bg-blue-200 transition-colors disabled:opacity-50"[39m
            [36m>[39m
              [36m<svg[39m
                [33maria-hidden[39m=[32m"true"[39m
                [33mclass[39m=[32m"lucide lucide-database-backup"[39m
                [33mfill[39m=[32m"none"[39m
                [33mheight[39m=[32m"20"[39m
                [33mstroke[39m=[32m"currentColor"[39m
                [33mstroke-linecap[39m=[32m"round"[39m
                [33mstroke-linejoin[39m=[32m"round"[39m
                [33mstroke-width[39m=[32m"2"[39m
                [33mviewBox[39m=[32m"0 0 24 24"[39m
                [33mwidth[39m=[32m"20"[39m
                [33mxmlns[39m=[32m"http://www.w3.org/2000/svg"[39m
              [36m>[39m
                [36m<ellipse[39m
                  [33mcx[39m=[32m"12"[39m
                  [33mcy[39m=[32m"5"[39m
                  [33mrx[39m=[32m"9"[39m
                  [33mry[39m=[32m"3"[39m
                [36m/>[39m
                [36m<path[39m
                  [33md[39m=[32m"M3 12a9 3 0 0 0 5 2.69"[39m
                [36m/>[39m
                [36m<path[39m
                  [33md[39m=[32m"M21 9.3V5"[39m
                [36m/>[39m
                [36m<path[39m
                  [33md[39m=[32m"M3 5v14a9 3 0 0 0 6.47 2.88"[39m
                [36m/>[39m
                [36m<path[39m
                  [33md[39m=[32m"M12 12v4h4"[39m
                [36m/>[39m
                [36m<path[39m
                  [33md[39m=[32m"M13 20a5 5 0 0 0 9-3 4.5 4.5 0 0 0-4.5-4.5c-1.33 0-2.54.54-3.41 1.41L12 16"[39m
                [36m/>[39m
              [36m</svg>[39m
              [0mPopular com 10 produtos padrão[0m
            [36m</button>[39m
          [36m</div>[39m
        [36m</div>[39m
      [36m</div>[39m
      [36m<div[39m
        [33mclass[39m=[32m"fixed top-5 right-5 z-50 space-y-3"[39m
      [36m/>[39m
    [36m</div>[39m
  [36m</body>[39m
[36m</html>[39m
 ❯ Proxy.waitForWrapper node_modules/@testing-library/dom/dist/wait-for.js:163:27
 ❯ src/pages/products/ProductsPage.test.tsx:14:15
     12| 
     13|         // Wait for products to appear
     14|         await waitFor(() => {
       |               ^
     15|             expect(screen.getByText('Produto Teste 1')).toBeInTheDocum…
     16|             expect(screen.getByText('SKU-001')).toBeInTheDocument();

⎯⎯⎯⎯⎯⎯⎯⎯⎯⎯⎯⎯⎯⎯⎯⎯⎯⎯⎯⎯⎯⎯⎯⎯[1/2]⎯

 FAIL  src/pages/products/ProductsPage.test.tsx > ProductsPage Integration > filters products by search term
TestingLibraryElementError: Unable to find an element with the text: Produto Teste 1. This could be because the text is broken up by multiple elements. In this case, you can provide a function for your text matcher to make your matcher more flexible.

Ignored nodes: comments, script, style
[36m<body>[39m
  [36m<div>[39m
    [36m<div[39m
      [33mclass[39m=[32m"p-1"[39m
    [36m>[39m
      [36m<div[39m
        [33mclass[39m=[32m"flex justify-between items-center mb-6"[39m
      [36m>[39m
        [36m<h1[39m
          [33mclass[39m=[32m"text-3xl font-bold text-gray-800"[39m
        [36m>[39m
          [0mProdutos[0m
        [36m</h1>[39m
        [36m<div[39m
          [33mclass[39m=[32m"flex items-center gap-2"[39m
        [36m>[39m
          [36m<button[39m
            [33mclass[39m=[32m"flex items-center gap-2 bg-gray-100 text-gray-700 font-semibold py-2 px-4 rounded-lg hover:bg-gray-200 transition-colors disabled:opacity-50"[39m
          [36m>[39m
            [36m<svg[39m
              [33maria-hidden[39m=[32m"true"[39m
              [33mclass[39m=[32m"lucide lucide-database-backup"[39m
              [33mfill[39m=[32m"none"[39m
              [33mheight[39m=[32m"20"[39m
              [33mstroke[39m=[32m"currentColor"[39m
              [33mstroke-linecap[39m=[32m"round"[39m
              [33mstroke-linejoin[39m=[32m"round"[39m
              [33mstroke-width[39m=[32m"2"[39m
              [33mviewBox[39m=[32m"0 0 24 24"[39m
              [33mwidth[39m=[32m"20"[39m
              [33mxmlns[39m=[32m"http://www.w3.org/2000/svg"[39m
            [36m>[39m
              [36m<ellipse[39m
                [33mcx[39m=[32m"12"[39m
                [33mcy[39m=[32m"5"[39m
                [33mrx[39m=[32m"9"[39m
                [33mry[39m=[32m"3"[39m
              [36m/>[39m
              [36m<path[39m
                [33md[39m=[32m"M3 12a9 3 0 0 0 5 2.69"[39m
              [36m/>[39m
              [36m<path[39m
                [33md[39m=[32m"M21 9.3V5"[39m
              [36m/>[39m
              [36m<path[39m
                [33md[39m=[32m"M3 5v14a9 3 0 0 0 6.47 2.88"[39m
              [36m/>[39m
              [36m<path[39m
                [33md[39m=[32m"M12 12v4h4"[39m
              [36m/>[39m
              [36m<path[39m
                [33md[39m=[32m"M13 20a5 5 0 0 0 9-3 4.5 4.5 0 0 0-4.5-4.5c-1.33 0-2.54.54-3.41 1.41L12 16"[39m
              [36m/>[39m
            [36m</svg>[39m
            [0mPopular Dados[0m
          [36m</button>[39m
          [36m<button[39m
            [33mclass[39m=[32m"flex items-center gap-2 bg-blue-600 text-white font-bold py-2 px-4 rounded-lg hover:bg-blue-700 transition-colors"[39m
          [36m>[39m
            [36m<svg[39m
              [33maria-hidden[39m=[32m"true"[39m
              [33mclass[39m=[32m"lucide lucide-circle-plus"[39m
              [33mfill[39m=[32m"none"[39m
              [33mheight[39m=[32m"20"[39m
              [33mstroke[39m=[32m"currentColor"[39m
              [33mstroke-linecap[39m=[32m"round"[39m
              [33mstroke-linejoin[39m=[32m"round"[39m
              [33mstroke-width[39m=[32m"2"[39m
              [33mviewBox[39m=[32m"0 0 24 24"[39m
              [33mwidth[39m=[32m"20"[39m
              [33mxmlns[39m=[32m"http://www.w3.org/2000/svg"[39m
            [36m>[39m
              [36m<circle[39m
                [33mcx[39m=[32m"12"[39m
                [33mcy[39m=[32m"12"[39m
                [33mr[39m=[32m"10"[39m
              [36m/>[39m
              [36m<path[39m
                [33md[39m=[32m"M8 12h8"[39m
              [36m/>[39m
              [36m<path[39m
                [33md[39m=[32m"M12 8v8"[39m
              [36m/>[39m
            [36m</svg>[39m
            [0mNovo Produto[0m
          [36m</button>[39m
        [36m</div>[39m
      [36m</div>[39m
      [36m<div[39m
        [33mclass[39m=[32m"mb-4 flex gap-4"[39m
      [36m>[39m
        [36m<div[39m
          [33mclass[39m=[32m"relative"[39m
        [36m>[39m
          [36m<svg[39m
            [33maria-hidden[39m=[32m"true"[39m
            [33mclass[39m=[32m"lucide lucide-search absolute left-3 top-1/2 -translate-y-1/2 text-gray-400"[39m
            [33mfill[39m=[32m"none"[39m
            [33mheight[39m=[32m"20"[39m
            [33mstroke[39m=[32m"currentColor"[39m
            [33mstroke-linecap[39m=[32m"round"[39m
            [33mstroke-linejoin[39m=[32m"round"[39m
            [33mstroke-width[39m=[32m"2"[39m
            [33mviewBox[39m=[32m"0 0 24 24"[39m
            [33mwidth[39m=[32m"20"[39m
            [33mxmlns[39m=[32m"http://www.w3.org/2000/svg"[39m
          [36m>[39m
            [36m<path[39m
              [33md[39m=[32m"m21 21-4.34-4.34"[39m
            [36m/>[39m
            [36m<circle[39m
              [33mcx[39m=[32m"11"[39m
              [33mcy[39m=[32m"11"[39m
              [33mr[39m=[32m"8"[39m
            [36m/>[39m
          [36m</svg>[39m
          [36m<input[39m
            [33mclass[39m=[32m"w-full max-w-sm p-3 pl-10 border border-gray-300 rounded-lg"[39m
            [33mplaceholder[39m=[32m"Buscar por nome ou SKU..."[39m
            [33mtype[39m=[32m"text"[39m
            [33mvalue[39m=[32m""[39m
          [36m/>[39m
        [36m</div>[39m
        [36m<div[39m
          [33mclass[39m=[32m"min-w-[200px]"[39m
        [36m>[39m
          [36m<div[39m
            [33mclass[39m=[32m"relative"[39m
          [36m>[39m
            [36m<select[39m
              [33mclass[39m=[32m"w-full p-3 pr-10 bg-white/80 border border-gray-300 rounded-lg focus:ring-2 focus:ring-blue-500 focus:border-blue-500 transition shadow-sm appearance-none"[39m
            [36m>[39m
              [36m<option[39m
                [33mvalue[39m=[32m""[39m
              [36m>[39m
                [0mTodos os status[0m
              [36m</option>[39m
              [36m<option[39m
                [33mvalue[39m=[32m"ativo"[39m
              [36m>[39m
                [0mAtivo[0m
              [36m</option>[39m
              [36m<option[39m
                [33mvalue[39m=[32m"inativo"[39m
              [36m>[39m
                [0mInativo[0m
              [36m</option>[39m
            [36m</select>[39m
            [36m<div[39m
              [33mclass[39m=[32m"pointer-events-none absolute inset-y-0 right-0 flex items-center px-3 text-gray-700"[39m
            [36m>[39m
              [36m<svg[39m
                [33maria-hidden[39m=[32m"true"[39m
                [33mclass[39m=[32m"lucide lucide-chevron-down"[39m
                [33mfill[39m=[32m"none"[39m
                [33mheight[39m=[32m"20"[39m
                [33mstroke[39m=[32m"currentColor"[39m
                [33mstroke-linecap[39m=[32m"round"[39m
                [33mstroke-linejoin[39m=[32m"round"[39m
                [33mstroke-width[39m=[32m"2"[39m
                [33mviewBox[39m=[32m"0 0 24 24"[39m
                [33mwidth[39m=[32m"20"[39m
                [33mxmlns[39m=[32m"http://www.w3.org/2000/svg"[39m
              [36m>[39m
                [36m<path[39m
                  [33md[39m=[32m"m6 9 6 6 6-6"[39m
                [36m/>[39m
              [36m</svg>[39m
            [36m</div>[39m
          [36m</div>[39m
        [36m</div>[39m
      [36m</div>[39m
      [36m<div[39m
        [33mclass[39m=[32m"bg-white rounded-lg shadow overflow-hidden"[39m
      [36m>[39m
        [36m<div[39m
          [33mclass[39m=[32m"h-96 flex flex-col items-center justify-center text-center text-gray-500 p-4"[39m
        [36m>[39m
          [36m<svg[39m
            [33maria-hidden[39m=[32m"true"[39m
            [33mclass[39m=[32m"lucide lucide-package mb-4"[39m
            [33mfill[39m=[32m"none"[39m
            [33mheight[39m=[32m"48"[39m
            [33mstroke[39m=[32m"currentColor"[39m
            [33mstroke-linecap[39m=[32m"round"[39m
            [33mstroke-linejoin[39m=[32m"round"[39m
            [33mstroke-width[39m=[32m"2"[39m
            [33mviewBox[39m=[32m"0 0 24 24"[39m
            [33mwidth[39m=[32m"48"[39m
            [33mxmlns[39m=[32m"http://www.w3.org/2000/svg"[39m
          [36m>[39m
            [36m<path[39m
              [33md[39m=[32m"M11 21.73a2 2 0 0 0 2 0l7-4A2 2 0 0 0 21 16V8a2 2 0 0 0-1-1.73l-7-4a2 2 0 0 0-2 0l-7 4A2 2 0 0 0 3 8v8a2 2 0 0 0 1 1.73z"[39m
            [36m/>[39m
            [36m<path[39m
              [33md[39m=[32m"M12 22V12"[39m
            [36m/>[39m
            [36m<polyline[39m
              [33mpoints[39m=[32m"3.29 7 12 12 20.71 7"[39m
            [36m/>[39m
            [36m<path[39m
              [33md[39m=[32m"m7.5 4.27 9 5.15"[39m
            [36m/>[39m
          [36m</svg>[39m
          [36m<p[39m
            [33mclass[39m=[32m"font-semibold text-lg"[39m
          [36m>[39m
            [0mNenhum produto encontrado.[0m
          [36m</p>[39m
          [36m<p[39m
            [33mclass[39m=[32m"text-sm mb-4"[39m
          [36m>[39m
            [0mComece cadastrando um novo produto ou popule com dados de exemplo.[0m
          [36m</p>[39m
          [36m<button[39m
            [33mclass[39m=[32m"mt-4 flex items-center gap-2 bg-blue-100 text-blue-700 font-bold py-2 px-4 rounded-lg hover:bg-blue-200 transition-colors disabled:opacity-50"[39m
          [36m>[39m
            [36m<svg[39m
              [33maria-hidden[39m=[32m"true"[39m
              [33mclass[39m=[32m"lucide lucide-database-backup"[39m
              [33mfill[39m=[32m"none"[39m
              [33mheight[39m=[32m"20"[39m
              [33mstroke[39m=[32m"currentColor"[39m
              [33mstroke-linecap[39m=[32m"round"[39m
              [33mstroke-linejoin[39m=[32m"round"[39m
              [33mstroke-width[39m=[32m"2"[39m
              [33mviewBox[39m=[32m"0 0 24 24"[39m
              [33mwidth[39m=[32m"20"[39m
              [33mxmlns[39m=[32m"http://www.w3.org/2000/svg"[39m
            [36m>[39m
              [36m<ellipse[39m
                [33mcx[39m=[32m"12"[39m
                [33mcy[39m=[32m"5"[39m
                [33mrx[39m=[32m"9"[39m
                [33mry[39m=[32m"3"[39m
              [36m/>[39m
              [36m<path[39m
                [33md[39m=[32m"M3 12a9 3 0 0 0 5 2.69"[39m
              [36m/>[39m
              [36m<path[39m
                [33md[39m=[32m"M21 9.3V5"[39m
              [36m/>[39m
              [36m<path[39m
                [33md[39m=[32m"M3 5v14a9 3 0 0 0 6.47 2.88"[39m
              [36m/>[39m
              [36m<path[39m
                [33md[39m=[32m"M12 12v4h4"[39m
              [36m/>[39m
              [36m<path[39m
                [33md[39m=[32m"M13 20a5 5 0 0 0 9-3 4.5 4.5 0 0 0-4.5-4.5c-1.33 0-2.54.54-3.41 1.41L12 16"[39m
              [36m/>[39m
            [36m</svg>[39m
            [0mPopular com 10 produtos padrão[0m
          [36m</button>[39m
        [36m</div>[39m
      [36m</div>[39m
    [36m</div>[39m
    [36m<div[39m
      [33mclass[39m=[32m"fixed top-5 right-5 z-50 space-y-3"[39m
    [36m/>[39m
  [36m</div>[39m
[36m</body>[39m

Ignored nodes: comments, script, style
[36m<html>[39m
  [36m<head />[39m
  [36m<body>[39m
    [36m<div>[39m
      [36m<div[39m
        [33mclass[39m=[32m"p-1"[39m
      [36m>[39m
        [36m<div[39m
          [33mclass[39m=[32m"flex justify-between items-center mb-6"[39m
        [36m>[39m
          [36m<h1[39m
            [33mclass[39m=[32m"text-3xl font-bold text-gray-800"[39m
          [36m>[39m
            [0mProdutos[0m
          [36m</h1>[39m
          [36m<div[39m
            [33mclass[39m=[32m"flex items-center gap-2"[39m
          [36m>[39m
            [36m<button[39m
              [33mclass[39m=[32m"flex items-center gap-2 bg-gray-100 text-gray-700 font-semibold py-2 px-4 rounded-lg hover:bg-gray-200 transition-colors disabled:opacity-50"[39m
            [36m>[39m
              [36m<svg[39m
                [33maria-hidden[39m=[32m"true"[39m
                [33mclass[39m=[32m"lucide lucide-database-backup"[39m
                [33mfill[39m=[32m"none"[39m
                [33mheight[39m=[32m"20"[39m
                [33mstroke[39m=[32m"currentColor"[39m
                [33mstroke-linecap[39m=[32m"round"[39m
                [33mstroke-linejoin[39m=[32m"round"[39m
                [33mstroke-width[39m=[32m"2"[39m
                [33mviewBox[39m=[32m"0 0 24 24"[39m
                [33mwidth[39m=[32m"20"[39m
                [33mxmlns[39m=[32m"http://www.w3.org/2000/svg"[39m
              [36m>[39m
                [36m<ellipse[39m
                  [33mcx[39m=[32m"12"[39m
                  [33mcy[39m=[32m"5"[39m
                  [33mrx[39m=[32m"9"[39m
                  [33mry[39m=[32m"3"[39m
                [36m/>[39m
                [36m<path[39m
                  [33md[39m=[32m"M3 12a9 3 0 0 0 5 2.69"[39m
                [36m/>[39m
                [36m<path[39m
                  [33md[39m=[32m"M21 9.3V5"[39m
                [36m/>[39m
                [36m<path[39m
                  [33md[39m=[32m"M3 5v14a9 3 0 0 0 6.47 2.88"[39m
                [36m/>[39m
                [36m<path[39m
                  [33md[39m=[32m"M12 12v4h4"[39m
                [36m/>[39m
                [36m<path[39m
                  [33md[39m=[32m"M13 20a5 5 0 0 0 9-3 4.5 4.5 0 0 0-4.5-4.5c-1.33 0-2.54.54-3.41 1.41L12 16"[39m
                [36m/>[39m
              [36m</svg>[39m
              [0mPopular Dados[0m
            [36m</button>[39m
            [36m<button[39m
              [33mclass[39m=[32m"flex items-center gap-2 bg-blue-600 text-white font-bold py-2 px-4 rounded-lg hover:bg-blue-700 transition-colors"[39m
            [36m>[39m
              [36m<svg[39m
                [33maria-hidden[39m=[32m"true"[39m
                [33mclass[39m=[32m"lucide lucide-circle-plus"[39m
                [33mfill[39m=[32m"none"[39m
                [33mheight[39m=[32m"20"[39m
                [33mstroke[39m=[32m"currentColor"[39m
                [33mstroke-linecap[39m=[32m"round"[39m
                [33mstroke-linejoin[39m=[32m"round"[39m
                [33mstroke-width[39m=[32m"2"[39m
                [33mviewBox[39m=[32m"0 0 24 24"[39m
                [33mwidth[39m=[32m"20"[39m
                [33mxmlns[39m=[32m"http://www.w3.org/2000/svg"[39m
              [36m>[39m
                [36m<circle[39m
                  [33mcx[39m=[32m"12"[39m
                  [33mcy[39m=[32m"12"[39m
                  [33mr[39m=[32m"10"[39m
                [36m/>[39m
                [36m<path[39m
                  [33md[39m=[32m"M8 12h8"[39m
                [36m/>[39m
                [36m<path[39m
                  [33md[39m=[32m"M12 8v8"[39m
                [36m/>[39m
              [36m</svg>[39m
              [0mNovo Produto[0m
            [36m</button>[39m
          [36m</div>[39m
        [36m</div>[39m
        [36m<div[39m
          [33mclass[39m=[32m"mb-4 flex gap-4"[39m
        [36m>[39m
          [36m<div[39m
            [33mclass[39m=[32m"relative"[39m
          [36m>[39m
            [36m<svg[39m
              [33maria-hidden[39m=[32m"true"[39m
              [33mclass[39m=[32m"lucide lucide-search absolute left-3 top-1/2 -translate-y-1/2 text-gray-400"[39m
              [33mfill[39m=[32m"none"[39m
              [33mheight[39m=[32m"20"[39m
              [33mstroke[39m=[32m"currentColor"[39m
              [33mstroke-linecap[39m=[32m"round"[39m
              [33mstroke-linejoin[39m=[32m"round"[39m
              [33mstroke-width[39m=[32m"2"[39m
              [33mviewBox[39m=[32m"0 0 24 24"[39m
              [33mwidth[39m=[32m"20"[39m
              [33mxmlns[39m=[32m"http://www.w3.org/2000/svg"[39m
            [36m>[39m
              [36m<path[39m
                [33md[39m=[32m"m21 21-4.34-4.34"[39m
              [36m/>[39m
              [36m<circle[39m
                [33mcx[39m=[32m"11"[39m
                [33mcy[39m=[32m"11"[39m
                [33mr[39m=[32m"8"[39m
              [36m/>[39m
            [36m</svg>[39m
            [36m<input[39m
              [33mclass[39m=[32m"w-full max-w-sm p-3 pl-10 border border-gray-300 rounded-lg"[39m
              [33mplaceholder[39m=[32m"Buscar por nome ou SKU..."[39m
              [33mtype[39m=[32m"text"[39m
              [33mvalue[39m=[32m""[39m
            [36m/>[39m
          [36m</div>[39m
          [36m<div[39m
            [33mclass[39m=[32m"min-w-[200px]"[39m
          [36m>[39m
            [36m<div[39m
              [33mclass[39m=[32m"relative"[39m
            [36m>[39m
              [36m<select[39m
                [33mclass[39m=[32m"w-full p-3 pr-10 bg-white/80 border border-gray-300 rounded-lg focus:ring-2 focus:ring-blue-500 focus:border-blue-500 transition shadow-sm appearance-none"[39m
              [36m>[39m
                [36m<option[39m
                  [33mvalue[39m=[32m""[39m
                [36m>[39m
                  [0mTodos os status[0m
                [36m</option>[39m
                [36m<option[39m
                  [33mvalue[39m=[32m"ativo"[39m
                [36m>[39m
                  [0mAtivo[0m
                [36m</option>[39m
                [36m<option[39m
                  [33mvalue[39m=[32m"inativo"[39m
                [36m>[39m
                  [0mInativo[0m
                [36m</option>[39m
              [36m</select>[39m
              [36m<div[39m
                [33mclass[39m=[32m"pointer-events-none absolute inset-y-0 right-0 flex items-center px-3 text-gray-700"[39m
              [36m>[39m
                [36m<svg[39m
                  [33maria-hidden[39m=[32m"true"[39m
                  [33mclass[39m=[32m"lucide lucide-chevron-down"[39m
                  [33mfill[39m=[32m"none"[39m
                  [33mheight[39m=[32m"20"[39m
                  [33mstroke[39m=[32m"currentColor"[39m
                  [33mstroke-linecap[39m=[32m"round"[39m
                  [33mstroke-linejoin[39m=[32m"round"[39m
                  [33mstroke-width[39m=[32m"2"[39m
                  [33mviewBox[39m=[32m"0 0 24 24"[39m
                  [33mwidth[39m=[32m"20"[39m
                  [33mxmlns[39m=[32m"http://www.w3.org/2000/svg"[39m
                [36m>[39m
                  [36m<path[39m
                    [33md[39m=[32m"m6 9 6 6 6-6"[39m
                  [36m/>[39m
                [36m</svg>[39m
              [36m</div>[39m
            [36m</div>[39m
          [36m</div>[39m
        [36m</div>[39m
        [36m<div[39m
          [33mclass[39m=[32m"bg-white rounded-lg shadow overflow-hidden"[39m
        [36m>[39m
          [36m<div[39m
            [33mclass[39m=[32m"h-96 flex flex-col items-center justify-center text-center text-gray-500 p-4"[39m
          [36m>[39m
            [36m<svg[39m
              [33maria-hidden[39m=[32m"true"[39m
              [33mclass[39m=[32m"lucide lucide-package mb-4"[39m
              [33mfill[39m=[32m"none"[39m
              [33mheight[39m=[32m"48"[39m
              [33mstroke[39m=[32m"currentColor"[39m
              [33mstroke-linecap[39m=[32m"round"[39m
              [33mstroke-linejoin[39m=[32m"round"[39m
              [33mstroke-width[39m=[32m"2"[39m
              [33mviewBox[39m=[32m"0 0 24 24"[39m
              [33mwidth[39m=[32m"48"[39m
              [33mxmlns[39m=[32m"http://www.w3.org/2000/svg"[39m
            [36m>[39m
              [36m<path[39m
                [33md[39m=[32m"M11 21.73a2 2 0 0 0 2 0l7-4A2 2 0 0 0 21 16V8a2 2 0 0 0-1-1.73l-7-4a2 2 0 0 0-2 0l-7 4A2 2 0 0 0 3 8v8a2 2 0 0 0 1 1.73z"[39m
              [36m/>[39m
              [36m<path[39m
                [33md[39m=[32m"M12 22V12"[39m
              [36m/>[39m
              [36m<polyline[39m
                [33mpoints[39m=[32m"3.29 7 12 12 20.71 7"[39m
              [36m/>[39m
              [36m<path[39m
                [33md[39m=[32m"m7.5 4.27 9 5.15"[39m
              [36m/>[39m
            [36m</svg>[39m
            [36m<p[39m
              [33mclass[39m=[32m"font-semibold text-lg"[39m
            [36m>[39m
              [0mNenhum produto encontrado.[0m
            [36m</p>[39m
            [36m<p[39m
              [33mclass[39m=[32m"text-sm mb-4"[39m
            [36m>[39m
              [0mComece cadastrando um novo produto ou popule com dados de exemplo.[0m
            [36m</p>[39m
            [36m<button[39m
              [33mclass[39m=[32m"mt-4 flex items-center gap-2 bg-blue-100 text-blue-700 font-bold py-2 px-4 rounded-lg hover:bg-blue-200 transition-colors disabled:opacity-50"[39m
            [36m>[39m
              [36m<svg[39m
                [33maria-hidden[39m=[32m"true"[39m
                [33mclass[39m=[32m"lucide lucide-database-backup"[39m
                [33mfill[39m=[32m"none"[39m
                [33mheight[39m=[32m"20"[39m
                [33mstroke[39m=[32m"currentColor"[39m
                [33mstroke-linecap[39m=[32m"round"[39m
                [33mstroke-linejoin[39m=[32m"round"[39m
                [33mstroke-width[39m=[32m"2"[39m
                [33mviewBox[39m=[32m"0 0 24 24"[39m
                [33mwidth[39m=[32m"20"[39m
                [33mxmlns[39m=[32m"http://www.w3.org/2000/svg"[39m
              [36m>[39m
                [36m<ellipse[39m
                  [33mcx[39m=[32m"12"[39m
                  [33mcy[39m=[32m"5"[39m
                  [33mrx[39m=[32m"9"[39m
                  [33mry[39m=[32m"3"[39m
                [36m/>[39m
                [36m<path[39m
                  [33md[39m=[32m"M3 12a9 3 0 0 0 5 2.69"[39m
                [36m/>[39m
                [36m<path[39m
                  [33md[39m=[32m"M21 9.3V5"[39m
                [36m/>[39m
                [36m<path[39m
                  [33md[39m=[32m"M3 5v14a9 3 0 0 0 6.47 2.88"[39m
                [36m/>[39m
                [36m<path[39m
                  [33md[39m=[32m"M12 12v4h4"[39m
                [36m/>[39m
                [36m<path[39m
                  [33md[39m=[32m"M13 20a5 5 0 0 0 9-3 4.5 4.5 0 0 0-4.5-4.5c-1.33 0-2.54.54-3.41 1.41L12 16"[39m
                [36m/>[39m
              [36m</svg>[39m
              [0mPopular com 10 produtos padrão[0m
            [36m</button>[39m
          [36m</div>[39m
        [36m</div>[39m
      [36m</div>[39m
      [36m<div[39m
        [33mclass[39m=[32m"fixed top-5 right-5 z-50 space-y-3"[39m
      [36m/>[39m
    [36m</div>[39m
  [36m</body>[39m
[36m</html>[39m
 ❯ Proxy.waitForWrapper node_modules/@testing-library/dom/dist/wait-for.js:163:27
 ❯ src/pages/products/ProductsPage.test.tsx:29:15
     27|         renderWithProviders(<ProductsPage />);
     28| 
     29|         await waitFor(() => {
       |               ^
     30|             expect(screen.getByText('Produto Teste 1')).toBeInTheDocum…
     31|         });

⎯⎯⎯⎯⎯⎯⎯⎯⎯⎯⎯⎯⎯⎯⎯⎯⎯⎯⎯⎯⎯⎯⎯⎯[2/2]⎯

 Test Files  1 failed (1)
      Tests  2 failed (2)
   Start at  17:55:51
   Duration  4.69s


 FAIL  Tests failed. Watching for file changes...
       press h to show help, press q to quit
       rerun x16
[2K[1A[2K[G[3Jc
 RERUN  src/test/mocks/handlers.ts x17

stdout | Logger.info (/Users/leandrofmarques/Downloads/revo_erp_prod_8yumh0_dualiteproject/src/lib/logger.ts:24:21)
[INFO] [SUPABASE][CLIENT_INIT] {
  supabaseUrl: 'https://lrfwiaekipwkjkzvcnfd.supabase.co',
  anonKeyPrefix: 'eyJhbGci'
}

stdout | src/test/setup.ts:8:9
[SETUP] Initializing MSW server...

stdout | src/pages/products/ProductsPage.test.tsx
[SETUP] Starting MSW server...

stdout | src/pages/products/ProductsPage.test.tsx > ProductsPage Integration > renders the product list with data from MSW
[AUTH] Render {
  userId: null,
  loading: false,
  empresasCount: 0,
  activeEmpresaId: undefined
}
[AUTH] onAuthStateChange { event: 'SIGNED_IN', hasSession: true }
[AUTH] Render {
  userId: 'user-123',
  loading: true,
  empresasCount: 0,
  activeEmpresaId: undefined
}
[DEBUG] [QUERY][empresas] fetching list 
[DEBUG] [QUERY][active_empresa] fetching 
[INFO] [AUTH][LOGIN] start { email: 'exists' }
[MSW] GET user_active_empresa https://lrfwiaekipwkjkzvcnfd.supabase.co/rest/v1/user_active_empresa?select=empresa_id
[MSW] GET empresa_usuarios https://lrfwiaekipwkjkzvcnfd.supabase.co/rest/v1/empresa_usuarios?select=empresa%3Aempresas%28*%29&order=created_at.desc
[AUTH] Render {
  userId: 'user-123',
  loading: false,
  empresasCount: 1,
  activeEmpresaId: 'empresa-1'
}
[AUTH] Render {
  userId: 'user-123',
  loading: false,
  empresasCount: 1,
  activeEmpresaId: 'empresa-1'
}
[MSW] Intercepted RPC: produtos_count_for_current_user { p_q: null, p_status: null }
[MSW] Intercepted RPC: produtos_list_for_current_user {
  p_limit: 10,
  p_offset: 0,
  p_q: null,
  p_status: null,
  p_order: 'nome asc'
}

stderr | src/pages/products/ProductsPage.test.tsx > ProductsPage Integration > renders the product list with data from MSW
⚠️ React Router Future Flag Warning: React Router will begin wrapping state updates in `React.startTransition` in v7. You can use the `v7_startTransition` future flag to opt-in early. For more information, see https://reactrouter.com/v6/upgrading/future#v7_starttransition.
⚠️ React Router Future Flag Warning: Relative route resolution within Splat routes is changing in v7. You can use the `v7_relativeSplatPath` future flag to opt-in early. For more information, see https://reactrouter.com/v6/upgrading/future#v7_relativesplatpath.

stdout | src/pages/products/ProductsPage.test.tsx > ProductsPage Integration > filters products by search term
[AUTH] Render {
  userId: null,
  loading: false,
  empresasCount: 0,
  activeEmpresaId: undefined
}
[AUTH] onAuthStateChange { event: 'SIGNED_IN', hasSession: true }
[AUTH] Render {
  userId: 'user-123',
  loading: true,
  empresasCount: 0,
  activeEmpresaId: undefined
}
[DEBUG] [QUERY][empresas] fetching list 
[DEBUG] [QUERY][active_empresa] fetching 
[INFO] [AUTH][LOGIN] start { email: 'exists' }
[MSW] GET user_active_empresa https://lrfwiaekipwkjkzvcnfd.supabase.co/rest/v1/user_active_empresa?select=empresa_id
[MSW] GET empresa_usuarios https://lrfwiaekipwkjkzvcnfd.supabase.co/rest/v1/empresa_usuarios?select=empresa%3Aempresas%28*%29&order=created_at.desc
[AUTH] Render {
  userId: 'user-123',
  loading: false,
  empresasCount: 1,
  activeEmpresaId: 'empresa-1'
}
[MSW] Intercepted RPC: produtos_count_for_current_user { p_q: null, p_status: null }
[MSW] Intercepted RPC: produtos_list_for_current_user {
  p_limit: 10,
  p_offset: 0,
  p_q: null,
  p_status: null,
  p_order: 'nome asc'
}

 ✓ src/pages/products/ProductsPage.test.tsx  (2 tests) 772ms

 Test Files  1 passed (1)
      Tests  2 passed (2)
   Start at  17:57:18
   Duration  3.66s


 PASS  Waiting for file changes...
       press h to show help, press q to quit
       rerun x17
[2K[1A[2K[G[3Jc
 RERUN  src/contexts/AuthProvider.tsx x18

stdout | Logger.info (/Users/leandrofmarques/Downloads/revo_erp_prod_8yumh0_dualiteproject/src/lib/logger.ts:24:21)
[INFO] [SUPABASE][CLIENT_INIT] {
  supabaseUrl: 'https://lrfwiaekipwkjkzvcnfd.supabase.co',
  anonKeyPrefix: 'eyJhbGci'
}

stdout | src/test/setup.ts:8:9
[SETUP] Initializing MSW server...

stdout | src/pages/products/ProductsPage.test.tsx
[SETUP] Starting MSW server...

stdout | src/pages/products/ProductsPage.test.tsx > ProductsPage Integration > renders the product list with data from MSW
[AUTH] Render {
  userId: null,
  loading: false,
  empresasCount: 0,
  activeEmpresaId: undefined
}
[AUTH] Render {
  userId: 'user-123',
  loading: true,
  empresasCount: 0,
  activeEmpresaId: undefined
}
[DEBUG] [QUERY][empresas] fetching list 
[DEBUG] [QUERY][active_empresa] fetching 
[INFO] [AUTH][LOGIN] start { email: 'exists' }
[MSW] GET user_active_empresa https://lrfwiaekipwkjkzvcnfd.supabase.co/rest/v1/user_active_empresa?select=empresa_id
[MSW] GET empresa_usuarios https://lrfwiaekipwkjkzvcnfd.supabase.co/rest/v1/empresa_usuarios?select=empresa%3Aempresas%28*%29&order=created_at.desc
[AUTH] Render {
  userId: 'user-123',
  loading: false,
  empresasCount: 1,
  activeEmpresaId: 'empresa-1'
}
[AUTH] Render {
  userId: 'user-123',
  loading: false,
  empresasCount: 1,
  activeEmpresaId: 'empresa-1'
}
[MSW] Intercepted RPC: produtos_count_for_current_user { p_q: null, p_status: null }
[MSW] Intercepted RPC: produtos_list_for_current_user {
  p_limit: 10,
  p_offset: 0,
  p_q: null,
  p_status: null,
  p_order: 'nome asc'
}

stderr | src/pages/products/ProductsPage.test.tsx > ProductsPage Integration > renders the product list with data from MSW
⚠️ React Router Future Flag Warning: React Router will begin wrapping state updates in `React.startTransition` in v7. You can use the `v7_startTransition` future flag to opt-in early. For more information, see https://reactrouter.com/v6/upgrading/future#v7_starttransition.
⚠️ React Router Future Flag Warning: Relative route resolution within Splat routes is changing in v7. You can use the `v7_relativeSplatPath` future flag to opt-in early. For more information, see https://reactrouter.com/v6/upgrading/future#v7_relativesplatpath.

stdout | src/pages/products/ProductsPage.test.tsx > ProductsPage Integration > filters products by search term
[AUTH] Render {
  userId: null,
  loading: false,
  empresasCount: 0,
  activeEmpresaId: undefined
}
[AUTH] Render {
  userId: 'user-123',
  loading: true,
  empresasCount: 0,
  activeEmpresaId: undefined
}
[DEBUG] [QUERY][empresas] fetching list 
[DEBUG] [QUERY][active_empresa] fetching 
[INFO] [AUTH][LOGIN] start { email: 'exists' }
[MSW] GET user_active_empresa https://lrfwiaekipwkjkzvcnfd.supabase.co/rest/v1/user_active_empresa?select=empresa_id
[MSW] GET empresa_usuarios https://lrfwiaekipwkjkzvcnfd.supabase.co/rest/v1/empresa_usuarios?select=empresa%3Aempresas%28*%29&order=created_at.desc
[AUTH] Render {
  userId: 'user-123',
  loading: false,
  empresasCount: 1,
  activeEmpresaId: 'empresa-1'
}
[AUTH] Render {
  userId: 'user-123',
  loading: false,
  empresasCount: 1,
  activeEmpresaId: 'empresa-1'
}
[MSW] Intercepted RPC: produtos_count_for_current_user { p_q: null, p_status: null }
[MSW] Intercepted RPC: produtos_list_for_current_user {
  p_limit: 10,
  p_offset: 0,
  p_q: null,
  p_status: null,
  p_order: 'nome asc'
}

 ✓ src/pages/products/ProductsPage.test.tsx  (2 tests) 715ms

 Test Files  1 passed (1)
      Tests  2 passed (2)
   Start at  17:58:54
   Duration  3.96s


 PASS  Waiting for file changes...
       press h to show help, press q to quit
       rerun x18
[2K[1A[2K[G[3Jc
 RERUN  src/contexts/AuthProvider.tsx x19

stdout | Logger.info (/Users/leandrofmarques/Downloads/revo_erp_prod_8yumh0_dualiteproject/src/lib/logger.ts:24:21)
[INFO] [SUPABASE][CLIENT_INIT] {
  supabaseUrl: 'https://lrfwiaekipwkjkzvcnfd.supabase.co',
  anonKeyPrefix: 'eyJhbGci'
}

stdout | src/test/setup.ts:8:9
[SETUP] Initializing MSW server...

stdout | src/pages/products/ProductsPage.test.tsx
[SETUP] Starting MSW server...

stdout | src/pages/products/ProductsPage.test.tsx > ProductsPage Integration > renders the product list with data from MSW
[DEBUG] [QUERY][empresas] fetching list 
[DEBUG] [QUERY][active_empresa] fetching 
[INFO] [AUTH][LOGIN] start { email: 'exists' }
[MSW] GET user_active_empresa https://lrfwiaekipwkjkzvcnfd.supabase.co/rest/v1/user_active_empresa?select=empresa_id
[MSW] GET empresa_usuarios https://lrfwiaekipwkjkzvcnfd.supabase.co/rest/v1/empresa_usuarios?select=empresa%3Aempresas%28*%29&order=created_at.desc

stderr | src/pages/products/ProductsPage.test.tsx > ProductsPage Integration > renders the product list with data from MSW
⚠️ React Router Future Flag Warning: React Router will begin wrapping state updates in `React.startTransition` in v7. You can use the `v7_startTransition` future flag to opt-in early. For more information, see https://reactrouter.com/v6/upgrading/future#v7_starttransition.
⚠️ React Router Future Flag Warning: Relative route resolution within Splat routes is changing in v7. You can use the `v7_relativeSplatPath` future flag to opt-in early. For more information, see https://reactrouter.com/v6/upgrading/future#v7_relativesplatpath.

stderr | src/pages/products/ProductsPage.test.tsx > ProductsPage Integration > renders the product list with data from MSW
<empty line>
stdout | src/pages/products/ProductsPage.test.tsx > ProductsPage Integration > renders the product list with data from MSW
[MSW] Intercepted RPC: produtos_count_for_current_user { p_q: null, p_status: null }
[MSW] Intercepted RPC: produtos_list_for_current_user {
  p_limit: 10,
  p_offset: 0,
  p_q: null,
  p_status: null,
  p_order: 'nome asc'
}

stdout | src/pages/products/ProductsPage.test.tsx > ProductsPage Integration > filters products by search term
[DEBUG] [QUERY][empresas] fetching list 
[DEBUG] [QUERY][active_empresa] fetching 
[INFO] [AUTH][LOGIN] start { email: 'exists' }
[MSW] GET user_active_empresa https://lrfwiaekipwkjkzvcnfd.supabase.co/rest/v1/user_active_empresa?select=empresa_id
[MSW] GET empresa_usuarios https://lrfwiaekipwkjkzvcnfd.supabase.co/rest/v1/empresa_usuarios?select=empresa%3Aempresas%28*%29&order=created_at.desc
[MSW] Intercepted RPC: produtos_count_for_current_user { p_q: null, p_status: null }
[MSW] Intercepted RPC: produtos_list_for_current_user {
  p_limit: 10,
  p_offset: 0,
  p_q: null,
  p_status: null,
  p_order: 'nome asc'
}

 ✓ src/pages/products/ProductsPage.test.tsx  (2 tests) 900ms

 Test Files  1 passed (1)
      Tests  2 passed (2)
   Start at  17:59:06
   Duration  4.83s


 PASS  Waiting for file changes...
       press h to show help, press q to quit
       rerun x19
[2K[1A[2K[G[3Jc
 RERUN  src/test/setup.ts x20

stdout | Logger.info (/Users/leandrofmarques/Downloads/revo_erp_prod_8yumh0_dualiteproject/src/lib/logger.ts:24:21)
[INFO] [SUPABASE][CLIENT_INIT] {
  supabaseUrl: 'https://lrfwiaekipwkjkzvcnfd.supabase.co',
  anonKeyPrefix: 'eyJhbGci'
}

stdout | src/test/setup.ts:8:9
[SETUP] Initializing MSW server...

stdout | src/pages/products/ProductsPage.test.tsx > ProductsPage Integration > renders the product list with data from MSW
[DEBUG] [QUERY][empresas] fetching list 
[DEBUG] [QUERY][active_empresa] fetching 
[INFO] [AUTH][LOGIN] start { email: 'exists' }
[MSW] GET user_active_empresa https://lrfwiaekipwkjkzvcnfd.supabase.co/rest/v1/user_active_empresa?select=empresa_id
[MSW] GET empresa_usuarios https://lrfwiaekipwkjkzvcnfd.supabase.co/rest/v1/empresa_usuarios?select=empresa%3Aempresas%28*%29&order=created_at.desc

stderr | src/pages/products/ProductsPage.test.tsx > ProductsPage Integration > renders the product list with data from MSW
⚠️ React Router Future Flag Warning: React Router will begin wrapping state updates in `React.startTransition` in v7. You can use the `v7_startTransition` future flag to opt-in early. For more information, see https://reactrouter.com/v6/upgrading/future#v7_starttransition.
⚠️ React Router Future Flag Warning: Relative route resolution within Splat routes is changing in v7. You can use the `v7_relativeSplatPath` future flag to opt-in early. For more information, see https://reactrouter.com/v6/upgrading/future#v7_relativesplatpath.

stderr | src/pages/products/ProductsPage.test.tsx > ProductsPage Integration > renders the product list with data from MSW
<empty line>
stdout | src/pages/products/ProductsPage.test.tsx > ProductsPage Integration > renders the product list with data from MSW
[MSW] Intercepted RPC: produtos_count_for_current_user { p_q: null, p_status: null }
[MSW] Intercepted RPC: produtos_list_for_current_user {
  p_limit: 10,
  p_offset: 0,
  p_q: null,
  p_status: null,
  p_order: 'nome asc'
}

stdout | src/pages/products/ProductsPage.test.tsx > ProductsPage Integration > filters products by search term
[DEBUG] [QUERY][empresas] fetching list 
[DEBUG] [QUERY][active_empresa] fetching 
[INFO] [AUTH][LOGIN] start { email: 'exists' }
[MSW] GET user_active_empresa https://lrfwiaekipwkjkzvcnfd.supabase.co/rest/v1/user_active_empresa?select=empresa_id
[MSW] GET empresa_usuarios https://lrfwiaekipwkjkzvcnfd.supabase.co/rest/v1/empresa_usuarios?select=empresa%3Aempresas%28*%29&order=created_at.desc
[MSW] Intercepted RPC: produtos_count_for_current_user { p_q: null, p_status: null }
[MSW] Intercepted RPC: produtos_list_for_current_user {
  p_limit: 10,
  p_offset: 0,
  p_q: null,
  p_status: null,
  p_order: 'nome asc'
}

 ✓ src/pages/products/ProductsPage.test.tsx  (2 tests) 2059ms

 Test Files  1 passed (1)
      Tests  2 passed (2)
   Start at  17:59:13
   Duration  11.55s


 PASS  Waiting for file changes...
       press h to show help, press q to quit
       rerun x20
[2K[1A[2K[G[3Jc
 RERUN  src/lib/supabaseClient.ts x21

stdout | src/test/setup.ts:8:9
[SETUP] Initializing MSW server...

stdout | src/pages/products/ProductsPage.test.tsx > ProductsPage Integration > renders the product list with data from MSW
[DEBUG] [QUERY][empresas] fetching list 
[DEBUG] [QUERY][active_empresa] fetching 
[INFO] [AUTH][LOGIN] start { email: 'exists' }
[MSW] GET user_active_empresa https://lrfwiaekipwkjkzvcnfd.supabase.co/rest/v1/user_active_empresa?select=empresa_id
[MSW] GET empresa_usuarios https://lrfwiaekipwkjkzvcnfd.supabase.co/rest/v1/empresa_usuarios?select=empresa%3Aempresas%28*%29&order=created_at.desc

stderr | src/pages/products/ProductsPage.test.tsx > ProductsPage Integration > renders the product list with data from MSW
⚠️ React Router Future Flag Warning: React Router will begin wrapping state updates in `React.startTransition` in v7. You can use the `v7_startTransition` future flag to opt-in early. For more information, see https://reactrouter.com/v6/upgrading/future#v7_starttransition.
⚠️ React Router Future Flag Warning: Relative route resolution within Splat routes is changing in v7. You can use the `v7_relativeSplatPath` future flag to opt-in early. For more information, see https://reactrouter.com/v6/upgrading/future#v7_relativesplatpath.

stderr | src/pages/products/ProductsPage.test.tsx > ProductsPage Integration > renders the product list with data from MSW
<empty line>
stdout | src/pages/products/ProductsPage.test.tsx > ProductsPage Integration > renders the product list with data from MSW
[MSW] Intercepted RPC: produtos_count_for_current_user { p_q: null, p_status: null }
[MSW] Intercepted RPC: produtos_list_for_current_user {
  p_limit: 10,
  p_offset: 0,
  p_q: null,
  p_status: null,
  p_order: 'nome asc'
}

stdout | src/pages/products/ProductsPage.test.tsx > ProductsPage Integration > filters products by search term
[DEBUG] [QUERY][empresas] fetching list 
[DEBUG] [QUERY][active_empresa] fetching 
[INFO] [AUTH][LOGIN] start { email: 'exists' }
[MSW] GET user_active_empresa https://lrfwiaekipwkjkzvcnfd.supabase.co/rest/v1/user_active_empresa?select=empresa_id
[MSW] GET empresa_usuarios https://lrfwiaekipwkjkzvcnfd.supabase.co/rest/v1/empresa_usuarios?select=empresa%3Aempresas%28*%29&order=created_at.desc

stdout | src/pages/products/ProductsPage.test.tsx > ProductsPage Integration > filters products by search term
[MSW] Intercepted RPC: produtos_count_for_current_user { p_q: null, p_status: null }
[MSW] Intercepted RPC: produtos_list_for_current_user {
  p_limit: 10,
  p_offset: 0,
  p_q: null,
  p_status: null,
  p_order: 'nome asc'
}

 ✓ src/pages/products/ProductsPage.test.tsx  (2 tests) 1050ms

 Test Files  1 passed (1)
      Tests  2 passed (2)
   Start at  17:59:27
   Duration  5.26s


 PASS  Waiting for file changes...
       press h to show help, press q to quit
       rerun x21
[2K[1A[2K[G[3Jc
 RERUN  package.json x22

stdout | src/test/setup.ts:8:9
[SETUP] Initializing MSW server...

stdout | src/pages/products/ProductsPage.test.tsx > ProductsPage Integration > renders the product list with data from MSW
[DEBUG] [QUERY][empresas] fetching list 
[DEBUG] [QUERY][active_empresa] fetching 
[INFO] [AUTH][LOGIN] start { email: 'exists' }
[MSW] GET user_active_empresa https://lrfwiaekipwkjkzvcnfd.supabase.co/rest/v1/user_active_empresa?select=empresa_id
[MSW] GET empresa_usuarios https://lrfwiaekipwkjkzvcnfd.supabase.co/rest/v1/empresa_usuarios?select=empresa%3Aempresas%28*%29&order=created_at.desc

stderr | src/pages/products/ProductsPage.test.tsx > ProductsPage Integration > renders the product list with data from MSW
⚠️ React Router Future Flag Warning: React Router will begin wrapping state updates in `React.startTransition` in v7. You can use the `v7_startTransition` future flag to opt-in early. For more information, see https://reactrouter.com/v6/upgrading/future#v7_starttransition.
⚠️ React Router Future Flag Warning: Relative route resolution within Splat routes is changing in v7. You can use the `v7_relativeSplatPath` future flag to opt-in early. For more information, see https://reactrouter.com/v6/upgrading/future#v7_relativesplatpath.

stderr | src/pages/products/ProductsPage.test.tsx > ProductsPage Integration > renders the product list with data from MSW
<empty line>
stdout | src/pages/products/ProductsPage.test.tsx > ProductsPage Integration > renders the product list with data from MSW
[MSW] Intercepted RPC: produtos_count_for_current_user { p_q: null, p_status: null }
[MSW] Intercepted RPC: produtos_list_for_current_user {
  p_limit: 10,
  p_offset: 0,
  p_q: null,
  p_status: null,
  p_order: 'nome asc'
}

stdout | src/pages/products/ProductsPage.test.tsx > ProductsPage Integration > filters products by search term
[DEBUG] [QUERY][empresas] fetching list 
[DEBUG] [QUERY][active_empresa] fetching 
[INFO] [AUTH][LOGIN] start { email: 'exists' }
[MSW] GET user_active_empresa https://lrfwiaekipwkjkzvcnfd.supabase.co/rest/v1/user_active_empresa?select=empresa_id
[MSW] GET empresa_usuarios https://lrfwiaekipwkjkzvcnfd.supabase.co/rest/v1/empresa_usuarios?select=empresa%3Aempresas%28*%29&order=created_at.desc
[MSW] Intercepted RPC: produtos_count_for_current_user { p_q: null, p_status: null }
[MSW] Intercepted RPC: produtos_list_for_current_user {
  p_limit: 10,
  p_offset: 0,
  p_q: null,
  p_status: null,
  p_order: 'nome asc'
}

 ✓ src/pages/products/ProductsPage.test.tsx  (2 tests) 527ms

 Test Files  1 passed (1)
      Tests  2 passed (2)
   Start at  18:27:00
   Duration  3.84s


 PASS  Waiting for file changes...
       press h to show help, press q to quit
       rerun x22
[2K[1A[2K[G[3Jc
 RERUN  e2e/auth.spec.ts x1

stdout | src/test/setup.ts:8:9
[SETUP] Initializing MSW server...

 ❯ e2e/auth.spec.ts  (0 test)

⎯⎯⎯⎯⎯⎯ Failed Suites 1 ⎯⎯⎯⎯⎯⎯⎯

 FAIL  e2e/auth.spec.ts [ e2e/auth.spec.ts ]
Error: Playwright Test did not expect test() to be called here.
Most common reasons include:
- You are calling test() in a configuration file.
- You are calling test() in a file that is imported by the configuration file.
- You have two different versions of @playwright/test. This usually happens
  when one of the dependencies in your package.json depends on @playwright/test.
 ❯ TestTypeImpl._currentSuite node_modules/playwright/lib/common/testType.js:75:13
 ❯ TestTypeImpl._createTest node_modules/playwright/lib/common/testType.js:88:24
 ❯ Module.<anonymous> node_modules/playwright/lib/transform/transform.js:275:12
 ❯ e2e/auth.spec.ts:3:1
      1| import { test, expect } from '@playwright/test';
      2| 
      3| test('should allow user to log in and view products', async ({ page })…
       | ^
      4|     // Mock Supabase Auth Token Endpoint
      5|     await page.route('**/auth/v1/token?grant_type=password', async rou…

⎯⎯⎯⎯⎯⎯⎯⎯⎯⎯⎯⎯⎯⎯⎯⎯⎯⎯⎯⎯⎯⎯⎯⎯[1/1]⎯

 Test Files  1 failed (1)
      Tests  no tests
   Start at  18:27:49
   Duration  2.64s


 FAIL  Tests failed. Watching for file changes...
       press h to show help, press q to quit
       rerun x1
[2K[1A[2K[G[3Jc
 RERUN  e2e/auth.spec.ts x2

stdout | src/test/setup.ts:8:9
[SETUP] Initializing MSW server...

 ❯ e2e/auth.spec.ts  (0 test)

⎯⎯⎯⎯⎯⎯ Failed Suites 1 ⎯⎯⎯⎯⎯⎯⎯

 FAIL  e2e/auth.spec.ts [ e2e/auth.spec.ts ]
Error: Playwright Test did not expect test() to be called here.
Most common reasons include:
- You are calling test() in a configuration file.
- You are calling test() in a file that is imported by the configuration file.
- You have two different versions of @playwright/test. This usually happens
  when one of the dependencies in your package.json depends on @playwright/test.
 ❯ TestTypeImpl._currentSuite node_modules/playwright/lib/common/testType.js:75:13
 ❯ TestTypeImpl._createTest node_modules/playwright/lib/common/testType.js:88:24
 ❯ Module.<anonymous> node_modules/playwright/lib/transform/transform.js:275:12
 ❯ e2e/auth.spec.ts:3:1
      1| import { test, expect } from '@playwright/test';
      2| 
      3| test('should allow user to log in and view products', async ({ page })…
       | ^
      4|     // Mock Supabase Auth Token Endpoint
      5|     await page.route('**/auth/v1/token?grant_type=password', async rou…

⎯⎯⎯⎯⎯⎯⎯⎯⎯⎯⎯⎯⎯⎯⎯⎯⎯⎯⎯⎯⎯⎯⎯⎯[1/1]⎯

 Test Files  1 failed (1)
      Tests  no tests
   Start at  18:28:00
   Duration  649ms


 FAIL  Tests failed. Watching for file changes...
       press h to show help, press q to quit
       rerun x2
[2K[1A[2K[G[3Jc
 RERUN  e2e/auth.spec.ts x3

stdout | src/test/setup.ts:8:9
[SETUP] Initializing MSW server...

 ❯ e2e/auth.spec.ts  (0 test)

⎯⎯⎯⎯⎯⎯ Failed Suites 1 ⎯⎯⎯⎯⎯⎯⎯

 FAIL  e2e/auth.spec.ts [ e2e/auth.spec.ts ]
Error: Playwright Test did not expect test() to be called here.
Most common reasons include:
- You are calling test() in a configuration file.
- You are calling test() in a file that is imported by the configuration file.
- You have two different versions of @playwright/test. This usually happens
  when one of the dependencies in your package.json depends on @playwright/test.
 ❯ TestTypeImpl._currentSuite node_modules/playwright/lib/common/testType.js:75:13
 ❯ TestTypeImpl._createTest node_modules/playwright/lib/common/testType.js:88:24
 ❯ Module.<anonymous> node_modules/playwright/lib/transform/transform.js:275:12
 ❯ e2e/auth.spec.ts:3:1
      1| import { test, expect } from '@playwright/test';
      2| 
      3| test('should allow user to log in and view products', async ({ page })…
       | ^
      4|     // Mock Supabase Auth Token Endpoint
      5|     await page.route('**/auth/v1/token?grant_type=password', async rou…

⎯⎯⎯⎯⎯⎯⎯⎯⎯⎯⎯⎯⎯⎯⎯⎯⎯⎯⎯⎯⎯⎯⎯⎯[1/1]⎯

 Test Files  1 failed (1)
      Tests  no tests
   Start at  18:30:00
   Duration  638ms


 FAIL  Tests failed. Watching for file changes...
       press h to show help, press q to quit
       rerun x3
[2K[1A[2K[G[3Jc
 RERUN  e2e/auth.spec.ts x4

stdout | src/test/setup.ts:8:9
[SETUP] Initializing MSW server...

 ❯ e2e/auth.spec.ts  (0 test)

⎯⎯⎯⎯⎯⎯ Failed Suites 1 ⎯⎯⎯⎯⎯⎯⎯

 FAIL  e2e/auth.spec.ts [ e2e/auth.spec.ts ]
Error: Playwright Test did not expect test() to be called here.
Most common reasons include:
- You are calling test() in a configuration file.
- You are calling test() in a file that is imported by the configuration file.
- You have two different versions of @playwright/test. This usually happens
  when one of the dependencies in your package.json depends on @playwright/test.
 ❯ TestTypeImpl._currentSuite node_modules/playwright/lib/common/testType.js:75:13
 ❯ TestTypeImpl._createTest node_modules/playwright/lib/common/testType.js:88:24
 ❯ Module.<anonymous> node_modules/playwright/lib/transform/transform.js:275:12
 ❯ e2e/auth.spec.ts:3:1
      1| import { test, expect } from '@playwright/test';
      2| 
      3| test('should allow user to log in and view products', async ({ page })…
       | ^
      4|     // Mock Supabase Auth Token Endpoint
      5|     await page.route('**/auth/v1/token?grant_type=password', async rou…

⎯⎯⎯⎯⎯⎯⎯⎯⎯⎯⎯⎯⎯⎯⎯⎯⎯⎯⎯⎯⎯⎯⎯⎯[1/1]⎯

 Test Files  1 failed (1)
      Tests  no tests
   Start at  18:32:11
   Duration  1.14s


 FAIL  Tests failed. Watching for file changes...
       press h to show help, press q to quit
       rerun x4
[2K[1A[2K[G[3Jc
 RERUN  e2e/auth.spec.ts x5

stdout | src/test/setup.ts:8:9
[SETUP] Initializing MSW server...

 ❯ e2e/auth.spec.ts  (0 test)

⎯⎯⎯⎯⎯⎯ Failed Suites 1 ⎯⎯⎯⎯⎯⎯⎯

 FAIL  e2e/auth.spec.ts [ e2e/auth.spec.ts ]
Error: Playwright Test did not expect test() to be called here.
Most common reasons include:
- You are calling test() in a configuration file.
- You are calling test() in a file that is imported by the configuration file.
- You have two different versions of @playwright/test. This usually happens
  when one of the dependencies in your package.json depends on @playwright/test.
 ❯ TestTypeImpl._currentSuite node_modules/playwright/lib/common/testType.js:75:13
 ❯ TestTypeImpl._createTest node_modules/playwright/lib/common/testType.js:88:24
 ❯ Module.<anonymous> node_modules/playwright/lib/transform/transform.js:275:12
 ❯ e2e/auth.spec.ts:3:1
      1| import { test, expect } from '@playwright/test';
      2| 
      3| test('should allow user to log in and view products', async ({ page })…
       | ^
      4|     // Mock Supabase Auth Token Endpoint
      5|     await page.route('**/auth/v1/token?grant_type=password', async rou…

⎯⎯⎯⎯⎯⎯⎯⎯⎯⎯⎯⎯⎯⎯⎯⎯⎯⎯⎯⎯⎯⎯⎯⎯[1/1]⎯

 Test Files  1 failed (1)
      Tests  no tests
   Start at  18:33:07
   Duration  1.14s


 FAIL  Tests failed. Watching for file changes...
       press h to show help, press q to quit
       rerun x5
[2K[1A[2K[G[3Jc
 RERUN  e2e/auth.spec.ts x6

stdout | src/test/setup.ts:8:9
[SETUP] Initializing MSW server...

 ❯ e2e/auth.spec.ts  (0 test)

⎯⎯⎯⎯⎯⎯ Failed Suites 1 ⎯⎯⎯⎯⎯⎯⎯

 FAIL  e2e/auth.spec.ts [ e2e/auth.spec.ts ]
Error: Playwright Test did not expect test() to be called here.
Most common reasons include:
- You are calling test() in a configuration file.
- You are calling test() in a file that is imported by the configuration file.
- You have two different versions of @playwright/test. This usually happens
  when one of the dependencies in your package.json depends on @playwright/test.
 ❯ TestTypeImpl._currentSuite node_modules/playwright/lib/common/testType.js:75:13
 ❯ TestTypeImpl._createTest node_modules/playwright/lib/common/testType.js:88:24
 ❯ Module.<anonymous> node_modules/playwright/lib/transform/transform.js:275:12
 ❯ e2e/auth.spec.ts:3:1
      1| import { test, expect } from '@playwright/test';
      2| 
      3| test('should allow user to log in and view products', async ({ page })…
       | ^
      4|     // Mock Supabase Auth Token Endpoint
      5|     await page.route('**/auth/v1/token?grant_type=password', async rou…

⎯⎯⎯⎯⎯⎯⎯⎯⎯⎯⎯⎯⎯⎯⎯⎯⎯⎯⎯⎯⎯⎯⎯⎯[1/1]⎯

 Test Files  1 failed (1)
      Tests  no tests
   Start at  18:33:14
   Duration  899ms


 FAIL  Tests failed. Watching for file changes...
       press h to show help, press q to quit
       rerun x6
[2K[1A[2K[G[3Jc
 RERUN  e2e/auth.spec.ts x7

stdout | src/test/setup.ts:8:9
[SETUP] Initializing MSW server...

 ❯ e2e/auth.spec.ts  (0 test)

⎯⎯⎯⎯⎯⎯ Failed Suites 1 ⎯⎯⎯⎯⎯⎯⎯

 FAIL  e2e/auth.spec.ts [ e2e/auth.spec.ts ]
Error: Playwright Test did not expect test() to be called here.
Most common reasons include:
- You are calling test() in a configuration file.
- You are calling test() in a file that is imported by the configuration file.
- You have two different versions of @playwright/test. This usually happens
  when one of the dependencies in your package.json depends on @playwright/test.
 ❯ TestTypeImpl._currentSuite node_modules/playwright/lib/common/testType.js:75:13
 ❯ TestTypeImpl._createTest node_modules/playwright/lib/common/testType.js:88:24
 ❯ Module.<anonymous> node_modules/playwright/lib/transform/transform.js:275:12
 ❯ e2e/auth.spec.ts:3:1
      1| import { test, expect } from '@playwright/test';
      2| 
      3| test('should allow user to log in and view products', async ({ page })…
       | ^
      4|     // Mock Supabase Auth Token Endpoint
      5|     await page.route('**/auth/v1/token?grant_type=password', async rou…

⎯⎯⎯⎯⎯⎯⎯⎯⎯⎯⎯⎯⎯⎯⎯⎯⎯⎯⎯⎯⎯⎯⎯⎯[1/1]⎯

 Test Files  1 failed (1)
      Tests  no tests
   Start at  18:35:25
   Duration  1.41s


 FAIL  Tests failed. Watching for file changes...
       press h to show help, press q to quit
       rerun x7
[2K[1A[2K[G[3Jc
 RERUN  e2e/auth.spec.ts x8

stdout | src/test/setup.ts:8:9
[SETUP] Initializing MSW server...

 ❯ e2e/auth.spec.ts  (0 test)

⎯⎯⎯⎯⎯⎯ Failed Suites 1 ⎯⎯⎯⎯⎯⎯⎯

 FAIL  e2e/auth.spec.ts [ e2e/auth.spec.ts ]
Error: Playwright Test did not expect test() to be called here.
Most common reasons include:
- You are calling test() in a configuration file.
- You are calling test() in a file that is imported by the configuration file.
- You have two different versions of @playwright/test. This usually happens
  when one of the dependencies in your package.json depends on @playwright/test.
 ❯ TestTypeImpl._currentSuite node_modules/playwright/lib/common/testType.js:75:13
 ❯ TestTypeImpl._createTest node_modules/playwright/lib/common/testType.js:88:24
 ❯ Module.<anonymous> node_modules/playwright/lib/transform/transform.js:275:12
 ❯ e2e/auth.spec.ts:3:1
      1| import { test, expect } from '@playwright/test';
      2| 
      3| test('should allow user to log in and view products', async ({ page })…
       | ^
      4|     // Mock Supabase Auth Token Endpoint
      5|     await page.route('**/auth/v1/token?grant_type=password', async rou…

⎯⎯⎯⎯⎯⎯⎯⎯⎯⎯⎯⎯⎯⎯⎯⎯⎯⎯⎯⎯⎯⎯⎯⎯[1/1]⎯

 Test Files  1 failed (1)
      Tests  no tests
   Start at  18:36:28
   Duration  733ms


 FAIL  Tests failed. Watching for file changes...
       press h to show help, press q to quit
       rerun x8
[2K[1A[2K[G[3Jc
 RERUN  e2e/auth.spec.ts x9

stdout | src/test/setup.ts:8:9
[SETUP] Initializing MSW server...

 ❯ e2e/auth.spec.ts  (0 test)

⎯⎯⎯⎯⎯⎯ Failed Suites 1 ⎯⎯⎯⎯⎯⎯⎯

 FAIL  e2e/auth.spec.ts [ e2e/auth.spec.ts ]
Error: Playwright Test did not expect test() to be called here.
Most common reasons include:
- You are calling test() in a configuration file.
- You are calling test() in a file that is imported by the configuration file.
- You have two different versions of @playwright/test. This usually happens
  when one of the dependencies in your package.json depends on @playwright/test.
 ❯ TestTypeImpl._currentSuite node_modules/playwright/lib/common/testType.js:75:13
 ❯ TestTypeImpl._createTest node_modules/playwright/lib/common/testType.js:88:24
 ❯ Module.<anonymous> node_modules/playwright/lib/transform/transform.js:275:12
 ❯ e2e/auth.spec.ts:3:1
      1| import { test, expect } from '@playwright/test';
      2| 
      3| test('should allow user to log in and view products', async ({ page })…
       | ^
      4|     // Mock Supabase Auth Token Endpoint
      5|     await page.route('**/auth/v1/token?grant_type=password', async rou…

⎯⎯⎯⎯⎯⎯⎯⎯⎯⎯⎯⎯⎯⎯⎯⎯⎯⎯⎯⎯⎯⎯⎯⎯[1/1]⎯

 Test Files  1 failed (1)
      Tests  no tests
   Start at  18:37:24
   Duration  1.53s


 FAIL  Tests failed. Watching for file changes...
       press h to show help, press q to quit
       rerun x9
[2K[1A[2K[G[3Jc
 RERUN  e2e/auth.spec.ts x10

stdout | src/test/setup.ts:8:9
[SETUP] Initializing MSW server...

 ❯ e2e/auth.spec.ts  (0 test)

⎯⎯⎯⎯⎯⎯ Failed Suites 1 ⎯⎯⎯⎯⎯⎯⎯

 FAIL  e2e/auth.spec.ts [ e2e/auth.spec.ts ]
Error: Playwright Test did not expect test() to be called here.
Most common reasons include:
- You are calling test() in a configuration file.
- You are calling test() in a file that is imported by the configuration file.
- You have two different versions of @playwright/test. This usually happens
  when one of the dependencies in your package.json depends on @playwright/test.
 ❯ TestTypeImpl._currentSuite node_modules/playwright/lib/common/testType.js:75:13
 ❯ TestTypeImpl._createTest node_modules/playwright/lib/common/testType.js:88:24
 ❯ Module.<anonymous> node_modules/playwright/lib/transform/transform.js:275:12
 ❯ e2e/auth.spec.ts:3:1
      1| import { test, expect } from '@playwright/test';
      2| 
      3| test('should allow user to log in and view products', async ({ page })…
       | ^
      4|     // Mock Supabase Auth Token Endpoint
      5|     await page.route('**/auth/v1/token?grant_type=password', async rou…

⎯⎯⎯⎯⎯⎯⎯⎯⎯⎯⎯⎯⎯⎯⎯⎯⎯⎯⎯⎯⎯⎯⎯⎯[1/1]⎯

 Test Files  1 failed (1)
      Tests  no tests
   Start at  18:41:10
   Duration  746ms


 FAIL  Tests failed. Watching for file changes...
       press h to show help, press q to quit
       rerun x10
[2K[1A[2K[G[3Jc
 RERUN  e2e/auth.spec.ts x11

stdout | src/test/setup.ts:8:9
[SETUP] Initializing MSW server...

 ❯ e2e/auth.spec.ts  (0 test)

⎯⎯⎯⎯⎯⎯ Failed Suites 1 ⎯⎯⎯⎯⎯⎯⎯

 FAIL  e2e/auth.spec.ts [ e2e/auth.spec.ts ]
Error: Playwright Test did not expect test() to be called here.
Most common reasons include:
- You are calling test() in a configuration file.
- You are calling test() in a file that is imported by the configuration file.
- You have two different versions of @playwright/test. This usually happens
  when one of the dependencies in your package.json depends on @playwright/test.
 ❯ TestTypeImpl._currentSuite node_modules/playwright/lib/common/testType.js:75:13
 ❯ TestTypeImpl._createTest node_modules/playwright/lib/common/testType.js:88:24
 ❯ Module.<anonymous> node_modules/playwright/lib/transform/transform.js:275:12
 ❯ e2e/auth.spec.ts:3:1
      1| import { test, expect } from '@playwright/test';
      2| 
      3| test('should allow user to log in and view products', async ({ page })…
       | ^
      4|     // Mock Supabase Auth Token Endpoint
      5|     await page.route('**/auth/v1/token?grant_type=password', async rou…

⎯⎯⎯⎯⎯⎯⎯⎯⎯⎯⎯⎯⎯⎯⎯⎯⎯⎯⎯⎯⎯⎯⎯⎯[1/1]⎯

 Test Files  1 failed (1)
      Tests  no tests
   Start at  18:44:34
   Duration  735ms


 FAIL  Tests failed. Watching for file changes...
       press h to show help, press q to quit
       rerun x11
[2K[1A[2K[G[3Jc
 RERUN  e2e/auth.spec.ts x12

stdout | src/test/setup.ts:8:9
[SETUP] Initializing MSW server...

 ❯ e2e/auth.spec.ts  (0 test)

⎯⎯⎯⎯⎯⎯ Failed Suites 1 ⎯⎯⎯⎯⎯⎯⎯

 FAIL  e2e/auth.spec.ts [ e2e/auth.spec.ts ]
Error: Playwright Test did not expect test() to be called here.
Most common reasons include:
- You are calling test() in a configuration file.
- You are calling test() in a file that is imported by the configuration file.
- You have two different versions of @playwright/test. This usually happens
  when one of the dependencies in your package.json depends on @playwright/test.
 ❯ TestTypeImpl._currentSuite node_modules/playwright/lib/common/testType.js:75:13
 ❯ TestTypeImpl._createTest node_modules/playwright/lib/common/testType.js:88:24
 ❯ Module.<anonymous> node_modules/playwright/lib/transform/transform.js:275:12
 ❯ e2e/auth.spec.ts:3:1
      1| import { test, expect } from '@playwright/test';
      2| 
      3| test('should allow user to log in and view products', async ({ page })…
       | ^
      4|     // Log console messages
      5|     page.on('console', msg => console.log('BROWSER LOG:', msg.text()));

⎯⎯⎯⎯⎯⎯⎯⎯⎯⎯⎯⎯⎯⎯⎯⎯⎯⎯⎯⎯⎯⎯⎯⎯[1/1]⎯

 Test Files  1 failed (1)
      Tests  no tests
   Start at  18:48:51
   Duration  740ms


 FAIL  Tests failed. Watching for file changes...
       press h to show help, press q to quit
       rerun x12
[2K[1A[2K[G[3Jc
 RERUN  e2e/auth.spec.ts x13

stdout | src/test/setup.ts:8:9
[SETUP] Initializing MSW server...

 ❯ e2e/auth.spec.ts  (0 test)

⎯⎯⎯⎯⎯⎯ Failed Suites 1 ⎯⎯⎯⎯⎯⎯⎯

 FAIL  e2e/auth.spec.ts [ e2e/auth.spec.ts ]
Error: Playwright Test did not expect test() to be called here.
Most common reasons include:
- You are calling test() in a configuration file.
- You are calling test() in a file that is imported by the configuration file.
- You have two different versions of @playwright/test. This usually happens
  when one of the dependencies in your package.json depends on @playwright/test.
 ❯ TestTypeImpl._currentSuite node_modules/playwright/lib/common/testType.js:75:13
 ❯ TestTypeImpl._createTest node_modules/playwright/lib/common/testType.js:88:24
 ❯ Module.<anonymous> node_modules/playwright/lib/transform/transform.js:275:12
 ❯ e2e/auth.spec.ts:3:1
      1| import { test, expect } from '@playwright/test';
      2| 
      3| test('should allow user to log in and view products', async ({ page })…
       | ^
      4|     // Log console messages
      5|     page.on('console', msg => console.log('BROWSER LOG:', msg.text()));

⎯⎯⎯⎯⎯⎯⎯⎯⎯⎯⎯⎯⎯⎯⎯⎯⎯⎯⎯⎯⎯⎯⎯⎯[1/1]⎯

 Test Files  1 failed (1)
      Tests  no tests
   Start at  18:50:34
   Duration  857ms


 FAIL  Tests failed. Watching for file changes...
       press h to show help, press q to quit
       rerun x13
[2K[1A[2K[G[3Jc
 RERUN  src/contexts/AuthProvider.tsx x23

stdout | src/test/setup.ts:8:9
[SETUP] Initializing MSW server...

stdout | src/pages/products/ProductsPage.test.tsx > ProductsPage Integration > renders the product list with data from MSW
[AuthProvider] activeEmpresa calc: { empresasCount: 0, activeEmpresaId: undefined, foundId: undefined }
[AuthProvider] activeEmpresa calc: { empresasCount: 0, activeEmpresaId: undefined, foundId: undefined }
[DEBUG] [QUERY][empresas] fetching list 
[DEBUG] [QUERY][active_empresa] fetching 
[INFO] [AUTH][LOGIN] start { email: 'exists' }
[MSW] GET user_active_empresa https://lrfwiaekipwkjkzvcnfd.supabase.co/rest/v1/user_active_empresa?select=empresa_id
[MSW] GET empresa_usuarios https://lrfwiaekipwkjkzvcnfd.supabase.co/rest/v1/empresa_usuarios?select=empresa%3Aempresas%28*%29&order=created_at.desc
[AuthProvider] activeEmpresa calc: {
  empresasCount: 1,
  activeEmpresaId: 'empresa-1',
  foundId: 'empresa-1'
}
[MSW] Intercepted RPC: produtos_count_for_current_user { p_q: null, p_status: null }
[MSW] Intercepted RPC: produtos_list_for_current_user {
  p_limit: 10,
  p_offset: 0,
  p_q: null,
  p_status: null,
  p_order: 'nome asc'
}

stderr | src/pages/products/ProductsPage.test.tsx > ProductsPage Integration > renders the product list with data from MSW
⚠️ React Router Future Flag Warning: React Router will begin wrapping state updates in `React.startTransition` in v7. You can use the `v7_startTransition` future flag to opt-in early. For more information, see https://reactrouter.com/v6/upgrading/future#v7_starttransition.
⚠️ React Router Future Flag Warning: Relative route resolution within Splat routes is changing in v7. You can use the `v7_relativeSplatPath` future flag to opt-in early. For more information, see https://reactrouter.com/v6/upgrading/future#v7_relativesplatpath.

stdout | src/pages/products/ProductsPage.test.tsx > ProductsPage Integration > filters products by search term
[AuthProvider] activeEmpresa calc: { empresasCount: 0, activeEmpresaId: undefined, foundId: undefined }
[AuthProvider] activeEmpresa calc: { empresasCount: 0, activeEmpresaId: undefined, foundId: undefined }
[DEBUG] [QUERY][empresas] fetching list 
[DEBUG] [QUERY][active_empresa] fetching 
[INFO] [AUTH][LOGIN] start { email: 'exists' }
[MSW] GET user_active_empresa https://lrfwiaekipwkjkzvcnfd.supabase.co/rest/v1/user_active_empresa?select=empresa_id
[MSW] GET empresa_usuarios https://lrfwiaekipwkjkzvcnfd.supabase.co/rest/v1/empresa_usuarios?select=empresa%3Aempresas%28*%29&order=created_at.desc
[AuthProvider] activeEmpresa calc: {
  empresasCount: 1,
  activeEmpresaId: 'empresa-1',
  foundId: 'empresa-1'
}
[MSW] Intercepted RPC: produtos_count_for_current_user { p_q: null, p_status: null }
[MSW] Intercepted RPC: produtos_list_for_current_user {
  p_limit: 10,
  p_offset: 0,
  p_q: null,
  p_status: null,
  p_order: 'nome asc'
}

 ❯ src/pages/products/ProductsPage.test.tsx  (2 tests | 1 failed) 4625ms
   ❯ src/pages/products/ProductsPage.test.tsx > ProductsPage Integration > renders the product list with data from MSW
     → Unable to find an element with the text: Produto Teste 1. This could be because the text is broken up by multiple elements. In this case, you can provide a function for your text matcher to make your matcher more flexible.

Ignored nodes: comments, script, style
[36m<body>[39m
  [36m<div>[39m
    [36m<div[39m
      [33mclass[39m=[32m"p-1"[39m
    [36m>[39m
      [36m<div[39m
        [33mclass[39m=[32m"flex justify-between items-center mb-6"[39m
      [36m>[39m
        [36m<h1[39m
          [33mclass[39m=[32m"text-3xl font-bold text-gray-800"[39m
        [36m>[39m
          [0mProdutos[0m
        [36m</h1>[39m
        [36m<div[39m
          [33mclass[39m=[32m"flex items-center gap-2"[39m
        [36m>[39m
          [36m<button[39m
            [33mclass[39m=[32m"flex items-center gap-2 bg-gray-100 text-gray-700 font-semibold py-2 px-4 rounded-lg hover:bg-gray-200 transition-colors disabled:opacity-50"[39m
            [33mdisabled[39m=[32m""[39m
          [36m>[39m
            [36m<svg[39m
              [33maria-hidden[39m=[32m"true"[39m
              [33mclass[39m=[32m"lucide lucide-database-backup"[39m
              [33mfill[39m=[32m"none"[39m
              [33mheight[39m=[32m"20"[39m
              [33mstroke[39m=[32m"currentColor"[39m
              [33mstroke-linecap[39m=[32m"round"[39m
              [33mstroke-linejoin[39m=[32m"round"[39m
              [33mstroke-width[39m=[32m"2"[39m
              [33mviewBox[39m=[32m"0 0 24 24"[39m
              [33mwidth[39m=[32m"20"[39m
              [33mxmlns[39m=[32m"http://www.w3.org/2000/svg"[39m
            [36m>[39m
              [36m<ellipse[39m
                [33mcx[39m=[32m"12"[39m
                [33mcy[39m=[32m"5"[39m
                [33mrx[39m=[32m"9"[39m
                [33mry[39m=[32m"3"[39m
              [36m/>[39m
              [36m<path[39m
                [33md[39m=[32m"M3 12a9 3 0 0 0 5 2.69"[39m
              [36m/>[39m
              [36m<path[39m
                [33md[39m=[32m"M21 9.3V5"[39m
              [36m/>[39m
              [36m<path[39m
                [33md[39m=[32m"M3 5v14a9 3 0 0 0 6.47 2.88"[39m
              [36m/>[39m
              [36m<path[39m
                [33md[39m=[32m"M12 12v4h4"[39m
              [36m/>[39m
              [36m<path[39m
                [33md[39m=[32m"M13 20a5 5 0 0 0 9-3 4.5 4.5 0 0 0-4.5-4.5c-1.33 0-2.54.54-3.41 1.41L12 16"[39m
              [36m/>[39m
            [36m</svg>[39m
            [0mPopular Dados[0m
          [36m</button>[39m
          [36m<button[39m
            [33mclass[39m=[32m"flex items-center gap-2 bg-blue-600 text-white font-bold py-2 px-4 rounded-lg hover:bg-blue-700 transition-colors"[39m
          [36m>[39m
            [36m<svg[39m
              [33maria-hidden[39m=[32m"true"[39m
              [33mclass[39m=[32m"lucide lucide-circle-plus"[39m
              [33mfill[39m=[32m"none"[39m
              [33mheight[39m=[32m"20"[39m
              [33mstroke[39m=[32m"currentColor"[39m
              [33mstroke-linecap[39m=[32m"round"[39m
              [33mstroke-linejoin[39m=[32m"round"[39m
              [33mstroke-width[39m=[32m"2"[39m
              [33mviewBox[39m=[32m"0 0 24 24"[39m
              [33mwidth[39m=[32m"20"[39m
              [33mxmlns[39m=[32m"http://www.w3.org/2000/svg"[39m
            [36m>[39m
              [36m<circle[39m
                [33mcx[39m=[32m"12"[39m
                [33mcy[39m=[32m"12"[39m
                [33mr[39m=[32m"10"[39m
              [36m/>[39m
              [36m<path[39m
                [33md[39m=[32m"M8 12h8"[39m
              [36m/>[39m
              [36m<path[39m
                [33md[39m=[32m"M12 8v8"[39m
              [36m/>[39m
            [36m</svg>[39m
            [0mNovo Produto[0m
          [36m</button>[39m
        [36m</div>[39m
      [36m</div>[39m
      [36m<div[39m
        [33mclass[39m=[32m"mb-4 flex gap-4"[39m
      [36m>[39m
        [36m<div[39m
          [33mclass[39m=[32m"relative"[39m
        [36m>[39m
          [36m<svg[39m
            [33maria-hidden[39m=[32m"true"[39m
            [33mclass[39m=[32m"lucide lucide-search absolute left-3 top-1/2 -translate-y-1/2 text-gray-400"[39m
            [33mfill[39m=[32m"none"[39m
            [33mheight[39m=[32m"20"[39m
            [33mstroke[39m=[32m"currentColor"[39m
            [33mstroke-linecap[39m=[32m"round"[39m
            [33mstroke-linejoin[39m=[32m"round"[39m
            [33mstroke-width[39m=[32m"2"[39m
            [33mviewBox[39m=[32m"0 0 24 24"[39m
            [33mwidth[39m=[32m"20"[39m
            [33mxmlns[39m=[32m"http://www.w3.org/2000/svg"[39m
          [36m>[39m
            [36m<path[39m
              [33md[39m=[32m"m21 21-4.34-4.34"[39m
            [36m/>[39m
            [36m<circle[39m
              [33mcx[39m=[32m"11"[39m
              [33mcy[39m=[32m"11"[39m
              [33mr[39m=[32m"8"[39m
            [36m/>[39m
          [36m</svg>[39m
          [36m<input[39m
            [33mclass[39m=[32m"w-full max-w-sm p-3 pl-10 border border-gray-300 rounded-lg"[39m
            [33mplaceholder[39m=[32m"Buscar por nome ou SKU..."[39m
            [33mtype[39m=[32m"text"[39m
            [33mvalue[39m=[32m""[39m
          [36m/>[39m
        [36m</div>[39m
        [36m<div[39m
          [33mclass[39m=[32m"min-w-[200px]"[39m
        [36m>[39m
          [36m<div[39m
            [33mclass[39m=[32m"relative"[39m
          [36m>[39m
            [36m<select[39m
              [33mclass[39m=[32m"w-full p-3 pr-10 bg-white/80 border border-gray-300 rounded-lg focus:ring-2 focus:ring-blue-500 focus:border-blue-500 transition shadow-sm appearance-none"[39m
            [36m>[39m
              [36m<option[39m
                [33mvalue[39m=[32m""[39m
              [36m>[39m
                [0mTodos os status[0m
              [36m</option>[39m
              [36m<option[39m
                [33mvalue[39m=[32m"ativo"[39m
              [36m>[39m
                [0mAtivo[0m
              [36m</option>[39m
              [36m<option[39m
                [33mvalue[39m=[32m"inativo"[39m
              [36m>[39m
                [0mInativo[0m
              [36m</option>[39m
            [36m</select>[39m
            [36m<div[39m
              [33mclass[39m=[32m"pointer-events-none absolute inset-y-0 right-0 flex items-center px-3 text-gray-700"[39m
            [36m>[39m
              [36m<svg[39m
                [33maria-hidden[39m=[32m"true"[39m
                [33mclass[39m=[32m"lucide lucide-chevron-down"[39m
                [33mfill[39m=[32m"none"[39m
                [33mheight[39m=[32m"20"[39m
                [33mstroke[39m=[32m"currentColor"[39m
                [33mstroke-linecap[39m=[32m"round"[39m
                [33mstroke-linejoin[39m=[32m"round"[39m
                [33mstroke-width[39m=[32m"2"[39m
                [33mviewBox[39m=[32m"0 0 24 24"[39m
                [33mwidth[39m=[32m"20"[39m
                [33mxmlns[39m=[32m"http://www.w3.org/2000/svg"[39m
              [36m>[39m
                [36m<path[39m
                  [33md[39m=[32m"m6 9 6 6 6-6"[39m
                [36m/>[39m
              [36m</svg>[39m
            [36m</div>[39m
          [36m</div>[39m
        [36m</div>[39m
      [36m</div>[39m
      [36m<div[39m
        [33mclass[39m=[32m"bg-white rounded-lg shadow overflow-hidden"[39m
      [36m>[39m
        [36m<div[39m
          [33mclass[39m=[32m"h-96 flex items-center justify-center"[39m
        [36m>[39m
          [36m<svg[39m
            [33maria-hidden[39m=[32m"true"[39m
            [33mclass[39m=[32m"lucide lucide-loader-circle animate-spin text-blue-500"[39m
            [33mfill[39m=[32m"none"[39m
            [33mheight[39m=[32m"32"[39m
            [33mstroke[39m=[32m"currentColor"[39m
            [33mstroke-linecap[39m=[32m"round"[39m
            [33mstroke-linejoin[39m=[32m"round"[39m
            [33mstroke-width[39m=[32m"2"[39m
            [33mviewBox[39m=[32m"0 0 24 24"[39m
            [33mwidth[39m=[32m"32"[39m
            [33mxmlns[39m=[32m"http://www.w3.org/2000/svg"[39m
          [36m>[39m
            [36m<path[39m
              [33md[39m=[32m"M21 12a9 9 0 1 1-6.219-8.56"[39m
            [36m/>[39m
          [36m</svg>[39m
        [36m</div>[39m
      [36m</div>[39m
    [36m</div>[39m
    [36m<div[39m
      [33mclass[39m=[32m"fixed top-5 right-5 z-50 space-y-3"[39m
    [36m/>[39m
  [36m</div>[39m
[36m</body>[39m

Ignored nodes: comments, script, style
[36m<html>[39m
  [36m<head />[39m
  [36m<body>[39m
    [36m<div>[39m
      [36m<div[39m
        [33mclass[39m=[32m"p-1"[39m
      [36m>[39m
        [36m<div[39m
          [33mclass[39m=[32m"flex justify-between items-center mb-6"[39m
        [36m>[39m
          [36m<h1[39m
            [33mclass[39m=[32m"text-3xl font-bold text-gray-800"[39m
          [36m>[39m
            [0mProdutos[0m
          [36m</h1>[39m
          [36m<div[39m
            [33mclass[39m=[32m"flex items-center gap-2"[39m
          [36m>[39m
            [36m<button[39m
              [33mclass[39m=[32m"flex items-center gap-2 bg-gray-100 text-gray-700 font-semibold py-2 px-4 rounded-lg hover:bg-gray-200 transition-colors disabled:opacity-50"[39m
              [33mdisabled[39m=[32m""[39m
            [36m>[39m
              [36m<svg[39m
                [33maria-hidden[39m=[32m"true"[39m
                [33mclass[39m=[32m"lucide lucide-database-backup"[39m
                [33mfill[39m=[32m"none"[39m
                [33mheight[39m=[32m"20"[39m
                [33mstroke[39m=[32m"currentColor"[39m
                [33mstroke-linecap[39m=[32m"round"[39m
                [33mstroke-linejoin[39m=[32m"round"[39m
                [33mstroke-width[39m=[32m"2"[39m
                [33mviewBox[39m=[32m"0 0 24 24"[39m
                [33mwidth[39m=[32m"20"[39m
                [33mxmlns[39m=[32m"http://www.w3.org/2000/svg"[39m
              [36m>[39m
                [36m<ellipse[39m
                  [33mcx[39m=[32m"12"[39m
                  [33mcy[39m=[32m"5"[39m
                  [33mrx[39m=[32m"9"[39m
                  [33mry[39m=[32m"3"[39m
                [36m/>[39m
                [36m<path[39m
                  [33md[39m=[32m"M3 12a9 3 0 0 0 5 2.69"[39m
                [36m/>[39m
                [36m<path[39m
                  [33md[39m=[32m"M21 9.3V5"[39m
                [36m/>[39m
                [36m<path[39m
                  [33md[39m=[32m"M3 5v14a9 3 0 0 0 6.47 2.88"[39m
                [36m/>[39m
                [36m<path[39m
                  [33md[39m=[32m"M12 12v4h4"[39m
                [36m/>[39m
                [36m<path[39m
                  [33md[39m=[32m"M13 20a5 5 0 0 0 9-3 4.5 4.5 0 0 0-4.5-4.5c-1.33 0-2.54.54-3.41 1.41L12 16"[39m
                [36m/>[39m
              [36m</svg>[39m
              [0mPopular Dados[0m
            [36m</button>[39m
            [36m<button[39m
              [33mclass[39m=[32m"flex items-center gap-2 bg-blue-600 text-white font-bold py-2 px-4 rounded-lg hover:bg-blue-700 transition-colors"[39m
            [36m>[39m
              [36m<svg[39m
                [33maria-hidden[39m=[32m"true"[39m
                [33mclass[39m=[32m"lucide lucide-circle-plus"[39m
                [33mfill[39m=[32m"none"[39m
                [33mheight[39m=[32m"20"[39m
                [33mstroke[39m=[32m"currentColor"[39m
                [33mstroke-linecap[39m=[32m"round"[39m
                [33mstroke-linejoin[39m=[32m"round"[39m
                [33mstroke-width[39m=[32m"2"[39m
                [33mviewBox[39m=[32m"0 0 24 24"[39m
                [33mwidth[39m=[32m"20"[39m
                [33mxmlns[39m=[32m"http://www.w3.org/2000/svg"[39m
              [36m>[39m
                [36m<circle[39m
                  [33mcx[39m=[32m"12"[39m
                  [33mcy[39m=[32m"12"[39m
                  [33mr[39m=[32m"10"[39m
                [36m/>[39m
                [36m<path[39m
                  [33md[39m=[32m"M8 12h8"[39m
                [36m/>[39m
                [36m<path[39m
                  [33md[39m=[32m"M12 8v8"[39m
                [36m/>[39m
              [36m</svg>[39m
              [0mNovo Produto[0m
            [36m</button>[39m
          [36m</div>[39m
        [36m</div>[39m
        [36m<div[39m
          [33mclass[39m=[32m"mb-4 flex gap-4"[39m
        [36m>[39m
          [36m<div[39m
            [33mclass[39m=[32m"relative"[39m
          [36m>[39m
            [36m<svg[39m
              [33maria-hidden[39m=[32m"true"[39m
              [33mclass[39m=[32m"lucide lucide-search absolute left-3 top-1/2 -translate-y-1/2 text-gray-400"[39m
              [33mfill[39m=[32m"none"[39m
              [33mheight[39m=[32m"20"[39m
              [33mstroke[39m=[32m"currentColor"[39m
              [33mstroke-linecap[39m=[32m"round"[39m
              [33mstroke-linejoin[39m=[32m"round"[39m
              [33mstroke-width[39m=[32m"2"[39m
              [33mviewBox[39m=[32m"0 0 24 24"[39m
              [33mwidth[39m=[32m"20"[39m
              [33mxmlns[39m=[32m"http://www.w3.org/2000/svg"[39m
            [36m>[39m
              [36m<path[39m
                [33md[39m=[32m"m21 21-4.34-4.34"[39m
              [36m/>[39m
              [36m<circle[39m
                [33mcx[39m=[32m"11"[39m
                [33mcy[39m=[32m"11"[39m
                [33mr[39m=[32m"8"[39m
              [36m/>[39m
            [36m</svg>[39m
            [36m<input[39m
              [33mclass[39m=[32m"w-full max-w-sm p-3 pl-10 border border-gray-300 rounded-lg"[39m
              [33mplaceholder[39m=[32m"Buscar por nome ou SKU..."[39m
              [33mtype[39m=[32m"text"[39m
              [33mvalue[39m=[32m""[39m
            [36m/>[39m
          [36m</div>[39m
          [36m<div[39m
            [33mclass[39m=[32m"min-w-[200px]"[39m
          [36m>[39m
            [36m<div[39m
              [33mclass[39m=[32m"relative"[39m
            [36m>[39m
              [36m<select[39m
                [33mclass[39m=[32m"w-full p-3 pr-10 bg-white/80 border border-gray-300 rounded-lg focus:ring-2 focus:ring-blue-500 focus:border-blue-500 transition shadow-sm appearance-none"[39m
              [36m>[39m
                [36m<option[39m
                  [33mvalue[39m=[32m""[39m
                [36m>[39m
                  [0mTodos os status[0m
                [36m</option>[39m
                [36m<option[39m
                  [33mvalue[39m=[32m"ativo"[39m
                [36m>[39m
                  [0mAtivo[0m
                [36m</option>[39m
                [36m<option[39m
                  [33mvalue[39m=[32m"inativo"[39m
                [36m>[39m
                  [0mInativo[0m
                [36m</option>[39m
              [36m</select>[39m
              [36m<div[39m
                [33mclass[39m=[32m"pointer-events-none absolute inset-y-0 right-0 flex items-center px-3 text-gray-700"[39m
              [36m>[39m
                [36m<svg[39m
                  [33maria-hidden[39m=[32m"true"[39m
                  [33mclass[39m=[32m"lucide lucide-chevron-down"[39m
                  [33mfill[39m=[32m"none"[39m
                  [33mheight[39m=[32m"20"[39m
                  [33mstroke[39m=[32m"currentColor"[39m
                  [33mstroke-linecap[39m=[32m"round"[39m
                  [33mstroke-linejoin[39m=[32m"round"[39m
                  [33mstroke-width[39m=[32m"2"[39m
                  [33mviewBox[39m=[32m"0 0 24 24"[39m
                  [33mwidth[39m=[32m"20"[39m
                  [33mxmlns[39m=[32m"http://www.w3.org/2000/svg"[39m
                [36m>[39m
                  [36m<path[39m
                    [33md[39m=[32m"m6 9 6 6 6-6"[39m
                  [36m/>[39m
                [36m</svg>[39m
              [36m</div>[39m
            [36m</div>[39m
          [36m</div>[39m
        [36m</div>[39m
        [36m<div[39m
          [33mclass[39m=[32m"bg-white rounded-lg shadow overflow-hidden"[39m
        [36m>[39m
          [36m<div[39m
            [33mclass[39m=[32m"h-96 flex items-center justify-center"[39m
          [36m>[39m
            [36m<svg[39m
              [33maria-hidden[39m=[32m"true"[39m
              [33mclass[39m=[32m"lucide lucide-loader-circle animate-spin text-blue-500"[39m
              [33mfill[39m=[32m"none"[39m
              [33mheight[39m=[32m"32"[39m
              [33mstroke[39m=[32m"currentColor"[39m
              [33mstroke-linecap[39m=[32m"round"[39m
              [33mstroke-linejoin[39m=[32m"round"[39m
              [33mstroke-width[39m=[32m"2"[39m
              [33mviewBox[39m=[32m"0 0 24 24"[39m
              [33mwidth[39m=[32m"32"[39m
              [33mxmlns[39m=[32m"http://www.w3.org/2000/svg"[39m
            [36m>[39m
              [36m<path[39m
                [33md[39m=[32m"M21 12a9 9 0 1 1-6.219-8.56"[39m
              [36m/>[39m
            [36m</svg>[39m
          [36m</div>[39m
        [36m</div>[39m
      [36m</div>[39m
      [36m<div[39m
        [33mclass[39m=[32m"fixed top-5 right-5 z-50 space-y-3"[39m
      [36m/>[39m
    [36m</div>[39m
  [36m</body>[39m
[36m</html>[39m

⎯⎯⎯⎯⎯⎯⎯ Failed Tests 1 ⎯⎯⎯⎯⎯⎯⎯

 FAIL  src/pages/products/ProductsPage.test.tsx > ProductsPage Integration > renders the product list with data from MSW
TestingLibraryElementError: Unable to find an element with the text: Produto Teste 1. This could be because the text is broken up by multiple elements. In this case, you can provide a function for your text matcher to make your matcher more flexible.

Ignored nodes: comments, script, style
[36m<body>[39m
  [36m<div>[39m
    [36m<div[39m
      [33mclass[39m=[32m"p-1"[39m
    [36m>[39m
      [36m<div[39m
        [33mclass[39m=[32m"flex justify-between items-center mb-6"[39m
      [36m>[39m
        [36m<h1[39m
          [33mclass[39m=[32m"text-3xl font-bold text-gray-800"[39m
        [36m>[39m
          [0mProdutos[0m
        [36m</h1>[39m
        [36m<div[39m
          [33mclass[39m=[32m"flex items-center gap-2"[39m
        [36m>[39m
          [36m<button[39m
            [33mclass[39m=[32m"flex items-center gap-2 bg-gray-100 text-gray-700 font-semibold py-2 px-4 rounded-lg hover:bg-gray-200 transition-colors disabled:opacity-50"[39m
            [33mdisabled[39m=[32m""[39m
          [36m>[39m
            [36m<svg[39m
              [33maria-hidden[39m=[32m"true"[39m
              [33mclass[39m=[32m"lucide lucide-database-backup"[39m
              [33mfill[39m=[32m"none"[39m
              [33mheight[39m=[32m"20"[39m
              [33mstroke[39m=[32m"currentColor"[39m
              [33mstroke-linecap[39m=[32m"round"[39m
              [33mstroke-linejoin[39m=[32m"round"[39m
              [33mstroke-width[39m=[32m"2"[39m
              [33mviewBox[39m=[32m"0 0 24 24"[39m
              [33mwidth[39m=[32m"20"[39m
              [33mxmlns[39m=[32m"http://www.w3.org/2000/svg"[39m
            [36m>[39m
              [36m<ellipse[39m
                [33mcx[39m=[32m"12"[39m
                [33mcy[39m=[32m"5"[39m
                [33mrx[39m=[32m"9"[39m
                [33mry[39m=[32m"3"[39m
              [36m/>[39m
              [36m<path[39m
                [33md[39m=[32m"M3 12a9 3 0 0 0 5 2.69"[39m
              [36m/>[39m
              [36m<path[39m
                [33md[39m=[32m"M21 9.3V5"[39m
              [36m/>[39m
              [36m<path[39m
                [33md[39m=[32m"M3 5v14a9 3 0 0 0 6.47 2.88"[39m
              [36m/>[39m
              [36m<path[39m
                [33md[39m=[32m"M12 12v4h4"[39m
              [36m/>[39m
              [36m<path[39m
                [33md[39m=[32m"M13 20a5 5 0 0 0 9-3 4.5 4.5 0 0 0-4.5-4.5c-1.33 0-2.54.54-3.41 1.41L12 16"[39m
              [36m/>[39m
            [36m</svg>[39m
            [0mPopular Dados[0m
          [36m</button>[39m
          [36m<button[39m
            [33mclass[39m=[32m"flex items-center gap-2 bg-blue-600 text-white font-bold py-2 px-4 rounded-lg hover:bg-blue-700 transition-colors"[39m
          [36m>[39m
            [36m<svg[39m
              [33maria-hidden[39m=[32m"true"[39m
              [33mclass[39m=[32m"lucide lucide-circle-plus"[39m
              [33mfill[39m=[32m"none"[39m
              [33mheight[39m=[32m"20"[39m
              [33mstroke[39m=[32m"currentColor"[39m
              [33mstroke-linecap[39m=[32m"round"[39m
              [33mstroke-linejoin[39m=[32m"round"[39m
              [33mstroke-width[39m=[32m"2"[39m
              [33mviewBox[39m=[32m"0 0 24 24"[39m
              [33mwidth[39m=[32m"20"[39m
              [33mxmlns[39m=[32m"http://www.w3.org/2000/svg"[39m
            [36m>[39m
              [36m<circle[39m
                [33mcx[39m=[32m"12"[39m
                [33mcy[39m=[32m"12"[39m
                [33mr[39m=[32m"10"[39m
              [36m/>[39m
              [36m<path[39m
                [33md[39m=[32m"M8 12h8"[39m
              [36m/>[39m
              [36m<path[39m
                [33md[39m=[32m"M12 8v8"[39m
              [36m/>[39m
            [36m</svg>[39m
            [0mNovo Produto[0m
          [36m</button>[39m
        [36m</div>[39m
      [36m</div>[39m
      [36m<div[39m
        [33mclass[39m=[32m"mb-4 flex gap-4"[39m
      [36m>[39m
        [36m<div[39m
          [33mclass[39m=[32m"relative"[39m
        [36m>[39m
          [36m<svg[39m
            [33maria-hidden[39m=[32m"true"[39m
            [33mclass[39m=[32m"lucide lucide-search absolute left-3 top-1/2 -translate-y-1/2 text-gray-400"[39m
            [33mfill[39m=[32m"none"[39m
            [33mheight[39m=[32m"20"[39m
            [33mstroke[39m=[32m"currentColor"[39m
            [33mstroke-linecap[39m=[32m"round"[39m
            [33mstroke-linejoin[39m=[32m"round"[39m
            [33mstroke-width[39m=[32m"2"[39m
            [33mviewBox[39m=[32m"0 0 24 24"[39m
            [33mwidth[39m=[32m"20"[39m
            [33mxmlns[39m=[32m"http://www.w3.org/2000/svg"[39m
          [36m>[39m
            [36m<path[39m
              [33md[39m=[32m"m21 21-4.34-4.34"[39m
            [36m/>[39m
            [36m<circle[39m
              [33mcx[39m=[32m"11"[39m
              [33mcy[39m=[32m"11"[39m
              [33mr[39m=[32m"8"[39m
            [36m/>[39m
          [36m</svg>[39m
          [36m<input[39m
            [33mclass[39m=[32m"w-full max-w-sm p-3 pl-10 border border-gray-300 rounded-lg"[39m
            [33mplaceholder[39m=[32m"Buscar por nome ou SKU..."[39m
            [33mtype[39m=[32m"text"[39m
            [33mvalue[39m=[32m""[39m
          [36m/>[39m
        [36m</div>[39m
        [36m<div[39m
          [33mclass[39m=[32m"min-w-[200px]"[39m
        [36m>[39m
          [36m<div[39m
            [33mclass[39m=[32m"relative"[39m
          [36m>[39m
            [36m<select[39m
              [33mclass[39m=[32m"w-full p-3 pr-10 bg-white/80 border border-gray-300 rounded-lg focus:ring-2 focus:ring-blue-500 focus:border-blue-500 transition shadow-sm appearance-none"[39m
            [36m>[39m
              [36m<option[39m
                [33mvalue[39m=[32m""[39m
              [36m>[39m
                [0mTodos os status[0m
              [36m</option>[39m
              [36m<option[39m
                [33mvalue[39m=[32m"ativo"[39m
              [36m>[39m
                [0mAtivo[0m
              [36m</option>[39m
              [36m<option[39m
                [33mvalue[39m=[32m"inativo"[39m
              [36m>[39m
                [0mInativo[0m
              [36m</option>[39m
            [36m</select>[39m
            [36m<div[39m
              [33mclass[39m=[32m"pointer-events-none absolute inset-y-0 right-0 flex items-center px-3 text-gray-700"[39m
            [36m>[39m
              [36m<svg[39m
                [33maria-hidden[39m=[32m"true"[39m
                [33mclass[39m=[32m"lucide lucide-chevron-down"[39m
                [33mfill[39m=[32m"none"[39m
                [33mheight[39m=[32m"20"[39m
                [33mstroke[39m=[32m"currentColor"[39m
                [33mstroke-linecap[39m=[32m"round"[39m
                [33mstroke-linejoin[39m=[32m"round"[39m
                [33mstroke-width[39m=[32m"2"[39m
                [33mviewBox[39m=[32m"0 0 24 24"[39m
                [33mwidth[39m=[32m"20"[39m
                [33mxmlns[39m=[32m"http://www.w3.org/2000/svg"[39m
              [36m>[39m
                [36m<path[39m
                  [33md[39m=[32m"m6 9 6 6 6-6"[39m
                [36m/>[39m
              [36m</svg>[39m
            [36m</div>[39m
          [36m</div>[39m
        [36m</div>[39m
      [36m</div>[39m
      [36m<div[39m
        [33mclass[39m=[32m"bg-white rounded-lg shadow overflow-hidden"[39m
      [36m>[39m
        [36m<div[39m
          [33mclass[39m=[32m"h-96 flex items-center justify-center"[39m
        [36m>[39m
          [36m<svg[39m
            [33maria-hidden[39m=[32m"true"[39m
            [33mclass[39m=[32m"lucide lucide-loader-circle animate-spin text-blue-500"[39m
            [33mfill[39m=[32m"none"[39m
            [33mheight[39m=[32m"32"[39m
            [33mstroke[39m=[32m"currentColor"[39m
            [33mstroke-linecap[39m=[32m"round"[39m
            [33mstroke-linejoin[39m=[32m"round"[39m
            [33mstroke-width[39m=[32m"2"[39m
            [33mviewBox[39m=[32m"0 0 24 24"[39m
            [33mwidth[39m=[32m"32"[39m
            [33mxmlns[39m=[32m"http://www.w3.org/2000/svg"[39m
          [36m>[39m
            [36m<path[39m
              [33md[39m=[32m"M21 12a9 9 0 1 1-6.219-8.56"[39m
            [36m/>[39m
          [36m</svg>[39m
        [36m</div>[39m
      [36m</div>[39m
    [36m</div>[39m
    [36m<div[39m
      [33mclass[39m=[32m"fixed top-5 right-5 z-50 space-y-3"[39m
    [36m/>[39m
  [36m</div>[39m
[36m</body>[39m

Ignored nodes: comments, script, style
[36m<html>[39m
  [36m<head />[39m
  [36m<body>[39m
    [36m<div>[39m
      [36m<div[39m
        [33mclass[39m=[32m"p-1"[39m
      [36m>[39m
        [36m<div[39m
          [33mclass[39m=[32m"flex justify-between items-center mb-6"[39m
        [36m>[39m
          [36m<h1[39m
            [33mclass[39m=[32m"text-3xl font-bold text-gray-800"[39m
          [36m>[39m
            [0mProdutos[0m
          [36m</h1>[39m
          [36m<div[39m
            [33mclass[39m=[32m"flex items-center gap-2"[39m
          [36m>[39m
            [36m<button[39m
              [33mclass[39m=[32m"flex items-center gap-2 bg-gray-100 text-gray-700 font-semibold py-2 px-4 rounded-lg hover:bg-gray-200 transition-colors disabled:opacity-50"[39m
              [33mdisabled[39m=[32m""[39m
            [36m>[39m
              [36m<svg[39m
                [33maria-hidden[39m=[32m"true"[39m
                [33mclass[39m=[32m"lucide lucide-database-backup"[39m
                [33mfill[39m=[32m"none"[39m
                [33mheight[39m=[32m"20"[39m
                [33mstroke[39m=[32m"currentColor"[39m
                [33mstroke-linecap[39m=[32m"round"[39m
                [33mstroke-linejoin[39m=[32m"round"[39m
                [33mstroke-width[39m=[32m"2"[39m
                [33mviewBox[39m=[32m"0 0 24 24"[39m
                [33mwidth[39m=[32m"20"[39m
                [33mxmlns[39m=[32m"http://www.w3.org/2000/svg"[39m
              [36m>[39m
                [36m<ellipse[39m
                  [33mcx[39m=[32m"12"[39m
                  [33mcy[39m=[32m"5"[39m
                  [33mrx[39m=[32m"9"[39m
                  [33mry[39m=[32m"3"[39m
                [36m/>[39m
                [36m<path[39m
                  [33md[39m=[32m"M3 12a9 3 0 0 0 5 2.69"[39m
                [36m/>[39m
                [36m<path[39m
                  [33md[39m=[32m"M21 9.3V5"[39m
                [36m/>[39m
                [36m<path[39m
                  [33md[39m=[32m"M3 5v14a9 3 0 0 0 6.47 2.88"[39m
                [36m/>[39m
                [36m<path[39m
                  [33md[39m=[32m"M12 12v4h4"[39m
                [36m/>[39m
                [36m<path[39m
                  [33md[39m=[32m"M13 20a5 5 0 0 0 9-3 4.5 4.5 0 0 0-4.5-4.5c-1.33 0-2.54.54-3.41 1.41L12 16"[39m
                [36m/>[39m
              [36m</svg>[39m
              [0mPopular Dados[0m
            [36m</button>[39m
            [36m<button[39m
              [33mclass[39m=[32m"flex items-center gap-2 bg-blue-600 text-white font-bold py-2 px-4 rounded-lg hover:bg-blue-700 transition-colors"[39m
            [36m>[39m
              [36m<svg[39m
                [33maria-hidden[39m=[32m"true"[39m
                [33mclass[39m=[32m"lucide lucide-circle-plus"[39m
                [33mfill[39m=[32m"none"[39m
                [33mheight[39m=[32m"20"[39m
                [33mstroke[39m=[32m"currentColor"[39m
                [33mstroke-linecap[39m=[32m"round"[39m
                [33mstroke-linejoin[39m=[32m"round"[39m
                [33mstroke-width[39m=[32m"2"[39m
                [33mviewBox[39m=[32m"0 0 24 24"[39m
                [33mwidth[39m=[32m"20"[39m
                [33mxmlns[39m=[32m"http://www.w3.org/2000/svg"[39m
              [36m>[39m
                [36m<circle[39m
                  [33mcx[39m=[32m"12"[39m
                  [33mcy[39m=[32m"12"[39m
                  [33mr[39m=[32m"10"[39m
                [36m/>[39m
                [36m<path[39m
                  [33md[39m=[32m"M8 12h8"[39m
                [36m/>[39m
                [36m<path[39m
                  [33md[39m=[32m"M12 8v8"[39m
                [36m/>[39m
              [36m</svg>[39m
              [0mNovo Produto[0m
            [36m</button>[39m
          [36m</div>[39m
        [36m</div>[39m
        [36m<div[39m
          [33mclass[39m=[32m"mb-4 flex gap-4"[39m
        [36m>[39m
          [36m<div[39m
            [33mclass[39m=[32m"relative"[39m
          [36m>[39m
            [36m<svg[39m
              [33maria-hidden[39m=[32m"true"[39m
              [33mclass[39m=[32m"lucide lucide-search absolute left-3 top-1/2 -translate-y-1/2 text-gray-400"[39m
              [33mfill[39m=[32m"none"[39m
              [33mheight[39m=[32m"20"[39m
              [33mstroke[39m=[32m"currentColor"[39m
              [33mstroke-linecap[39m=[32m"round"[39m
              [33mstroke-linejoin[39m=[32m"round"[39m
              [33mstroke-width[39m=[32m"2"[39m
              [33mviewBox[39m=[32m"0 0 24 24"[39m
              [33mwidth[39m=[32m"20"[39m
              [33mxmlns[39m=[32m"http://www.w3.org/2000/svg"[39m
            [36m>[39m
              [36m<path[39m
                [33md[39m=[32m"m21 21-4.34-4.34"[39m
              [36m/>[39m
              [36m<circle[39m
                [33mcx[39m=[32m"11"[39m
                [33mcy[39m=[32m"11"[39m
                [33mr[39m=[32m"8"[39m
              [36m/>[39m
            [36m</svg>[39m
            [36m<input[39m
              [33mclass[39m=[32m"w-full max-w-sm p-3 pl-10 border border-gray-300 rounded-lg"[39m
              [33mplaceholder[39m=[32m"Buscar por nome ou SKU..."[39m
              [33mtype[39m=[32m"text"[39m
              [33mvalue[39m=[32m""[39m
            [36m/>[39m
          [36m</div>[39m
          [36m<div[39m
            [33mclass[39m=[32m"min-w-[200px]"[39m
          [36m>[39m
            [36m<div[39m
              [33mclass[39m=[32m"relative"[39m
            [36m>[39m
              [36m<select[39m
                [33mclass[39m=[32m"w-full p-3 pr-10 bg-white/80 border border-gray-300 rounded-lg focus:ring-2 focus:ring-blue-500 focus:border-blue-500 transition shadow-sm appearance-none"[39m
              [36m>[39m
                [36m<option[39m
                  [33mvalue[39m=[32m""[39m
                [36m>[39m
                  [0mTodos os status[0m
                [36m</option>[39m
                [36m<option[39m
                  [33mvalue[39m=[32m"ativo"[39m
                [36m>[39m
                  [0mAtivo[0m
                [36m</option>[39m
                [36m<option[39m
                  [33mvalue[39m=[32m"inativo"[39m
                [36m>[39m
                  [0mInativo[0m
                [36m</option>[39m
              [36m</select>[39m
              [36m<div[39m
                [33mclass[39m=[32m"pointer-events-none absolute inset-y-0 right-0 flex items-center px-3 text-gray-700"[39m
              [36m>[39m
                [36m<svg[39m
                  [33maria-hidden[39m=[32m"true"[39m
                  [33mclass[39m=[32m"lucide lucide-chevron-down"[39m
                  [33mfill[39m=[32m"none"[39m
                  [33mheight[39m=[32m"20"[39m
                  [33mstroke[39m=[32m"currentColor"[39m
                  [33mstroke-linecap[39m=[32m"round"[39m
                  [33mstroke-linejoin[39m=[32m"round"[39m
                  [33mstroke-width[39m=[32m"2"[39m
                  [33mviewBox[39m=[32m"0 0 24 24"[39m
                  [33mwidth[39m=[32m"20"[39m
                  [33mxmlns[39m=[32m"http://www.w3.org/2000/svg"[39m
                [36m>[39m
                  [36m<path[39m
                    [33md[39m=[32m"m6 9 6 6 6-6"[39m
                  [36m/>[39m
                [36m</svg>[39m
              [36m</div>[39m
            [36m</div>[39m
          [36m</div>[39m
        [36m</div>[39m
        [36m<div[39m
          [33mclass[39m=[32m"bg-white rounded-lg shadow overflow-hidden"[39m
        [36m>[39m
          [36m<div[39m
            [33mclass[39m=[32m"h-96 flex items-center justify-center"[39m
          [36m>[39m
            [36m<svg[39m
              [33maria-hidden[39m=[32m"true"[39m
              [33mclass[39m=[32m"lucide lucide-loader-circle animate-spin text-blue-500"[39m
              [33mfill[39m=[32m"none"[39m
              [33mheight[39m=[32m"32"[39m
              [33mstroke[39m=[32m"currentColor"[39m
              [33mstroke-linecap[39m=[32m"round"[39m
              [33mstroke-linejoin[39m=[32m"round"[39m
              [33mstroke-width[39m=[32m"2"[39m
              [33mviewBox[39m=[32m"0 0 24 24"[39m
              [33mwidth[39m=[32m"32"[39m
              [33mxmlns[39m=[32m"http://www.w3.org/2000/svg"[39m
            [36m>[39m
              [36m<path[39m
                [33md[39m=[32m"M21 12a9 9 0 1 1-6.219-8.56"[39m
              [36m/>[39m
            [36m</svg>[39m
          [36m</div>[39m
        [36m</div>[39m
      [36m</div>[39m
      [36m<div[39m
        [33mclass[39m=[32m"fixed top-5 right-5 z-50 space-y-3"[39m
      [36m/>[39m
    [36m</div>[39m
  [36m</body>[39m
[36m</html>[39m
 ❯ Proxy.waitForWrapper node_modules/@testing-library/dom/dist/wait-for.js:163:27
 ❯ src/pages/products/ProductsPage.test.tsx:14:15
     12| 
     13|         // Wait for products to appear
     14|         await waitFor(() => {
       |               ^
     15|             expect(screen.getByText('Produto Teste 1')).toBeInTheDocum…
     16|             expect(screen.getByText('SKU-001')).toBeInTheDocument();

⎯⎯⎯⎯⎯⎯⎯⎯⎯⎯⎯⎯⎯⎯⎯⎯⎯⎯⎯⎯⎯⎯⎯⎯[1/1]⎯

 Test Files  1 failed (1)
      Tests  1 failed | 1 passed (2)
   Start at  18:52:28
   Duration  40.72s


 FAIL  Tests failed. Watching for file changes...
       press h to show help, press q to quit
       rerun x23
[2K[1A[2K[G[3Jc
 RERUN  e2e/auth.spec.ts x14

stdout | src/test/setup.ts:8:9
[SETUP] Initializing MSW server...

 ❯ e2e/auth.spec.ts  (0 test)

⎯⎯⎯⎯⎯⎯ Failed Suites 1 ⎯⎯⎯⎯⎯⎯⎯

 FAIL  e2e/auth.spec.ts [ e2e/auth.spec.ts ]
Error: Playwright Test did not expect test() to be called here.
Most common reasons include:
- You are calling test() in a configuration file.
- You are calling test() in a file that is imported by the configuration file.
- You have two different versions of @playwright/test. This usually happens
  when one of the dependencies in your package.json depends on @playwright/test.
 ❯ TestTypeImpl._currentSuite node_modules/playwright/lib/common/testType.js:75:13
 ❯ TestTypeImpl._createTest node_modules/playwright/lib/common/testType.js:88:24
 ❯ Module.<anonymous> node_modules/playwright/lib/transform/transform.js:275:12
 ❯ e2e/auth.spec.ts:3:1
      1| import { test, expect } from '@playwright/test';
      2| 
      3| test('should allow user to log in and view products', async ({ page })…
       | ^
      4|     // Log console messages
      5|     page.on('console', msg => console.log('BROWSER LOG:', msg.text()));

⎯⎯⎯⎯⎯⎯⎯⎯⎯⎯⎯⎯⎯⎯⎯⎯⎯⎯⎯⎯⎯⎯⎯⎯[1/1]⎯

 Test Files  1 failed (1)
      Tests  no tests
   Start at  18:56:45
   Duration  1.44s


 FAIL  Tests failed. Watching for file changes...
       press h to show help, press q to quit
       rerun x14
[2K[1A[2K[G[3Jc
 RERUN  e2e/auth.spec.ts x15

stdout | src/test/setup.ts:8:9
[SETUP] Initializing MSW server...

 ❯ e2e/auth.spec.ts  (0 test)

⎯⎯⎯⎯⎯⎯ Failed Suites 1 ⎯⎯⎯⎯⎯⎯⎯

 FAIL  e2e/auth.spec.ts [ e2e/auth.spec.ts ]
Error: Playwright Test did not expect test() to be called here.
Most common reasons include:
- You are calling test() in a configuration file.
- You are calling test() in a file that is imported by the configuration file.
- You have two different versions of @playwright/test. This usually happens
  when one of the dependencies in your package.json depends on @playwright/test.
 ❯ TestTypeImpl._currentSuite node_modules/playwright/lib/common/testType.js:75:13
 ❯ TestTypeImpl._createTest node_modules/playwright/lib/common/testType.js:88:24
 ❯ Module.<anonymous> node_modules/playwright/lib/transform/transform.js:275:12
 ❯ e2e/auth.spec.ts:3:1
      1| import { test, expect } from '@playwright/test';
      2| 
      3| test('should allow user to log in and view products', async ({ page })…
       | ^
      4|     // Log console messages
      5|     page.on('console', msg => console.log('BROWSER LOG:', msg.text()));

⎯⎯⎯⎯⎯⎯⎯⎯⎯⎯⎯⎯⎯⎯⎯⎯⎯⎯⎯⎯⎯⎯⎯⎯[1/1]⎯

 Test Files  1 failed (1)
      Tests  no tests
   Start at  18:58:59
   Duration  1.16s


 FAIL  Tests failed. Watching for file changes...
       press h to show help, press q to quit
       rerun x15
[2K[1A[2K[G[3Jc
 RERUN  e2e/auth.spec.ts x16

stdout | src/test/setup.ts:8:9
[SETUP] Initializing MSW server...

 ❯ e2e/auth.spec.ts  (0 test)

⎯⎯⎯⎯⎯⎯ Failed Suites 1 ⎯⎯⎯⎯⎯⎯⎯

 FAIL  e2e/auth.spec.ts [ e2e/auth.spec.ts ]
Error: Playwright Test did not expect test() to be called here.
Most common reasons include:
- You are calling test() in a configuration file.
- You are calling test() in a file that is imported by the configuration file.
- You have two different versions of @playwright/test. This usually happens
  when one of the dependencies in your package.json depends on @playwright/test.
 ❯ TestTypeImpl._currentSuite node_modules/playwright/lib/common/testType.js:75:13
 ❯ TestTypeImpl._createTest node_modules/playwright/lib/common/testType.js:88:24
 ❯ Module.<anonymous> node_modules/playwright/lib/transform/transform.js:275:12
 ❯ e2e/auth.spec.ts:3:1
      1| import { test, expect } from '@playwright/test';
      2| 
      3| test('should allow user to log in and view products', async ({ page })…
       | ^
      4|     // Log console messages
      5|     page.on('console', msg => console.log('BROWSER LOG:', msg.text()));

⎯⎯⎯⎯⎯⎯⎯⎯⎯⎯⎯⎯⎯⎯⎯⎯⎯⎯⎯⎯⎯⎯⎯⎯[1/1]⎯

 Test Files  1 failed (1)
      Tests  no tests
   Start at  19:02:21
   Duration  1.17s


 FAIL  Tests failed. Watching for file changes...
       press h to show help, press q to quit
       rerun x16
[2K[1A[2K[G[3Jc
 RERUN  src/contexts/AuthProvider.tsx x24

stdout | src/test/setup.ts:8:9
[SETUP] Initializing MSW server...

stdout | src/pages/products/ProductsPage.test.tsx > ProductsPage Integration > renders the product list with data from MSW
[AuthProvider] activeEmpresa calc: { empresasCount: 0, activeEmpresaId: undefined, foundId: undefined }
[AuthProvider] activeEmpresa calc: { empresasCount: 0, activeEmpresaId: undefined, foundId: undefined }
[DEBUG] [QUERY][empresas] fetching list 
[DEBUG] [QUERY][active_empresa] fetching 
[INFO] [AUTH][LOGIN] start { email: 'exists' }
[MSW] GET user_active_empresa https://lrfwiaekipwkjkzvcnfd.supabase.co/rest/v1/user_active_empresa?select=empresa_id
[MSW] GET empresa_usuarios https://lrfwiaekipwkjkzvcnfd.supabase.co/rest/v1/empresa_usuarios?select=empresa%3Aempresas%28*%29&order=created_at.desc

stderr | src/pages/products/ProductsPage.test.tsx > ProductsPage Integration > renders the product list with data from MSW
⚠️ React Router Future Flag Warning: React Router will begin wrapping state updates in `React.startTransition` in v7. You can use the `v7_startTransition` future flag to opt-in early. For more information, see https://reactrouter.com/v6/upgrading/future#v7_starttransition.
⚠️ React Router Future Flag Warning: Relative route resolution within Splat routes is changing in v7. You can use the `v7_relativeSplatPath` future flag to opt-in early. For more information, see https://reactrouter.com/v6/upgrading/future#v7_relativesplatpath.

stderr | src/pages/products/ProductsPage.test.tsx > ProductsPage Integration > renders the product list with data from MSW
<empty line>
stdout | src/pages/products/ProductsPage.test.tsx > ProductsPage Integration > renders the product list with data from MSW
[AuthProvider] activeEmpresa calc: {
  empresasCount: 1,
  activeEmpresaId: 'empresa-1',
  foundId: 'empresa-1'
}
[MSW] Intercepted RPC: produtos_count_for_current_user { p_q: null, p_status: null }
[MSW] Intercepted RPC: produtos_list_for_current_user {
  p_limit: 10,
  p_offset: 0,
  p_q: null,
  p_status: null,
  p_order: 'nome asc'
}

stdout | src/pages/products/ProductsPage.test.tsx > ProductsPage Integration > filters products by search term
[AuthProvider] activeEmpresa calc: { empresasCount: 0, activeEmpresaId: undefined, foundId: undefined }
[AuthProvider] activeEmpresa calc: { empresasCount: 0, activeEmpresaId: undefined, foundId: undefined }
[DEBUG] [QUERY][empresas] fetching list 
[DEBUG] [QUERY][active_empresa] fetching 
[INFO] [AUTH][LOGIN] start { email: 'exists' }
[MSW] GET user_active_empresa https://lrfwiaekipwkjkzvcnfd.supabase.co/rest/v1/user_active_empresa?select=empresa_id
[MSW] GET empresa_usuarios https://lrfwiaekipwkjkzvcnfd.supabase.co/rest/v1/empresa_usuarios?select=empresa%3Aempresas%28*%29&order=created_at.desc

stdout | src/pages/products/ProductsPage.test.tsx > ProductsPage Integration > filters products by search term
[AuthProvider] activeEmpresa calc: {
  empresasCount: 1,
  activeEmpresaId: 'empresa-1',
  foundId: 'empresa-1'
}
[MSW] Intercepted RPC: produtos_count_for_current_user { p_q: null, p_status: null }
[MSW] Intercepted RPC: produtos_list_for_current_user {
  p_limit: 10,
  p_offset: 0,
  p_q: null,
  p_status: null,
  p_order: 'nome asc'
}

 ✓ src/pages/products/ProductsPage.test.tsx  (2 tests) 2324ms

 Test Files  1 passed (1)
      Tests  2 passed (2)
   Start at  19:06:48
   Duration  9.71s


 PASS  Waiting for file changes...
       press h to show help, press q to quit
       rerun x24
[2K[1A[2K[G[3Jc
 RERUN  src/contexts/AuthProvider.tsx x25

stdout | src/test/setup.ts:8:9
[SETUP] Initializing MSW server...

stdout | src/pages/products/ProductsPage.test.tsx > ProductsPage Integration > renders the product list with data from MSW
[AuthProvider] activeEmpresa calc: { empresasCount: 0, activeEmpresaId: undefined, foundId: undefined }
[AuthProvider] activeEmpresa calc: { empresasCount: 0, activeEmpresaId: undefined, foundId: undefined }
[DEBUG] [QUERY][empresas] fetching list 
[DEBUG] [QUERY][active_empresa] fetching 
[INFO] [AUTH][LOGIN] start { email: 'exists' }
[MSW] GET user_active_empresa https://lrfwiaekipwkjkzvcnfd.supabase.co/rest/v1/user_active_empresa?select=empresa_id
[MSW] GET empresa_usuarios https://lrfwiaekipwkjkzvcnfd.supabase.co/rest/v1/empresa_usuarios?select=empresa%3Aempresas%28*%29&order=created_at.desc
[AuthProvider] activeEmpresa calc: {
  empresasCount: 1,
  activeEmpresaId: 'empresa-1',
  foundId: 'empresa-1'
}
[MSW] Intercepted RPC: produtos_count_for_current_user { p_q: null, p_status: null }
[MSW] Intercepted RPC: produtos_list_for_current_user {
  p_limit: 10,
  p_offset: 0,
  p_q: null,
  p_status: null,
  p_order: 'nome asc'
}

stderr | src/pages/products/ProductsPage.test.tsx > ProductsPage Integration > renders the product list with data from MSW
⚠️ React Router Future Flag Warning: React Router will begin wrapping state updates in `React.startTransition` in v7. You can use the `v7_startTransition` future flag to opt-in early. For more information, see https://reactrouter.com/v6/upgrading/future#v7_starttransition.
⚠️ React Router Future Flag Warning: Relative route resolution within Splat routes is changing in v7. You can use the `v7_relativeSplatPath` future flag to opt-in early. For more information, see https://reactrouter.com/v6/upgrading/future#v7_relativesplatpath.

stdout | src/pages/products/ProductsPage.test.tsx > ProductsPage Integration > filters products by search term
[AuthProvider] activeEmpresa calc: { empresasCount: 0, activeEmpresaId: undefined, foundId: undefined }
[AuthProvider] activeEmpresa calc: { empresasCount: 0, activeEmpresaId: undefined, foundId: undefined }
[DEBUG] [QUERY][empresas] fetching list 
[DEBUG] [QUERY][active_empresa] fetching 
[INFO] [AUTH][LOGIN] start { email: 'exists' }
[MSW] GET user_active_empresa https://lrfwiaekipwkjkzvcnfd.supabase.co/rest/v1/user_active_empresa?select=empresa_id
[MSW] GET empresa_usuarios https://lrfwiaekipwkjkzvcnfd.supabase.co/rest/v1/empresa_usuarios?select=empresa%3Aempresas%28*%29&order=created_at.desc
[AuthProvider] activeEmpresa calc: {
  empresasCount: 1,
  activeEmpresaId: 'empresa-1',
  foundId: 'empresa-1'
}
[MSW] Intercepted RPC: produtos_count_for_current_user { p_q: null, p_status: null }
[MSW] Intercepted RPC: produtos_list_for_current_user {
  p_limit: 10,
  p_offset: 0,
  p_q: null,
  p_status: null,
  p_order: 'nome asc'
}

 ✓ src/pages/products/ProductsPage.test.tsx  (2 tests) 2242ms

 Test Files  1 passed (1)
      Tests  2 passed (2)
   Start at  19:07:03
   Duration  16.06s


 PASS  Waiting for file changes...
       press h to show help, press q to quit
       rerun x25
[2K[1A[2K[G