// Vitest Snapshot v1, https://vitest.dev/guide/snapshot.html

exports[`QA-CT-01 NFE.io contracts > sanitizes payloads for logs (golden) 1`] = `
{
  "data": {
    "links": {
      "danfe": "https://example.com/doc.pdf",
      "xml": "https://example.com/doc.xml",
    },
    "status": "AUTHORIZED",
  },
}
`;
