// Vitest Snapshot v1, https://vitest.dev/guide/snapshot.html

exports[`woocommerce status examples > creates deterministic snapshots for scenarios A/B/C/D 1`] = `
{
  "A_HEALTHY": {
    "error_catalog_version": "2026-02-12.phase3",
    "generated_at": "2026-02-12T12:00:00.000Z",
    "health": {
      "is_degraded": false,
      "last_webhook_seconds": 60,
      "order_import_lag_seconds": 90,
      "queue_lag_seconds": 0,
      "store_status": "active",
    },
    "map_quality": {
      "duplicated_skus": 0,
      "missing_revo_map": 0,
      "total": 20,
    },
    "orders": {
      "import_lag_seconds": 90,
      "imported_total_seen": 1,
      "last_woo_updated_at": "2026-02-12T11:58:30.000Z",
    },
    "queue": {
      "dead": 0,
      "error": 0,
      "inflight_total": 1,
      "pending_total": 0,
      "queued": 0,
      "running": 1,
    },
    "recent_errors": [],
    "recommendations": [],
    "store": {
      "auth_mode": "basic_https",
      "base_url": "https://woo.example.com",
      "has_credentials": false,
      "id": "store-1",
      "last_healthcheck_at": "2026-02-12T11:55:00.000Z",
      "status": "active",
    },
    "version": "v1",
    "webhooks": {
      "done": 2,
      "dropped": 0,
      "invalid_or_error": 0,
      "last_received_at": "2026-02-12T11:59:00.000Z",
      "queued": 0,
      "recent_total": 2,
    },
  },
  "B_AUTH_FAILING": {
    "error_catalog_version": "2026-02-12.phase3",
    "generated_at": "2026-02-12T12:00:00.000Z",
    "health": {
      "is_degraded": true,
      "last_webhook_seconds": 60,
      "order_import_lag_seconds": 90,
      "queue_lag_seconds": 0,
      "store_status": "paused",
    },
    "map_quality": {
      "duplicated_skus": 0,
      "missing_revo_map": 0,
      "total": 20,
    },
    "orders": {
      "import_lag_seconds": 90,
      "imported_total_seen": 1,
      "last_woo_updated_at": "2026-02-12T11:58:30.000Z",
    },
    "queue": {
      "dead": 0,
      "error": 2,
      "inflight_total": 0,
      "pending_total": 2,
      "queued": 0,
      "running": 0,
    },
    "recent_errors": [
      {
        "at": "2026-02-12T11:59:30.000Z",
        "code": "WOO_AUTH_FORBIDDEN",
        "hint": "Revise credenciais",
        "job_id": null,
        "message": "job_failed",
      },
    ],
    "recommendations": [
      "Store pausada: faltam credenciais criptografadas na store (sincronize credenciais e rode healthcheck).",
      "Falha de autenticação/autorização Woo detectada. Revise credenciais e proxy/WAF.",
    ],
    "store": {
      "auth_mode": "basic_https",
      "base_url": "https://woo.example.com",
      "has_credentials": false,
      "id": "store-1",
      "last_healthcheck_at": "2026-02-12T11:55:00.000Z",
      "status": "paused",
    },
    "version": "v1",
    "webhooks": {
      "done": 2,
      "dropped": 0,
      "invalid_or_error": 0,
      "last_received_at": "2026-02-12T11:59:00.000Z",
      "queued": 0,
      "recent_total": 2,
    },
  },
  "C_WORKER_LAG": {
    "error_catalog_version": "2026-02-12.phase3",
    "generated_at": "2026-02-12T12:00:00.000Z",
    "health": {
      "is_degraded": true,
      "last_webhook_seconds": 60,
      "order_import_lag_seconds": 90,
      "queue_lag_seconds": 4800,
      "store_status": "active",
    },
    "map_quality": {
      "duplicated_skus": 0,
      "missing_revo_map": 0,
      "total": 20,
    },
    "orders": {
      "import_lag_seconds": 90,
      "imported_total_seen": 1,
      "last_woo_updated_at": "2026-02-12T11:58:30.000Z",
    },
    "queue": {
      "dead": 1,
      "error": 2,
      "inflight_total": 0,
      "pending_total": 20,
      "queued": 18,
      "running": 0,
    },
    "recent_errors": [],
    "recommendations": [
      "Existem jobs em dead-letter. Reprocessar apos correcao.",
    ],
    "store": {
      "auth_mode": "basic_https",
      "base_url": "https://woo.example.com",
      "has_credentials": false,
      "id": "store-1",
      "last_healthcheck_at": "2026-02-12T11:55:00.000Z",
      "status": "active",
    },
    "version": "v1",
    "webhooks": {
      "done": 2,
      "dropped": 0,
      "invalid_or_error": 0,
      "last_received_at": "2026-02-12T11:59:00.000Z",
      "queued": 0,
      "recent_total": 2,
    },
  },
  "D_MAP_CONFLICTS": {
    "error_catalog_version": "2026-02-12.phase3",
    "generated_at": "2026-02-12T12:00:00.000Z",
    "health": {
      "is_degraded": false,
      "last_webhook_seconds": 60,
      "order_import_lag_seconds": 90,
      "queue_lag_seconds": 0,
      "store_status": "active",
    },
    "map_quality": {
      "duplicated_skus": 2,
      "missing_revo_map": 6,
      "total": 120,
    },
    "orders": {
      "import_lag_seconds": 90,
      "imported_total_seen": 1,
      "last_woo_updated_at": "2026-02-12T11:58:30.000Z",
    },
    "queue": {
      "dead": 0,
      "error": 0,
      "inflight_total": 1,
      "pending_total": 0,
      "queued": 0,
      "running": 1,
    },
    "recent_errors": [],
    "recommendations": [
      "Conflitos de SKU detectados. Execute product_map.build.",
    ],
    "store": {
      "auth_mode": "basic_https",
      "base_url": "https://woo.example.com",
      "has_credentials": false,
      "id": "store-1",
      "last_healthcheck_at": "2026-02-12T11:55:00.000Z",
      "status": "active",
    },
    "version": "v1",
    "webhooks": {
      "done": 2,
      "dropped": 0,
      "invalid_or_error": 0,
      "last_received_at": "2026-02-12T11:59:00.000Z",
      "queued": 0,
      "recent_total": 2,
    },
  },
}
`;
